Archive member included because of file (symbol)

c:/altera/12.0sp2/nios2eds/bin/gnu/h-i686-mingw32/bin/../lib/gcc/nios2-elf/4.1.2/../../../../nios2-elf/lib\libc.a(lib_a-malloc.o)
                              obj/default/wk_kb.o (free)
c:/altera/12.0sp2/nios2eds/bin/gnu/h-i686-mingw32/bin/../lib/gcc/nios2-elf/4.1.2/../../../../nios2-elf/lib\libc.a(lib_a-mallocr.o)
                              c:/altera/12.0sp2/nios2eds/bin/gnu/h-i686-mingw32/bin/../lib/gcc/nios2-elf/4.1.2/../../../../nios2-elf/lib\libc.a(lib_a-malloc.o) (_malloc_r)
c:/altera/12.0sp2/nios2eds/bin/gnu/h-i686-mingw32/bin/../lib/gcc/nios2-elf/4.1.2/../../../../nios2-elf/lib\libc.a(lib_a-memcpy.o)
                              obj/default/wk_lcd.o (memcpy)
c:/altera/12.0sp2/nios2eds/bin/gnu/h-i686-mingw32/bin/../lib/gcc/nios2-elf/4.1.2/../../../../nios2-elf/lib\libc.a(lib_a-printf.o)
                              obj/default/KeyboardMain.o (printf)
c:/altera/12.0sp2/nios2eds/bin/gnu/h-i686-mingw32/bin/../lib/gcc/nios2-elf/4.1.2/../../../../nios2-elf/lib\libc.a(lib_a-putchar.o)
                              obj/default/KeyboardMain.o (putchar)
c:/altera/12.0sp2/nios2eds/bin/gnu/h-i686-mingw32/bin/../lib/gcc/nios2-elf/4.1.2/../../../../nios2-elf/lib\libc.a(lib_a-puts.o)
                              obj/default/KeyboardMain.o (puts)
c:/altera/12.0sp2/nios2eds/bin/gnu/h-i686-mingw32/bin/../lib/gcc/nios2-elf/4.1.2/../../../../nios2-elf/lib\libc.a(lib_a-sbrkr.o)
                              c:/altera/12.0sp2/nios2eds/bin/gnu/h-i686-mingw32/bin/../lib/gcc/nios2-elf/4.1.2/../../../../nios2-elf/lib\libc.a(lib_a-mallocr.o) (_sbrk_r)
c:/altera/12.0sp2/nios2eds/bin/gnu/h-i686-mingw32/bin/../lib/gcc/nios2-elf/4.1.2/../../../../nios2-elf/lib\libc.a(lib_a-strcpy.o)
                              obj/default/wk_lcd.o (strcpy)
c:/altera/12.0sp2/nios2eds/bin/gnu/h-i686-mingw32/bin/../lib/gcc/nios2-elf/4.1.2/../../../../nios2-elf/lib\libc.a(lib_a-strlen.o)
                              obj/default/wk_lcd.o (strlen)
c:/altera/12.0sp2/nios2eds/bin/gnu/h-i686-mingw32/bin/../lib/gcc/nios2-elf/4.1.2/../../../../nios2-elf/lib\libc.a(lib_a-vfprintf.o)
                              c:/altera/12.0sp2/nios2eds/bin/gnu/h-i686-mingw32/bin/../lib/gcc/nios2-elf/4.1.2/../../../../nios2-elf/lib\libc.a(lib_a-printf.o) (___vfprintf_internal_r)
c:/altera/12.0sp2/nios2eds/bin/gnu/h-i686-mingw32/bin/../lib/gcc/nios2-elf/4.1.2/../../../../nios2-elf/lib\libc.a(lib_a-wsetup.o)
                              c:/altera/12.0sp2/nios2eds/bin/gnu/h-i686-mingw32/bin/../lib/gcc/nios2-elf/4.1.2/../../../../nios2-elf/lib\libc.a(lib_a-vfprintf.o) (__swsetup_r)
c:/altera/12.0sp2/nios2eds/bin/gnu/h-i686-mingw32/bin/../lib/gcc/nios2-elf/4.1.2/../../../../nios2-elf/lib\libc.a(lib_a-dtoa.o)
                              c:/altera/12.0sp2/nios2eds/bin/gnu/h-i686-mingw32/bin/../lib/gcc/nios2-elf/4.1.2/../../../../nios2-elf/lib\libc.a(lib_a-vfprintf.o) (_dtoa_r)
c:/altera/12.0sp2/nios2eds/bin/gnu/h-i686-mingw32/bin/../lib/gcc/nios2-elf/4.1.2/../../../../nios2-elf/lib\libc.a(lib_a-fflush.o)
                              c:/altera/12.0sp2/nios2eds/bin/gnu/h-i686-mingw32/bin/../lib/gcc/nios2-elf/4.1.2/../../../../nios2-elf/lib\libc.a(lib_a-vfprintf.o) (_fflush_r)
c:/altera/12.0sp2/nios2eds/bin/gnu/h-i686-mingw32/bin/../lib/gcc/nios2-elf/4.1.2/../../../../nios2-elf/lib\libc.a(lib_a-findfp.o)
                              c:/altera/12.0sp2/nios2eds/bin/gnu/h-i686-mingw32/bin/../lib/gcc/nios2-elf/4.1.2/../../../../nios2-elf/lib\libc.a(lib_a-vfprintf.o) (__sinit)
c:/altera/12.0sp2/nios2eds/bin/gnu/h-i686-mingw32/bin/../lib/gcc/nios2-elf/4.1.2/../../../../nios2-elf/lib\libc.a(lib_a-freer.o)
                              c:/altera/12.0sp2/nios2eds/bin/gnu/h-i686-mingw32/bin/../lib/gcc/nios2-elf/4.1.2/../../../../nios2-elf/lib\libc.a(lib_a-malloc.o) (_free_r)
c:/altera/12.0sp2/nios2eds/bin/gnu/h-i686-mingw32/bin/../lib/gcc/nios2-elf/4.1.2/../../../../nios2-elf/lib\libc.a(lib_a-fvwrite.o)
                              c:/altera/12.0sp2/nios2eds/bin/gnu/h-i686-mingw32/bin/../lib/gcc/nios2-elf/4.1.2/../../../../nios2-elf/lib\libc.a(lib_a-puts.o) (__sfvwrite_r)
c:/altera/12.0sp2/nios2eds/bin/gnu/h-i686-mingw32/bin/../lib/gcc/nios2-elf/4.1.2/../../../../nios2-elf/lib\libc.a(lib_a-fwalk.o)
                              c:/altera/12.0sp2/nios2eds/bin/gnu/h-i686-mingw32/bin/../lib/gcc/nios2-elf/4.1.2/../../../../nios2-elf/lib\libc.a(lib_a-fflush.o) (_fwalk_reent)
c:/altera/12.0sp2/nios2eds/bin/gnu/h-i686-mingw32/bin/../lib/gcc/nios2-elf/4.1.2/../../../../nios2-elf/lib\libc.a(lib_a-impure.o)
                              c:/altera/12.0sp2/nios2eds/bin/gnu/h-i686-mingw32/bin/../lib/gcc/nios2-elf/4.1.2/../../../../nios2-elf/lib\libc.a(lib_a-malloc.o) (_impure_ptr)
c:/altera/12.0sp2/nios2eds/bin/gnu/h-i686-mingw32/bin/../lib/gcc/nios2-elf/4.1.2/../../../../nios2-elf/lib\libc.a(lib_a-int_errno.o)
[...]
Memory Configuration

Name             Origin             Length             Attributes
reset            0x01000000         0x00000020
sdram            0x01000020         0x007fffe0
*default*        0x00000000         0xffffffff

Linker script and memory map

LOAD ../../../../workspace2/NewBSP/obj/HAL/src/crt0.o
LOAD obj/default/KeyboardMain.o
LOAD obj/default/wk_io.o
LOAD obj/default/wk_kb.o
LOAD obj/default/wk_lcd.o
LOAD obj/default/wk_video.o
LOAD c:/altera/12.0sp2/nios2eds/bin/gnu/h-i686-mingw32/bin/../lib/gcc/nios2-elf/4.1.2/../../../../nios2-elf/lib\libstdc++.a
LOAD c:/altera/12.0sp2/nios2eds/bin/gnu/h-i686-mingw32/bin/../lib/gcc/nios2-elf/4.1.2/../../../../nios2-elf/lib\libm.a
LOAD c:/altera/12.0sp2/nios2eds/bin/gnu/h-i686-mingw32/bin/../lib/gcc/nios2-elf/4.1.2\libgcc.a
START GROUP
LOAD c:/altera/12.0sp2/nios2eds/bin/gnu/h-i686-mingw32/bin/../lib/gcc/nios2-elf/4.1.2/../../../../nios2-elf/lib\libc.a
LOAD c:/altera/12.0sp2/nios2eds/bin/gnu/h-i686-mingw32/bin/../lib/gcc/nios2-elf/4.1.2\libgcc.a
LOAD ../../../../workspace2/NewBSP\libhal_bsp.a
END GROUP
LOAD c:/altera/12.0sp2/nios2eds/bin/gnu/h-i686-mingw32/bin/../lib/gcc/nios2-elf/4.1.2\libgcc.a
                0x01000000                __alt_mem_sdram = 0x1000000

.entry          0x01000000       0x20
 *(.entry)
 .entry         0x01000000       0x20 ../../../../workspace2/NewBSP/obj/HAL/src/crt0.o
                0x01000000                __reset

.exceptions     0x01000020      0x164
                0x01000020                PROVIDE (__ram_exceptions_start, ABSOLUTE (.))
                0x01000020                . = ALIGN (0x20)
 *(.irq)
 *(.exceptions.entry.label)
 .exceptions.entry.label
                0x01000020        0x0 ../../../../workspace2/NewBSP\libhal_bsp.a(alt_irq_entry.o)
                0x01000020                alt_irq_entry
 .exceptions.entry.label
                0x01000020        0x0 ../../../../workspace2/NewBSP\libhal_bsp.a(alt_exception_entry.o)
                0x01000020                alt_exception
 *(.exceptions.entry.user)
 *(.exceptions.entry)
 .exceptions.entry
                0x01000020       0x54 ../../../../workspace2/NewBSP\libhal_bsp.a(alt_exception_entry.o)
 *(.exceptions.irqtest.user)
 *(.exceptions.irqtest)
 .exceptions.irqtest
                0x01000074       0x10 ../../../../workspace2/NewBSP\libhal_bsp.a(alt_irq_entry.o)
 *(.exceptions.irqhandler.user)
 *(.exceptions.irqhandler)
 .exceptions.irqhandler
                0x01000084        0x4 ../../../../workspace2/NewBSP\libhal_bsp.a(alt_irq_entry.o)
 *(.exceptions.irqreturn.user)
 *(.exceptions.irqreturn)
 .exceptions.irqreturn
                0x01000088        0x4 ../../../../workspace2/NewBSP\libhal_bsp.a(alt_irq_entry.o)
 *(.exceptions.notirq.label)
 .exceptions.notirq.label
                0x0100008c        0x0 ../../../../workspace2/NewBSP\libhal_bsp.a(alt_irq_entry.o)
 *(.exceptions.notirq.user)
 *(.exceptions.notirq)
 .exceptions.notirq
                0x0100008c        0x8 ../../../../workspace2/NewBSP\libhal_bsp.a(alt_exception_entry.o)
 *(.exceptions.soft.user)
 *(.exceptions.soft)
 *(.exceptions.unknown.user)
 *(.exceptions.unknown)
 .exceptions.unknown
                0x01000094        0x4 ../../../../workspace2/NewBSP\libhal_bsp.a(alt_exception_entry.o)
 *(.exceptions.exit.label)
 .exceptions.exit.label
                0x01000098        0x0 ../../../../workspace2/NewBSP\libhal_bsp.a(alt_irq_entry.o)
 .exceptions.exit.label
                0x01000098        0x0 ../../../../workspace2/NewBSP\libhal_bsp.a(alt_exception_entry.o)
 *(.exceptions.exit.user)
 *(.exceptions.exit)
 .exceptions.exit
                0x01000098       0x54 ../../../../workspace2/NewBSP\libhal_bsp.a(alt_exception_entry.o)
 *(.exceptions)
 .exceptions    0x010000ec       0x98 ../../../../workspace2/NewBSP\libhal_bsp.a(alt_irq_handler.o)
                0x010000ec                alt_irq_handler
                0x01000184                PROVIDE (__ram_exceptions_end, ABSOLUTE (.))
                0x01000020                PROVIDE (__flash_exceptions_start, LOADADDR (.exceptions))

.text           0x01000184     0xdff8
                0x01000184                PROVIDE (stext, ABSOLUTE (.))
 *(.interp)
 *(.hash)
 *(.dynsym)
 *(.dynstr)
 *(.gnu.version)
 *(.gnu.version_d)
 *(.gnu.version_r)
 *(.rel.init)
 *(.rela.init)
 *(.rel.text .rel.text.* .rel.gnu.linkonce.t.*)
 *(.rela.text .rela.text.* .rela.gnu.linkonce.t.*)
 *(.rel.fini)
 *(.rela.fini)
 *(.rel.rodata .rel.rodata.* .rel.gnu.linkonce.r.*)
 *(.rela.rodata .rela.rodata.* .rela.gnu.linkonce.r.*)
 *(.rel.data .rel.data.* .rel.gnu.linkonce.d.*)
 *(.rela.data .rela.data.* .rela.gnu.linkonce.d.*)
 *(.rel.tdata .rel.tdata.* .rel.gnu.linkonce.td.*)
 *(.rela.tdata .rela.tdata.* .rela.gnu.linkonce.td.*)
 *(.rel.tbss .rel.tbss.* .rel.gnu.linkonce.tb.*)
 *(.rela.tbss .rela.tbss.* .rela.gnu.linkonce.tb.*)
 *(.rel.ctors)
 *(.rela.ctors)
 *(.rel.dtors)
 *(.rela.dtors)
 *(.rel.got)
 *(.rela.got)
 *(.rel.sdata .rel.sdata.* .rel.gnu.linkonce.s.*)
 *(.rela.sdata .rela.sdata.* .rela.gnu.linkonce.s.*)
 *(.rel.sbss .rel.sbss.* .rel.gnu.linkonce.sb.*)
 *(.rela.sbss .rela.sbss.* .rela.gnu.linkonce.sb.*)
 *(.rel.sdata2 .rel.sdata2.* .rel.gnu.linkonce.s2.*)
 *(.rela.sdata2 .rela.sdata2.* .rela.gnu.linkonce.s2.*)
 *(.rel.sbss2 .rel.sbss2.* .rel.gnu.linkonce.sb2.*)
 *(.rela.sbss2 .rela.sbss2.* .rela.gnu.linkonce.sb2.*)
 *(.rel.bss .rel.bss.* .rel.gnu.linkonce.b.*)
 *(.rela.bss .rela.bss.* .rela.gnu.linkonce.b.*)
 *(.rel.plt)
 *(.rela.plt)
 *(.rel.dyn)
 *(.init)
 *(.plt)
 *(.text .stub .text.* .gnu.linkonce.t.*)
 .text          0x01000184       0x4c ../../../../workspace2/NewBSP/obj/HAL/src/crt0.o
                0x01000184                _start
 .text          0x010001d0      0x264 obj/default/KeyboardMain.o
                0x010001d0                kb_ISR
                0x01000204                main
 .text          0x01000434      0x5b4 obj/default/wk_io.o
                0x01000434                initHex
                0x010004dc                hexPrintNum
                0x01000984                clrHex
 .text          0x010009e8      0x4f4 obj/default/wk_kb.o
                0x010009e8                initKb
                0x01000bf0                getchKb
                0x01000d28                readFromKb
 .text          0x01000edc      0x2bc obj/default/wk_lcd.o
                0x01000edc                lcdInit
                0x01000f60                lcdPrint
                0x01001028                lcdLineSet
                0x01001118                lcdClrScr
 .text          0x01001198      0x450 obj/default/wk_video.o
                0x01001198                charInit
                0x010011d8                pixelInit
                0x01001240                clrScr
                0x01001280                fillScr
                0x010012d8                drawLine
                0x010013a0                drawBox
                0x0100143c                drawPoly
                0x01001534                swapBuffer
                0x01001574                mkColor
 .text          0x010015e8       0x28 c:/altera/12.0sp2/nios2eds/bin/gnu/h-i686-mingw32/bin/../lib/gcc/nios2-elf/4.1.2/../../../../nios2-elf/lib\libc.a(lib_a-malloc.o)
                0x010015e8                free
                0x010015fc                malloc
 .text          0x01001610      0x740 c:/altera/12.0sp2/nios2eds/bin/gnu/h-i686-mingw32/bin/../lib/gcc/nios2-elf/4.1.2/../../../../nios2-elf/lib\libc.a(lib_a-mallocr.o)
                0x01001610                _malloc_r
 .text          0x01001d50       0xa0 c:/altera/12.0sp2/nios2eds/bin/gnu/h-i686-mingw32/bin/../lib/gcc/nios2-elf/4.1.2/../../../../nios2-elf/lib\libc.a(lib_a-memcpy.o)
                0x01001d50                memcpy
 .text          0x01001df0       0x78 c:/altera/12.0sp2/nios2eds/bin/gnu/h-i686-mingw32/bin/../lib/gcc/nios2-elf/4.1.2/../../../../nios2-elf/lib\libc.a(lib_a-printf.o)
                0x01001df0                printf
                0x01001e34                _printf_r
 .text          0x01001e68       0x24 c:/altera/12.0sp2/nios2eds/bin/gnu/h-i686-mingw32/bin/../lib/gcc/nios2-elf/4.1.2/../../../../nios2-elf/lib\libc.a(lib_a-putchar.o)
                0x01001e68                putchar
                0x01001e84                _putchar_r
 .text          0x01001e8c       0xb4 c:/altera/12.0sp2/nios2eds/bin/gnu/h-i686-mingw32/bin/../lib/gcc/nios2-elf/4.1.2/../../../../nios2-elf/lib\libc.a(lib_a-puts.o)
                0x01001e8c                _puts_r
                0x01001f2c                puts
 .text          0x01001f40       0x70 c:/altera/12.0sp2/nios2eds/bin/gnu/h-i686-mingw32/bin/../lib/gcc/nios2-elf/4.1.2/../../../../nios2-elf/lib\libc.a(lib_a-sbrkr.o)
                0x01001f40                _sbrk_r
 .text          0x01001fb0       0x8c c:/altera/12.0sp2/nios2eds/bin/gnu/h-i686-mingw32/bin/../lib/gcc/nios2-elf/4.1.2/../../../../nios2-elf/lib\libc.a(lib_a-strcpy.o)
                0x01001fb0                strcpy
 .text          0x0100203c       0x74 c:/altera/12.0sp2/nios2eds/bin/gnu/h-i686-mingw32/bin/../lib/gcc/nios2-elf/4.1.2/../../../../nios2-elf/lib\libc.a(lib_a-strlen.o)
                0x0100203c                strlen
 .text          0x010020b0     0x1f28 c:/altera/12.0sp2/nios2eds/bin/gnu/h-i686-mingw32/bin/../lib/gcc/nios2-elf/4.1.2/../../../../nios2-elf/lib\libc.a(lib_a-vfprintf.o)
                0x01002108                ___vfprintf_internal_r
                0x01003fb4                __vfprintf_internal
 .text          0x01003fd8      0x13c c:/altera/12.0sp2/nios2eds/bin/gnu/h-i686-mingw32/bin/../lib/gcc/nios2-elf/4.1.2/../../../../nios2-elf/lib\libc.a(lib_a-wsetup.o)
                0x01003fd8                __swsetup_r
 .text          0x01004114     0x17cc c:/altera/12.0sp2/nios2eds/bin/gnu/h-i686-mingw32/bin/../lib/gcc/nios2-elf/4.1.2/../../../../nios2-elf/lib\libc.a(lib_a-dtoa.o)
                0x0100432c                _dtoa_r
 .text          0x010058e0      0x230 c:/altera/12.0sp2/nios2eds/bin/gnu/h-i686-mingw32/bin/../lib/gcc/nios2-elf/4.1.2/../../../../nios2-elf/lib\libc.a(lib_a-fflush.o)
                0x010058e0                _fflush_r
                0x01005adc                fflush
 .text          0x01005b10      0x2c0 c:/altera/12.0sp2/nios2eds/bin/gnu/h-i686-mingw32/bin/../lib/gcc/nios2-elf/4.1.2/../../../../nios2-elf/lib\libc.a(lib_a-findfp.o)
                0x01005b68                __sfp_lock_acquire
                0x01005b6c                __sfp_lock_release
                0x01005b70                __sinit_lock_acquire
                0x01005b74                __sinit_lock_release
                0x01005b78                __sinit
                0x01005c2c                __fp_unlock_all
                0x01005c44                __fp_lock_all
                0x01005c5c                _cleanup_r
                0x01005c68                _cleanup
                0x01005c78                __sfmoreglue
                0x01005ce0                __sfp
 .text          0x01005dd0      0x440 c:/altera/12.0sp2/nios2eds/bin/gnu/h-i686-mingw32/bin/../lib/gcc/nios2-elf/4.1.2/../../../../nios2-elf/lib\libc.a(lib_a-freer.o)
                0x01005dd0                _malloc_trim_r
                0x01005efc                _free_r
 .text          0x01006210      0x49c c:/altera/12.0sp2/nios2eds/bin/gnu/h-i686-mingw32/bin/../lib/gcc/nios2-elf/4.1.2/../../../../nios2-elf/lib\libc.a(lib_a-fvwrite.o)
                0x01006210                __sfvwrite_r
 .text          0x010066ac      0x180 c:/altera/12.0sp2/nios2eds/bin/gnu/h-i686-mingw32/bin/../lib/gcc/nios2-elf/4.1.2/../../../../nios2-elf/lib\libc.a(lib_a-fwalk.o)
                0x010066ac                _fwalk_reent
                0x01006774                _fwalk
 .text          0x0100682c        0x0 c:/altera/12.0sp2/nios2eds/bin/gnu/h-i686-mingw32/bin/../lib/gcc/nios2-elf/4.1.2/../../../../nios2-elf/lib\libc.a(lib_a-impure.o)
 .text          0x0100682c        0x0 c:/altera/12.0sp2/nios2eds/bin/gnu/h-i686-mingw32/bin/../lib/gcc/nios2-elf/4.1.2/../../../../nios2-elf/lib\libc.a(lib_a-int_errno.o)
 .text          0x0100682c       0xc4 c:/altera/12.0sp2/nios2eds/bin/gnu/h-i686-mingw32/bin/../lib/gcc/nios2-elf/4.1.2/../../../../nios2-elf/lib\libc.a(lib_a-locale.o)
                0x0100682c                __locale_charset
                0x01006834                _localeconv_r
                0x01006840                localeconv
                0x01006850                _setlocale_r
                0x010068d4                setlocale
 .text          0x010068f0      0x194 c:/altera/12.0sp2/nios2eds/bin/gnu/h-i686-mingw32/bin/../lib/gcc/nios2-elf/4.1.2/../../../../nios2-elf/lib\libc.a(lib_a-makebuf.o)
                0x010068f0                __smakebuf_r
 .text          0x01006a84       0xe4 c:/altera/12.0sp2/nios2eds/bin/gnu/h-i686-mingw32/bin/../lib/gcc/nios2-elf/4.1.2/../../../../nios2-elf/lib\libc.a(lib_a-memchr.o)
                0x01006a84                memchr
 .text          0x01006b68       0xe0 c:/altera/12.0sp2/nios2eds/bin/gnu/h-i686-mingw32/bin/../lib/gcc/nios2-elf/4.1.2/../../../../nios2-elf/lib\libc.a(lib_a-memmove.o)
                0x01006b68                memmove
 .text          0x01006c48       0x98 c:/altera/12.0sp2/nios2eds/bin/gnu/h-i686-mingw32/bin/../lib/gcc/nios2-elf/4.1.2/../../../../nios2-elf/lib\libc.a(lib_a-memset.o)
                0x01006c48                memset
 .text          0x01006ce0      0xff4 c:/altera/12.0sp2/nios2eds/bin/gnu/h-i686-mingw32/bin/../lib/gcc/nios2-elf/4.1.2/../../../../nios2-elf/lib\libc.a(lib_a-mprec.o)
                0x01006ce0                _Bfree
                0x01006d08                __hi0bits
                0x01006d78                __lo0bits
                0x01006e3c                __mcmp
                0x01006e9c                __ulp
                0x01006f1c                __b2d
                0x0100703c                __ratio
                0x010070ec                _mprec_log10
                0x01007180                __copybits
                0x010071d8                __any_on
                0x01007260                _Balloc
                0x0100731c                __d2b
                0x01007498                __mdiff
                0x01007624                __lshift
                0x01007770                __multiply
                0x01007958                __i2b
                0x01007994                __multadd
                0x01007a94                __pow5mult
                0x01007bb4                __s2b
 .text          0x01007cd4      0x1ec c:/altera/12.0sp2/nios2eds/bin/gnu/h-i686-mingw32/bin/../lib/gcc/nios2-elf/4.1.2/../../../../nios2-elf/lib\libc.a(lib_a-putc.o)
                0x01007cd4                putc
                0x01007dd8                _putc_r
 .text          0x01007ec0      0x5f4 c:/altera/12.0sp2/nios2eds/bin/gnu/h-i686-mingw32/bin/../lib/gcc/nios2-elf/4.1.2/../../../../nios2-elf/lib\libc.a(lib_a-reallocr.o)
                0x01007ec0                _realloc_r
 .text          0x010084b4       0x40 c:/altera/12.0sp2/nios2eds/bin/gnu/h-i686-mingw32/bin/../lib/gcc/nios2-elf/4.1.2/../../../../nios2-elf/lib\libc.a(lib_a-s_isinfd.o)
                0x010084b4                __isinfd
 .text          0x010084f4       0x30 c:/altera/12.0sp2/nios2eds/bin/gnu/h-i686-mingw32/bin/../lib/gcc/nios2-elf/4.1.2/../../../../nios2-elf/lib\libc.a(lib_a-s_isnand.o)
                0x010084f4                __isnand
 .text          0x01008524      0x14c c:/altera/12.0sp2/nios2eds/bin/gnu/h-i686-mingw32/bin/../lib/gcc/nios2-elf/4.1.2/../../../../nios2-elf/lib\libc.a(lib_a-stdio.o)
                0x01008524                __sclose
                0x0100852c                __sseek
                0x01008594                __swrite
                0x01008610                __sread
 .text          0x01008670       0xbc c:/altera/12.0sp2/nios2eds/bin/gnu/h-i686-mingw32/bin/../lib/gcc/nios2-elf/4.1.2/../../../../nios2-elf/lib\libc.a(lib_a-strcmp.o)
                0x01008670                strcmp
 .text          0x0100872c      0x14c c:/altera/12.0sp2/nios2eds/bin/gnu/h-i686-mingw32/bin/../lib/gcc/nios2-elf/4.1.2/../../../../nios2-elf/lib\libc.a(lib_a-wbuf.o)
                0x0100872c                __swbuf_r
                0x0100885c                __swbuf
 .text          0x01008878       0x78 c:/altera/12.0sp2/nios2eds/bin/gnu/h-i686-mingw32/bin/../lib/gcc/nios2-elf/4.1.2/../../../../nios2-elf/lib\libc.a(lib_a-writer.o)
                0x01008878                _write_r
 .text          0x010088f0       0xb4 c:/altera/12.0sp2/nios2eds/bin/gnu/h-i686-mingw32/bin/../lib/gcc/nios2-elf/4.1.2/../../../../nios2-elf/lib\libc.a(lib_a-callocr.o)
                0x010088f0                _calloc_r
 .text          0x010089a4       0x70 c:/altera/12.0sp2/nios2eds/bin/gnu/h-i686-mingw32/bin/../lib/gcc/nios2-elf/4.1.2/../../../../nios2-elf/lib\libc.a(lib_a-closer.o)
                0x010089a4                _close_r
 .text          0x01008a14      0x124 c:/altera/12.0sp2/nios2eds/bin/gnu/h-i686-mingw32/bin/../lib/gcc/nios2-elf/4.1.2/../../../../nios2-elf/lib\libc.a(lib_a-fclose.o)
                0x01008a14                _fclose_r
                0x01008b24                fclose
 .text          0x01008b38       0x74 c:/altera/12.0sp2/nios2eds/bin/gnu/h-i686-mingw32/bin/../lib/gcc/nios2-elf/4.1.2/../../../../nios2-elf/lib\libc.a(lib_a-fstatr.o)
                0x01008b38                _fstat_r
 .text          0x01008bac       0x70 c:/altera/12.0sp2/nios2eds/bin/gnu/h-i686-mingw32/bin/../lib/gcc/nios2-elf/4.1.2/../../../../nios2-elf/lib\libc.a(lib_a-isattyr.o)
                0x01008bac                _isatty_r
 .text          0x01008c1c       0x78 c:/altera/12.0sp2/nios2eds/bin/gnu/h-i686-mingw32/bin/../lib/gcc/nios2-elf/4.1.2/../../../../nios2-elf/lib\libc.a(lib_a-lseekr.o)
                0x01008c1c                _lseek_r
 .text          0x01008c94       0x78 c:/altera/12.0sp2/nios2eds/bin/gnu/h-i686-mingw32/bin/../lib/gcc/nios2-elf/4.1.2/../../../../nios2-elf/lib\libc.a(lib_a-readr.o)
                0x01008c94                _read_r
 .text          0x01008d0c      0x5dc c:/altera/12.0sp2/nios2eds/bin/gnu/h-i686-mingw32/bin/../lib/gcc/nios2-elf/4.1.2\libgcc.a(_udivdi3.o)
                0x01008d0c                __udivdi3
 .text          0x010092e8      0x5b0 c:/altera/12.0sp2/nios2eds/bin/gnu/h-i686-mingw32/bin/../lib/gcc/nios2-elf/4.1.2\libgcc.a(_umoddi3.o)
                0x010092e8                __umoddi3
 .text          0x01009898      0x504 c:/altera/12.0sp2/nios2eds/bin/gnu/h-i686-mingw32/bin/../lib/gcc/nios2-elf/4.1.2\libgcc.a(_addsub_df.o)
                0x01009ca8                __subdf3
                0x01009d28                __adddf3
 .text          0x01009d9c      0x3c4 c:/altera/12.0sp2/nios2eds/bin/gnu/h-i686-mingw32/bin/../lib/gcc/nios2-elf/4.1.2\libgcc.a(_mul_df.o)
                0x01009d9c                __muldf3
 .text          0x0100a160      0x258 c:/altera/12.0sp2/nios2eds/bin/gnu/h-i686-mingw32/bin/../lib/gcc/nios2-elf/4.1.2\libgcc.a(_div_df.o)
                0x0100a160                __divdf3
 .text          0x0100a3b8       0x88 c:/altera/12.0sp2/nios2eds/bin/gnu/h-i686-mingw32/bin/../lib/gcc/nios2-elf/4.1.2\libgcc.a(_eq_df.o)
                0x0100a3b8                __eqdf2
 .text          0x0100a440       0x88 c:/altera/12.0sp2/nios2eds/bin/gnu/h-i686-mingw32/bin/../lib/gcc/nios2-elf/4.1.2\libgcc.a(_ne_df.o)
                0x0100a440                __nedf2
 .text          0x0100a4c8       0x88 c:/altera/12.0sp2/nios2eds/bin/gnu/h-i686-mingw32/bin/../lib/gcc/nios2-elf/4.1.2\libgcc.a(_gt_df.o)
                0x0100a4c8                __gtdf2
 .text          0x0100a550       0x88 c:/altera/12.0sp2/nios2eds/bin/gnu/h-i686-mingw32/bin/../lib/gcc/nios2-elf/4.1.2\libgcc.a(_ge_df.o)
                0x0100a550                __gedf2
 .text          0x0100a5d8       0x88 c:/altera/12.0sp2/nios2eds/bin/gnu/h-i686-mingw32/bin/../lib/gcc/nios2-elf/4.1.2\libgcc.a(_lt_df.o)
                0x0100a5d8                __ltdf2
 .text          0x0100a660       0xf8 c:/altera/12.0sp2/nios2eds/bin/gnu/h-i686-mingw32/bin/../lib/gcc/nios2-elf/4.1.2\libgcc.a(_si_to_df.o)
                0x0100a660                __floatsidf
 .text          0x0100a758       0xd8 c:/altera/12.0sp2/nios2eds/bin/gnu/h-i686-mingw32/bin/../lib/gcc/nios2-elf/4.1.2\libgcc.a(_df_to_si.o)
                0x0100a758                __fixdfsi
 .text          0x0100a830        0x0 c:/altera/12.0sp2/nios2eds/bin/gnu/h-i686-mingw32/bin/../lib/gcc/nios2-elf/4.1.2\libgcc.a(_thenan_df.o)
 .text          0x0100a830      0x194 c:/altera/12.0sp2/nios2eds/bin/gnu/h-i686-mingw32/bin/../lib/gcc/nios2-elf/4.1.2\libgcc.a(_usi_to_df.o)
                0x0100a830                __floatunsidf
 .text          0x0100a9c4      0x14c c:/altera/12.0sp2/nios2eds/bin/gnu/h-i686-mingw32/bin/../lib/gcc/nios2-elf/4.1.2\libgcc.a(lib2-divmod.o)
                0x0100aa40                __divsi3
                0x0100aaa0                __modsi3
                0x0100ab00                __udivsi3
                0x0100ab08                __umodsi3
 .text          0x0100ab10       0x98 c:/altera/12.0sp2/nios2eds/bin/gnu/h-i686-mingw32/bin/../lib/gcc/nios2-elf/4.1.2\libgcc.a(_muldi3.o)
                0x0100ab10                __muldi3
 .text          0x0100aba8        0x0 c:/altera/12.0sp2/nios2eds/bin/gnu/h-i686-mingw32/bin/../lib/gcc/nios2-elf/4.1.2\libgcc.a(_clz.o)
 .text          0x0100aba8       0x80 c:/altera/12.0sp2/nios2eds/bin/gnu/h-i686-mingw32/bin/../lib/gcc/nios2-elf/4.1.2\libgcc.a(_clzsi2.o)
                0x0100aba8                __clzsi2
 .text          0x0100ac28      0x314 c:/altera/12.0sp2/nios2eds/bin/gnu/h-i686-mingw32/bin/../lib/gcc/nios2-elf/4.1.2\libgcc.a(_pack_df.o)
                0x0100ac28                __pack_d
 .text          0x0100af3c      0x138 c:/altera/12.0sp2/nios2eds/bin/gnu/h-i686-mingw32/bin/../lib/gcc/nios2-elf/4.1.2\libgcc.a(_unpack_df.o)
                0x0100af3c                __unpack_d
 .text          0x0100b074       0xc8 c:/altera/12.0sp2/nios2eds/bin/gnu/h-i686-mingw32/bin/../lib/gcc/nios2-elf/4.1.2\libgcc.a(_fpcmp_parts_df.o)
                0x0100b074                __fpcmp_parts_d
 .text          0x0100b13c       0xf0 ../../../../workspace2/NewBSP\libhal_bsp.a(alt_close.o)
                0x0100b13c                close
 .text          0x0100b22c        0x8 ../../../../workspace2/NewBSP\libhal_bsp.a(alt_dev.o)
 .text          0x0100b234        0x0 ../../../../workspace2/NewBSP\libhal_bsp.a(alt_errno.o)
 .text          0x0100b234       0x90 ../../../../workspace2/NewBSP\libhal_bsp.a(alt_fstat.o)
                0x0100b234                fstat
 .text          0x0100b2c4       0xc0 ../../../../workspace2/NewBSP\libhal_bsp.a(alt_irq_register.o)
                0x0100b2c4                alt_irq_register
 .text          0x0100b384        0x0 ../../../../workspace2/NewBSP\libhal_bsp.a(alt_irq_vars.o)
 .text          0x0100b384       0x84 ../../../../workspace2/NewBSP\libhal_bsp.a(alt_isatty.o)
                0x0100b384                isatty
 .text          0x0100b408       0xb4 ../../../../workspace2/NewBSP\libhal_bsp.a(alt_load.o)
                0x0100b408                alt_load
 .text          0x0100b4bc       0x9c ../../../../workspace2/NewBSP\libhal_bsp.a(alt_lseek.o)
                0x0100b4bc                lseek
 .text          0x0100b558       0x60 ../../../../workspace2/NewBSP\libhal_bsp.a(alt_main.o)
                0x0100b558                alt_main
 .text          0x0100b5b8        0x8 ../../../../workspace2/NewBSP\libhal_bsp.a(alt_malloc_lock.o)
                0x0100b5b8                __malloc_lock
                0x0100b5bc                __malloc_unlock
 .text          0x0100b5c0      0x11c ../../../../workspace2/NewBSP\libhal_bsp.a(alt_read.o)
                0x0100b5c0                read
 .text          0x0100b6dc       0x24 ../../../../workspace2/NewBSP\libhal_bsp.a(alt_release_fd.o)
                0x0100b6dc                alt_release_fd
 .text          0x0100b700       0x54 ../../../../workspace2/NewBSP\libhal_bsp.a(alt_sbrk.o)
                0x0100b700                sbrk
 .text          0x0100b754      0x118 ../../../../workspace2/NewBSP\libhal_bsp.a(alt_write.o)
                0x0100b754                write
 .text          0x0100b86c      0x234 ../../../../workspace2/NewBSP\libhal_bsp.a(alt_sys_init.o)
                0x0100b86c                alt_irq_init
                0x0100b88c                alt_sys_init
 .text          0x0100baa0       0x3c ../../../../workspace2/NewBSP\libhal_bsp.a(altera_avalon_jtag_uart_fd.o)
                0x0100baa0                altera_avalon_jtag_uart_ioctl_fd
                0x0100baac                altera_avalon_jtag_uart_close_fd
                0x0100babc                altera_avalon_jtag_uart_write_fd
                0x0100bacc                altera_avalon_jtag_uart_read_fd
 .text          0x0100badc      0x20c ../../../../workspace2/NewBSP\libhal_bsp.a(altera_avalon_jtag_uart_init.o)
                0x0100badc                altera_avalon_jtag_uart_close
                0x0100bb68                altera_avalon_jtag_uart_init
 .text          0x0100bce8       0x88 ../../../../workspace2/NewBSP\libhal_bsp.a(altera_avalon_jtag_uart_ioctl.o)
                0x0100bce8                altera_avalon_jtag_uart_ioctl
 .text          0x0100bd70      0x16c ../../../../workspace2/NewBSP\libhal_bsp.a(altera_avalon_jtag_uart_read.o)
                0x0100bd70                altera_avalon_jtag_uart_read
 .text          0x0100bedc      0x17c ../../../../workspace2/NewBSP\libhal_bsp.a(altera_avalon_jtag_uart_write.o)
                0x0100bedc                altera_avalon_jtag_uart_write
 .text          0x0100c058       0x6c ../../../../workspace2/NewBSP\libhal_bsp.a(altera_avalon_timer_sc.o)
                0x0100c058                alt_avalon_timer_sc_init
 .text          0x0100c0c4        0x0 ../../../../workspace2/NewBSP\libhal_bsp.a(altera_avalon_timer_vars.o)
 .text          0x0100c0c4      0x284 ../../../../workspace2/NewBSP\libhal_bsp.a(altera_up_avalon_character_lcd.o)
                0x0100c0c4                get_DDRAM_addr
                0x0100c0dc                alt_up_character_lcd_string
                0x0100c0f8                alt_up_character_lcd_write
                0x0100c120                alt_up_character_lcd_write_fd
                0x0100c140                alt_up_character_lcd_init
                0x0100c150                alt_up_character_lcd_send_cmd
                0x0100c160                alt_up_character_lcd_cursor_blink_on
                0x0100c168                alt_up_character_lcd_cursor_off
                0x0100c170                alt_up_character_lcd_erase_pos
                0x0100c1d4                alt_up_character_lcd_shift_display
                0x0100c25c                alt_up_character_lcd_shift_cursor
                0x0100c2e4                alt_up_character_lcd_set_cursor_pos
                0x0100c33c                alt_up_character_lcd_open_dev
 .text          0x0100c348      0x38c ../../../../workspace2/NewBSP\libhal_bsp.a(altera_up_avalon_ps2.o)
                0x0100c348                read_RI_bit
                0x0100c354                read_RE_bit
                0x0100c35c                read_CE_bit
                0x0100c368                read_num_bytes_available
                0x0100c370                read_data_valid
                0x0100c37c                read_data_byte
                0x0100c384                alt_up_ps2_open_dev
                0x0100c390                alt_up_ps2_clear_fifo
                0x0100c3c0                alt_up_ps2_read_data_byte
                0x0100c418                alt_up_ps2_read_data_byte_timeout
                0x0100c4a8                alt_up_ps2_read_fd
                0x0100c4d0                alt_up_ps2_wait_for_ack
                0x0100c520                alt_up_ps2_write_data_byte
                0x0100c560                alt_up_ps2_write_fd
                0x0100c5d4                alt_up_ps2_write_data_byte_with_ack
                0x0100c614                alt_up_ps2_init
                0x0100c6a0                alt_up_ps2_disable_read_interrupt
                0x0100c6bc                alt_up_ps2_enable_read_interrupt
 .text          0x0100c6d4      0x134 ../../../../workspace2/NewBSP\libhal_bsp.a(altera_up_avalon_video_character_buffer_with_dma.o)
                0x0100c6d4                alt_up_char_buffer_string
                0x0100c730                alt_up_char_buffer_draw
                0x0100c788                alt_up_char_buffer_clear
                0x0100c7ac                alt_up_char_buffer_open_dev
                0x0100c7b8                alt_up_char_buffer_init
 .text          0x0100c808      0x9f8 ../../../../workspace2/NewBSP\libhal_bsp.a(altera_up_avalon_video_pixel_buffer_dma.o)
                0x0100c808                helper_plot_pixel
                0x0100c860                alt_up_pixel_buffer_dma_draw_line
                0x0100ca78                alt_up_pixel_buffer_dma_draw_vline
                0x0100cbf0                alt_up_pixel_buffer_dma_draw_hline
                0x0100cd58                alt_up_pixel_buffer_dma_draw_rectangle
                0x0100ce24                alt_up_pixel_buffer_dma_draw_box
                0x0100d030                alt_up_pixel_buffer_dma_clear_screen
                0x0100d0d8                alt_up_pixel_buffer_dma_swap_buffers
                0x0100d0fc                alt_up_pixel_buffer_dma_draw
                0x0100d1bc                alt_up_pixel_buffer_dma_check_swap_buffers_status
                0x0100d1cc                alt_up_pixel_buffer_dma_change_back_buffer_address
                0x0100d1f4                alt_up_pixel_buffer_dma_open_dev
 .text          0x0100d200      0x430 ../../../../workspace2/NewBSP\libhal_bsp.a(altera_up_ps2_keyboard.o)
                0x0100d200                get_multi_byte_make_code_index
                0x0100d240                get_single_byte_make_code_index
                0x0100d280                get_next_state
                0x0100d450                set_keyboard_rate
                0x0100d4a4                reset_keyboard
                0x0100d510                decode_scancode
                0x0100d5b8                translate_make_code
 .text          0x0100d630       0x94 ../../../../workspace2/NewBSP\libhal_bsp.a(alt_alarm_start.o)
                0x0100d630                alt_alarm_start
 .text          0x0100d6c4       0x18 ../../../../workspace2/NewBSP\libhal_bsp.a(alt_dcache_flush_all.o)
                0x0100d6c4                alt_dcache_flush_all
 .text          0x0100d6dc       0x7c ../../../../workspace2/NewBSP\libhal_bsp.a(alt_dev_llist_insert.o)
                0x0100d6dc                alt_dev_llist_insert
 .text          0x0100d758       0x4c ../../../../workspace2/NewBSP\libhal_bsp.a(alt_do_ctors.o)
                0x0100d758                _do_ctors
 .text          0x0100d7a4       0x4c ../../../../workspace2/NewBSP\libhal_bsp.a(alt_do_dtors.o)
                0x0100d7a4                _do_dtors
 .text          0x0100d7f0       0x94 ../../../../workspace2/NewBSP\libhal_bsp.a(alt_find_dev.o)
                0x0100d7f0                alt_find_dev
 .text          0x0100d884        0xc ../../../../workspace2/NewBSP\libhal_bsp.a(alt_icache_flush_all.o)
                0x0100d884                alt_icache_flush_all
 .text          0x0100d890       0xfc ../../../../workspace2/NewBSP\libhal_bsp.a(alt_io_redirect.o)
                0x0100d900                alt_io_redirect
 .text          0x0100d98c        0x0 ../../../../workspace2/NewBSP\libhal_bsp.a(alt_irq_entry.o)
 .text          0x0100d98c        0x0 ../../../../workspace2/NewBSP\libhal_bsp.a(alt_irq_handler.o)
 .text          0x0100d98c      0x180 ../../../../workspace2/NewBSP\libhal_bsp.a(alt_open.o)
                0x0100d98c                open
 .text          0x0100db0c       0xf4 ../../../../workspace2/NewBSP\libhal_bsp.a(alt_tick.o)
                0x0100db0c                alt_alarm_stop
                0x0100db40                alt_tick
 .text          0x0100dc00        0x8 ../../../../workspace2/NewBSP\libhal_bsp.a(altera_nios2_qsys_irq.o)
                0x0100dc00                altera_nios2_qsys_irq_init
 .text          0x0100dc08        0x0 ../../../../workspace2/NewBSP\libhal_bsp.a(alt_exception_entry.o)
 .text          0x0100dc08       0xb0 ../../../../workspace2/NewBSP\libhal_bsp.a(alt_find_file.o)
                0x0100dc08                alt_find_file
 .text          0x0100dcb8       0x60 ../../../../workspace2/NewBSP\libhal_bsp.a(alt_get_fd.o)
                0x0100dcb8                alt_get_fd
 .text          0x0100dd18       0x38 ../../../../workspace2/NewBSP\libhal_bsp.a(alt_icache_flush.o)
                0x0100dd18                alt_icache_flush
 .text          0x0100dd50       0x14 c:/altera/12.0sp2/nios2eds/bin/gnu/h-i686-mingw32/bin/../lib/gcc/nios2-elf/4.1.2/../../../../nios2-elf/lib\libc.a(lib_a-atexit.o)
                0x0100dd50                atexit
 .text          0x0100dd64       0x38 c:/altera/12.0sp2/nios2eds/bin/gnu/h-i686-mingw32/bin/../lib/gcc/nios2-elf/4.1.2/../../../../nios2-elf/lib\libc.a(lib_a-exit.o)
                0x0100dd64                exit
 .text          0x0100dd9c       0x74 c:/altera/12.0sp2/nios2eds/bin/gnu/h-i686-mingw32/bin/../lib/gcc/nios2-elf/4.1.2/../../../../nios2-elf/lib\libc.a(lib_a-memcmp.o)
                0x0100dd9c                memcmp
 .text          0x0100de10      0x134 c:/altera/12.0sp2/nios2eds/bin/gnu/h-i686-mingw32/bin/../lib/gcc/nios2-elf/4.1.2/../../../../nios2-elf/lib\libc.a(lib_a-__atexit.o)
                0x0100de10                __register_exitproc
 .text          0x0100df44      0x1b4 c:/altera/12.0sp2/nios2eds/bin/gnu/h-i686-mingw32/bin/../lib/gcc/nios2-elf/4.1.2/../../../../nios2-elf/lib\libc.a(lib_a-__call_atexit.o)
                0x0100df48                __call_exitprocs
 .text          0x0100e0f8       0x14 ../../../../workspace2/NewBSP\libhal_bsp.a(alt_exit.o)
                0x0100e0f8                _exit
 *(.gnu.warning.*)
 *(.fini)
                0x0100e10c                PROVIDE (__etext, ABSOLUTE (.))
                0x0100e10c                PROVIDE (_etext, ABSOLUTE (.))
                0x0100e10c                PROVIDE (etext, ABSOLUTE (.))
 *(.eh_frame_hdr)
                0x0100e10c                . = ALIGN (0x4)
                0x0100e10c                PROVIDE (__preinit_array_start, ABSOLUTE (.))
 *(.preinit_array)
                0x0100e10c                PROVIDE (__preinit_array_end, ABSOLUTE (.))
                0x0100e10c                PROVIDE (__init_array_start, ABSOLUTE (.))
 *(.init_array)
                0x0100e10c                PROVIDE (__init_array_end, ABSOLUTE (.))
                0x0100e10c                PROVIDE (__fini_array_start, ABSOLUTE (.))
 *(.fini_array)
                0x0100e10c                PROVIDE (__fini_array_end, ABSOLUTE (.))
 *(.eh_frame)
 .eh_frame      0x0100e10c       0x40 c:/altera/12.0sp2/nios2eds/bin/gnu/h-i686-mingw32/bin/../lib/gcc/nios2-elf/4.1.2\libgcc.a(_udivdi3.o)
 .eh_frame      0x0100e14c       0x2c c:/altera/12.0sp2/nios2eds/bin/gnu/h-i686-mingw32/bin/../lib/gcc/nios2-elf/4.1.2\libgcc.a(_umoddi3.o)
                                 0x40 (size before relaxing)
 *(.gcc_except_table)
 *(.dynamic)
                0x0100e178                PROVIDE (__CTOR_LIST__, ABSOLUTE (.))
 *(.ctors)
 *(SORT(.ctors.*))
 .ctors.65535   0x0100e178        0x4 c:/altera/12.0sp2/nios2eds/bin/gnu/h-i686-mingw32/bin/../lib/gcc/nios2-elf/4.1.2/../../../../nios2-elf/lib\libc.a(lib_a-__call_atexit.o)
                0x0100e17c                PROVIDE (__CTOR_END__, ABSOLUTE (.))
                0x0100e17c                PROVIDE (__DTOR_LIST__, ABSOLUTE (.))
 *(.dtors)
 *(SORT(.dtors.*))
                0x0100e17c                PROVIDE (__DTOR_END__, ABSOLUTE (.))
 *(.jcr)
                0x0100e17c                . = ALIGN (0x4)

.rodata         0x0100e17c      0x70c
                0x0100e17c                PROVIDE (__ram_rodata_start, ABSOLUTE (.))
                0x0100e17c                . = ALIGN (0x4)
 *(.rodata .rodata.* .gnu.linkonce.r.*)
 .rodata        0x0100e17c       0x7c obj/default/KeyboardMain.o
 .rodata        0x0100e1f8       0x84 obj/default/wk_kb.o
 .rodata        0x0100e27c       0x20 obj/default/wk_lcd.o
 .rodata        0x0100e29c       0x28 obj/default/wk_video.o
 .rodata.str1.4
                0x0100e2c4        0x2 c:/altera/12.0sp2/nios2eds/bin/gnu/h-i686-mingw32/bin/../lib/gcc/nios2-elf/4.1.2/../../../../nios2-elf/lib\libc.a(lib_a-puts.o)
                                  0x4 (size before relaxing)
 *fill*         0x0100e2c6        0x2 00
 .rodata.str1.4
                0x0100e2c8       0x5e c:/altera/12.0sp2/nios2eds/bin/gnu/h-i686-mingw32/bin/../lib/gcc/nios2-elf/4.1.2/../../../../nios2-elf/lib\libc.a(lib_a-vfprintf.o)
                                 0x60 (size before relaxing)
 .rodata        0x0100e326       0x20 c:/altera/12.0sp2/nios2eds/bin/gnu/h-i686-mingw32/bin/../lib/gcc/nios2-elf/4.1.2/../../../../nios2-elf/lib\libc.a(lib_a-vfprintf.o)
 *fill*         0x0100e346        0x2 00
 .rodata.str1.4
                0x0100e348       0x10 c:/altera/12.0sp2/nios2eds/bin/gnu/h-i686-mingw32/bin/../lib/gcc/nios2-elf/4.1.2/../../../../nios2-elf/lib\libc.a(lib_a-dtoa.o)
                                 0x14 (size before relaxing)
 .rodata.str1.4
                0x0100e358        0x2 c:/altera/12.0sp2/nios2eds/bin/gnu/h-i686-mingw32/bin/../lib/gcc/nios2-elf/4.1.2/../../../../nios2-elf/lib\libc.a(lib_a-impure.o)
                                  0x4 (size before relaxing)
 *fill*         0x0100e35a        0x2 00
 .rodata.str1.4
                0x0100e35c        0xf c:/altera/12.0sp2/nios2eds/bin/gnu/h-i686-mingw32/bin/../lib/gcc/nios2-elf/4.1.2/../../../../nios2-elf/lib\libc.a(lib_a-locale.o)
                                 0x18 (size before relaxing)
 *fill*         0x0100e36b        0x1 00
 .rodata        0x0100e36c       0x30 c:/altera/12.0sp2/nios2eds/bin/gnu/h-i686-mingw32/bin/../lib/gcc/nios2-elf/4.1.2/../../../../nios2-elf/lib\libc.a(lib_a-locale.o)
 .rodata        0x0100e39c      0x124 c:/altera/12.0sp2/nios2eds/bin/gnu/h-i686-mingw32/bin/../lib/gcc/nios2-elf/4.1.2/../../../../nios2-elf/lib\libc.a(lib_a-mprec.o)
                0x0100e39c                __mprec_tens
                0x0100e464                __mprec_bigtens
                0x0100e48c                __mprec_tinytens
 .rodata        0x0100e4c0       0x14 c:/altera/12.0sp2/nios2eds/bin/gnu/h-i686-mingw32/bin/../lib/gcc/nios2-elf/4.1.2\libgcc.a(_thenan_df.o)
                0x0100e4c0                __thenan_df
 .rodata        0x0100e4d4      0x100 c:/altera/12.0sp2/nios2eds/bin/gnu/h-i686-mingw32/bin/../lib/gcc/nios2-elf/4.1.2\libgcc.a(_clz.o)
                0x0100e4d4                __clz_tab
 .rodata.str1.4
                0x0100e5d4        0xa ../../../../workspace2/NewBSP\libhal_bsp.a(alt_dev.o)
                                  0xc (size before relaxing)
 *fill*         0x0100e5de        0x2 00
 .rodata.str1.4
                0x0100e5e0        0xf ../../../../workspace2/NewBSP\libhal_bsp.a(alt_main.o)
                                 0x10 (size before relaxing)
 *fill*         0x0100e5ef        0x1 00
 .rodata.str1.4
                0x0100e5f0       0x81 ../../../../workspace2/NewBSP\libhal_bsp.a(alt_sys_init.o)
                                 0x94 (size before relaxing)
 .rodata.str1.4
                0x00000000       0x81 ../../../../workspace2/NewBSP\libhal_bsp.a(altera_up_avalon_video_character_buffer_with_dma.o)
                                 0x1c (size before relaxing)
 *fill*         0x0100e671        0x3 00
 .rodata.str1.4
                0x0100e674      0x214 ../../../../workspace2/NewBSP\libhal_bsp.a(altera_up_ps2_keyboard.o)
                                0x238 (size before relaxing)
 *(.rodata1)
                0x0100e888                . = ALIGN (0x4)
                0x0100e888                PROVIDE (__ram_rodata_end, ABSOLUTE (.))
                0x0100e17c                PROVIDE (__flash_rodata_start, LOADADDR (.rodata))

.rwdata         0x0100e888     0x1eb4 load address 0x0101073c
                0x0100e888                PROVIDE (__ram_rwdata_start, ABSOLUTE (.))
                0x0100e888                . = ALIGN (0x4)
 *(.got.plt)
 *(.got)
 *(.data1)
 *(.data .data.* .gnu.linkonce.d.*)
 .data          0x0100e888        0x0 ../../../../workspace2/NewBSP/obj/HAL/src/crt0.o
 .data          0x0100e888        0x0 obj/default/KeyboardMain.o
 .data          0x0100e888        0x0 obj/default/wk_io.o
 .data          0x0100e888        0x0 obj/default/wk_kb.o
 .data          0x0100e888        0x0 obj/default/wk_lcd.o
 .data          0x0100e888        0x0 obj/default/wk_video.o
 .data          0x0100e888        0x0 c:/altera/12.0sp2/nios2eds/bin/gnu/h-i686-mingw32/bin/../lib/gcc/nios2-elf/4.1.2/../../../../nios2-elf/lib\libc.a(lib_a-malloc.o)
 .data          0x0100e888      0x408 c:/altera/12.0sp2/nios2eds/bin/gnu/h-i686-mingw32/bin/../lib/gcc/nios2-elf/4.1.2/../../../../nios2-elf/lib\libc.a(lib_a-mallocr.o)
                0x0100e888                __malloc_av_
 .data          0x0100ec90        0x0 c:/altera/12.0sp2/nios2eds/bin/gnu/h-i686-mingw32/bin/../lib/gcc/nios2-elf/4.1.2/../../../../nios2-elf/lib\libc.a(lib_a-memcpy.o)
 .data          0x0100ec90        0x0 c:/altera/12.0sp2/nios2eds/bin/gnu/h-i686-mingw32/bin/../lib/gcc/nios2-elf/4.1.2/../../../../nios2-elf/lib\libc.a(lib_a-printf.o)
 .data          0x0100ec90        0x0 c:/altera/12.0sp2/nios2eds/bin/gnu/h-i686-mingw32/bin/../lib/gcc/nios2-elf/4.1.2/../../../../nios2-elf/lib\libc.a(lib_a-putchar.o)
 .data          0x0100ec90        0x0 c:/altera/12.0sp2/nios2eds/bin/gnu/h-i686-mingw32/bin/../lib/gcc/nios2-elf/4.1.2/../../../../nios2-elf/lib\libc.a(lib_a-puts.o)
 .data          0x0100ec90        0x0 c:/altera/12.0sp2/nios2eds/bin/gnu/h-i686-mingw32/bin/../lib/gcc/nios2-elf/4.1.2/../../../../nios2-elf/lib\libc.a(lib_a-sbrkr.o)
 .data          0x0100ec90        0x0 c:/altera/12.0sp2/nios2eds/bin/gnu/h-i686-mingw32/bin/../lib/gcc/nios2-elf/4.1.2/../../../../nios2-elf/lib\libc.a(lib_a-strcpy.o)
 .data          0x0100ec90        0x0 c:/altera/12.0sp2/nios2eds/bin/gnu/h-i686-mingw32/bin/../lib/gcc/nios2-elf/4.1.2/../../../../nios2-elf/lib\libc.a(lib_a-strlen.o)
 .data          0x0100ec90        0x0 c:/altera/12.0sp2/nios2eds/bin/gnu/h-i686-mingw32/bin/../lib/gcc/nios2-elf/4.1.2/../../../../nios2-elf/lib\libc.a(lib_a-vfprintf.o)
 .data          0x0100ec90        0x0 c:/altera/12.0sp2/nios2eds/bin/gnu/h-i686-mingw32/bin/../lib/gcc/nios2-elf/4.1.2/../../../../nios2-elf/lib\libc.a(lib_a-wsetup.o)
 .data          0x0100ec90        0x0 c:/altera/12.0sp2/nios2eds/bin/gnu/h-i686-mingw32/bin/../lib/gcc/nios2-elf/4.1.2/../../../../nios2-elf/lib\libc.a(lib_a-dtoa.o)
 .data          0x0100ec90        0x0 c:/altera/12.0sp2/nios2eds/bin/gnu/h-i686-mingw32/bin/../lib/gcc/nios2-elf/4.1.2/../../../../nios2-elf/lib\libc.a(lib_a-fflush.o)
 .data          0x0100ec90        0x0 c:/altera/12.0sp2/nios2eds/bin/gnu/h-i686-mingw32/bin/../lib/gcc/nios2-elf/4.1.2/../../../../nios2-elf/lib\libc.a(lib_a-findfp.o)
 .data          0x0100ec90        0x0 c:/altera/12.0sp2/nios2eds/bin/gnu/h-i686-mingw32/bin/../lib/gcc/nios2-elf/4.1.2/../../../../nios2-elf/lib\libc.a(lib_a-freer.o)
 .data          0x0100ec90        0x0 c:/altera/12.0sp2/nios2eds/bin/gnu/h-i686-mingw32/bin/../lib/gcc/nios2-elf/4.1.2/../../../../nios2-elf/lib\libc.a(lib_a-fvwrite.o)
 .data          0x0100ec90        0x0 c:/altera/12.0sp2/nios2eds/bin/gnu/h-i686-mingw32/bin/../lib/gcc/nios2-elf/4.1.2/../../../../nios2-elf/lib\libc.a(lib_a-fwalk.o)
 .data          0x0100ec90      0x400 c:/altera/12.0sp2/nios2eds/bin/gnu/h-i686-mingw32/bin/../lib/gcc/nios2-elf/4.1.2/../../../../nios2-elf/lib\libc.a(lib_a-impure.o)
 .data          0x0100f090        0x0 c:/altera/12.0sp2/nios2eds/bin/gnu/h-i686-mingw32/bin/../lib/gcc/nios2-elf/4.1.2/../../../../nios2-elf/lib\libc.a(lib_a-int_errno.o)
 .data          0x0100f090        0xc c:/altera/12.0sp2/nios2eds/bin/gnu/h-i686-mingw32/bin/../lib/gcc/nios2-elf/4.1.2/../../../../nios2-elf/lib\libc.a(lib_a-locale.o)
                0x0100f090                __lc_ctype
 .data          0x0100f09c        0x0 c:/altera/12.0sp2/nios2eds/bin/gnu/h-i686-mingw32/bin/../lib/gcc/nios2-elf/4.1.2/../../../../nios2-elf/lib\libc.a(lib_a-makebuf.o)
 .data          0x0100f09c        0x0 c:/altera/12.0sp2/nios2eds/bin/gnu/h-i686-mingw32/bin/../lib/gcc/nios2-elf/4.1.2/../../../../nios2-elf/lib\libc.a(lib_a-memchr.o)
 .data          0x0100f09c        0x0 c:/altera/12.0sp2/nios2eds/bin/gnu/h-i686-mingw32/bin/../lib/gcc/nios2-elf/4.1.2/../../../../nios2-elf/lib\libc.a(lib_a-memmove.o)
 .data          0x0100f09c        0x0 c:/altera/12.0sp2/nios2eds/bin/gnu/h-i686-mingw32/bin/../lib/gcc/nios2-elf/4.1.2/../../../../nios2-elf/lib\libc.a(lib_a-memset.o)
 .data          0x0100f09c        0x0 c:/altera/12.0sp2/nios2eds/bin/gnu/h-i686-mingw32/bin/../lib/gcc/nios2-elf/4.1.2/../../../../nios2-elf/lib\libc.a(lib_a-mprec.o)
 .data          0x0100f09c        0x0 c:/altera/12.0sp2/nios2eds/bin/gnu/h-i686-mingw32/bin/../lib/gcc/nios2-elf/4.1.2/../../../../nios2-elf/lib\libc.a(lib_a-putc.o)
 .data          0x0100f09c        0x0 c:/altera/12.0sp2/nios2eds/bin/gnu/h-i686-mingw32/bin/../lib/gcc/nios2-elf/4.1.2/../../../../nios2-elf/lib\libc.a(lib_a-reallocr.o)
 .data          0x0100f09c        0x0 c:/altera/12.0sp2/nios2eds/bin/gnu/h-i686-mingw32/bin/../lib/gcc/nios2-elf/4.1.2/../../../../nios2-elf/lib\libc.a(lib_a-s_isinfd.o)
 .data          0x0100f09c        0x0 c:/altera/12.0sp2/nios2eds/bin/gnu/h-i686-mingw32/bin/../lib/gcc/nios2-elf/4.1.2/../../../../nios2-elf/lib\libc.a(lib_a-s_isnand.o)
 .data          0x0100f09c        0x0 c:/altera/12.0sp2/nios2eds/bin/gnu/h-i686-mingw32/bin/../lib/gcc/nios2-elf/4.1.2/../../../../nios2-elf/lib\libc.a(lib_a-stdio.o)
 .data          0x0100f09c        0x0 c:/altera/12.0sp2/nios2eds/bin/gnu/h-i686-mingw32/bin/../lib/gcc/nios2-elf/4.1.2/../../../../nios2-elf/lib\libc.a(lib_a-strcmp.o)
 .data          0x0100f09c        0x0 c:/altera/12.0sp2/nios2eds/bin/gnu/h-i686-mingw32/bin/../lib/gcc/nios2-elf/4.1.2/../../../../nios2-elf/lib\libc.a(lib_a-wbuf.o)
 .data          0x0100f09c        0x0 c:/altera/12.0sp2/nios2eds/bin/gnu/h-i686-mingw32/bin/../lib/gcc/nios2-elf/4.1.2/../../../../nios2-elf/lib\libc.a(lib_a-writer.o)
 .data          0x0100f09c        0x0 c:/altera/12.0sp2/nios2eds/bin/gnu/h-i686-mingw32/bin/../lib/gcc/nios2-elf/4.1.2/../../../../nios2-elf/lib\libc.a(lib_a-callocr.o)
 .data          0x0100f09c        0x0 c:/altera/12.0sp2/nios2eds/bin/gnu/h-i686-mingw32/bin/../lib/gcc/nios2-elf/4.1.2/../../../../nios2-elf/lib\libc.a(lib_a-closer.o)
 .data          0x0100f09c        0x0 c:/altera/12.0sp2/nios2eds/bin/gnu/h-i686-mingw32/bin/../lib/gcc/nios2-elf/4.1.2/../../../../nios2-elf/lib\libc.a(lib_a-fclose.o)
 .data          0x0100f09c        0x0 c:/altera/12.0sp2/nios2eds/bin/gnu/h-i686-mingw32/bin/../lib/gcc/nios2-elf/4.1.2/../../../../nios2-elf/lib\libc.a(lib_a-fstatr.o)
 .data          0x0100f09c        0x0 c:/altera/12.0sp2/nios2eds/bin/gnu/h-i686-mingw32/bin/../lib/gcc/nios2-elf/4.1.2/../../../../nios2-elf/lib\libc.a(lib_a-isattyr.o)
 .data          0x0100f09c        0x0 c:/altera/12.0sp2/nios2eds/bin/gnu/h-i686-mingw32/bin/../lib/gcc/nios2-elf/4.1.2/../../../../nios2-elf/lib\libc.a(lib_a-lseekr.o)
 .data          0x0100f09c        0x0 c:/altera/12.0sp2/nios2eds/bin/gnu/h-i686-mingw32/bin/../lib/gcc/nios2-elf/4.1.2/../../../../nios2-elf/lib\libc.a(lib_a-readr.o)
 .data          0x0100f09c        0x0 c:/altera/12.0sp2/nios2eds/bin/gnu/h-i686-mingw32/bin/../lib/gcc/nios2-elf/4.1.2\libgcc.a(_udivdi3.o)
 .data          0x0100f09c        0x0 c:/altera/12.0sp2/nios2eds/bin/gnu/h-i686-mingw32/bin/../lib/gcc/nios2-elf/4.1.2\libgcc.a(_umoddi3.o)
 .data          0x0100f09c        0x0 c:/altera/12.0sp2/nios2eds/bin/gnu/h-i686-mingw32/bin/../lib/gcc/nios2-elf/4.1.2\libgcc.a(_addsub_df.o)
 .data          0x0100f09c        0x0 c:/altera/12.0sp2/nios2eds/bin/gnu/h-i686-mingw32/bin/../lib/gcc/nios2-elf/4.1.2\libgcc.a(_mul_df.o)
 .data          0x0100f09c        0x0 c:/altera/12.0sp2/nios2eds/bin/gnu/h-i686-mingw32/bin/../lib/gcc/nios2-elf/4.1.2\libgcc.a(_div_df.o)
 .data          0x0100f09c        0x0 c:/altera/12.0sp2/nios2eds/bin/gnu/h-i686-mingw32/bin/../lib/gcc/nios2-elf/4.1.2\libgcc.a(_eq_df.o)
 .data          0x0100f09c        0x0 c:/altera/12.0sp2/nios2eds/bin/gnu/h-i686-mingw32/bin/../lib/gcc/nios2-elf/4.1.2\libgcc.a(_ne_df.o)
 .data          0x0100f09c        0x0 c:/altera/12.0sp2/nios2eds/bin/gnu/h-i686-mingw32/bin/../lib/gcc/nios2-elf/4.1.2\libgcc.a(_gt_df.o)
 .data          0x0100f09c        0x0 c:/altera/12.0sp2/nios2eds/bin/gnu/h-i686-mingw32/bin/../lib/gcc/nios2-elf/4.1.2\libgcc.a(_ge_df.o)
 .data          0x0100f09c        0x0 c:/altera/12.0sp2/nios2eds/bin/gnu/h-i686-mingw32/bin/../lib/gcc/nios2-elf/4.1.2\libgcc.a(_lt_df.o)
 .data          0x0100f09c        0x0 c:/altera/12.0sp2/nios2eds/bin/gnu/h-i686-mingw32/bin/../lib/gcc/nios2-elf/4.1.2\libgcc.a(_si_to_df.o)
 .data          0x0100f09c        0x0 c:/altera/12.0sp2/nios2eds/bin/gnu/h-i686-mingw32/bin/../lib/gcc/nios2-elf/4.1.2\libgcc.a(_df_to_si.o)
 .data          0x0100f09c        0x0 c:/altera/12.0sp2/nios2eds/bin/gnu/h-i686-mingw32/bin/../lib/gcc/nios2-elf/4.1.2\libgcc.a(_thenan_df.o)
 .data          0x0100f09c        0x0 c:/altera/12.0sp2/nios2eds/bin/gnu/h-i686-mingw32/bin/../lib/gcc/nios2-elf/4.1.2\libgcc.a(_usi_to_df.o)
 .data          0x0100f09c        0x0 c:/altera/12.0sp2/nios2eds/bin/gnu/h-i686-mingw32/bin/../lib/gcc/nios2-elf/4.1.2\libgcc.a(lib2-divmod.o)
 .data          0x0100f09c        0x0 c:/altera/12.0sp2/nios2eds/bin/gnu/h-i686-mingw32/bin/../lib/gcc/nios2-elf/4.1.2\libgcc.a(_muldi3.o)
 .data          0x0100f09c        0x0 c:/altera/12.0sp2/nios2eds/bin/gnu/h-i686-mingw32/bin/../lib/gcc/nios2-elf/4.1.2\libgcc.a(_clz.o)
 .data          0x0100f09c        0x0 c:/altera/12.0sp2/nios2eds/bin/gnu/h-i686-mingw32/bin/../lib/gcc/nios2-elf/4.1.2\libgcc.a(_clzsi2.o)
 .data          0x0100f09c        0x0 c:/altera/12.0sp2/nios2eds/bin/gnu/h-i686-mingw32/bin/../lib/gcc/nios2-elf/4.1.2\libgcc.a(_pack_df.o)
 .data          0x0100f09c        0x0 c:/altera/12.0sp2/nios2eds/bin/gnu/h-i686-mingw32/bin/../lib/gcc/nios2-elf/4.1.2\libgcc.a(_unpack_df.o)
 .data          0x0100f09c        0x0 c:/altera/12.0sp2/nios2eds/bin/gnu/h-i686-mingw32/bin/../lib/gcc/nios2-elf/4.1.2\libgcc.a(_fpcmp_parts_df.o)
 .data          0x0100f09c        0x0 ../../../../workspace2/NewBSP\libhal_bsp.a(alt_close.o)
 .data          0x0100f09c      0x1a8 ../../../../workspace2/NewBSP\libhal_bsp.a(alt_dev.o)
                0x0100f09c                alt_dev_null
                0x0100f0c4                alt_fd_list
 .data          0x0100f244        0x0 ../../../../workspace2/NewBSP\libhal_bsp.a(alt_errno.o)
 .data          0x0100f244        0x0 ../../../../workspace2/NewBSP\libhal_bsp.a(alt_fstat.o)
 .data          0x0100f244        0x0 ../../../../workspace2/NewBSP\libhal_bsp.a(alt_irq_register.o)
 .data          0x0100f244        0x0 ../../../../workspace2/NewBSP\libhal_bsp.a(alt_irq_vars.o)
 .data          0x0100f244        0x0 ../../../../workspace2/NewBSP\libhal_bsp.a(alt_isatty.o)
 .data          0x0100f244        0x0 ../../../../workspace2/NewBSP\libhal_bsp.a(alt_load.o)
 .data          0x0100f244        0x0 ../../../../workspace2/NewBSP\libhal_bsp.a(alt_lseek.o)
 .data          0x0100f244        0x0 ../../../../workspace2/NewBSP\libhal_bsp.a(alt_main.o)
 .data          0x0100f244        0x0 ../../../../workspace2/NewBSP\libhal_bsp.a(alt_malloc_lock.o)
 .data          0x0100f244        0x0 ../../../../workspace2/NewBSP\libhal_bsp.a(alt_read.o)
 .data          0x0100f244        0x0 ../../../../workspace2/NewBSP\libhal_bsp.a(alt_release_fd.o)
 .data          0x0100f244        0x0 ../../../../workspace2/NewBSP\libhal_bsp.a(alt_sbrk.o)
 .data          0x0100f244        0x0 ../../../../workspace2/NewBSP\libhal_bsp.a(alt_write.o)
 .data          0x0100f244     0x11ec ../../../../workspace2/NewBSP\libhal_bsp.a(alt_sys_init.o)
 .data          0x01010430        0x0 ../../../../workspace2/NewBSP\libhal_bsp.a(altera_avalon_jtag_uart_fd.o)
 .data          0x01010430        0x0 ../../../../workspace2/NewBSP\libhal_bsp.a(altera_avalon_jtag_uart_init.o)
 .data          0x01010430        0x0 ../../../../workspace2/NewBSP\libhal_bsp.a(altera_avalon_jtag_uart_ioctl.o)
 .data          0x01010430        0x0 ../../../../workspace2/NewBSP\libhal_bsp.a(altera_avalon_jtag_uart_read.o)
 .data          0x01010430        0x0 ../../../../workspace2/NewBSP\libhal_bsp.a(altera_avalon_jtag_uart_write.o)
 .data          0x01010430        0x0 ../../../../workspace2/NewBSP\libhal_bsp.a(altera_avalon_timer_sc.o)
 .data          0x01010430        0x0 ../../../../workspace2/NewBSP\libhal_bsp.a(altera_avalon_timer_vars.o)
 .data          0x01010430        0x0 ../../../../workspace2/NewBSP\libhal_bsp.a(altera_up_avalon_character_lcd.o)
 .data          0x01010430        0x0 ../../../../workspace2/NewBSP\libhal_bsp.a(altera_up_avalon_ps2.o)
 .data          0x01010430        0x0 ../../../../workspace2/NewBSP\libhal_bsp.a(altera_up_avalon_video_character_buffer_with_dma.o)
 .data          0x01010430        0x0 ../../../../workspace2/NewBSP\libhal_bsp.a(altera_up_avalon_video_pixel_buffer_dma.o)
 .data          0x01010430      0x2cc ../../../../workspace2/NewBSP\libhal_bsp.a(altera_up_ps2_keyboard.o)
                0x01010430                key_table
                0x010105c8                ascii_codes
                0x0101062e                single_byte_make_code
                0x01010694                multi_byte_make_code
 .data          0x010106fc        0x0 ../../../../workspace2/NewBSP\libhal_bsp.a(alt_alarm_start.o)
 .data          0x010106fc        0x0 ../../../../workspace2/NewBSP\libhal_bsp.a(alt_dcache_flush_all.o)
 .data          0x010106fc        0x0 ../../../../workspace2/NewBSP\libhal_bsp.a(alt_dev_llist_insert.o)
 .data          0x010106fc        0x0 ../../../../workspace2/NewBSP\libhal_bsp.a(alt_do_ctors.o)
 .data          0x010106fc        0x0 ../../../../workspace2/NewBSP\libhal_bsp.a(alt_do_dtors.o)
 .data          0x010106fc        0x0 ../../../../workspace2/NewBSP\libhal_bsp.a(alt_find_dev.o)
 .data          0x010106fc        0x0 ../../../../workspace2/NewBSP\libhal_bsp.a(alt_icache_flush_all.o)
 .data          0x010106fc        0x0 ../../../../workspace2/NewBSP\libhal_bsp.a(alt_io_redirect.o)
 .data          0x010106fc        0x0 ../../../../workspace2/NewBSP\libhal_bsp.a(alt_irq_entry.o)
 .data          0x010106fc        0x0 ../../../../workspace2/NewBSP\libhal_bsp.a(alt_irq_handler.o)
 .data          0x010106fc        0x0 ../../../../workspace2/NewBSP\libhal_bsp.a(alt_open.o)
 .data          0x010106fc        0x0 ../../../../workspace2/NewBSP\libhal_bsp.a(alt_tick.o)
 .data          0x010106fc        0x0 ../../../../workspace2/NewBSP\libhal_bsp.a(altera_nios2_qsys_irq.o)
 .data          0x010106fc        0x0 ../../../../workspace2/NewBSP\libhal_bsp.a(alt_exception_entry.o)
 .data          0x010106fc        0x0 ../../../../workspace2/NewBSP\libhal_bsp.a(alt_find_file.o)
 .data          0x010106fc        0x0 ../../../../workspace2/NewBSP\libhal_bsp.a(alt_get_fd.o)
 .data          0x010106fc        0x0 ../../../../workspace2/NewBSP\libhal_bsp.a(alt_icache_flush.o)
 .data          0x010106fc        0x0 c:/altera/12.0sp2/nios2eds/bin/gnu/h-i686-mingw32/bin/../lib/gcc/nios2-elf/4.1.2/../../../../nios2-elf/lib\libc.a(lib_a-atexit.o)
 .data          0x010106fc        0x0 c:/altera/12.0sp2/nios2eds/bin/gnu/h-i686-mingw32/bin/../lib/gcc/nios2-elf/4.1.2/../../../../nios2-elf/lib\libc.a(lib_a-exit.o)
 .data          0x010106fc        0x0 c:/altera/12.0sp2/nios2eds/bin/gnu/h-i686-mingw32/bin/../lib/gcc/nios2-elf/4.1.2/../../../../nios2-elf/lib\libc.a(lib_a-memcmp.o)
 .data          0x010106fc        0x0 c:/altera/12.0sp2/nios2eds/bin/gnu/h-i686-mingw32/bin/../lib/gcc/nios2-elf/4.1.2/../../../../nios2-elf/lib\libc.a(lib_a-__atexit.o)
 .data          0x010106fc        0x0 c:/altera/12.0sp2/nios2eds/bin/gnu/h-i686-mingw32/bin/../lib/gcc/nios2-elf/4.1.2/../../../../nios2-elf/lib\libc.a(lib_a-__call_atexit.o)
 .data          0x010106fc        0x0 ../../../../workspace2/NewBSP\libhal_bsp.a(alt_exit.o)
                0x010186fc                _gp = ABSOLUTE ((. + 0x8000))
                0x010186fc                PROVIDE (gp, _gp)
 *(.rwdata .rwdata.*)
 *(.sdata .sdata.* .gnu.linkonce.s.*)
 .sdata         0x010106fc        0x8 c:/altera/12.0sp2/nios2eds/bin/gnu/h-i686-mingw32/bin/../lib/gcc/nios2-elf/4.1.2/../../../../nios2-elf/lib\libc.a(lib_a-mallocr.o)
                0x010106fc                __malloc_trim_threshold
                0x01010700                __malloc_sbrk_base
 .sdata         0x01010704        0x8 c:/altera/12.0sp2/nios2eds/bin/gnu/h-i686-mingw32/bin/../lib/gcc/nios2-elf/4.1.2/../../../../nios2-elf/lib\libc.a(lib_a-impure.o)
                0x01010704                _impure_ptr
                0x01010708                _global_impure_ptr
 .sdata         0x0101070c        0x8 c:/altera/12.0sp2/nios2eds/bin/gnu/h-i686-mingw32/bin/../lib/gcc/nios2-elf/4.1.2/../../../../nios2-elf/lib\libc.a(lib_a-locale.o)
                0x0101070c                __mb_cur_max
 .sdata         0x01010714       0x14 ../../../../workspace2/NewBSP\libhal_bsp.a(alt_dev.o)
                0x01010714                alt_fs_list
                0x0101071c                alt_dev_list
                0x01010724                alt_max_fd
 .sdata         0x01010728        0x4 ../../../../workspace2/NewBSP\libhal_bsp.a(alt_errno.o)
                0x01010728                alt_errno
 .sdata         0x0101072c        0x4 ../../../../workspace2/NewBSP\libhal_bsp.a(alt_irq_vars.o)
                0x0101072c                alt_priority_mask
 .sdata         0x01010730        0x4 ../../../../workspace2/NewBSP\libhal_bsp.a(alt_sbrk.o)
 .sdata         0x01010734        0x8 ../../../../workspace2/NewBSP\libhal_bsp.a(alt_tick.o)
                0x01010734                alt_alarm_list
 *(.sdata2 .sdata2.* .gnu.linkonce.s2.*)
                0x0101073c                . = ALIGN (0x4)
                0x0101073c                _edata = ABSOLUTE (.)
                0x0101073c                PROVIDE (edata, ABSOLUTE (.))
                0x0101073c                PROVIDE (__ram_rwdata_end, ABSOLUTE (.))
                0x0101073c                PROVIDE (__flash_rwdata_start, LOADADDR (.rwdata))

.bss            0x010125f0      0x318
                0x010125f0                __bss_start = ABSOLUTE (.)
                0x010125f0                PROVIDE (__sbss_start, ABSOLUTE (.))
                0x010125f0                PROVIDE (___sbss_start, ABSOLUTE (.))
 *(.dynsbss)
 *(.sbss .sbss.* .gnu.linkonce.sb.*)
 .sbss          0x010125f0        0x4 obj/default/KeyboardMain.o
                0x010125f0                kb
 .sbss          0x010125f4        0xc c:/altera/12.0sp2/nios2eds/bin/gnu/h-i686-mingw32/bin/../lib/gcc/nios2-elf/4.1.2/../../../../nios2-elf/lib\libc.a(lib_a-mallocr.o)
                0x010125f4                __malloc_top_pad
                0x010125f8                __malloc_max_sbrked_mem
                0x010125fc                __malloc_max_total_mem
 .sbss          0x01012600        0x4 c:/altera/12.0sp2/nios2eds/bin/gnu/h-i686-mingw32/bin/../lib/gcc/nios2-elf/4.1.2/../../../../nios2-elf/lib\libc.a(lib_a-int_errno.o)
                0x01012600                errno
 .sbss          0x01012604        0xc c:/altera/12.0sp2/nios2eds/bin/gnu/h-i686-mingw32/bin/../lib/gcc/nios2-elf/4.1.2/../../../../nios2-elf/lib\libc.a(lib_a-locale.o)
                0x01012604                __nlocale_changed
                0x01012608                __mlocale_changed
                0x0101260c                _PathLocale
 .sbss          0x01012610        0x4 ../../../../workspace2/NewBSP\libhal_bsp.a(alt_irq_vars.o)
                0x01012610                alt_irq_active
 .sbss          0x01012614        0xc ../../../../workspace2/NewBSP\libhal_bsp.a(alt_main.o)
                0x01012614                alt_argc
                0x01012618                alt_argv
                0x0101261c                alt_envp
 .sbss          0x01012620        0x8 ../../../../workspace2/NewBSP\libhal_bsp.a(altera_avalon_timer_vars.o)
                0x01012620                altera_avalon_timer_ts_base
                0x01012624                altera_avalon_timer_ts_freq
 .sbss          0x01012628        0x8 ../../../../workspace2/NewBSP\libhal_bsp.a(alt_tick.o)
                0x01012628                _alt_tick_rate
                0x0101262c                _alt_nticks
 *(.sbss2 .sbss2.* .gnu.linkonce.sb2.*)
 *(.scommon)
                0x01012630                PROVIDE (__sbss_end, ABSOLUTE (.))
                0x01012630                PROVIDE (___sbss_end, ABSOLUTE (.))
 *(.dynbss)
 *(.bss .bss.* .gnu.linkonce.b.*)
 .bss           0x01012630        0x0 ../../../../workspace2/NewBSP/obj/HAL/src/crt0.o
 .bss           0x01012630        0x0 obj/default/KeyboardMain.o
 .bss           0x01012630        0x0 obj/default/wk_io.o
 .bss           0x01012630        0x0 obj/default/wk_kb.o
 .bss           0x01012630        0x0 obj/default/wk_lcd.o
 .bss           0x01012630        0x0 obj/default/wk_video.o
 .bss           0x01012630        0x0 c:/altera/12.0sp2/nios2eds/bin/gnu/h-i686-mingw32/bin/../lib/gcc/nios2-elf/4.1.2/../../../../nios2-elf/lib\libc.a(lib_a-malloc.o)
 .bss           0x01012630       0x28 c:/altera/12.0sp2/nios2eds/bin/gnu/h-i686-mingw32/bin/../lib/gcc/nios2-elf/4.1.2/../../../../nios2-elf/lib\libc.a(lib_a-mallocr.o)
                0x01012630                __malloc_current_mallinfo
 .bss           0x01012658        0x0 c:/altera/12.0sp2/nios2eds/bin/gnu/h-i686-mingw32/bin/../lib/gcc/nios2-elf/4.1.2/../../../../nios2-elf/lib\libc.a(lib_a-memcpy.o)
 .bss           0x01012658        0x0 c:/altera/12.0sp2/nios2eds/bin/gnu/h-i686-mingw32/bin/../lib/gcc/nios2-elf/4.1.2/../../../../nios2-elf/lib\libc.a(lib_a-printf.o)
 .bss           0x01012658        0x0 c:/altera/12.0sp2/nios2eds/bin/gnu/h-i686-mingw32/bin/../lib/gcc/nios2-elf/4.1.2/../../../../nios2-elf/lib\libc.a(lib_a-putchar.o)
 .bss           0x01012658        0x0 c:/altera/12.0sp2/nios2eds/bin/gnu/h-i686-mingw32/bin/../lib/gcc/nios2-elf/4.1.2/../../../../nios2-elf/lib\libc.a(lib_a-puts.o)
 .bss           0x01012658        0x0 c:/altera/12.0sp2/nios2eds/bin/gnu/h-i686-mingw32/bin/../lib/gcc/nios2-elf/4.1.2/../../../../nios2-elf/lib\libc.a(lib_a-sbrkr.o)
 .bss           0x01012658        0x0 c:/altera/12.0sp2/nios2eds/bin/gnu/h-i686-mingw32/bin/../lib/gcc/nios2-elf/4.1.2/../../../../nios2-elf/lib\libc.a(lib_a-strcpy.o)
 .bss           0x01012658        0x0 c:/altera/12.0sp2/nios2eds/bin/gnu/h-i686-mingw32/bin/../lib/gcc/nios2-elf/4.1.2/../../../../nios2-elf/lib\libc.a(lib_a-strlen.o)
 .bss           0x01012658        0x0 c:/altera/12.0sp2/nios2eds/bin/gnu/h-i686-mingw32/bin/../lib/gcc/nios2-elf/4.1.2/../../../../nios2-elf/lib\libc.a(lib_a-vfprintf.o)
 .bss           0x01012658        0x0 c:/altera/12.0sp2/nios2eds/bin/gnu/h-i686-mingw32/bin/../lib/gcc/nios2-elf/4.1.2/../../../../nios2-elf/lib\libc.a(lib_a-wsetup.o)
 .bss           0x01012658        0x0 c:/altera/12.0sp2/nios2eds/bin/gnu/h-i686-mingw32/bin/../lib/gcc/nios2-elf/4.1.2/../../../../nios2-elf/lib\libc.a(lib_a-dtoa.o)
 .bss           0x01012658        0x0 c:/altera/12.0sp2/nios2eds/bin/gnu/h-i686-mingw32/bin/../lib/gcc/nios2-elf/4.1.2/../../../../nios2-elf/lib\libc.a(lib_a-fflush.o)
 .bss           0x01012658        0x0 c:/altera/12.0sp2/nios2eds/bin/gnu/h-i686-mingw32/bin/../lib/gcc/nios2-elf/4.1.2/../../../../nios2-elf/lib\libc.a(lib_a-findfp.o)
 .bss           0x01012658        0x0 c:/altera/12.0sp2/nios2eds/bin/gnu/h-i686-mingw32/bin/../lib/gcc/nios2-elf/4.1.2/../../../../nios2-elf/lib\libc.a(lib_a-freer.o)
 .bss           0x01012658        0x0 c:/altera/12.0sp2/nios2eds/bin/gnu/h-i686-mingw32/bin/../lib/gcc/nios2-elf/4.1.2/../../../../nios2-elf/lib\libc.a(lib_a-fvwrite.o)
 .bss           0x01012658        0x0 c:/altera/12.0sp2/nios2eds/bin/gnu/h-i686-mingw32/bin/../lib/gcc/nios2-elf/4.1.2/../../../../nios2-elf/lib\libc.a(lib_a-fwalk.o)
 .bss           0x01012658        0x0 c:/altera/12.0sp2/nios2eds/bin/gnu/h-i686-mingw32/bin/../lib/gcc/nios2-elf/4.1.2/../../../../nios2-elf/lib\libc.a(lib_a-impure.o)
 .bss           0x01012658        0x0 c:/altera/12.0sp2/nios2eds/bin/gnu/h-i686-mingw32/bin/../lib/gcc/nios2-elf/4.1.2/../../../../nios2-elf/lib\libc.a(lib_a-int_errno.o)
 .bss           0x01012658        0x0 c:/altera/12.0sp2/nios2eds/bin/gnu/h-i686-mingw32/bin/../lib/gcc/nios2-elf/4.1.2/../../../../nios2-elf/lib\libc.a(lib_a-locale.o)
 .bss           0x01012658        0x0 c:/altera/12.0sp2/nios2eds/bin/gnu/h-i686-mingw32/bin/../lib/gcc/nios2-elf/4.1.2/../../../../nios2-elf/lib\libc.a(lib_a-makebuf.o)
 .bss           0x01012658        0x0 c:/altera/12.0sp2/nios2eds/bin/gnu/h-i686-mingw32/bin/../lib/gcc/nios2-elf/4.1.2/../../../../nios2-elf/lib\libc.a(lib_a-memchr.o)
 .bss           0x01012658        0x0 c:/altera/12.0sp2/nios2eds/bin/gnu/h-i686-mingw32/bin/../lib/gcc/nios2-elf/4.1.2/../../../../nios2-elf/lib\libc.a(lib_a-memmove.o)
 .bss           0x01012658        0x0 c:/altera/12.0sp2/nios2eds/bin/gnu/h-i686-mingw32/bin/../lib/gcc/nios2-elf/4.1.2/../../../../nios2-elf/lib\libc.a(lib_a-memset.o)
 .bss           0x01012658        0x0 c:/altera/12.0sp2/nios2eds/bin/gnu/h-i686-mingw32/bin/../lib/gcc/nios2-elf/4.1.2/../../../../nios2-elf/lib\libc.a(lib_a-mprec.o)
 .bss           0x01012658        0x0 c:/altera/12.0sp2/nios2eds/bin/gnu/h-i686-mingw32/bin/../lib/gcc/nios2-elf/4.1.2/../../../../nios2-elf/lib\libc.a(lib_a-putc.o)
 .bss           0x01012658        0x0 c:/altera/12.0sp2/nios2eds/bin/gnu/h-i686-mingw32/bin/../lib/gcc/nios2-elf/4.1.2/../../../../nios2-elf/lib\libc.a(lib_a-reallocr.o)
 .bss           0x01012658        0x0 c:/altera/12.0sp2/nios2eds/bin/gnu/h-i686-mingw32/bin/../lib/gcc/nios2-elf/4.1.2/../../../../nios2-elf/lib\libc.a(lib_a-s_isinfd.o)
 .bss           0x01012658        0x0 c:/altera/12.0sp2/nios2eds/bin/gnu/h-i686-mingw32/bin/../lib/gcc/nios2-elf/4.1.2/../../../../nios2-elf/lib\libc.a(lib_a-s_isnand.o)
 .bss           0x01012658        0x0 c:/altera/12.0sp2/nios2eds/bin/gnu/h-i686-mingw32/bin/../lib/gcc/nios2-elf/4.1.2/../../../../nios2-elf/lib\libc.a(lib_a-stdio.o)
 .bss           0x01012658        0x0 c:/altera/12.0sp2/nios2eds/bin/gnu/h-i686-mingw32/bin/../lib/gcc/nios2-elf/4.1.2/../../../../nios2-elf/lib\libc.a(lib_a-strcmp.o)
 .bss           0x01012658        0x0 c:/altera/12.0sp2/nios2eds/bin/gnu/h-i686-mingw32/bin/../lib/gcc/nios2-elf/4.1.2/../../../../nios2-elf/lib\libc.a(lib_a-wbuf.o)
 .bss           0x01012658        0x0 c:/altera/12.0sp2/nios2eds/bin/gnu/h-i686-mingw32/bin/../lib/gcc/nios2-elf/4.1.2/../../../../nios2-elf/lib\libc.a(lib_a-writer.o)
 .bss           0x01012658        0x0 c:/altera/12.0sp2/nios2eds/bin/gnu/h-i686-mingw32/bin/../lib/gcc/nios2-elf/4.1.2/../../../../nios2-elf/lib\libc.a(lib_a-callocr.o)
 .bss           0x01012658        0x0 c:/altera/12.0sp2/nios2eds/bin/gnu/h-i686-mingw32/bin/../lib/gcc/nios2-elf/4.1.2/../../../../nios2-elf/lib\libc.a(lib_a-closer.o)
 .bss           0x01012658        0x0 c:/altera/12.0sp2/nios2eds/bin/gnu/h-i686-mingw32/bin/../lib/gcc/nios2-elf/4.1.2/../../../../nios2-elf/lib\libc.a(lib_a-fclose.o)
 .bss           0x01012658        0x0 c:/altera/12.0sp2/nios2eds/bin/gnu/h-i686-mingw32/bin/../lib/gcc/nios2-elf/4.1.2/../../../../nios2-elf/lib\libc.a(lib_a-fstatr.o)
 .bss           0x01012658        0x0 c:/altera/12.0sp2/nios2eds/bin/gnu/h-i686-mingw32/bin/../lib/gcc/nios2-elf/4.1.2/../../../../nios2-elf/lib\libc.a(lib_a-isattyr.o)
 .bss           0x01012658        0x0 c:/altera/12.0sp2/nios2eds/bin/gnu/h-i686-mingw32/bin/../lib/gcc/nios2-elf/4.1.2/../../../../nios2-elf/lib\libc.a(lib_a-lseekr.o)
 .bss           0x01012658        0x0 c:/altera/12.0sp2/nios2eds/bin/gnu/h-i686-mingw32/bin/../lib/gcc/nios2-elf/4.1.2/../../../../nios2-elf/lib\libc.a(lib_a-readr.o)
 .bss           0x01012658        0x0 c:/altera/12.0sp2/nios2eds/bin/gnu/h-i686-mingw32/bin/../lib/gcc/nios2-elf/4.1.2\libgcc.a(_udivdi3.o)
 .bss           0x01012658        0x0 c:/altera/12.0sp2/nios2eds/bin/gnu/h-i686-mingw32/bin/../lib/gcc/nios2-elf/4.1.2\libgcc.a(_umoddi3.o)
 .bss           0x01012658        0x0 c:/altera/12.0sp2/nios2eds/bin/gnu/h-i686-mingw32/bin/../lib/gcc/nios2-elf/4.1.2\libgcc.a(_addsub_df.o)
 .bss           0x01012658        0x0 c:/altera/12.0sp2/nios2eds/bin/gnu/h-i686-mingw32/bin/../lib/gcc/nios2-elf/4.1.2\libgcc.a(_mul_df.o)
 .bss           0x01012658        0x0 c:/altera/12.0sp2/nios2eds/bin/gnu/h-i686-mingw32/bin/../lib/gcc/nios2-elf/4.1.2\libgcc.a(_div_df.o)
 .bss           0x01012658        0x0 c:/altera/12.0sp2/nios2eds/bin/gnu/h-i686-mingw32/bin/../lib/gcc/nios2-elf/4.1.2\libgcc.a(_eq_df.o)
 .bss           0x01012658        0x0 c:/altera/12.0sp2/nios2eds/bin/gnu/h-i686-mingw32/bin/../lib/gcc/nios2-elf/4.1.2\libgcc.a(_ne_df.o)
 .bss           0x01012658        0x0 c:/altera/12.0sp2/nios2eds/bin/gnu/h-i686-mingw32/bin/../lib/gcc/nios2-elf/4.1.2\libgcc.a(_gt_df.o)
 .bss           0x01012658        0x0 c:/altera/12.0sp2/nios2eds/bin/gnu/h-i686-mingw32/bin/../lib/gcc/nios2-elf/4.1.2\libgcc.a(_ge_df.o)
 .bss           0x01012658        0x0 c:/altera/12.0sp2/nios2eds/bin/gnu/h-i686-mingw32/bin/../lib/gcc/nios2-elf/4.1.2\libgcc.a(_lt_df.o)
 .bss           0x01012658        0x0 c:/altera/12.0sp2/nios2eds/bin/gnu/h-i686-mingw32/bin/../lib/gcc/nios2-elf/4.1.2\libgcc.a(_si_to_df.o)
 .bss           0x01012658        0x0 c:/altera/12.0sp2/nios2eds/bin/gnu/h-i686-mingw32/bin/../lib/gcc/nios2-elf/4.1.2\libgcc.a(_df_to_si.o)
 .bss           0x01012658        0x0 c:/altera/12.0sp2/nios2eds/bin/gnu/h-i686-mingw32/bin/../lib/gcc/nios2-elf/4.1.2\libgcc.a(_thenan_df.o)
 .bss           0x01012658        0x0 c:/altera/12.0sp2/nios2eds/bin/gnu/h-i686-mingw32/bin/../lib/gcc/nios2-elf/4.1.2\libgcc.a(_usi_to_df.o)
 .bss           0x01012658        0x0 c:/altera/12.0sp2/nios2eds/bin/gnu/h-i686-mingw32/bin/../lib/gcc/nios2-elf/4.1.2\libgcc.a(lib2-divmod.o)
 .bss           0x01012658        0x0 c:/altera/12.0sp2/nios2eds/bin/gnu/h-i686-mingw32/bin/../lib/gcc/nios2-elf/4.1.2\libgcc.a(_muldi3.o)
 .bss           0x01012658        0x0 c:/altera/12.0sp2/nios2eds/bin/gnu/h-i686-mingw32/bin/../lib/gcc/nios2-elf/4.1.2\libgcc.a(_clz.o)
 .bss           0x01012658        0x0 c:/altera/12.0sp2/nios2eds/bin/gnu/h-i686-mingw32/bin/../lib/gcc/nios2-elf/4.1.2\libgcc.a(_clzsi2.o)
 .bss           0x01012658        0x0 c:/altera/12.0sp2/nios2eds/bin/gnu/h-i686-mingw32/bin/../lib/gcc/nios2-elf/4.1.2\libgcc.a(_pack_df.o)
 .bss           0x01012658        0x0 c:/altera/12.0sp2/nios2eds/bin/gnu/h-i686-mingw32/bin/../lib/gcc/nios2-elf/4.1.2\libgcc.a(_unpack_df.o)
 .bss           0x01012658        0x0 c:/altera/12.0sp2/nios2eds/bin/gnu/h-i686-mingw32/bin/../lib/gcc/nios2-elf/4.1.2\libgcc.a(_fpcmp_parts_df.o)
 .bss           0x01012658        0x0 ../../../../workspace2/NewBSP\libhal_bsp.a(alt_close.o)
 .bss           0x01012658        0x0 ../../../../workspace2/NewBSP\libhal_bsp.a(alt_dev.o)
 .bss           0x01012658        0x0 ../../../../workspace2/NewBSP\libhal_bsp.a(alt_errno.o)
 .bss           0x01012658        0x0 ../../../../workspace2/NewBSP\libhal_bsp.a(alt_fstat.o)
 .bss           0x01012658        0x0 ../../../../workspace2/NewBSP\libhal_bsp.a(alt_irq_register.o)
 .bss           0x01012658        0x0 ../../../../workspace2/NewBSP\libhal_bsp.a(alt_irq_vars.o)
 .bss           0x01012658        0x0 ../../../../workspace2/NewBSP\libhal_bsp.a(alt_isatty.o)
 .bss           0x01012658        0x0 ../../../../workspace2/NewBSP\libhal_bsp.a(alt_load.o)
 .bss           0x01012658        0x0 ../../../../workspace2/NewBSP\libhal_bsp.a(alt_lseek.o)
 .bss           0x01012658        0x0 ../../../../workspace2/NewBSP\libhal_bsp.a(alt_main.o)
 .bss           0x01012658        0x0 ../../../../workspace2/NewBSP\libhal_bsp.a(alt_malloc_lock.o)
 .bss           0x01012658        0x0 ../../../../workspace2/NewBSP\libhal_bsp.a(alt_read.o)
 .bss           0x01012658        0x0 ../../../../workspace2/NewBSP\libhal_bsp.a(alt_release_fd.o)
 .bss           0x01012658        0x0 ../../../../workspace2/NewBSP\libhal_bsp.a(alt_sbrk.o)
 .bss           0x01012658        0x0 ../../../../workspace2/NewBSP\libhal_bsp.a(alt_write.o)
 .bss           0x01012658        0x0 ../../../../workspace2/NewBSP\libhal_bsp.a(alt_sys_init.o)
 .bss           0x01012658        0x0 ../../../../workspace2/NewBSP\libhal_bsp.a(altera_avalon_jtag_uart_fd.o)
 .bss           0x01012658        0x0 ../../../../workspace2/NewBSP\libhal_bsp.a(altera_avalon_jtag_uart_init.o)
 .bss           0x01012658        0x0 ../../../../workspace2/NewBSP\libhal_bsp.a(altera_avalon_jtag_uart_ioctl.o)
 .bss           0x01012658        0x0 ../../../../workspace2/NewBSP\libhal_bsp.a(altera_avalon_jtag_uart_read.o)
 .bss           0x01012658        0x0 ../../../../workspace2/NewBSP\libhal_bsp.a(altera_avalon_jtag_uart_write.o)
 .bss           0x01012658        0x0 ../../../../workspace2/NewBSP\libhal_bsp.a(altera_avalon_timer_sc.o)
 .bss           0x01012658        0x0 ../../../../workspace2/NewBSP\libhal_bsp.a(altera_avalon_timer_vars.o)
 .bss           0x01012658        0x0 ../../../../workspace2/NewBSP\libhal_bsp.a(altera_up_avalon_character_lcd.o)
 .bss           0x01012658        0x0 ../../../../workspace2/NewBSP\libhal_bsp.a(altera_up_avalon_ps2.o)
 .bss           0x01012658        0x0 ../../../../workspace2/NewBSP\libhal_bsp.a(altera_up_avalon_video_character_buffer_with_dma.o)
 .bss           0x01012658        0x0 ../../../../workspace2/NewBSP\libhal_bsp.a(altera_up_avalon_video_pixel_buffer_dma.o)
 .bss           0x01012658        0x0 ../../../../workspace2/NewBSP\libhal_bsp.a(altera_up_ps2_keyboard.o)
 .bss           0x01012658        0x0 ../../../../workspace2/NewBSP\libhal_bsp.a(alt_alarm_start.o)
 .bss           0x01012658        0x0 ../../../../workspace2/NewBSP\libhal_bsp.a(alt_dcache_flush_all.o)
 .bss           0x01012658        0x0 ../../../../workspace2/NewBSP\libhal_bsp.a(alt_dev_llist_insert.o)
 .bss           0x01012658        0x0 ../../../../workspace2/NewBSP\libhal_bsp.a(alt_do_ctors.o)
 .bss           0x01012658        0x0 ../../../../workspace2/NewBSP\libhal_bsp.a(alt_do_dtors.o)
 .bss           0x01012658        0x0 ../../../../workspace2/NewBSP\libhal_bsp.a(alt_find_dev.o)
 .bss           0x01012658        0x0 ../../../../workspace2/NewBSP\libhal_bsp.a(alt_icache_flush_all.o)
 .bss           0x01012658        0x0 ../../../../workspace2/NewBSP\libhal_bsp.a(alt_io_redirect.o)
 .bss           0x01012658        0x0 ../../../../workspace2/NewBSP\libhal_bsp.a(alt_irq_entry.o)
 .bss           0x01012658        0x0 ../../../../workspace2/NewBSP\libhal_bsp.a(alt_irq_handler.o)
 .bss           0x01012658        0x0 ../../../../workspace2/NewBSP\libhal_bsp.a(alt_open.o)
 .bss           0x01012658        0x0 ../../../../workspace2/NewBSP\libhal_bsp.a(alt_tick.o)
 .bss           0x01012658        0x0 ../../../../workspace2/NewBSP\libhal_bsp.a(altera_nios2_qsys_irq.o)
 .bss           0x01012658        0x0 ../../../../workspace2/NewBSP\libhal_bsp.a(alt_exception_entry.o)
 .bss           0x01012658        0x0 ../../../../workspace2/NewBSP\libhal_bsp.a(alt_find_file.o)
 .bss           0x01012658        0x0 ../../../../workspace2/NewBSP\libhal_bsp.a(alt_get_fd.o)
 .bss           0x01012658        0x0 ../../../../workspace2/NewBSP\libhal_bsp.a(alt_icache_flush.o)
 .bss           0x01012658        0x0 c:/altera/12.0sp2/nios2eds/bin/gnu/h-i686-mingw32/bin/../lib/gcc/nios2-elf/4.1.2/../../../../nios2-elf/lib\libc.a(lib_a-atexit.o)
 .bss           0x01012658        0x0 c:/altera/12.0sp2/nios2eds/bin/gnu/h-i686-mingw32/bin/../lib/gcc/nios2-elf/4.1.2/../../../../nios2-elf/lib\libc.a(lib_a-exit.o)
 .bss           0x01012658        0x0 c:/altera/12.0sp2/nios2eds/bin/gnu/h-i686-mingw32/bin/../lib/gcc/nios2-elf/4.1.2/../../../../nios2-elf/lib\libc.a(lib_a-memcmp.o)
 .bss           0x01012658        0x0 c:/altera/12.0sp2/nios2eds/bin/gnu/h-i686-mingw32/bin/../lib/gcc/nios2-elf/4.1.2/../../../../nios2-elf/lib\libc.a(lib_a-__atexit.o)
 .bss           0x01012658        0x0 c:/altera/12.0sp2/nios2eds/bin/gnu/h-i686-mingw32/bin/../lib/gcc/nios2-elf/4.1.2/../../../../nios2-elf/lib\libc.a(lib_a-__call_atexit.o)
 .bss           0x01012658        0x0 ../../../../workspace2/NewBSP\libhal_bsp.a(alt_exit.o)
 *(COMMON)
 COMMON         0x01012658       0x20 obj/default/KeyboardMain.o
                0x01012658                Hex
 COMMON         0x01012678      0x100 ../../../../workspace2/NewBSP\libhal_bsp.a(alt_irq_handler.o)
                0x01012678                alt_irq
 COMMON         0x01012778      0x190 c:/altera/12.0sp2/nios2eds/bin/gnu/h-i686-mingw32/bin/../lib/gcc/nios2-elf/4.1.2/../../../../nios2-elf/lib\libc.a(lib_a-atexit.o)
                0x01012778                _atexit0
                0x01012908                . = ALIGN (0x4)
                0x01012908                __bss_end = ABSOLUTE (.)

.sdram          0x01012908        0x0
                0x01012908                PROVIDE (_alt_partition_sdram_start, ABSOLUTE (.))
 *(.sdram. sdram.*)
                0x01012908                . = ALIGN (0x4)
                0x01012908                PROVIDE (_alt_partition_sdram_end, ABSOLUTE (.))
                0x01012908                _end = ABSOLUTE (.)
                0x01012908                end = ABSOLUTE (.)
                0x01012908                __alt_stack_base = ABSOLUTE (.)
                0x01012908                PROVIDE (_alt_partition_sdram_load_addr, LOADADDR (.sdram))

.stab
 *(.stab)

.stabstr
 *(.stabstr)

.stab.excl
 *(.stab.excl)

.stab.exclstr
 *(.stab.exclstr)

.stab.index
 *(.stab.index)

.stab.indexstr
 *(.stab.indexstr)

.comment        0x00000000       0x26
 *(.comment)
 .comment       0x00000000       0x26 obj/default/KeyboardMain.o
                                 0x27 (size before relaxing)
 .comment       0x00000000       0x27 obj/default/wk_io.o
 .comment       0x00000000       0x27 obj/default/wk_kb.o
 .comment       0x00000000       0x27 obj/default/wk_lcd.o
 .comment       0x00000000       0x27 obj/default/wk_video.o
 .comment       0x00000000       0x27 c:/altera/12.0sp2/nios2eds/bin/gnu/h-i686-mingw32/bin/../lib/gcc/nios2-elf/4.1.2/../../../../nios2-elf/lib\libc.a(lib_a-malloc.o)
 .comment       0x00000000       0x27 c:/altera/12.0sp2/nios2eds/bin/gnu/h-i686-mingw32/bin/../lib/gcc/nios2-elf/4.1.2/../../../../nios2-elf/lib\libc.a(lib_a-mallocr.o)
 .comment       0x00000000       0x27 c:/altera/12.0sp2/nios2eds/bin/gnu/h-i686-mingw32/bin/../lib/gcc/nios2-elf/4.1.2/../../../../nios2-elf/lib\libc.a(lib_a-memcpy.o)
 .comment       0x00000000       0x27 c:/altera/12.0sp2/nios2eds/bin/gnu/h-i686-mingw32/bin/../lib/gcc/nios2-elf/4.1.2/../../../../nios2-elf/lib\libc.a(lib_a-printf.o)
 .comment       0x00000000       0x27 c:/altera/12.0sp2/nios2eds/bin/gnu/h-i686-mingw32/bin/../lib/gcc/nios2-elf/4.1.2/../../../../nios2-elf/lib\libc.a(lib_a-putchar.o)
 .comment       0x00000000       0x27 c:/altera/12.0sp2/nios2eds/bin/gnu/h-i686-mingw32/bin/../lib/gcc/nios2-elf/4.1.2/../../../../nios2-elf/lib\libc.a(lib_a-puts.o)
 .comment       0x00000000       0x27 c:/altera/12.0sp2/nios2eds/bin/gnu/h-i686-mingw32/bin/../lib/gcc/nios2-elf/4.1.2/../../../../nios2-elf/lib\libc.a(lib_a-sbrkr.o)
 .comment       0x00000000       0x27 c:/altera/12.0sp2/nios2eds/bin/gnu/h-i686-mingw32/bin/../lib/gcc/nios2-elf/4.1.2/../../../../nios2-elf/lib\libc.a(lib_a-strcpy.o)
 .comment       0x00000000       0x27 c:/altera/12.0sp2/nios2eds/bin/gnu/h-i686-mingw32/bin/../lib/gcc/nios2-elf/4.1.2/../../../../nios2-elf/lib\libc.a(lib_a-strlen.o)
 .comment       0x00000000       0x27 c:/altera/12.0sp2/nios2eds/bin/gnu/h-i686-mingw32/bin/../lib/gcc/nios2-elf/4.1.2/../../../../nios2-elf/lib\libc.a(lib_a-vfprintf.o)
 .comment       0x00000000       0x27 c:/altera/12.0sp2/nios2eds/bin/gnu/h-i686-mingw32/bin/../lib/gcc/nios2-elf/4.1.2/../../../../nios2-elf/lib\libc.a(lib_a-wsetup.o)
 .comment       0x00000000       0x27 c:/altera/12.0sp2/nios2eds/bin/gnu/h-i686-mingw32/bin/../lib/gcc/nios2-elf/4.1.2/../../../../nios2-elf/lib\libc.a(lib_a-dtoa.o)
 .comment       0x00000000       0x27 c:/altera/12.0sp2/nios2eds/bin/gnu/h-i686-mingw32/bin/../lib/gcc/nios2-elf/4.1.2/../../../../nios2-elf/lib\libc.a(lib_a-fflush.o)
 .comment       0x00000000       0x27 c:/altera/12.0sp2/nios2eds/bin/gnu/h-i686-mingw32/bin/../lib/gcc/nios2-elf/4.1.2/../../../../nios2-elf/lib\libc.a(lib_a-findfp.o)
 .comment       0x00000000       0x27 c:/altera/12.0sp2/nios2eds/bin/gnu/h-i686-mingw32/bin/../lib/gcc/nios2-elf/4.1.2/../../../../nios2-elf/lib\libc.a(lib_a-freer.o)
 .comment       0x00000000       0x27 c:/altera/12.0sp2/nios2eds/bin/gnu/h-i686-mingw32/bin/../lib/gcc/nios2-elf/4.1.2/../../../../nios2-elf/lib\libc.a(lib_a-fvwrite.o)
 .comment       0x00000000       0x27 c:/altera/12.0sp2/nios2eds/bin/gnu/h-i686-mingw32/bin/../lib/gcc/nios2-elf/4.1.2/../../../../nios2-elf/lib\libc.a(lib_a-fwalk.o)
 .comment       0x00000000       0x27 c:/altera/12.0sp2/nios2eds/bin/gnu/h-i686-mingw32/bin/../lib/gcc/nios2-elf/4.1.2/../../../../nios2-elf/lib\libc.a(lib_a-impure.o)
 .comment       0x00000000       0x27 c:/altera/12.0sp2/nios2eds/bin/gnu/h-i686-mingw32/bin/../lib/gcc/nios2-elf/4.1.2/../../../../nios2-elf/lib\libc.a(lib_a-int_errno.o)
 .comment       0x00000000       0x27 c:/altera/12.0sp2/nios2eds/bin/gnu/h-i686-mingw32/bin/../lib/gcc/nios2-elf/4.1.2/../../../../nios2-elf/lib\libc.a(lib_a-locale.o)
 .comment       0x00000000       0x27 c:/altera/12.0sp2/nios2eds/bin/gnu/h-i686-mingw32/bin/../lib/gcc/nios2-elf/4.1.2/../../../../nios2-elf/lib\libc.a(lib_a-makebuf.o)
 .comment       0x00000000       0x27 c:/altera/12.0sp2/nios2eds/bin/gnu/h-i686-mingw32/bin/../lib/gcc/nios2-elf/4.1.2/../../../../nios2-elf/lib\libc.a(lib_a-memchr.o)
 .comment       0x00000000       0x27 c:/altera/12.0sp2/nios2eds/bin/gnu/h-i686-mingw32/bin/../lib/gcc/nios2-elf/4.1.2/../../../../nios2-elf/lib\libc.a(lib_a-memmove.o)
 .comment       0x00000000       0x27 c:/altera/12.0sp2/nios2eds/bin/gnu/h-i686-mingw32/bin/../lib/gcc/nios2-elf/4.1.2/../../../../nios2-elf/lib\libc.a(lib_a-memset.o)
 .comment       0x00000000       0x27 c:/altera/12.0sp2/nios2eds/bin/gnu/h-i686-mingw32/bin/../lib/gcc/nios2-elf/4.1.2/../../../../nios2-elf/lib\libc.a(lib_a-mprec.o)
 .comment       0x00000000       0x27 c:/altera/12.0sp2/nios2eds/bin/gnu/h-i686-mingw32/bin/../lib/gcc/nios2-elf/4.1.2/../../../../nios2-elf/lib\libc.a(lib_a-putc.o)
 .comment       0x00000000       0x27 c:/altera/12.0sp2/nios2eds/bin/gnu/h-i686-mingw32/bin/../lib/gcc/nios2-elf/4.1.2/../../../../nios2-elf/lib\libc.a(lib_a-reallocr.o)
 .comment       0x00000000       0x27 c:/altera/12.0sp2/nios2eds/bin/gnu/h-i686-mingw32/bin/../lib/gcc/nios2-elf/4.1.2/../../../../nios2-elf/lib\libc.a(lib_a-s_isinfd.o)
 .comment       0x00000000       0x27 c:/altera/12.0sp2/nios2eds/bin/gnu/h-i686-mingw32/bin/../lib/gcc/nios2-elf/4.1.2/../../../../nios2-elf/lib\libc.a(lib_a-s_isnand.o)
 .comment       0x00000000       0x27 c:/altera/12.0sp2/nios2eds/bin/gnu/h-i686-mingw32/bin/../lib/gcc/nios2-elf/4.1.2/../../../../nios2-elf/lib\libc.a(lib_a-stdio.o)
 .comment       0x00000000       0x27 c:/altera/12.0sp2/nios2eds/bin/gnu/h-i686-mingw32/bin/../lib/gcc/nios2-elf/4.1.2/../../../../nios2-elf/lib\libc.a(lib_a-strcmp.o)
 .comment       0x00000000       0x27 c:/altera/12.0sp2/nios2eds/bin/gnu/h-i686-mingw32/bin/../lib/gcc/nios2-elf/4.1.2/../../../../nios2-elf/lib\libc.a(lib_a-wbuf.o)
 .comment       0x00000000       0x27 c:/altera/12.0sp2/nios2eds/bin/gnu/h-i686-mingw32/bin/../lib/gcc/nios2-elf/4.1.2/../../../../nios2-elf/lib\libc.a(lib_a-writer.o)
 .comment       0x00000000       0x27 c:/altera/12.0sp2/nios2eds/bin/gnu/h-i686-mingw32/bin/../lib/gcc/nios2-elf/4.1.2/../../../../nios2-elf/lib\libc.a(lib_a-callocr.o)
 .comment       0x00000000       0x27 c:/altera/12.0sp2/nios2eds/bin/gnu/h-i686-mingw32/bin/../lib/gcc/nios2-elf/4.1.2/../../../../nios2-elf/lib\libc.a(lib_a-closer.o)
 .comment       0x00000000       0x27 c:/altera/12.0sp2/nios2eds/bin/gnu/h-i686-mingw32/bin/../lib/gcc/nios2-elf/4.1.2/../../../../nios2-elf/lib\libc.a(lib_a-fclose.o)
 .comment       0x00000000       0x27 c:/altera/12.0sp2/nios2eds/bin/gnu/h-i686-mingw32/bin/../lib/gcc/nios2-elf/4.1.2/../../../../nios2-elf/lib\libc.a(lib_a-fstatr.o)
 .comment       0x00000000       0x27 c:/altera/12.0sp2/nios2eds/bin/gnu/h-i686-mingw32/bin/../lib/gcc/nios2-elf/4.1.2/../../../../nios2-elf/lib\libc.a(lib_a-isattyr.o)
 .comment       0x00000000       0x27 c:/altera/12.0sp2/nios2eds/bin/gnu/h-i686-mingw32/bin/../lib/gcc/nios2-elf/4.1.2/../../../../nios2-elf/lib\libc.a(lib_a-lseekr.o)
 .comment       0x00000000       0x27 c:/altera/12.0sp2/nios2eds/bin/gnu/h-i686-mingw32/bin/../lib/gcc/nios2-elf/4.1.2/../../../../nios2-elf/lib\libc.a(lib_a-readr.o)
 .comment       0x00000000       0x27 c:/altera/12.0sp2/nios2eds/bin/gnu/h-i686-mingw32/bin/../lib/gcc/nios2-elf/4.1.2\libgcc.a(_udivdi3.o)
 .comment       0x00000000       0x27 c:/altera/12.0sp2/nios2eds/bin/gnu/h-i686-mingw32/bin/../lib/gcc/nios2-elf/4.1.2\libgcc.a(_umoddi3.o)
 .comment       0x00000000       0x27 c:/altera/12.0sp2/nios2eds/bin/gnu/h-i686-mingw32/bin/../lib/gcc/nios2-elf/4.1.2\libgcc.a(_addsub_df.o)
 .comment       0x00000000       0x27 c:/altera/12.0sp2/nios2eds/bin/gnu/h-i686-mingw32/bin/../lib/gcc/nios2-elf/4.1.2\libgcc.a(_mul_df.o)
 .comment       0x00000000       0x27 c:/altera/12.0sp2/nios2eds/bin/gnu/h-i686-mingw32/bin/../lib/gcc/nios2-elf/4.1.2\libgcc.a(_div_df.o)
 .comment       0x00000000       0x27 c:/altera/12.0sp2/nios2eds/bin/gnu/h-i686-mingw32/bin/../lib/gcc/nios2-elf/4.1.2\libgcc.a(_eq_df.o)
 .comment       0x00000000       0x27 c:/altera/12.0sp2/nios2eds/bin/gnu/h-i686-mingw32/bin/../lib/gcc/nios2-elf/4.1.2\libgcc.a(_ne_df.o)
 .comment       0x00000000       0x27 c:/altera/12.0sp2/nios2eds/bin/gnu/h-i686-mingw32/bin/../lib/gcc/nios2-elf/4.1.2\libgcc.a(_gt_df.o)
 .comment       0x00000000       0x27 c:/altera/12.0sp2/nios2eds/bin/gnu/h-i686-mingw32/bin/../lib/gcc/nios2-elf/4.1.2\libgcc.a(_ge_df.o)
 .comment       0x00000000       0x27 c:/altera/12.0sp2/nios2eds/bin/gnu/h-i686-mingw32/bin/../lib/gcc/nios2-elf/4.1.2\libgcc.a(_lt_df.o)
 .comment       0x00000000       0x27 c:/altera/12.0sp2/nios2eds/bin/gnu/h-i686-mingw32/bin/../lib/gcc/nios2-elf/4.1.2\libgcc.a(_si_to_df.o)
 .comment       0x00000000       0x27 c:/altera/12.0sp2/nios2eds/bin/gnu/h-i686-mingw32/bin/../lib/gcc/nios2-elf/4.1.2\libgcc.a(_df_to_si.o)
 .comment       0x00000000       0x27 c:/altera/12.0sp2/nios2eds/bin/gnu/h-i686-mingw32/bin/../lib/gcc/nios2-elf/4.1.2\libgcc.a(_thenan_df.o)
 .comment       0x00000000       0x27 c:/altera/12.0sp2/nios2eds/bin/gnu/h-i686-mingw32/bin/../lib/gcc/nios2-elf/4.1.2\libgcc.a(_usi_to_df.o)
 .comment       0x00000000       0x27 c:/altera/12.0sp2/nios2eds/bin/gnu/h-i686-mingw32/bin/../lib/gcc/nios2-elf/4.1.2\libgcc.a(lib2-divmod.o)
 .comment       0x00000000       0x27 c:/altera/12.0sp2/nios2eds/bin/gnu/h-i686-mingw32/bin/../lib/gcc/nios2-elf/4.1.2\libgcc.a(_muldi3.o)
 .comment       0x00000000       0x27 c:/altera/12.0sp2/nios2eds/bin/gnu/h-i686-mingw32/bin/../lib/gcc/nios2-elf/4.1.2\libgcc.a(_clz.o)
 .comment       0x00000000       0x27 c:/altera/12.0sp2/nios2eds/bin/gnu/h-i686-mingw32/bin/../lib/gcc/nios2-elf/4.1.2\libgcc.a(_clzsi2.o)
 .comment       0x00000000       0x27 c:/altera/12.0sp2/nios2eds/bin/gnu/h-i686-mingw32/bin/../lib/gcc/nios2-elf/4.1.2\libgcc.a(_pack_df.o)
 .comment       0x00000000       0x27 c:/altera/12.0sp2/nios2eds/bin/gnu/h-i686-mingw32/bin/../lib/gcc/nios2-elf/4.1.2\libgcc.a(_unpack_df.o)
 .comment       0x00000000       0x27 c:/altera/12.0sp2/nios2eds/bin/gnu/h-i686-mingw32/bin/../lib/gcc/nios2-elf/4.1.2\libgcc.a(_fpcmp_parts_df.o)
 .comment       0x00000000       0x27 ../../../../workspace2/NewBSP\libhal_bsp.a(alt_close.o)
 .comment       0x00000000       0x27 ../../../../workspace2/NewBSP\libhal_bsp.a(alt_dev.o)
 .comment       0x00000000       0x27 ../../../../workspace2/NewBSP\libhal_bsp.a(alt_errno.o)
 .comment       0x00000000       0x27 ../../../../workspace2/NewBSP\libhal_bsp.a(alt_fstat.o)
 .comment       0x00000000       0x27 ../../../../workspace2/NewBSP\libhal_bsp.a(alt_irq_register.o)
 .comment       0x00000000       0x27 ../../../../workspace2/NewBSP\libhal_bsp.a(alt_irq_vars.o)
 .comment       0x00000000       0x27 ../../../../workspace2/NewBSP\libhal_bsp.a(alt_isatty.o)
 .comment       0x00000000       0x27 ../../../../workspace2/NewBSP\libhal_bsp.a(alt_load.o)
 .comment       0x00000000       0x27 ../../../../workspace2/NewBSP\libhal_bsp.a(alt_lseek.o)
 .comment       0x00000000       0x27 ../../../../workspace2/NewBSP\libhal_bsp.a(alt_main.o)
 .comment       0x00000000       0x27 ../../../../workspace2/NewBSP\libhal_bsp.a(alt_malloc_lock.o)
 .comment       0x00000000       0x27 ../../../../workspace2/NewBSP\libhal_bsp.a(alt_read.o)
 .comment       0x00000000       0x27 ../../../../workspace2/NewBSP\libhal_bsp.a(alt_release_fd.o)
 .comment       0x00000000       0x27 ../../../../workspace2/NewBSP\libhal_bsp.a(alt_sbrk.o)
 .comment       0x00000000       0x27 ../../../../workspace2/NewBSP\libhal_bsp.a(alt_write.o)
 .comment       0x00000000       0x27 ../../../../workspace2/NewBSP\libhal_bsp.a(alt_sys_init.o)
 .comment       0x00000000       0x27 ../../../../workspace2/NewBSP\libhal_bsp.a(altera_avalon_jtag_uart_fd.o)
 .comment       0x00000000       0x27 ../../../../workspace2/NewBSP\libhal_bsp.a(altera_avalon_jtag_uart_init.o)
 .comment       0x00000000       0x27 ../../../../workspace2/NewBSP\libhal_bsp.a(altera_avalon_jtag_uart_ioctl.o)
 .comment       0x00000000       0x27 ../../../../workspace2/NewBSP\libhal_bsp.a(altera_avalon_jtag_uart_read.o)
 .comment       0x00000000       0x27 ../../../../workspace2/NewBSP\libhal_bsp.a(altera_avalon_jtag_uart_write.o)
 .comment       0x00000000       0x27 ../../../../workspace2/NewBSP\libhal_bsp.a(altera_avalon_timer_sc.o)
 .comment       0x00000000       0x27 ../../../../workspace2/NewBSP\libhal_bsp.a(altera_avalon_timer_vars.o)
 .comment       0x00000000       0x27 ../../../../workspace2/NewBSP\libhal_bsp.a(altera_up_avalon_character_lcd.o)
 .comment       0x00000000       0x27 ../../../../workspace2/NewBSP\libhal_bsp.a(altera_up_avalon_ps2.o)
 .comment       0x00000000       0x27 ../../../../workspace2/NewBSP\libhal_bsp.a(altera_up_avalon_video_character_buffer_with_dma.o)
 .comment       0x00000000       0x27 ../../../../workspace2/NewBSP\libhal_bsp.a(altera_up_avalon_video_pixel_buffer_dma.o)
 .comment       0x00000000       0x27 ../../../../workspace2/NewBSP\libhal_bsp.a(altera_up_ps2_keyboard.o)
 .comment       0x00000000       0x27 ../../../../workspace2/NewBSP\libhal_bsp.a(alt_alarm_start.o)
 .comment       0x00000000       0x27 ../../../../workspace2/NewBSP\libhal_bsp.a(alt_dcache_flush_all.o)
 .comment       0x00000000       0x27 ../../../../workspace2/NewBSP\libhal_bsp.a(alt_dev_llist_insert.o)
 .comment       0x00000000       0x27 ../../../../workspace2/NewBSP\libhal_bsp.a(alt_do_ctors.o)
 .comment       0x00000000       0x27 ../../../../workspace2/NewBSP\libhal_bsp.a(alt_do_dtors.o)
 .comment       0x00000000       0x27 ../../../../workspace2/NewBSP\libhal_bsp.a(alt_find_dev.o)
 .comment       0x00000000       0x27 ../../../../workspace2/NewBSP\libhal_bsp.a(alt_icache_flush_all.o)
 .comment       0x00000000       0x27 ../../../../workspace2/NewBSP\libhal_bsp.a(alt_io_redirect.o)
 .comment       0x00000000       0x27 ../../../../workspace2/NewBSP\libhal_bsp.a(alt_irq_handler.o)
 .comment       0x00000000       0x27 ../../../../workspace2/NewBSP\libhal_bsp.a(alt_open.o)
 .comment       0x00000000       0x27 ../../../../workspace2/NewBSP\libhal_bsp.a(alt_tick.o)
 .comment       0x00000000       0x27 ../../../../workspace2/NewBSP\libhal_bsp.a(altera_nios2_qsys_irq.o)
 .comment       0x00000000       0x27 ../../../../workspace2/NewBSP\libhal_bsp.a(alt_find_file.o)
 .comment       0x00000000       0x27 ../../../../workspace2/NewBSP\libhal_bsp.a(alt_get_fd.o)
 .comment       0x00000000       0x27 ../../../../workspace2/NewBSP\libhal_bsp.a(alt_icache_flush.o)
 .comment       0x00000000       0x27 c:/altera/12.0sp2/nios2eds/bin/gnu/h-i686-mingw32/bin/../lib/gcc/nios2-elf/4.1.2/../../../../nios2-elf/lib\libc.a(lib_a-atexit.o)
 .comment       0x00000000       0x27 c:/altera/12.0sp2/nios2eds/bin/gnu/h-i686-mingw32/bin/../lib/gcc/nios2-elf/4.1.2/../../../../nios2-elf/lib\libc.a(lib_a-exit.o)
 .comment       0x00000000       0x27 c:/altera/12.0sp2/nios2eds/bin/gnu/h-i686-mingw32/bin/../lib/gcc/nios2-elf/4.1.2/../../../../nios2-elf/lib\libc.a(lib_a-memcmp.o)
 .comment       0x00000000       0x27 c:/altera/12.0sp2/nios2eds/bin/gnu/h-i686-mingw32/bin/../lib/gcc/nios2-elf/4.1.2/../../../../nios2-elf/lib\libc.a(lib_a-__atexit.o)
 .comment       0x00000000       0x27 c:/altera/12.0sp2/nios2eds/bin/gnu/h-i686-mingw32/bin/../lib/gcc/nios2-elf/4.1.2/../../../../nios2-elf/lib\libc.a(lib_a-__call_atexit.o)
 .comment       0x00000000       0x27 ../../../../workspace2/NewBSP\libhal_bsp.a(alt_exit.o)

.debug
 *(.debug)

.line
 *(.line)

.debug_srcinfo
 *(.debug_srcinfo)

.debug_sfnames
 *(.debug_sfnames)

.debug_aranges  0x00000000      0xe18
 *(.debug_aranges)
 .debug_aranges
                0x00000000       0x28 ../../../../workspace2/NewBSP/obj/HAL/src/crt0.o
 .debug_aranges
                0x00000028       0x20 obj/default/KeyboardMain.o
 .debug_aranges
                0x00000048       0x20 obj/default/wk_io.o
 .debug_aranges
                0x00000068       0x20 obj/default/wk_kb.o
 .debug_aranges
                0x00000088       0x20 obj/default/wk_lcd.o
 .debug_aranges
                0x000000a8       0x20 obj/default/wk_video.o
 .debug_aranges
                0x000000c8       0x20 c:/altera/12.0sp2/nios2eds/bin/gnu/h-i686-mingw32/bin/../lib/gcc/nios2-elf/4.1.2/../../../../nios2-elf/lib\libc.a(lib_a-malloc.o)
 .debug_aranges
                0x000000e8       0x20 c:/altera/12.0sp2/nios2eds/bin/gnu/h-i686-mingw32/bin/../lib/gcc/nios2-elf/4.1.2/../../../../nios2-elf/lib\libc.a(lib_a-mallocr.o)
 .debug_aranges
                0x00000108       0x20 c:/altera/12.0sp2/nios2eds/bin/gnu/h-i686-mingw32/bin/../lib/gcc/nios2-elf/4.1.2/../../../../nios2-elf/lib\libc.a(lib_a-memcpy.o)
 .debug_aranges