Archive member included because of file (symbol)

c:/altera/12.0sp2/nios2eds/bin/gnu/h-i686-mingw32/bin/../lib/gcc/nios2-elf/4.1.2/../../../../nios2-elf/lib\libc.a(lib_a-malloc.o)
                              obj/default/wk_kb.o (malloc)
c:/altera/12.0sp2/nios2eds/bin/gnu/h-i686-mingw32/bin/../lib/gcc/nios2-elf/4.1.2/../../../../nios2-elf/lib\libc.a(lib_a-mallocr.o)
                              c:/altera/12.0sp2/nios2eds/bin/gnu/h-i686-mingw32/bin/../lib/gcc/nios2-elf/4.1.2/../../../../nios2-elf/lib\libc.a(lib_a-malloc.o) (_malloc_r)
c:/altera/12.0sp2/nios2eds/bin/gnu/h-i686-mingw32/bin/../lib/gcc/nios2-elf/4.1.2/../../../../nios2-elf/lib\libc.a(lib_a-memcpy.o)
                              obj/default/wk_lcd.o (memcpy)
c:/altera/12.0sp2/nios2eds/bin/gnu/h-i686-mingw32/bin/../lib/gcc/nios2-elf/4.1.2/../../../../nios2-elf/lib\libc.a(lib_a-printf.o)
                              obj/default/KeyboardMain.o (printf)
c:/altera/12.0sp2/nios2eds/bin/gnu/h-i686-mingw32/bin/../lib/gcc/nios2-elf/4.1.2/../../../../nios2-elf/lib\libc.a(lib_a-putchar.o)
                              obj/default/KeyboardMain.o (putchar)
c:/altera/12.0sp2/nios2eds/bin/gnu/h-i686-mingw32/bin/../lib/gcc/nios2-elf/4.1.2/../../../../nios2-elf/lib\libc.a(lib_a-puts.o)
                              obj/default/wk_kb.o (puts)
c:/altera/12.0sp2/nios2eds/bin/gnu/h-i686-mingw32/bin/../lib/gcc/nios2-elf/4.1.2/../../../../nios2-elf/lib\libc.a(lib_a-sbrkr.o)
                              c:/altera/12.0sp2/nios2eds/bin/gnu/h-i686-mingw32/bin/../lib/gcc/nios2-elf/4.1.2/../../../../nios2-elf/lib\libc.a(lib_a-mallocr.o) (_sbrk_r)
c:/altera/12.0sp2/nios2eds/bin/gnu/h-i686-mingw32/bin/../lib/gcc/nios2-elf/4.1.2/../../../../nios2-elf/lib\libc.a(lib_a-strcpy.o)
                              obj/default/wk_lcd.o (strcpy)
c:/altera/12.0sp2/nios2eds/bin/gnu/h-i686-mingw32/bin/../lib/gcc/nios2-elf/4.1.2/../../../../nios2-elf/lib\libc.a(lib_a-strlen.o)
                              obj/default/wk_lcd.o (strlen)
c:/altera/12.0sp2/nios2eds/bin/gnu/h-i686-mingw32/bin/../lib/gcc/nios2-elf/4.1.2/../../../../nios2-elf/lib\libc.a(lib_a-vfprintf.o)
                              c:/altera/12.0sp2/nios2eds/bin/gnu/h-i686-mingw32/bin/../lib/gcc/nios2-elf/4.1.2/../../../../nios2-elf/lib\libc.a(lib_a-printf.o) (___vfprintf_internal_r)
c:/altera/12.0sp2/nios2eds/bin/gnu/h-i686-mingw32/bin/../lib/gcc/nios2-elf/4.1.2/../../../../nios2-elf/lib\libc.a(lib_a-wsetup.o)
                              c:/altera/12.0sp2/nios2eds/bin/gnu/h-i686-mingw32/bin/../lib/gcc/nios2-elf/4.1.2/../../../../nios2-elf/lib\libc.a(lib_a-vfprintf.o) (__swsetup_r)
c:/altera/12.0sp2/nios2eds/bin/gnu/h-i686-mingw32/bin/../lib/gcc/nios2-elf/4.1.2/../../../../nios2-elf/lib\libc.a(lib_a-dtoa.o)
                              c:/altera/12.0sp2/nios2eds/bin/gnu/h-i686-mingw32/bin/../lib/gcc/nios2-elf/4.1.2/../../../../nios2-elf/lib\libc.a(lib_a-vfprintf.o) (_dtoa_r)
c:/altera/12.0sp2/nios2eds/bin/gnu/h-i686-mingw32/bin/../lib/gcc/nios2-elf/4.1.2/../../../../nios2-elf/lib\libc.a(lib_a-fflush.o)
                              c:/altera/12.0sp2/nios2eds/bin/gnu/h-i686-mingw32/bin/../lib/gcc/nios2-elf/4.1.2/../../../../nios2-elf/lib\libc.a(lib_a-vfprintf.o) (_fflush_r)
c:/altera/12.0sp2/nios2eds/bin/gnu/h-i686-mingw32/bin/../lib/gcc/nios2-elf/4.1.2/../../../../nios2-elf/lib\libc.a(lib_a-findfp.o)
                              c:/altera/12.0sp2/nios2eds/bin/gnu/h-i686-mingw32/bin/../lib/gcc/nios2-elf/4.1.2/../../../../nios2-elf/lib\libc.a(lib_a-vfprintf.o) (__sinit)
c:/altera/12.0sp2/nios2eds/bin/gnu/h-i686-mingw32/bin/../lib/gcc/nios2-elf/4.1.2/../../../../nios2-elf/lib\libc.a(lib_a-freer.o)
                              c:/altera/12.0sp2/nios2eds/bin/gnu/h-i686-mingw32/bin/../lib/gcc/nios2-elf/4.1.2/../../../../nios2-elf/lib\libc.a(lib_a-malloc.o) (_free_r)
c:/altera/12.0sp2/nios2eds/bin/gnu/h-i686-mingw32/bin/../lib/gcc/nios2-elf/4.1.2/../../../../nios2-elf/lib\libc.a(lib_a-fvwrite.o)
                              c:/altera/12.0sp2/nios2eds/bin/gnu/h-i686-mingw32/bin/../lib/gcc/nios2-elf/4.1.2/../../../../nios2-elf/lib\libc.a(lib_a-puts.o) (__sfvwrite_r)
c:/altera/12.0sp2/nios2eds/bin/gnu/h-i686-mingw32/bin/../lib/gcc/nios2-elf/4.1.2/../../../../nios2-elf/lib\libc.a(lib_a-fwalk.o)
                              c:/altera/12.0sp2/nios2eds/bin/gnu/h-i686-mingw32/bin/../lib/gcc/nios2-elf/4.1.2/../../../../nios2-elf/lib\libc.a(lib_a-fflush.o) (_fwalk_reent)
c:/altera/12.0sp2/nios2eds/bin/gnu/h-i686-mingw32/bin/../lib/gcc/nios2-elf/4.1.2/../../../../nios2-elf/lib\libc.a(lib_a-impure.o)
                              c:/altera/12.0sp2/nios2eds/bin/gnu/h-i686-mingw32/bin/../lib/gcc/nios2-elf/4.1.2/../../../../nios2-elf/lib\libc.a(lib_a-malloc.o) (_impure_ptr)
c:/altera/12.0sp2/nios2eds/bin/gnu/h-i686-mingw32/bin/../lib/gcc/nios2-elf/4.1.2/../../../../nios2-elf/lib\libc.a(lib_a-int_errno.o)
[...]
Memory Configuration

Name             Origin             Length             Attributes
reset            0x01000000         0x00000020
sdram            0x01000020         0x007fffe0
*default*        0x00000000         0xffffffff

Linker script and memory map

LOAD ../../../../workspace2/NewBSP/obj/HAL/src/crt0.o
LOAD obj/default/KeyboardMain.o
LOAD obj/default/wk_io.o
LOAD obj/default/wk_kb.o
LOAD obj/default/wk_lcd.o
LOAD obj/default/wk_video.o
LOAD c:/altera/12.0sp2/nios2eds/bin/gnu/h-i686-mingw32/bin/../lib/gcc/nios2-elf/4.1.2/../../../../nios2-elf/lib\libstdc++.a
LOAD c:/altera/12.0sp2/nios2eds/bin/gnu/h-i686-mingw32/bin/../lib/gcc/nios2-elf/4.1.2/../../../../nios2-elf/lib\libm.a
LOAD c:/altera/12.0sp2/nios2eds/bin/gnu/h-i686-mingw32/bin/../lib/gcc/nios2-elf/4.1.2\libgcc.a
START GROUP
LOAD c:/altera/12.0sp2/nios2eds/bin/gnu/h-i686-mingw32/bin/../lib/gcc/nios2-elf/4.1.2/../../../../nios2-elf/lib\libc.a
LOAD c:/altera/12.0sp2/nios2eds/bin/gnu/h-i686-mingw32/bin/../lib/gcc/nios2-elf/4.1.2\libgcc.a
LOAD ../../../../workspace2/NewBSP\libhal_bsp.a
END GROUP
LOAD c:/altera/12.0sp2/nios2eds/bin/gnu/h-i686-mingw32/bin/../lib/gcc/nios2-elf/4.1.2\libgcc.a
                0x01000000                __alt_mem_sdram = 0x1000000

.entry          0x01000000       0x20
 *(.entry)
 .entry         0x01000000       0x20 ../../../../workspace2/NewBSP/obj/HAL/src/crt0.o
                0x01000000                __reset

.exceptions     0x01000020      0x198
                0x01000020                PROVIDE (__ram_exceptions_start, ABSOLUTE (.))
                0x01000020                . = ALIGN (0x20)
 *(.irq)
 *(.exceptions.entry.label)
 .exceptions.entry.label
                0x01000020        0x0 ../../../../workspace2/NewBSP\libhal_bsp.a(alt_irq_entry.o)
                0x01000020                alt_irq_entry
 .exceptions.entry.label
                0x01000020        0x0 ../../../../workspace2/NewBSP\libhal_bsp.a(alt_exception_entry.o)
                0x01000020                alt_exception
 *(.exceptions.entry.user)
 *(.exceptions.entry)
 .exceptions.entry
                0x01000020       0x54 ../../../../workspace2/NewBSP\libhal_bsp.a(alt_exception_entry.o)
 *(.exceptions.irqtest.user)
 *(.exceptions.irqtest)
 .exceptions.irqtest
                0x01000074       0x10 ../../../../workspace2/NewBSP\libhal_bsp.a(alt_irq_entry.o)
 *(.exceptions.irqhandler.user)
 *(.exceptions.irqhandler)
 .exceptions.irqhandler
                0x01000084        0x4 ../../../../workspace2/NewBSP\libhal_bsp.a(alt_irq_entry.o)
 *(.exceptions.irqreturn.user)
 *(.exceptions.irqreturn)
 .exceptions.irqreturn
                0x01000088        0x4 ../../../../workspace2/NewBSP\libhal_bsp.a(alt_irq_entry.o)
 *(.exceptions.notirq.label)
 .exceptions.notirq.label
                0x0100008c        0x0 ../../../../workspace2/NewBSP\libhal_bsp.a(alt_irq_entry.o)
 *(.exceptions.notirq.user)
 *(.exceptions.notirq)
 .exceptions.notirq
                0x0100008c        0x8 ../../../../workspace2/NewBSP\libhal_bsp.a(alt_exception_entry.o)
 *(.exceptions.soft.user)
 *(.exceptions.soft)
 *(.exceptions.unknown.user)
 *(.exceptions.unknown)
 .exceptions.unknown
                0x01000094        0x4 ../../../../workspace2/NewBSP\libhal_bsp.a(alt_exception_entry.o)
 *(.exceptions.exit.label)
 .exceptions.exit.label
                0x01000098        0x0 ../../../../workspace2/NewBSP\libhal_bsp.a(alt_irq_entry.o)
 .exceptions.exit.label
                0x01000098        0x0 ../../../../workspace2/NewBSP\libhal_bsp.a(alt_exception_entry.o)
 *(.exceptions.exit.user)
 *(.exceptions.exit)
 .exceptions.exit
                0x01000098       0x54 ../../../../workspace2/NewBSP\libhal_bsp.a(alt_exception_entry.o)
 *(.exceptions)
 .exceptions    0x010000ec       0xcc ../../../../workspace2/NewBSP\libhal_bsp.a(alt_irq_handler.o)
                0x010000ec                alt_irq_handler
                0x010001b8                PROVIDE (__ram_exceptions_end, ABSOLUTE (.))
                0x01000020                PROVIDE (__flash_exceptions_start, LOADADDR (.exceptions))

.text           0x010001b8    0x1057c
                0x010001b8                PROVIDE (stext, ABSOLUTE (.))
 *(.interp)
 *(.hash)
 *(.dynsym)
 *(.dynstr)
 *(.gnu.version)
 *(.gnu.version_d)
 *(.gnu.version_r)
 *(.rel.init)
 *(.rela.init)
 *(.rel.text .rel.text.* .rel.gnu.linkonce.t.*)
 *(.rela.text .rela.text.* .rela.gnu.linkonce.t.*)
 *(.rel.fini)
 *(.rela.fini)
 *(.rel.rodata .rel.rodata.* .rel.gnu.linkonce.r.*)
 *(.rela.rodata .rela.rodata.* .rela.gnu.linkonce.r.*)
 *(.rel.data .rel.data.* .rel.gnu.linkonce.d.*)
 *(.rela.data .rela.data.* .rela.gnu.linkonce.d.*)
 *(.rel.tdata .rel.tdata.* .rel.gnu.linkonce.td.*)
 *(.rela.tdata .rela.tdata.* .rela.gnu.linkonce.td.*)
 *(.rel.tbss .rel.tbss.* .rel.gnu.linkonce.tb.*)
 *(.rela.tbss .rela.tbss.* .rela.gnu.linkonce.tb.*)
 *(.rel.ctors)
 *(.rela.ctors)
 *(.rel.dtors)
 *(.rela.dtors)
 *(.rel.got)
 *(.rela.got)
 *(.rel.sdata .rel.sdata.* .rel.gnu.linkonce.s.*)
 *(.rela.sdata .rela.sdata.* .rela.gnu.linkonce.s.*)
 *(.rel.sbss .rel.sbss.* .rel.gnu.linkonce.sb.*)
 *(.rela.sbss .rela.sbss.* .rela.gnu.linkonce.sb.*)
 *(.rel.sdata2 .rel.sdata2.* .rel.gnu.linkonce.s2.*)
 *(.rela.sdata2 .rela.sdata2.* .rela.gnu.linkonce.s2.*)
 *(.rel.sbss2 .rel.sbss2.* .rel.gnu.linkonce.sb2.*)
 *(.rela.sbss2 .rela.sbss2.* .rela.gnu.linkonce.sb2.*)
 *(.rel.bss .rel.bss.* .rel.gnu.linkonce.b.*)
 *(.rela.bss .rela.bss.* .rela.gnu.linkonce.b.*)
 *(.rel.plt)
 *(.rela.plt)
 *(.rel.dyn)
 *(.init)
 *(.plt)
 *(.text .stub .text.* .gnu.linkonce.t.*)
 .text          0x010001b8       0x4c ../../../../workspace2/NewBSP/obj/HAL/src/crt0.o
                0x010001b8                _start
 .text          0x01000204       0xfc obj/default/KeyboardMain.o
                0x01000204                kb_ISR
                0x01000238                main
 .text          0x01000300      0x5b4 obj/default/wk_io.o
                0x01000300                initHex
                0x010003a8                hexPrintNum
                0x01000850                clrHex
 .text          0x010008b4      0x4cc obj/default/wk_kb.o
                0x010008b4                initKb
                0x01000a64                getchKb
                0x01000bf0                readFromKb
 .text          0x01000d80      0x2bc obj/default/wk_lcd.o
                0x01000d80                lcdInit
                0x01000e04                lcdPrint
                0x01000ecc                lcdLineSet
                0x01000fbc                lcdClrScr
 .text          0x0100103c      0x450 obj/default/wk_video.o
                0x0100103c                charInit
                0x0100107c                pixelInit
                0x010010e4                clrScr
                0x01001124                fillScr
                0x0100117c                drawLine
                0x01001244                drawBox
                0x010012e0                drawPoly
                0x010013d8                swapBuffer
                0x01001418                mkColor
 .text          0x0100148c       0x28 c:/altera/12.0sp2/nios2eds/bin/gnu/h-i686-mingw32/bin/../lib/gcc/nios2-elf/4.1.2/../../../../nios2-elf/lib\libc.a(lib_a-malloc.o)
                0x0100148c                free
                0x010014a0                malloc
 .text          0x010014b4      0x740 c:/altera/12.0sp2/nios2eds/bin/gnu/h-i686-mingw32/bin/../lib/gcc/nios2-elf/4.1.2/../../../../nios2-elf/lib\libc.a(lib_a-mallocr.o)
                0x010014b4                _malloc_r
 .text          0x01001bf4       0xa0 c:/altera/12.0sp2/nios2eds/bin/gnu/h-i686-mingw32/bin/../lib/gcc/nios2-elf/4.1.2/../../../../nios2-elf/lib\libc.a(lib_a-memcpy.o)
                0x01001bf4                memcpy
 .text          0x01001c94       0x78 c:/altera/12.0sp2/nios2eds/bin/gnu/h-i686-mingw32/bin/../lib/gcc/nios2-elf/4.1.2/../../../../nios2-elf/lib\libc.a(lib_a-printf.o)
                0x01001c94                printf
                0x01001cd8                _printf_r
 .text          0x01001d0c       0x24 c:/altera/12.0sp2/nios2eds/bin/gnu/h-i686-mingw32/bin/../lib/gcc/nios2-elf/4.1.2/../../../../nios2-elf/lib\libc.a(lib_a-putchar.o)
                0x01001d0c                putchar
                0x01001d28                _putchar_r
 .text          0x01001d30       0xb4 c:/altera/12.0sp2/nios2eds/bin/gnu/h-i686-mingw32/bin/../lib/gcc/nios2-elf/4.1.2/../../../../nios2-elf/lib\libc.a(lib_a-puts.o)
                0x01001d30                _puts_r
                0x01001dd0                puts
 .text          0x01001de4       0x70 c:/altera/12.0sp2/nios2eds/bin/gnu/h-i686-mingw32/bin/../lib/gcc/nios2-elf/4.1.2/../../../../nios2-elf/lib\libc.a(lib_a-sbrkr.o)
                0x01001de4                _sbrk_r
 .text          0x01001e54       0x8c c:/altera/12.0sp2/nios2eds/bin/gnu/h-i686-mingw32/bin/../lib/gcc/nios2-elf/4.1.2/../../../../nios2-elf/lib\libc.a(lib_a-strcpy.o)
                0x01001e54                strcpy
 .text          0x01001ee0       0x74 c:/altera/12.0sp2/nios2eds/bin/gnu/h-i686-mingw32/bin/../lib/gcc/nios2-elf/4.1.2/../../../../nios2-elf/lib\libc.a(lib_a-strlen.o)
                0x01001ee0                strlen
 .text          0x01001f54     0x1f28 c:/altera/12.0sp2/nios2eds/bin/gnu/h-i686-mingw32/bin/../lib/gcc/nios2-elf/4.1.2/../../../../nios2-elf/lib\libc.a(lib_a-vfprintf.o)
                0x01001fac                ___vfprintf_internal_r
                0x01003e58                __vfprintf_internal
 .text          0x01003e7c      0x13c c:/altera/12.0sp2/nios2eds/bin/gnu/h-i686-mingw32/bin/../lib/gcc/nios2-elf/4.1.2/../../../../nios2-elf/lib\libc.a(lib_a-wsetup.o)
                0x01003e7c                __swsetup_r
 .text          0x01003fb8     0x17cc c:/altera/12.0sp2/nios2eds/bin/gnu/h-i686-mingw32/bin/../lib/gcc/nios2-elf/4.1.2/../../../../nios2-elf/lib\libc.a(lib_a-dtoa.o)
                0x010041d0                _dtoa_r
 .text          0x01005784      0x230 c:/altera/12.0sp2/nios2eds/bin/gnu/h-i686-mingw32/bin/../lib/gcc/nios2-elf/4.1.2/../../../../nios2-elf/lib\libc.a(lib_a-fflush.o)
                0x01005784                _fflush_r
                0x01005980                fflush
 .text          0x010059b4      0x2c0 c:/altera/12.0sp2/nios2eds/bin/gnu/h-i686-mingw32/bin/../lib/gcc/nios2-elf/4.1.2/../../../../nios2-elf/lib\libc.a(lib_a-findfp.o)
                0x01005a0c                __sfp_lock_acquire
                0x01005a10                __sfp_lock_release
                0x01005a14                __sinit_lock_acquire
                0x01005a18                __sinit_lock_release
                0x01005a1c                __sinit
                0x01005ad0                __fp_unlock_all
                0x01005ae8                __fp_lock_all
                0x01005b00                _cleanup_r
                0x01005b0c                _cleanup
                0x01005b1c                __sfmoreglue
                0x01005b84                __sfp
 .text          0x01005c74      0x440 c:/altera/12.0sp2/nios2eds/bin/gnu/h-i686-mingw32/bin/../lib/gcc/nios2-elf/4.1.2/../../../../nios2-elf/lib\libc.a(lib_a-freer.o)
                0x01005c74                _malloc_trim_r
                0x01005da0                _free_r
 .text          0x010060b4      0x49c c:/altera/12.0sp2/nios2eds/bin/gnu/h-i686-mingw32/bin/../lib/gcc/nios2-elf/4.1.2/../../../../nios2-elf/lib\libc.a(lib_a-fvwrite.o)
                0x010060b4                __sfvwrite_r
 .text          0x01006550      0x180 c:/altera/12.0sp2/nios2eds/bin/gnu/h-i686-mingw32/bin/../lib/gcc/nios2-elf/4.1.2/../../../../nios2-elf/lib\libc.a(lib_a-fwalk.o)
                0x01006550                _fwalk_reent
                0x01006618                _fwalk
 .text          0x010066d0        0x0 c:/altera/12.0sp2/nios2eds/bin/gnu/h-i686-mingw32/bin/../lib/gcc/nios2-elf/4.1.2/../../../../nios2-elf/lib\libc.a(lib_a-impure.o)
 .text          0x010066d0        0x0 c:/altera/12.0sp2/nios2eds/bin/gnu/h-i686-mingw32/bin/../lib/gcc/nios2-elf/4.1.2/../../../../nios2-elf/lib\libc.a(lib_a-int_errno.o)
 .text          0x010066d0       0xc4 c:/altera/12.0sp2/nios2eds/bin/gnu/h-i686-mingw32/bin/../lib/gcc/nios2-elf/4.1.2/../../../../nios2-elf/lib\libc.a(lib_a-locale.o)
                0x010066d0                __locale_charset
                0x010066d8                _localeconv_r
                0x010066e4                localeconv
                0x010066f4                _setlocale_r
                0x01006778                setlocale
 .text          0x01006794      0x194 c:/altera/12.0sp2/nios2eds/bin/gnu/h-i686-mingw32/bin/../lib/gcc/nios2-elf/4.1.2/../../../../nios2-elf/lib\libc.a(lib_a-makebuf.o)
                0x01006794                __smakebuf_r
 .text          0x01006928       0xe4 c:/altera/12.0sp2/nios2eds/bin/gnu/h-i686-mingw32/bin/../lib/gcc/nios2-elf/4.1.2/../../../../nios2-elf/lib\libc.a(lib_a-memchr.o)
                0x01006928                memchr
 .text          0x01006a0c       0xe0 c:/altera/12.0sp2/nios2eds/bin/gnu/h-i686-mingw32/bin/../lib/gcc/nios2-elf/4.1.2/../../../../nios2-elf/lib\libc.a(lib_a-memmove.o)
                0x01006a0c                memmove
 .text          0x01006aec       0x98 c:/altera/12.0sp2/nios2eds/bin/gnu/h-i686-mingw32/bin/../lib/gcc/nios2-elf/4.1.2/../../../../nios2-elf/lib\libc.a(lib_a-memset.o)
                0x01006aec                memset
 .text          0x01006b84      0xff4 c:/altera/12.0sp2/nios2eds/bin/gnu/h-i686-mingw32/bin/../lib/gcc/nios2-elf/4.1.2/../../../../nios2-elf/lib\libc.a(lib_a-mprec.o)
                0x01006b84                _Bfree
                0x01006bac                __hi0bits
                0x01006c1c                __lo0bits
                0x01006ce0                __mcmp
                0x01006d40                __ulp
                0x01006dc0                __b2d
                0x01006ee0                __ratio
                0x01006f90                _mprec_log10
                0x01007024                __copybits
                0x0100707c                __any_on
                0x01007104                _Balloc
                0x010071c0                __d2b
                0x0100733c                __mdiff
                0x010074c8                __lshift
                0x01007614                __multiply
                0x010077fc                __i2b
                0x01007838                __multadd
                0x01007938                __pow5mult
                0x01007a58                __s2b
 .text          0x01007b78      0x1ec c:/altera/12.0sp2/nios2eds/bin/gnu/h-i686-mingw32/bin/../lib/gcc/nios2-elf/4.1.2/../../../../nios2-elf/lib\libc.a(lib_a-putc.o)
                0x01007b78                putc
                0x01007c7c                _putc_r
 .text          0x01007d64      0x5f4 c:/altera/12.0sp2/nios2eds/bin/gnu/h-i686-mingw32/bin/../lib/gcc/nios2-elf/4.1.2/../../../../nios2-elf/lib\libc.a(lib_a-reallocr.o)
                0x01007d64                _realloc_r
 .text          0x01008358       0x40 c:/altera/12.0sp2/nios2eds/bin/gnu/h-i686-mingw32/bin/../lib/gcc/nios2-elf/4.1.2/../../../../nios2-elf/lib\libc.a(lib_a-s_isinfd.o)
                0x01008358                __isinfd
 .text          0x01008398       0x30 c:/altera/12.0sp2/nios2eds/bin/gnu/h-i686-mingw32/bin/../lib/gcc/nios2-elf/4.1.2/../../../../nios2-elf/lib\libc.a(lib_a-s_isnand.o)
                0x01008398                __isnand
 .text          0x010083c8      0x14c c:/altera/12.0sp2/nios2eds/bin/gnu/h-i686-mingw32/bin/../lib/gcc/nios2-elf/4.1.2/../../../../nios2-elf/lib\libc.a(lib_a-stdio.o)
                0x010083c8                __sclose
                0x010083d0                __sseek
                0x01008438                __swrite
                0x010084b4                __sread
 .text          0x01008514       0xbc c:/altera/12.0sp2/nios2eds/bin/gnu/h-i686-mingw32/bin/../lib/gcc/nios2-elf/4.1.2/../../../../nios2-elf/lib\libc.a(lib_a-strcmp.o)
                0x01008514                strcmp
 .text          0x010085d0      0x14c c:/altera/12.0sp2/nios2eds/bin/gnu/h-i686-mingw32/bin/../lib/gcc/nios2-elf/4.1.2/../../../../nios2-elf/lib\libc.a(lib_a-wbuf.o)
                0x010085d0                __swbuf_r
                0x01008700                __swbuf
 .text          0x0100871c       0x78 c:/altera/12.0sp2/nios2eds/bin/gnu/h-i686-mingw32/bin/../lib/gcc/nios2-elf/4.1.2/../../../../nios2-elf/lib\libc.a(lib_a-writer.o)
                0x0100871c                _write_r
 .text          0x01008794       0xb4 c:/altera/12.0sp2/nios2eds/bin/gnu/h-i686-mingw32/bin/../lib/gcc/nios2-elf/4.1.2/../../../../nios2-elf/lib\libc.a(lib_a-callocr.o)
                0x01008794                _calloc_r
 .text          0x01008848       0x70 c:/altera/12.0sp2/nios2eds/bin/gnu/h-i686-mingw32/bin/../lib/gcc/nios2-elf/4.1.2/../../../../nios2-elf/lib\libc.a(lib_a-closer.o)
                0x01008848                _close_r
 .text          0x010088b8      0x124 c:/altera/12.0sp2/nios2eds/bin/gnu/h-i686-mingw32/bin/../lib/gcc/nios2-elf/4.1.2/../../../../nios2-elf/lib\libc.a(lib_a-fclose.o)
                0x010088b8                _fclose_r
                0x010089c8                fclose
 .text          0x010089dc       0x74 c:/altera/12.0sp2/nios2eds/bin/gnu/h-i686-mingw32/bin/../lib/gcc/nios2-elf/4.1.2/../../../../nios2-elf/lib\libc.a(lib_a-fstatr.o)
                0x010089dc                _fstat_r
 .text          0x01008a50       0x70 c:/altera/12.0sp2/nios2eds/bin/gnu/h-i686-mingw32/bin/../lib/gcc/nios2-elf/4.1.2/../../../../nios2-elf/lib\libc.a(lib_a-isattyr.o)
                0x01008a50                _isatty_r
 .text          0x01008ac0       0x78 c:/altera/12.0sp2/nios2eds/bin/gnu/h-i686-mingw32/bin/../lib/gcc/nios2-elf/4.1.2/../../../../nios2-elf/lib\libc.a(lib_a-lseekr.o)
                0x01008ac0                _lseek_r
 .text          0x01008b38       0x78 c:/altera/12.0sp2/nios2eds/bin/gnu/h-i686-mingw32/bin/../lib/gcc/nios2-elf/4.1.2/../../../../nios2-elf/lib\libc.a(lib_a-readr.o)
                0x01008b38                _read_r
 .text          0x01008bb0      0x5dc c:/altera/12.0sp2/nios2eds/bin/gnu/h-i686-mingw32/bin/../lib/gcc/nios2-elf/4.1.2\libgcc.a(_udivdi3.o)
                0x01008bb0                __udivdi3
 .text          0x0100918c      0x5b0 c:/altera/12.0sp2/nios2eds/bin/gnu/h-i686-mingw32/bin/../lib/gcc/nios2-elf/4.1.2\libgcc.a(_umoddi3.o)
                0x0100918c                __umoddi3
 .text          0x0100973c      0x504 c:/altera/12.0sp2/nios2eds/bin/gnu/h-i686-mingw32/bin/../lib/gcc/nios2-elf/4.1.2\libgcc.a(_addsub_df.o)
                0x01009b4c                __subdf3
                0x01009bcc                __adddf3
 .text          0x01009c40      0x3c4 c:/altera/12.0sp2/nios2eds/bin/gnu/h-i686-mingw32/bin/../lib/gcc/nios2-elf/4.1.2\libgcc.a(_mul_df.o)
                0x01009c40                __muldf3
 .text          0x0100a004      0x258 c:/altera/12.0sp2/nios2eds/bin/gnu/h-i686-mingw32/bin/../lib/gcc/nios2-elf/4.1.2\libgcc.a(_div_df.o)
                0x0100a004                __divdf3
 .text          0x0100a25c       0x88 c:/altera/12.0sp2/nios2eds/bin/gnu/h-i686-mingw32/bin/../lib/gcc/nios2-elf/4.1.2\libgcc.a(_eq_df.o)
                0x0100a25c                __eqdf2
 .text          0x0100a2e4       0x88 c:/altera/12.0sp2/nios2eds/bin/gnu/h-i686-mingw32/bin/../lib/gcc/nios2-elf/4.1.2\libgcc.a(_ne_df.o)
                0x0100a2e4                __nedf2
 .text          0x0100a36c       0x88 c:/altera/12.0sp2/nios2eds/bin/gnu/h-i686-mingw32/bin/../lib/gcc/nios2-elf/4.1.2\libgcc.a(_gt_df.o)
                0x0100a36c                __gtdf2
 .text          0x0100a3f4       0x88 c:/altera/12.0sp2/nios2eds/bin/gnu/h-i686-mingw32/bin/../lib/gcc/nios2-elf/4.1.2\libgcc.a(_ge_df.o)
                0x0100a3f4                __gedf2
 .text          0x0100a47c       0x88 c:/altera/12.0sp2/nios2eds/bin/gnu/h-i686-mingw32/bin/../lib/gcc/nios2-elf/4.1.2\libgcc.a(_lt_df.o)
                0x0100a47c                __ltdf2
 .text          0x0100a504       0xf8 c:/altera/12.0sp2/nios2eds/bin/gnu/h-i686-mingw32/bin/../lib/gcc/nios2-elf/4.1.2\libgcc.a(_si_to_df.o)
                0x0100a504                __floatsidf
 .text          0x0100a5fc       0xd8 c:/altera/12.0sp2/nios2eds/bin/gnu/h-i686-mingw32/bin/../lib/gcc/nios2-elf/4.1.2\libgcc.a(_df_to_si.o)
                0x0100a5fc                __fixdfsi
 .text          0x0100a6d4        0x0 c:/altera/12.0sp2/nios2eds/bin/gnu/h-i686-mingw32/bin/../lib/gcc/nios2-elf/4.1.2\libgcc.a(_thenan_df.o)
 .text          0x0100a6d4      0x194 c:/altera/12.0sp2/nios2eds/bin/gnu/h-i686-mingw32/bin/../lib/gcc/nios2-elf/4.1.2\libgcc.a(_usi_to_df.o)
                0x0100a6d4                __floatunsidf
 .text          0x0100a868      0x14c c:/altera/12.0sp2/nios2eds/bin/gnu/h-i686-mingw32/bin/../lib/gcc/nios2-elf/4.1.2\libgcc.a(lib2-divmod.o)
                0x0100a8e4                __divsi3
                0x0100a944                __modsi3
                0x0100a9a4                __udivsi3
                0x0100a9ac                __umodsi3
 .text          0x0100a9b4       0x98 c:/altera/12.0sp2/nios2eds/bin/gnu/h-i686-mingw32/bin/../lib/gcc/nios2-elf/4.1.2\libgcc.a(_muldi3.o)
                0x0100a9b4                __muldi3
 .text          0x0100aa4c        0x0 c:/altera/12.0sp2/nios2eds/bin/gnu/h-i686-mingw32/bin/../lib/gcc/nios2-elf/4.1.2\libgcc.a(_clz.o)
 .text          0x0100aa4c       0x80 c:/altera/12.0sp2/nios2eds/bin/gnu/h-i686-mingw32/bin/../lib/gcc/nios2-elf/4.1.2\libgcc.a(_clzsi2.o)
                0x0100aa4c                __clzsi2
 .text          0x0100aacc      0x314 c:/altera/12.0sp2/nios2eds/bin/gnu/h-i686-mingw32/bin/../lib/gcc/nios2-elf/4.1.2\libgcc.a(_pack_df.o)
                0x0100aacc                __pack_d
 .text          0x0100ade0      0x138 c:/altera/12.0sp2/nios2eds/bin/gnu/h-i686-mingw32/bin/../lib/gcc/nios2-elf/4.1.2\libgcc.a(_unpack_df.o)
                0x0100ade0                __unpack_d
 .text          0x0100af18       0xc8 c:/altera/12.0sp2/nios2eds/bin/gnu/h-i686-mingw32/bin/../lib/gcc/nios2-elf/4.1.2\libgcc.a(_fpcmp_parts_df.o)
                0x0100af18                __fpcmp_parts_d
 .text          0x0100afe0      0x15c ../../../../workspace2/NewBSP\libhal_bsp.a(alt_close.o)
                0x0100afe0                close
 .text          0x0100b13c       0x2c ../../../../workspace2/NewBSP\libhal_bsp.a(alt_dev.o)
 .text          0x0100b168        0x0 ../../../../workspace2/NewBSP\libhal_bsp.a(alt_errno.o)
 .text          0x0100b168      0x134 ../../../../workspace2/NewBSP\libhal_bsp.a(alt_fstat.o)
                0x0100b168                fstat
 .text          0x0100b29c      0x1c0 ../../../../workspace2/NewBSP\libhal_bsp.a(alt_irq_register.o)
                0x0100b29c                alt_irq_register
 .text          0x0100b45c        0x0 ../../../../workspace2/NewBSP\libhal_bsp.a(alt_irq_vars.o)
 .text          0x0100b45c      0x120 ../../../../workspace2/NewBSP\libhal_bsp.a(alt_isatty.o)
                0x0100b45c                isatty
 .text          0x0100b57c       0xec ../../../../workspace2/NewBSP\libhal_bsp.a(alt_load.o)
                0x0100b57c                alt_load
 .text          0x0100b668      0x150 ../../../../workspace2/NewBSP\libhal_bsp.a(alt_lseek.o)
                0x0100b668                lseek
 .text          0x0100b7b8       0x6c ../../../../workspace2/NewBSP\libhal_bsp.a(alt_main.o)
                0x0100b7b8                alt_main
 .text          0x0100b824       0x40 ../../../../workspace2/NewBSP\libhal_bsp.a(alt_malloc_lock.o)
                0x0100b824                __malloc_lock
                0x0100b844                __malloc_unlock
 .text          0x0100b864      0x180 ../../../../workspace2/NewBSP\libhal_bsp.a(alt_read.o)
                0x0100b864                read
 .text          0x0100b9e4       0x60 ../../../../workspace2/NewBSP\libhal_bsp.a(alt_release_fd.o)
                0x0100b9e4                alt_release_fd
 .text          0x0100ba44       0xbc ../../../../workspace2/NewBSP\libhal_bsp.a(alt_sbrk.o)
                0x0100ba44                sbrk
 .text          0x0100bb00      0x180 ../../../../workspace2/NewBSP\libhal_bsp.a(alt_write.o)
                0x0100bb00                write
 .text          0x0100bc80      0x3b4 ../../../../workspace2/NewBSP\libhal_bsp.a(alt_sys_init.o)
                0x0100bc80                alt_irq_init
                0x0100bcb4                alt_sys_init
 .text          0x0100c034      0x148 ../../../../workspace2/NewBSP\libhal_bsp.a(altera_avalon_jtag_uart_fd.o)
                0x0100c034                altera_avalon_jtag_uart_read_fd
                0x0100c08c                altera_avalon_jtag_uart_write_fd
                0x0100c0e4                altera_avalon_jtag_uart_close_fd
                0x0100c12c                altera_avalon_jtag_uart_ioctl_fd
 .text          0x0100c17c      0x408 ../../../../workspace2/NewBSP\libhal_bsp.a(altera_avalon_jtag_uart_init.o)
                0x0100c17c                altera_avalon_jtag_uart_init
                0x0100c510                altera_avalon_jtag_uart_close
 .text          0x0100c584       0xf4 ../../../../workspace2/NewBSP\libhal_bsp.a(altera_avalon_jtag_uart_ioctl.o)
                0x0100c584                altera_avalon_jtag_uart_ioctl
 .text          0x0100c678      0x224 ../../../../workspace2/NewBSP\libhal_bsp.a(altera_avalon_jtag_uart_read.o)
                0x0100c678                altera_avalon_jtag_uart_read
 .text          0x0100c89c      0x240 ../../../../workspace2/NewBSP\libhal_bsp.a(altera_avalon_jtag_uart_write.o)
                0x0100c89c                altera_avalon_jtag_uart_write
 .text          0x0100cadc       0xfc ../../../../workspace2/NewBSP\libhal_bsp.a(altera_avalon_timer_sc.o)
                0x0100cb50                alt_avalon_timer_sc_init
 .text          0x0100cbd8      0x530 ../../../../workspace2/NewBSP\libhal_bsp.a(altera_up_avalon_character_lcd.o)
                0x0100cbd8                get_DDRAM_addr
                0x0100cc54                alt_up_character_lcd_send_cmd
                0x0100cc88                alt_up_character_lcd_init
                0x0100ccbc                alt_up_character_lcd_open_dev
                0x0100ccfc                alt_up_character_lcd_write
                0x0100cd74                alt_up_character_lcd_string
                0x0100cdec                alt_up_character_lcd_write_fd
                0x0100ce38                alt_up_character_lcd_set_cursor_pos
                0x0100ceb0                alt_up_character_lcd_shift_cursor
                0x0100cf60                alt_up_character_lcd_shift_display
                0x0100d010                alt_up_character_lcd_erase_pos
                0x0100d0a0                alt_up_character_lcd_cursor_off
                0x0100d0d4                alt_up_character_lcd_cursor_blink_on
 .text          0x0100d108      0x700 ../../../../workspace2/NewBSP\libhal_bsp.a(altera_up_avalon_ps2.o)
                0x0100d108                read_RI_bit
                0x0100d13c                read_RE_bit
                0x0100d16c                read_CE_bit
                0x0100d1a0                read_num_bytes_available
                0x0100d1d4                read_data_valid
                0x0100d208                read_data_byte
                0x0100d234                alt_up_ps2_init
                0x0100d300                alt_up_ps2_enable_read_interrupt
                0x0100d354                alt_up_ps2_disable_read_interrupt
                0x0100d3ac                alt_up_ps2_write_data_byte
                0x0100d424                alt_up_ps2_wait_for_ack
                0x0100d494                alt_up_ps2_write_data_byte_with_ack
                0x0100d500                alt_up_ps2_read_data_byte_timeout
                0x0100d5b0                alt_up_ps2_read_data_byte
                0x0100d62c                alt_up_ps2_clear_fifo
                0x0100d684                alt_up_ps2_read_fd
                0x0100d720                alt_up_ps2_write_fd
                0x0100d7c8                alt_up_ps2_open_dev
 .text          0x0100d808      0x304 ../../../../workspace2/NewBSP\libhal_bsp.a(altera_up_avalon_video_character_buffer_with_dma.o)
                0x0100d808                alt_up_char_buffer_init
                0x0100d88c                alt_up_char_buffer_open_dev
                0x0100d8cc                alt_up_char_buffer_draw
                0x0100d99c                alt_up_char_buffer_string
                0x0100dab0                alt_up_char_buffer_clear
 .text          0x0100db0c     0x156c ../../../../workspace2/NewBSP\libhal_bsp.a(altera_up_avalon_video_pixel_buffer_dma.o)
                0x0100db0c                alt_up_pixel_buffer_dma_open_dev
                0x0100db4c                alt_up_pixel_buffer_dma_draw
                0x0100dcec                alt_up_pixel_buffer_dma_change_back_buffer_address
                0x0100dd44                alt_up_pixel_buffer_dma_swap_buffers
                0x0100dd9c                alt_up_pixel_buffer_dma_check_swap_buffers_status
                0x0100ddd0                alt_up_pixel_buffer_dma_clear_screen
                0x0100df34                alt_up_pixel_buffer_dma_draw_box
                0x0100e428                alt_up_pixel_buffer_dma_draw_hline
                0x0100e778                alt_up_pixel_buffer_dma_draw_vline
                0x0100eb48                alt_up_pixel_buffer_dma_draw_rectangle
                0x0100ec0c                helper_plot_pixel
                0x0100ecdc                alt_up_pixel_buffer_dma_draw_line
 .text          0x0100f078      0x5e0 ../../../../workspace2/NewBSP\libhal_bsp.a(altera_up_ps2_keyboard.o)
                0x0100f078                get_multi_byte_make_code_index
                0x0100f0f0                get_single_byte_make_code_index
                0x0100f168                get_next_state
                0x0100f3c4                decode_scancode
                0x0100f470                set_keyboard_rate
                0x0100f4d0                translate_make_code
                0x0100f5d8                reset_keyboard
 .text          0x0100f658      0x154 ../../../../workspace2/NewBSP\libhal_bsp.a(alt_alarm_start.o)
                0x0100f658                alt_alarm_start
 .text          0x0100f7ac       0x44 ../../../../workspace2/NewBSP\libhal_bsp.a(alt_dcache_flush_all.o)
                0x0100f7ac                alt_dcache_flush_all
 .text          0x0100f7f0      0x114 ../../../../workspace2/NewBSP\libhal_bsp.a(alt_dev_llist_insert.o)
                0x0100f7f0                alt_dev_llist_insert
 .text          0x0100f904       0x64 ../../../../workspace2/NewBSP\libhal_bsp.a(alt_do_ctors.o)
                0x0100f904                _do_ctors
 .text          0x0100f968       0x64 ../../../../workspace2/NewBSP\libhal_bsp.a(alt_do_dtors.o)
                0x0100f968                _do_dtors
 .text          0x0100f9cc       0x94 ../../../../workspace2/NewBSP\libhal_bsp.a(alt_find_dev.o)
                0x0100f9cc                alt_find_dev
 .text          0x0100fa60       0x30 ../../../../workspace2/NewBSP\libhal_bsp.a(alt_icache_flush_all.o)
                0x0100fa60                alt_icache_flush_all
 .text          0x0100fa90      0x13c ../../../../workspace2/NewBSP\libhal_bsp.a(alt_io_redirect.o)
                0x0100fb54                alt_io_redirect
 .text          0x0100fbcc        0x0 ../../../../workspace2/NewBSP\libhal_bsp.a(alt_irq_entry.o)
 .text          0x0100fbcc        0x0 ../../../../workspace2/NewBSP\libhal_bsp.a(alt_irq_handler.o)
 .text          0x0100fbcc      0x2c4 ../../../../workspace2/NewBSP\libhal_bsp.a(alt_open.o)
                0x0100fca8                open
 .text          0x0100fe90      0x1a4 ../../../../workspace2/NewBSP\libhal_bsp.a(alt_tick.o)
                0x0100fe90                alt_alarm_stop
                0x0100ff28                alt_tick
 .text          0x01010034       0x20 ../../../../workspace2/NewBSP\libhal_bsp.a(altera_nios2_qsys_irq.o)
                0x01010034                altera_nios2_qsys_irq_init
 .text          0x01010054        0x0 ../../../../workspace2/NewBSP\libhal_bsp.a(alt_exception_entry.o)
 .text          0x01010054      0x120 ../../../../workspace2/NewBSP\libhal_bsp.a(alt_find_file.o)
                0x01010054                alt_find_file
 .text          0x01010174       0xb8 ../../../../workspace2/NewBSP\libhal_bsp.a(alt_get_fd.o)
                0x01010174                alt_get_fd
 .text          0x0101022c       0x90 ../../../../workspace2/NewBSP\libhal_bsp.a(alt_icache_flush.o)
                0x0101022c                alt_icache_flush
 .text          0x010102bc       0x14 c:/altera/12.0sp2/nios2eds/bin/gnu/h-i686-mingw32/bin/../lib/gcc/nios2-elf/4.1.2/../../../../nios2-elf/lib\libc.a(lib_a-atexit.o)
                0x010102bc                atexit
 .text          0x010102d0       0x38 c:/altera/12.0sp2/nios2eds/bin/gnu/h-i686-mingw32/bin/../lib/gcc/nios2-elf/4.1.2/../../../../nios2-elf/lib\libc.a(lib_a-exit.o)
                0x010102d0                exit
 .text          0x01010308       0x74 c:/altera/12.0sp2/nios2eds/bin/gnu/h-i686-mingw32/bin/../lib/gcc/nios2-elf/4.1.2/../../../../nios2-elf/lib\libc.a(lib_a-memcmp.o)
                0x01010308                memcmp
 .text          0x0101037c      0x134 c:/altera/12.0sp2/nios2eds/bin/gnu/h-i686-mingw32/bin/../lib/gcc/nios2-elf/4.1.2/../../../../nios2-elf/lib\libc.a(lib_a-__atexit.o)
                0x0101037c                __register_exitproc
 .text          0x010104b0      0x1b4 c:/altera/12.0sp2/nios2eds/bin/gnu/h-i686-mingw32/bin/../lib/gcc/nios2-elf/4.1.2/../../../../nios2-elf/lib\libc.a(lib_a-__call_atexit.o)
                0x010104b4                __call_exitprocs
 .text          0x01010664       0x60 ../../../../workspace2/NewBSP\libhal_bsp.a(alt_exit.o)
                0x010106a4                _exit
 *(.gnu.warning.*)
 *(.fini)
                0x010106c4                PROVIDE (__etext, ABSOLUTE (.))
                0x010106c4                PROVIDE (_etext, ABSOLUTE (.))
                0x010106c4                PROVIDE (etext, ABSOLUTE (.))
 *(.eh_frame_hdr)
                0x010106c4                . = ALIGN (0x4)
                0x010106c4                PROVIDE (__preinit_array_start, ABSOLUTE (.))
 *(.preinit_array)
                0x010106c4                PROVIDE (__preinit_array_end, ABSOLUTE (.))
                0x010106c4                PROVIDE (__init_array_start, ABSOLUTE (.))
 *(.init_array)
                0x010106c4                PROVIDE (__init_array_end, ABSOLUTE (.))
                0x010106c4                PROVIDE (__fini_array_start, ABSOLUTE (.))
 *(.fini_array)
                0x010106c4                PROVIDE (__fini_array_end, ABSOLUTE (.))
 *(.eh_frame)
 .eh_frame      0x010106c4       0x40 c:/altera/12.0sp2/nios2eds/bin/gnu/h-i686-mingw32/bin/../lib/gcc/nios2-elf/4.1.2\libgcc.a(_udivdi3.o)
 .eh_frame      0x01010704       0x2c c:/altera/12.0sp2/nios2eds/bin/gnu/h-i686-mingw32/bin/../lib/gcc/nios2-elf/4.1.2\libgcc.a(_umoddi3.o)
                                 0x40 (size before relaxing)
 *(.gcc_except_table)
 *(.dynamic)
                0x01010730                PROVIDE (__CTOR_LIST__, ABSOLUTE (.))
 *(.ctors)
 *(SORT(.ctors.*))
 .ctors.65535   0x01010730        0x4 c:/altera/12.0sp2/nios2eds/bin/gnu/h-i686-mingw32/bin/../lib/gcc/nios2-elf/4.1.2/../../../../nios2-elf/lib\libc.a(lib_a-__call_atexit.o)
                0x01010734                PROVIDE (__CTOR_END__, ABSOLUTE (.))
                0x01010734                PROVIDE (__DTOR_LIST__, ABSOLUTE (.))
 *(.dtors)
 *(SORT(.dtors.*))
                0x01010734                PROVIDE (__DTOR_END__, ABSOLUTE (.))
 *(.jcr)
                0x01010734                . = ALIGN (0x4)

.rodata         0x01010734      0x688
                0x01010734                PROVIDE (__ram_rodata_start, ABSOLUTE (.))
                0x01010734                . = ALIGN (0x4)
 *(.rodata .rodata.* .gnu.linkonce.r.*)
 .rodata        0x01010734       0x24 obj/default/KeyboardMain.o
 .rodata        0x01010758       0x20 obj/default/wk_kb.o
 .rodata        0x01010778       0x20 obj/default/wk_lcd.o
 .rodata        0x01010798       0x28 obj/default/wk_video.o
 .rodata.str1.4
                0x010107c0        0x2 c:/altera/12.0sp2/nios2eds/bin/gnu/h-i686-mingw32/bin/../lib/gcc/nios2-elf/4.1.2/../../../../nios2-elf/lib\libc.a(lib_a-puts.o)
                                  0x4 (size before relaxing)
 *fill*         0x010107c2        0x2 00
 .rodata.str1.4
                0x010107c4       0x5e c:/altera/12.0sp2/nios2eds/bin/gnu/h-i686-mingw32/bin/../lib/gcc/nios2-elf/4.1.2/../../../../nios2-elf/lib\libc.a(lib_a-vfprintf.o)
                                 0x60 (size before relaxing)
 .rodata        0x01010822       0x20 c:/altera/12.0sp2/nios2eds/bin/gnu/h-i686-mingw32/bin/../lib/gcc/nios2-elf/4.1.2/../../../../nios2-elf/lib\libc.a(lib_a-vfprintf.o)
 *fill*         0x01010842        0x2 00
 .rodata.str1.4
                0x01010844       0x10 c:/altera/12.0sp2/nios2eds/bin/gnu/h-i686-mingw32/bin/../lib/gcc/nios2-elf/4.1.2/../../../../nios2-elf/lib\libc.a(lib_a-dtoa.o)
                                 0x14 (size before relaxing)
 .rodata.str1.4
                0x01010854        0x2 c:/altera/12.0sp2/nios2eds/bin/gnu/h-i686-mingw32/bin/../lib/gcc/nios2-elf/4.1.2/../../../../nios2-elf/lib\libc.a(lib_a-impure.o)
                                  0x4 (size before relaxing)
 *fill*         0x01010856        0x2 00
 .rodata.str1.4
                0x01010858       0x10 c:/altera/12.0sp2/nios2eds/bin/gnu/h-i686-mingw32/bin/../lib/gcc/nios2-elf/4.1.2/../../../../nios2-elf/lib\libc.a(lib_a-locale.o)
                                 0x18 (size before relaxing)
 .rodata        0x01010868       0x30 c:/altera/12.0sp2/nios2eds/bin/gnu/h-i686-mingw32/bin/../lib/gcc/nios2-elf/4.1.2/../../../../nios2-elf/lib\libc.a(lib_a-locale.o)
 .rodata        0x01010898      0x124 c:/altera/12.0sp2/nios2eds/bin/gnu/h-i686-mingw32/bin/../lib/gcc/nios2-elf/4.1.2/../../../../nios2-elf/lib\libc.a(lib_a-mprec.o)
                0x01010898                __mprec_tens
                0x01010960                __mprec_bigtens
                0x01010988                __mprec_tinytens
 .rodata        0x010109bc       0x14 c:/altera/12.0sp2/nios2eds/bin/gnu/h-i686-mingw32/bin/../lib/gcc/nios2-elf/4.1.2\libgcc.a(_thenan_df.o)
                0x010109bc                __thenan_df
 .rodata        0x010109d0      0x100 c:/altera/12.0sp2/nios2eds/bin/gnu/h-i686-mingw32/bin/../lib/gcc/nios2-elf/4.1.2\libgcc.a(_clz.o)
                0x010109d0                __clz_tab
 .rodata        0x01010ad0        0xc ../../../../workspace2/NewBSP\libhal_bsp.a(alt_dev.o)
 .rodata        0x01010adc       0x10 ../../../../workspace2/NewBSP\libhal_bsp.a(alt_main.o)
 .rodata        0x01010aec       0x78 ../../../../workspace2/NewBSP\libhal_bsp.a(alt_sys_init.o)
 .rodata        0x01010b64       0x1c ../../../../workspace2/NewBSP\libhal_bsp.a(altera_up_avalon_video_character_buffer_with_dma.o)
 .rodata        0x01010b80      0x23c ../../../../workspace2/NewBSP\libhal_bsp.a(altera_up_ps2_keyboard.o)
 *(.rodata1)
                0x01010dbc                . = ALIGN (0x4)
                0x01010dbc                PROVIDE (__ram_rodata_end, ABSOLUTE (.))
                0x01010734                PROVIDE (__flash_rodata_start, LOADADDR (.rodata))

.rwdata         0x01010dbc     0x1e54 load address 0x01012c10
                0x01010dbc                PROVIDE (__ram_rwdata_start, ABSOLUTE (.))
                0x01010dbc                . = ALIGN (0x4)
 *(.got.plt)
 *(.got)
 *(.data1)
 *(.data .data.* .gnu.linkonce.d.*)
 .data          0x01010dbc        0x0 ../../../../workspace2/NewBSP/obj/HAL/src/crt0.o
 .data          0x01010dbc        0x0 obj/default/KeyboardMain.o
 .data          0x01010dbc        0x0 obj/default/wk_io.o
 .data          0x01010dbc        0x0 obj/default/wk_kb.o
 .data          0x01010dbc        0x0 obj/default/wk_lcd.o
 .data          0x01010dbc        0x0 obj/default/wk_video.o
 .data          0x01010dbc        0x0 c:/altera/12.0sp2/nios2eds/bin/gnu/h-i686-mingw32/bin/../lib/gcc/nios2-elf/4.1.2/../../../../nios2-elf/lib\libc.a(lib_a-malloc.o)
 .data          0x01010dbc      0x408 c:/altera/12.0sp2/nios2eds/bin/gnu/h-i686-mingw32/bin/../lib/gcc/nios2-elf/4.1.2/../../../../nios2-elf/lib\libc.a(lib_a-mallocr.o)
                0x01010dbc                __malloc_av_
 .data          0x010111c4        0x0 c:/altera/12.0sp2/nios2eds/bin/gnu/h-i686-mingw32/bin/../lib/gcc/nios2-elf/4.1.2/../../../../nios2-elf/lib\libc.a(lib_a-memcpy.o)
 .data          0x010111c4        0x0 c:/altera/12.0sp2/nios2eds/bin/gnu/h-i686-mingw32/bin/../lib/gcc/nios2-elf/4.1.2/../../../../nios2-elf/lib\libc.a(lib_a-printf.o)
 .data          0x010111c4        0x0 c:/altera/12.0sp2/nios2eds/bin/gnu/h-i686-mingw32/bin/../lib/gcc/nios2-elf/4.1.2/../../../../nios2-elf/lib\libc.a(lib_a-putchar.o)
 .data          0x010111c4        0x0 c:/altera/12.0sp2/nios2eds/bin/gnu/h-i686-mingw32/bin/../lib/gcc/nios2-elf/4.1.2/../../../../nios2-elf/lib\libc.a(lib_a-puts.o)
 .data          0x010111c4        0x0 c:/altera/12.0sp2/nios2eds/bin/gnu/h-i686-mingw32/bin/../lib/gcc/nios2-elf/4.1.2/../../../../nios2-elf/lib\libc.a(lib_a-sbrkr.o)
 .data          0x010111c4        0x0 c:/altera/12.0sp2/nios2eds/bin/gnu/h-i686-mingw32/bin/../lib/gcc/nios2-elf/4.1.2/../../../../nios2-elf/lib\libc.a(lib_a-strcpy.o)
 .data          0x010111c4        0x0 c:/altera/12.0sp2/nios2eds/bin/gnu/h-i686-mingw32/bin/../lib/gcc/nios2-elf/4.1.2/../../../../nios2-elf/lib\libc.a(lib_a-strlen.o)
 .data          0x010111c4        0x0 c:/altera/12.0sp2/nios2eds/bin/gnu/h-i686-mingw32/bin/../lib/gcc/nios2-elf/4.1.2/../../../../nios2-elf/lib\libc.a(lib_a-vfprintf.o)
 .data          0x010111c4        0x0 c:/altera/12.0sp2/nios2eds/bin/gnu/h-i686-mingw32/bin/../lib/gcc/nios2-elf/4.1.2/../../../../nios2-elf/lib\libc.a(lib_a-wsetup.o)
 .data          0x010111c4        0x0 c:/altera/12.0sp2/nios2eds/bin/gnu/h-i686-mingw32/bin/../lib/gcc/nios2-elf/4.1.2/../../../../nios2-elf/lib\libc.a(lib_a-dtoa.o)
 .data          0x010111c4        0x0 c:/altera/12.0sp2/nios2eds/bin/gnu/h-i686-mingw32/bin/../lib/gcc/nios2-elf/4.1.2/../../../../nios2-elf/lib\libc.a(lib_a-fflush.o)
 .data          0x010111c4        0x0 c:/altera/12.0sp2/nios2eds/bin/gnu/h-i686-mingw32/bin/../lib/gcc/nios2-elf/4.1.2/../../../../nios2-elf/lib\libc.a(lib_a-findfp.o)
 .data          0x010111c4        0x0 c:/altera/12.0sp2/nios2eds/bin/gnu/h-i686-mingw32/bin/../lib/gcc/nios2-elf/4.1.2/../../../../nios2-elf/lib\libc.a(lib_a-freer.o)
 .data          0x010111c4        0x0 c:/altera/12.0sp2/nios2eds/bin/gnu/h-i686-mingw32/bin/../lib/gcc/nios2-elf/4.1.2/../../../../nios2-elf/lib\libc.a(lib_a-fvwrite.o)
 .data          0x010111c4        0x0 c:/altera/12.0sp2/nios2eds/bin/gnu/h-i686-mingw32/bin/../lib/gcc/nios2-elf/4.1.2/../../../../nios2-elf/lib\libc.a(lib_a-fwalk.o)
 .data          0x010111c4      0x400 c:/altera/12.0sp2/nios2eds/bin/gnu/h-i686-mingw32/bin/../lib/gcc/nios2-elf/4.1.2/../../../../nios2-elf/lib\libc.a(lib_a-impure.o)
 .data          0x010115c4        0x0 c:/altera/12.0sp2/nios2eds/bin/gnu/h-i686-mingw32/bin/../lib/gcc/nios2-elf/4.1.2/../../../../nios2-elf/lib\libc.a(lib_a-int_errno.o)
 .data          0x010115c4        0xc c:/altera/12.0sp2/nios2eds/bin/gnu/h-i686-mingw32/bin/../lib/gcc/nios2-elf/4.1.2/../../../../nios2-elf/lib\libc.a(lib_a-locale.o)
                0x010115c4                __lc_ctype
 .data          0x010115d0        0x0 c:/altera/12.0sp2/nios2eds/bin/gnu/h-i686-mingw32/bin/../lib/gcc/nios2-elf/4.1.2/../../../../nios2-elf/lib\libc.a(lib_a-makebuf.o)
 .data          0x010115d0        0x0 c:/altera/12.0sp2/nios2eds/bin/gnu/h-i686-mingw32/bin/../lib/gcc/nios2-elf/4.1.2/../../../../nios2-elf/lib\libc.a(lib_a-memchr.o)
 .data          0x010115d0        0x0 c:/altera/12.0sp2/nios2eds/bin/gnu/h-i686-mingw32/bin/../lib/gcc/nios2-elf/4.1.2/../../../../nios2-elf/lib\libc.a(lib_a-memmove.o)
 .data          0x010115d0        0x0 c:/altera/12.0sp2/nios2eds/bin/gnu/h-i686-mingw32/bin/../lib/gcc/nios2-elf/4.1.2/../../../../nios2-elf/lib\libc.a(lib_a-memset.o)
 .data          0x010115d0        0x0 c:/altera/12.0sp2/nios2eds/bin/gnu/h-i686-mingw32/bin/../lib/gcc/nios2-elf/4.1.2/../../../../nios2-elf/lib\libc.a(lib_a-mprec.o)
 .data          0x010115d0        0x0 c:/altera/12.0sp2/nios2eds/bin/gnu/h-i686-mingw32/bin/../lib/gcc/nios2-elf/4.1.2/../../../../nios2-elf/lib\libc.a(lib_a-putc.o)
 .data          0x010115d0        0x0 c:/altera/12.0sp2/nios2eds/bin/gnu/h-i686-mingw32/bin/../lib/gcc/nios2-elf/4.1.2/../../../../nios2-elf/lib\libc.a(lib_a-reallocr.o)
 .data          0x010115d0        0x0 c:/altera/12.0sp2/nios2eds/bin/gnu/h-i686-mingw32/bin/../lib/gcc/nios2-elf/4.1.2/../../../../nios2-elf/lib\libc.a(lib_a-s_isinfd.o)
 .data          0x010115d0        0x0 c:/altera/12.0sp2/nios2eds/bin/gnu/h-i686-mingw32/bin/../lib/gcc/nios2-elf/4.1.2/../../../../nios2-elf/lib\libc.a(lib_a-s_isnand.o)
 .data          0x010115d0        0x0 c:/altera/12.0sp2/nios2eds/bin/gnu/h-i686-mingw32/bin/../lib/gcc/nios2-elf/4.1.2/../../../../nios2-elf/lib\libc.a(lib_a-stdio.o)
 .data          0x010115d0        0x0 c:/altera/12.0sp2/nios2eds/bin/gnu/h-i686-mingw32/bin/../lib/gcc/nios2-elf/4.1.2/../../../../nios2-elf/lib\libc.a(lib_a-strcmp.o)
 .data          0x010115d0        0x0 c:/altera/12.0sp2/nios2eds/bin/gnu/h-i686-mingw32/bin/../lib/gcc/nios2-elf/4.1.2/../../../../nios2-elf/lib\libc.a(lib_a-wbuf.o)
 .data          0x010115d0        0x0 c:/altera/12.0sp2/nios2eds/bin/gnu/h-i686-mingw32/bin/../lib/gcc/nios2-elf/4.1.2/../../../../nios2-elf/lib\libc.a(lib_a-writer.o)
 .data          0x010115d0        0x0 c:/altera/12.0sp2/nios2eds/bin/gnu/h-i686-mingw32/bin/../lib/gcc/nios2-elf/4.1.2/../../../../nios2-elf/lib\libc.a(lib_a-callocr.o)
 .data          0x010115d0        0x0 c:/altera/12.0sp2/nios2eds/bin/gnu/h-i686-mingw32/bin/../lib/gcc/nios2-elf/4.1.2/../../../../nios2-elf/lib\libc.a(lib_a-closer.o)
 .data          0x010115d0        0x0 c:/altera/12.0sp2/nios2eds/bin/gnu/h-i686-mingw32/bin/../lib/gcc/nios2-elf/4.1.2/../../../../nios2-elf/lib\libc.a(lib_a-fclose.o)
 .data          0x010115d0        0x0 c:/altera/12.0sp2/nios2eds/bin/gnu/h-i686-mingw32/bin/../lib/gcc/nios2-elf/4.1.2/../../../../nios2-elf/lib\libc.a(lib_a-fstatr.o)
 .data          0x010115d0        0x0 c:/altera/12.0sp2/nios2eds/bin/gnu/h-i686-mingw32/bin/../lib/gcc/nios2-elf/4.1.2/../../../../nios2-elf/lib\libc.a(lib_a-isattyr.o)
 .data          0x010115d0        0x0 c:/altera/12.0sp2/nios2eds/bin/gnu/h-i686-mingw32/bin/../lib/gcc/nios2-elf/4.1.2/../../../../nios2-elf/lib\libc.a(lib_a-lseekr.o)
 .data          0x010115d0        0x0 c:/altera/12.0sp2/nios2eds/bin/gnu/h-i686-mingw32/bin/../lib/gcc/nios2-elf/4.1.2/../../../../nios2-elf/lib\libc.a(lib_a-readr.o)
 .data          0x010115d0        0x0 c:/altera/12.0sp2/nios2eds/bin/gnu/h-i686-mingw32/bin/../lib/gcc/nios2-elf/4.1.2\libgcc.a(_udivdi3.o)
 .data          0x010115d0        0x0 c:/altera/12.0sp2/nios2eds/bin/gnu/h-i686-mingw32/bin/../lib/gcc/nios2-elf/4.1.2\libgcc.a(_umoddi3.o)
 .data          0x010115d0        0x0 c:/altera/12.0sp2/nios2eds/bin/gnu/h-i686-mingw32/bin/../lib/gcc/nios2-elf/4.1.2\libgcc.a(_addsub_df.o)
 .data          0x010115d0        0x0 c:/altera/12.0sp2/nios2eds/bin/gnu/h-i686-mingw32/bin/../lib/gcc/nios2-elf/4.1.2\libgcc.a(_mul_df.o)
 .data          0x010115d0        0x0 c:/altera/12.0sp2/nios2eds/bin/gnu/h-i686-mingw32/bin/../lib/gcc/nios2-elf/4.1.2\libgcc.a(_div_df.o)
 .data          0x010115d0        0x0 c:/altera/12.0sp2/nios2eds/bin/gnu/h-i686-mingw32/bin/../lib/gcc/nios2-elf/4.1.2\libgcc.a(_eq_df.o)
 .data          0x010115d0        0x0 c:/altera/12.0sp2/nios2eds/bin/gnu/h-i686-mingw32/bin/../lib/gcc/nios2-elf/4.1.2\libgcc.a(_ne_df.o)
 .data          0x010115d0        0x0 c:/altera/12.0sp2/nios2eds/bin/gnu/h-i686-mingw32/bin/../lib/gcc/nios2-elf/4.1.2\libgcc.a(_gt_df.o)
 .data          0x010115d0        0x0 c:/altera/12.0sp2/nios2eds/bin/gnu/h-i686-mingw32/bin/../lib/gcc/nios2-elf/4.1.2\libgcc.a(_ge_df.o)
 .data          0x010115d0        0x0 c:/altera/12.0sp2/nios2eds/bin/gnu/h-i686-mingw32/bin/../lib/gcc/nios2-elf/4.1.2\libgcc.a(_lt_df.o)
 .data          0x010115d0        0x0 c:/altera/12.0sp2/nios2eds/bin/gnu/h-i686-mingw32/bin/../lib/gcc/nios2-elf/4.1.2\libgcc.a(_si_to_df.o)
 .data          0x010115d0        0x0 c:/altera/12.0sp2/nios2eds/bin/gnu/h-i686-mingw32/bin/../lib/gcc/nios2-elf/4.1.2\libgcc.a(_df_to_si.o)
 .data          0x010115d0        0x0 c:/altera/12.0sp2/nios2eds/bin/gnu/h-i686-mingw32/bin/../lib/gcc/nios2-elf/4.1.2\libgcc.a(_thenan_df.o)
 .data          0x010115d0        0x0 c:/altera/12.0sp2/nios2eds/bin/gnu/h-i686-mingw32/bin/../lib/gcc/nios2-elf/4.1.2\libgcc.a(_usi_to_df.o)
 .data          0x010115d0        0x0 c:/altera/12.0sp2/nios2eds/bin/gnu/h-i686-mingw32/bin/../lib/gcc/nios2-elf/4.1.2\libgcc.a(lib2-divmod.o)
 .data          0x010115d0        0x0 c:/altera/12.0sp2/nios2eds/bin/gnu/h-i686-mingw32/bin/../lib/gcc/nios2-elf/4.1.2\libgcc.a(_muldi3.o)
 .data          0x010115d0        0x0 c:/altera/12.0sp2/nios2eds/bin/gnu/h-i686-mingw32/bin/../lib/gcc/nios2-elf/4.1.2\libgcc.a(_clz.o)
 .data          0x010115d0        0x0 c:/altera/12.0sp2/nios2eds/bin/gnu/h-i686-mingw32/bin/../lib/gcc/nios2-elf/4.1.2\libgcc.a(_clzsi2.o)
 .data          0x010115d0        0x0 c:/altera/12.0sp2/nios2eds/bin/gnu/h-i686-mingw32/bin/../lib/gcc/nios2-elf/4.1.2\libgcc.a(_pack_df.o)
 .data          0x010115d0        0x0 c:/altera/12.0sp2/nios2eds/bin/gnu/h-i686-mingw32/bin/../lib/gcc/nios2-elf/4.1.2\libgcc.a(_unpack_df.o)
 .data          0x010115d0        0x0 c:/altera/12.0sp2/nios2eds/bin/gnu/h-i686-mingw32/bin/../lib/gcc/nios2-elf/4.1.2\libgcc.a(_fpcmp_parts_df.o)
 .data          0x010115d0        0x0 ../../../../workspace2/NewBSP\libhal_bsp.a(alt_close.o)
 .data          0x010115d0      0x1a8 ../../../../workspace2/NewBSP\libhal_bsp.a(alt_dev.o)
                0x010115d0                alt_dev_null
                0x010115f8                alt_fd_list
 .data          0x01011778        0x0 ../../../../workspace2/NewBSP\libhal_bsp.a(alt_errno.o)
 .data          0x01011778        0x0 ../../../../workspace2/NewBSP\libhal_bsp.a(alt_fstat.o)
 .data          0x01011778        0x0 ../../../../workspace2/NewBSP\libhal_bsp.a(alt_irq_register.o)
 .data          0x01011778        0x0 ../../../../workspace2/NewBSP\libhal_bsp.a(alt_irq_vars.o)
 .data          0x01011778        0x0 ../../../../workspace2/NewBSP\libhal_bsp.a(alt_isatty.o)
 .data          0x01011778        0x0 ../../../../workspace2/NewBSP\libhal_bsp.a(alt_load.o)
 .data          0x01011778        0x0 ../../../../workspace2/NewBSP\libhal_bsp.a(alt_lseek.o)
 .data          0x01011778        0x0 ../../../../workspace2/NewBSP\libhal_bsp.a(alt_main.o)
 .data          0x01011778        0x0 ../../../../workspace2/NewBSP\libhal_bsp.a(alt_malloc_lock.o)
 .data          0x01011778        0x0 ../../../../workspace2/NewBSP\libhal_bsp.a(alt_read.o)
 .data          0x01011778        0x0 ../../../../workspace2/NewBSP\libhal_bsp.a(alt_release_fd.o)
 .data          0x01011778        0x0 ../../../../workspace2/NewBSP\libhal_bsp.a(alt_sbrk.o)
 .data          0x01011778        0x0 ../../../../workspace2/NewBSP\libhal_bsp.a(alt_write.o)
 .data          0x01011778     0x118c ../../../../workspace2/NewBSP\libhal_bsp.a(alt_sys_init.o)
 .data          0x01012904        0x0 ../../../../workspace2/NewBSP\libhal_bsp.a(altera_avalon_jtag_uart_fd.o)
 .data          0x01012904        0x0 ../../../../workspace2/NewBSP\libhal_bsp.a(altera_avalon_jtag_uart_init.o)
 .data          0x01012904        0x0 ../../../../workspace2/NewBSP\libhal_bsp.a(altera_avalon_jtag_uart_ioctl.o)
 .data          0x01012904        0x0 ../../../../workspace2/NewBSP\libhal_bsp.a(altera_avalon_jtag_uart_read.o)
 .data          0x01012904        0x0 ../../../../workspace2/NewBSP\libhal_bsp.a(altera_avalon_jtag_uart_write.o)
 .data          0x01012904        0x0 ../../../../workspace2/NewBSP\libhal_bsp.a(altera_avalon_timer_sc.o)
 .data          0x01012904        0x0 ../../../../workspace2/NewBSP\libhal_bsp.a(altera_up_avalon_character_lcd.o)
 .data          0x01012904        0x0 ../../../../workspace2/NewBSP\libhal_bsp.a(altera_up_avalon_ps2.o)
 .data          0x01012904        0x0 ../../../../workspace2/NewBSP\libhal_bsp.a(altera_up_avalon_video_character_buffer_with_dma.o)
 .data          0x01012904        0x0 ../../../../workspace2/NewBSP\libhal_bsp.a(altera_up_avalon_video_pixel_buffer_dma.o)
 .data          0x01012904      0x2cc ../../../../workspace2/NewBSP\libhal_bsp.a(altera_up_ps2_keyboard.o)
                0x01012904                key_table
                0x01012a9c                ascii_codes
                0x01012b02                single_byte_make_code
                0x01012b68                multi_byte_make_code
 .data          0x01012bd0        0x0 ../../../../workspace2/NewBSP\libhal_bsp.a(alt_alarm_start.o)
 .data          0x01012bd0        0x0 ../../../../workspace2/NewBSP\libhal_bsp.a(alt_dcache_flush_all.o)
 .data          0x01012bd0        0x0 ../../../../workspace2/NewBSP\libhal_bsp.a(alt_dev_llist_insert.o)
 .data          0x01012bd0        0x0 ../../../../workspace2/NewBSP\libhal_bsp.a(alt_do_ctors.o)
 .data          0x01012bd0        0x0 ../../../../workspace2/NewBSP\libhal_bsp.a(alt_do_dtors.o)
 .data          0x01012bd0        0x0 ../../../../workspace2/NewBSP\libhal_bsp.a(alt_find_dev.o)
 .data          0x01012bd0        0x0 ../../../../workspace2/NewBSP\libhal_bsp.a(alt_icache_flush_all.o)
 .data          0x01012bd0        0x0 ../../../../workspace2/NewBSP\libhal_bsp.a(alt_io_redirect.o)
 .data          0x01012bd0        0x0 ../../../../workspace2/NewBSP\libhal_bsp.a(alt_irq_entry.o)
 .data          0x01012bd0        0x0 ../../../../workspace2/NewBSP\libhal_bsp.a(alt_irq_handler.o)
 .data          0x01012bd0        0x0 ../../../../workspace2/NewBSP\libhal_bsp.a(alt_open.o)
 .data          0x01012bd0        0x0 ../../../../workspace2/NewBSP\libhal_bsp.a(alt_tick.o)
 .data          0x01012bd0        0x0 ../../../../workspace2/NewBSP\libhal_bsp.a(altera_nios2_qsys_irq.o)
 .data          0x01012bd0        0x0 ../../../../workspace2/NewBSP\libhal_bsp.a(alt_exception_entry.o)
 .data          0x01012bd0        0x0 ../../../../workspace2/NewBSP\libhal_bsp.a(alt_find_file.o)
 .data          0x01012bd0        0x0 ../../../../workspace2/NewBSP\libhal_bsp.a(alt_get_fd.o)
 .data          0x01012bd0        0x0 ../../../../workspace2/NewBSP\libhal_bsp.a(alt_icache_flush.o)
 .data          0x01012bd0        0x0 c:/altera/12.0sp2/nios2eds/bin/gnu/h-i686-mingw32/bin/../lib/gcc/nios2-elf/4.1.2/../../../../nios2-elf/lib\libc.a(lib_a-atexit.o)
 .data          0x01012bd0        0x0 c:/altera/12.0sp2/nios2eds/bin/gnu/h-i686-mingw32/bin/../lib/gcc/nios2-elf/4.1.2/../../../../nios2-elf/lib\libc.a(lib_a-exit.o)
 .data          0x01012bd0        0x0 c:/altera/12.0sp2/nios2eds/bin/gnu/h-i686-mingw32/bin/../lib/gcc/nios2-elf/4.1.2/../../../../nios2-elf/lib\libc.a(lib_a-memcmp.o)
 .data          0x01012bd0        0x0 c:/altera/12.0sp2/nios2eds/bin/gnu/h-i686-mingw32/bin/../lib/gcc/nios2-elf/4.1.2/../../../../nios2-elf/lib\libc.a(lib_a-__atexit.o)
 .data          0x01012bd0        0x0 c:/altera/12.0sp2/nios2eds/bin/gnu/h-i686-mingw32/bin/../lib/gcc/nios2-elf/4.1.2/../../../../nios2-elf/lib\libc.a(lib_a-__call_atexit.o)
 .data          0x01012bd0        0x0 ../../../../workspace2/NewBSP\libhal_bsp.a(alt_exit.o)
                0x0101abd0                _gp = ABSOLUTE ((. + 0x8000))
                0x0101abd0                PROVIDE (gp, _gp)
 *(.rwdata .rwdata.*)
 *(.sdata .sdata.* .gnu.linkonce.s.*)
 .sdata         0x01012bd0        0x8 c:/altera/12.0sp2/nios2eds/bin/gnu/h-i686-mingw32/bin/../lib/gcc/nios2-elf/4.1.2/../../../../nios2-elf/lib\libc.a(lib_a-mallocr.o)
                0x01012bd0                __malloc_trim_threshold
                0x01012bd4                __malloc_sbrk_base
 .sdata         0x01012bd8        0x8 c:/altera/12.0sp2/nios2eds/bin/gnu/h-i686-mingw32/bin/../lib/gcc/nios2-elf/4.1.2/../../../../nios2-elf/lib\libc.a(lib_a-impure.o)
                0x01012bd8                _impure_ptr
                0x01012bdc                _global_impure_ptr
 .sdata         0x01012be0        0x8 c:/altera/12.0sp2/nios2eds/bin/gnu/h-i686-mingw32/bin/../lib/gcc/nios2-elf/4.1.2/../../../../nios2-elf/lib\libc.a(lib_a-locale.o)
                0x01012be0                __mb_cur_max
 .sdata         0x01012be8       0x14 ../../../../workspace2/NewBSP\libhal_bsp.a(alt_dev.o)
                0x01012be8                alt_fs_list
                0x01012bf0                alt_dev_list
                0x01012bf8                alt_max_fd
 .sdata         0x01012bfc        0x4 ../../../../workspace2/NewBSP\libhal_bsp.a(alt_errno.o)
                0x01012bfc                alt_errno
 .sdata         0x01012c00        0x4 ../../../../workspace2/NewBSP\libhal_bsp.a(alt_irq_vars.o)
                0x01012c00                alt_priority_mask
 .sdata         0x01012c04        0x4 ../../../../workspace2/NewBSP\libhal_bsp.a(alt_sbrk.o)
 .sdata         0x01012c08        0x8 ../../../../workspace2/NewBSP\libhal_bsp.a(alt_tick.o)
                0x01012c08                alt_alarm_list
 *(.sdata2 .sdata2.* .gnu.linkonce.s2.*)
                0x01012c10                . = ALIGN (0x4)
                0x01012c10                _edata = ABSOLUTE (.)
                0x01012c10                PROVIDE (edata, ABSOLUTE (.))
                0x01012c10                PROVIDE (__ram_rwdata_end, ABSOLUTE (.))
                0x01012c10                PROVIDE (__flash_rwdata_start, LOADADDR (.rwdata))

.bss            0x01014a64      0x310
                0x01014a64                __bss_start = ABSOLUTE (.)
                0x01014a64                PROVIDE (__sbss_start, ABSOLUTE (.))
                0x01014a64                PROVIDE (___sbss_start, ABSOLUTE (.))
 *(.dynsbss)
 *(.sbss .sbss.* .gnu.linkonce.sb.*)
 .sbss          0x01014a64        0x4 obj/default/KeyboardMain.o
                0x01014a64                kb
 .sbss          0x01014a68        0xc c:/altera/12.0sp2/nios2eds/bin/gnu/h-i686-mingw32/bin/../lib/gcc/nios2-elf/4.1.2/../../../../nios2-elf/lib\libc.a(lib_a-mallocr.o)
                0x01014a68                __malloc_top_pad
                0x01014a6c                __malloc_max_sbrked_mem
                0x01014a70                __malloc_max_total_mem
 .sbss          0x01014a74        0x4 c:/altera/12.0sp2/nios2eds/bin/gnu/h-i686-mingw32/bin/../lib/gcc/nios2-elf/4.1.2/../../../../nios2-elf/lib\libc.a(lib_a-int_errno.o)
                0x01014a74                errno
 .sbss          0x01014a78        0xc c:/altera/12.0sp2/nios2eds/bin/gnu/h-i686-mingw32/bin/../lib/gcc/nios2-elf/4.1.2/../../../../nios2-elf/lib\libc.a(lib_a-locale.o)
                0x01014a78                __nlocale_changed
                0x01014a7c                __mlocale_changed
                0x01014a80                _PathLocale
 .sbss          0x01014a84        0x4 ../../../../workspace2/NewBSP\libhal_bsp.a(alt_irq_vars.o)
                0x01014a84                alt_irq_active
 .sbss          0x01014a88        0xc ../../../../workspace2/NewBSP\libhal_bsp.a(alt_main.o)
                0x01014a88                alt_argc
                0x01014a8c                alt_argv
                0x01014a90                alt_envp
 .sbss          0x01014a94        0x8 ../../../../workspace2/NewBSP\libhal_bsp.a(alt_tick.o)
                0x01014a94                _alt_tick_rate
                0x01014a98                _alt_nticks
 *(.sbss2 .sbss2.* .gnu.linkonce.sb2.*)
 *(.scommon)
                0x01014a9c                PROVIDE (__sbss_end, ABSOLUTE (.))
                0x01014a9c                PROVIDE (___sbss_end, ABSOLUTE (.))
 *(.dynbss)
 *(.bss .bss.* .gnu.linkonce.b.*)
 .bss           0x01014a9c        0x0 ../../../../workspace2/NewBSP/obj/HAL/src/crt0.o
 .bss           0x01014a9c        0x0 obj/default/KeyboardMain.o
 .bss           0x01014a9c        0x0 obj/default/wk_io.o
 .bss           0x01014a9c        0x0 obj/default/wk_kb.o
 .bss           0x01014a9c        0x0 obj/default/wk_lcd.o
 .bss           0x01014a9c        0x0 obj/default/wk_video.o
 .bss           0x01014a9c        0x0 c:/altera/12.0sp2/nios2eds/bin/gnu/h-i686-mingw32/bin/../lib/gcc/nios2-elf/4.1.2/../../../../nios2-elf/lib\libc.a(lib_a-malloc.o)
 .bss           0x01014a9c       0x28 c:/altera/12.0sp2/nios2eds/bin/gnu/h-i686-mingw32/bin/../lib/gcc/nios2-elf/4.1.2/../../../../nios2-elf/lib\libc.a(lib_a-mallocr.o)
                0x01014a9c                __malloc_current_mallinfo
 .bss           0x01014ac4        0x0 c:/altera/12.0sp2/nios2eds/bin/gnu/h-i686-mingw32/bin/../lib/gcc/nios2-elf/4.1.2/../../../../nios2-elf/lib\libc.a(lib_a-memcpy.o)
 .bss           0x01014ac4        0x0 c:/altera/12.0sp2/nios2eds/bin/gnu/h-i686-mingw32/bin/../lib/gcc/nios2-elf/4.1.2/../../../../nios2-elf/lib\libc.a(lib_a-printf.o)
 .bss           0x01014ac4        0x0 c:/altera/12.0sp2/nios2eds/bin/gnu/h-i686-mingw32/bin/../lib/gcc/nios2-elf/4.1.2/../../../../nios2-elf/lib\libc.a(lib_a-putchar.o)
 .bss           0x01014ac4        0x0 c:/altera/12.0sp2/nios2eds/bin/gnu/h-i686-mingw32/bin/../lib/gcc/nios2-elf/4.1.2/../../../../nios2-elf/lib\libc.a(lib_a-puts.o)
 .bss           0x01014ac4        0x0 c:/altera/12.0sp2/nios2eds/bin/gnu/h-i686-mingw32/bin/../lib/gcc/nios2-elf/4.1.2/../../../../nios2-elf/lib\libc.a(lib_a-sbrkr.o)
 .bss           0x01014ac4        0x0 c:/altera/12.0sp2/nios2eds/bin/gnu/h-i686-mingw32/bin/../lib/gcc/nios2-elf/4.1.2/../../../../nios2-elf/lib\libc.a(lib_a-strcpy.o)
 .bss           0x01014ac4        0x0 c:/altera/12.0sp2/nios2eds/bin/gnu/h-i686-mingw32/bin/../lib/gcc/nios2-elf/4.1.2/../../../../nios2-elf/lib\libc.a(lib_a-strlen.o)
 .bss           0x01014ac4        0x0 c:/altera/12.0sp2/nios2eds/bin/gnu/h-i686-mingw32/bin/../lib/gcc/nios2-elf/4.1.2/../../../../nios2-elf/lib\libc.a(lib_a-vfprintf.o)
 .bss           0x01014ac4        0x0 c:/altera/12.0sp2/nios2eds/bin/gnu/h-i686-mingw32/bin/../lib/gcc/nios2-elf/4.1.2/../../../../nios2-elf/lib\libc.a(lib_a-wsetup.o)
 .bss           0x01014ac4        0x0 c:/altera/12.0sp2/nios2eds/bin/gnu/h-i686-mingw32/bin/../lib/gcc/nios2-elf/4.1.2/../../../../nios2-elf/lib\libc.a(lib_a-dtoa.o)
 .bss           0x01014ac4        0x0 c:/altera/12.0sp2/nios2eds/bin/gnu/h-i686-mingw32/bin/../lib/gcc/nios2-elf/4.1.2/../../../../nios2-elf/lib\libc.a(lib_a-fflush.o)
 .bss           0x01014ac4        0x0 c:/altera/12.0sp2/nios2eds/bin/gnu/h-i686-mingw32/bin/../lib/gcc/nios2-elf/4.1.2/../../../../nios2-elf/lib\libc.a(lib_a-findfp.o)
 .bss           0x01014ac4        0x0 c:/altera/12.0sp2/nios2eds/bin/gnu/h-i686-mingw32/bin/../lib/gcc/nios2-elf/4.1.2/../../../../nios2-elf/lib\libc.a(lib_a-freer.o)
 .bss           0x01014ac4        0x0 c:/altera/12.0sp2/nios2eds/bin/gnu/h-i686-mingw32/bin/../lib/gcc/nios2-elf/4.1.2/../../../../nios2-elf/lib\libc.a(lib_a-fvwrite.o)
 .bss           0x01014ac4        0x0 c:/altera/12.0sp2/nios2eds/bin/gnu/h-i686-mingw32/bin/../lib/gcc/nios2-elf/4.1.2/../../../../nios2-elf/lib\libc.a(lib_a-fwalk.o)
 .bss           0x01014ac4        0x0 c:/altera/12.0sp2/nios2eds/bin/gnu/h-i686-mingw32/bin/../lib/gcc/nios2-elf/4.1.2/../../../../nios2-elf/lib\libc.a(lib_a-impure.o)
 .bss           0x01014ac4        0x0 c:/altera/12.0sp2/nios2eds/bin/gnu/h-i686-mingw32/bin/../lib/gcc/nios2-elf/4.1.2/../../../../nios2-elf/lib\libc.a(lib_a-int_errno.o)
 .bss           0x01014ac4        0x0 c:/altera/12.0sp2/nios2eds/bin/gnu/h-i686-mingw32/bin/../lib/gcc/nios2-elf/4.1.2/../../../../nios2-elf/lib\libc.a(lib_a-locale.o)
 .bss           0x01014ac4        0x0 c:/altera/12.0sp2/nios2eds/bin/gnu/h-i686-mingw32/bin/../lib/gcc/nios2-elf/4.1.2/../../../../nios2-elf/lib\libc.a(lib_a-makebuf.o)
 .bss           0x01014ac4        0x0 c:/altera/12.0sp2/nios2eds/bin/gnu/h-i686-mingw32/bin/../lib/gcc/nios2-elf/4.1.2/../../../../nios2-elf/lib\libc.a(lib_a-memchr.o)
 .bss           0x01014ac4        0x0 c:/altera/12.0sp2/nios2eds/bin/gnu/h-i686-mingw32/bin/../lib/gcc/nios2-elf/4.1.2/../../../../nios2-elf/lib\libc.a(lib_a-memmove.o)
 .bss           0x01014ac4        0x0 c:/altera/12.0sp2/nios2eds/bin/gnu/h-i686-mingw32/bin/../lib/gcc/nios2-elf/4.1.2/../../../../nios2-elf/lib\libc.a(lib_a-memset.o)
 .bss           0x01014ac4        0x0 c:/altera/12.0sp2/nios2eds/bin/gnu/h-i686-mingw32/bin/../lib/gcc/nios2-elf/4.1.2/../../../../nios2-elf/lib\libc.a(lib_a-mprec.o)
 .bss           0x01014ac4        0x0 c:/altera/12.0sp2/nios2eds/bin/gnu/h-i686-mingw32/bin/../lib/gcc/nios2-elf/4.1.2/../../../../nios2-elf/lib\libc.a(lib_a-putc.o)
 .bss           0x01014ac4        0x0 c:/altera/12.0sp2/nios2eds/bin/gnu/h-i686-mingw32/bin/../lib/gcc/nios2-elf/4.1.2/../../../../nios2-elf/lib\libc.a(lib_a-reallocr.o)
 .bss           0x01014ac4        0x0 c:/altera/12.0sp2/nios2eds/bin/gnu/h-i686-mingw32/bin/../lib/gcc/nios2-elf/4.1.2/../../../../nios2-elf/lib\libc.a(lib_a-s_isinfd.o)
 .bss           0x01014ac4        0x0 c:/altera/12.0sp2/nios2eds/bin/gnu/h-i686-mingw32/bin/../lib/gcc/nios2-elf/4.1.2/../../../../nios2-elf/lib\libc.a(lib_a-s_isnand.o)
 .bss           0x01014ac4        0x0 c:/altera/12.0sp2/nios2eds/bin/gnu/h-i686-mingw32/bin/../lib/gcc/nios2-elf/4.1.2/../../../../nios2-elf/lib\libc.a(lib_a-stdio.o)
 .bss           0x01014ac4        0x0 c:/altera/12.0sp2/nios2eds/bin/gnu/h-i686-mingw32/bin/../lib/gcc/nios2-elf/4.1.2/../../../../nios2-elf/lib\libc.a(lib_a-strcmp.o)
 .bss           0x01014ac4        0x0 c:/altera/12.0sp2/nios2eds/bin/gnu/h-i686-mingw32/bin/../lib/gcc/nios2-elf/4.1.2/../../../../nios2-elf/lib\libc.a(lib_a-wbuf.o)
 .bss           0x01014ac4        0x0 c:/altera/12.0sp2/nios2eds/bin/gnu/h-i686-mingw32/bin/../lib/gcc/nios2-elf/4.1.2/../../../../nios2-elf/lib\libc.a(lib_a-writer.o)
 .bss           0x01014ac4        0x0 c:/altera/12.0sp2/nios2eds/bin/gnu/h-i686-mingw32/bin/../lib/gcc/nios2-elf/4.1.2/../../../../nios2-elf/lib\libc.a(lib_a-callocr.o)
 .bss           0x01014ac4        0x0 c:/altera/12.0sp2/nios2eds/bin/gnu/h-i686-mingw32/bin/../lib/gcc/nios2-elf/4.1.2/../../../../nios2-elf/lib\libc.a(lib_a-closer.o)
 .bss           0x01014ac4        0x0 c:/altera/12.0sp2/nios2eds/bin/gnu/h-i686-mingw32/bin/../lib/gcc/nios2-elf/4.1.2/../../../../nios2-elf/lib\libc.a(lib_a-fclose.o)
 .bss           0x01014ac4        0x0 c:/altera/12.0sp2/nios2eds/bin/gnu/h-i686-mingw32/bin/../lib/gcc/nios2-elf/4.1.2/../../../../nios2-elf/lib\libc.a(lib_a-fstatr.o)
 .bss           0x01014ac4        0x0 c:/altera/12.0sp2/nios2eds/bin/gnu/h-i686-mingw32/bin/../lib/gcc/nios2-elf/4.1.2/../../../../nios2-elf/lib\libc.a(lib_a-isattyr.o)
 .bss           0x01014ac4        0x0 c:/altera/12.0sp2/nios2eds/bin/gnu/h-i686-mingw32/bin/../lib/gcc/nios2-elf/4.1.2/../../../../nios2-elf/lib\libc.a(lib_a-lseekr.o)
 .bss           0x01014ac4        0x0 c:/altera/12.0sp2/nios2eds/bin/gnu/h-i686-mingw32/bin/../lib/gcc/nios2-elf/4.1.2/../../../../nios2-elf/lib\libc.a(lib_a-readr.o)
 .bss           0x01014ac4        0x0 c:/altera/12.0sp2/nios2eds/bin/gnu/h-i686-mingw32/bin/../lib/gcc/nios2-elf/4.1.2\libgcc.a(_udivdi3.o)
 .bss           0x01014ac4        0x0 c:/altera/12.0sp2/nios2eds/bin/gnu/h-i686-mingw32/bin/../lib/gcc/nios2-elf/4.1.2\libgcc.a(_umoddi3.o)
 .bss           0x01014ac4        0x0 c:/altera/12.0sp2/nios2eds/bin/gnu/h-i686-mingw32/bin/../lib/gcc/nios2-elf/4.1.2\libgcc.a(_addsub_df.o)
 .bss           0x01014ac4        0x0 c:/altera/12.0sp2/nios2eds/bin/gnu/h-i686-mingw32/bin/../lib/gcc/nios2-elf/4.1.2\libgcc.a(_mul_df.o)
 .bss           0x01014ac4        0x0 c:/altera/12.0sp2/nios2eds/bin/gnu/h-i686-mingw32/bin/../lib/gcc/nios2-elf/4.1.2\libgcc.a(_div_df.o)
 .bss           0x01014ac4        0x0 c:/altera/12.0sp2/nios2eds/bin/gnu/h-i686-mingw32/bin/../lib/gcc/nios2-elf/4.1.2\libgcc.a(_eq_df.o)
 .bss           0x01014ac4        0x0 c:/altera/12.0sp2/nios2eds/bin/gnu/h-i686-mingw32/bin/../lib/gcc/nios2-elf/4.1.2\libgcc.a(_ne_df.o)
 .bss           0x01014ac4        0x0 c:/altera/12.0sp2/nios2eds/bin/gnu/h-i686-mingw32/bin/../lib/gcc/nios2-elf/4.1.2\libgcc.a(_gt_df.o)
 .bss           0x01014ac4        0x0 c:/altera/12.0sp2/nios2eds/bin/gnu/h-i686-mingw32/bin/../lib/gcc/nios2-elf/4.1.2\libgcc.a(_ge_df.o)
 .bss           0x01014ac4        0x0 c:/altera/12.0sp2/nios2eds/bin/gnu/h-i686-mingw32/bin/../lib/gcc/nios2-elf/4.1.2\libgcc.a(_lt_df.o)
 .bss           0x01014ac4        0x0 c:/altera/12.0sp2/nios2eds/bin/gnu/h-i686-mingw32/bin/../lib/gcc/nios2-elf/4.1.2\libgcc.a(_si_to_df.o)
 .bss           0x01014ac4        0x0 c:/altera/12.0sp2/nios2eds/bin/gnu/h-i686-mingw32/bin/../lib/gcc/nios2-elf/4.1.2\libgcc.a(_df_to_si.o)
 .bss           0x01014ac4        0x0 c:/altera/12.0sp2/nios2eds/bin/gnu/h-i686-mingw32/bin/../lib/gcc/nios2-elf/4.1.2\libgcc.a(_thenan_df.o)
 .bss           0x01014ac4        0x0 c:/altera/12.0sp2/nios2eds/bin/gnu/h-i686-mingw32/bin/../lib/gcc/nios2-elf/4.1.2\libgcc.a(_usi_to_df.o)
 .bss           0x01014ac4        0x0 c:/altera/12.0sp2/nios2eds/bin/gnu/h-i686-mingw32/bin/../lib/gcc/nios2-elf/4.1.2\libgcc.a(lib2-divmod.o)
 .bss           0x01014ac4        0x0 c:/altera/12.0sp2/nios2eds/bin/gnu/h-i686-mingw32/bin/../lib/gcc/nios2-elf/4.1.2\libgcc.a(_muldi3.o)
 .bss           0x01014ac4        0x0 c:/altera/12.0sp2/nios2eds/bin/gnu/h-i686-mingw32/bin/../lib/gcc/nios2-elf/4.1.2\libgcc.a(_clz.o)
 .bss           0x01014ac4        0x0 c:/altera/12.0sp2/nios2eds/bin/gnu/h-i686-mingw32/bin/../lib/gcc/nios2-elf/4.1.2\libgcc.a(_clzsi2.o)
 .bss           0x01014ac4        0x0 c:/altera/12.0sp2/nios2eds/bin/gnu/h-i686-mingw32/bin/../lib/gcc/nios2-elf/4.1.2\libgcc.a(_pack_df.o)
 .bss           0x01014ac4        0x0 c:/altera/12.0sp2/nios2eds/bin/gnu/h-i686-mingw32/bin/../lib/gcc/nios2-elf/4.1.2\libgcc.a(_unpack_df.o)
 .bss           0x01014ac4        0x0 c:/altera/12.0sp2/nios2eds/bin/gnu/h-i686-mingw32/bin/../lib/gcc/nios2-elf/4.1.2\libgcc.a(_fpcmp_parts_df.o)
 .bss           0x01014ac4        0x0 ../../../../workspace2/NewBSP\libhal_bsp.a(alt_close.o)
 .bss           0x01014ac4        0x0 ../../../../workspace2/NewBSP\libhal_bsp.a(alt_dev.o)
 .bss           0x01014ac4        0x0 ../../../../workspace2/NewBSP\libhal_bsp.a(alt_errno.o)
 .bss           0x01014ac4        0x0 ../../../../workspace2/NewBSP\libhal_bsp.a(alt_fstat.o)
 .bss           0x01014ac4        0x0 ../../../../workspace2/NewBSP\libhal_bsp.a(alt_irq_register.o)
 .bss           0x01014ac4        0x0 ../../../../workspace2/NewBSP\libhal_bsp.a(alt_irq_vars.o)
 .bss           0x01014ac4        0x0 ../../../../workspace2/NewBSP\libhal_bsp.a(alt_isatty.o)
 .bss           0x01014ac4        0x0 ../../../../workspace2/NewBSP\libhal_bsp.a(alt_load.o)
 .bss           0x01014ac4        0x0 ../../../../workspace2/NewBSP\libhal_bsp.a(alt_lseek.o)
 .bss           0x01014ac4        0x0 ../../../../workspace2/NewBSP\libhal_bsp.a(alt_main.o)
 .bss           0x01014ac4        0x0 ../../../../workspace2/NewBSP\libhal_bsp.a(alt_malloc_lock.o)
 .bss           0x01014ac4        0x0 ../../../../workspace2/NewBSP\libhal_bsp.a(alt_read.o)
 .bss           0x01014ac4        0x0 ../../../../workspace2/NewBSP\libhal_bsp.a(alt_release_fd.o)
 .bss           0x01014ac4        0x0 ../../../../workspace2/NewBSP\libhal_bsp.a(alt_sbrk.o)
 .bss           0x01014ac4        0x0 ../../../../workspace2/NewBSP\libhal_bsp.a(alt_write.o)
 .bss           0x01014ac4        0x0 ../../../../workspace2/NewBSP\libhal_bsp.a(alt_sys_init.o)
 .bss           0x01014ac4        0x0 ../../../../workspace2/NewBSP\libhal_bsp.a(altera_avalon_jtag_uart_fd.o)
 .bss           0x01014ac4        0x0 ../../../../workspace2/NewBSP\libhal_bsp.a(altera_avalon_jtag_uart_init.o)
 .bss           0x01014ac4        0x0 ../../../../workspace2/NewBSP\libhal_bsp.a(altera_avalon_jtag_uart_ioctl.o)
 .bss           0x01014ac4        0x0 ../../../../workspace2/NewBSP\libhal_bsp.a(altera_avalon_jtag_uart_read.o)
 .bss           0x01014ac4        0x0 ../../../../workspace2/NewBSP\libhal_bsp.a(altera_avalon_jtag_uart_write.o)
 .bss           0x01014ac4        0x0 ../../../../workspace2/NewBSP\libhal_bsp.a(altera_avalon_timer_sc.o)
 .bss           0x01014ac4        0x0 ../../../../workspace2/NewBSP\libhal_bsp.a(altera_up_avalon_character_lcd.o)
 .bss           0x01014ac4        0x0 ../../../../workspace2/NewBSP\libhal_bsp.a(altera_up_avalon_ps2.o)
 .bss           0x01014ac4        0x0 ../../../../workspace2/NewBSP\libhal_bsp.a(altera_up_avalon_video_character_buffer_with_dma.o)
 .bss           0x01014ac4        0x0 ../../../../workspace2/NewBSP\libhal_bsp.a(altera_up_avalon_video_pixel_buffer_dma.o)
 .bss           0x01014ac4        0x0 ../../../../workspace2/NewBSP\libhal_bsp.a(altera_up_ps2_keyboard.o)
 .bss           0x01014ac4        0x0 ../../../../workspace2/NewBSP\libhal_bsp.a(alt_alarm_start.o)
 .bss           0x01014ac4        0x0 ../../../../workspace2/NewBSP\libhal_bsp.a(alt_dcache_flush_all.o)
 .bss           0x01014ac4        0x0 ../../../../workspace2/NewBSP\libhal_bsp.a(alt_dev_llist_insert.o)
 .bss           0x01014ac4        0x0 ../../../../workspace2/NewBSP\libhal_bsp.a(alt_do_ctors.o)
 .bss           0x01014ac4        0x0 ../../../../workspace2/NewBSP\libhal_bsp.a(alt_do_dtors.o)
 .bss           0x01014ac4        0x0 ../../../../workspace2/NewBSP\libhal_bsp.a(alt_find_dev.o)
 .bss           0x01014ac4        0x0 ../../../../workspace2/NewBSP\libhal_bsp.a(alt_icache_flush_all.o)
 .bss           0x01014ac4        0x0 ../../../../workspace2/NewBSP\libhal_bsp.a(alt_io_redirect.o)
 .bss           0x01014ac4        0x0 ../../../../workspace2/NewBSP\libhal_bsp.a(alt_irq_entry.o)
 .bss           0x01014ac4        0x0 ../../../../workspace2/NewBSP\libhal_bsp.a(alt_irq_handler.o)
 .bss           0x01014ac4        0x0 ../../../../workspace2/NewBSP\libhal_bsp.a(alt_open.o)
 .bss           0x01014ac4        0x0 ../../../../workspace2/NewBSP\libhal_bsp.a(alt_tick.o)
 .bss           0x01014ac4        0x0 ../../../../workspace2/NewBSP\libhal_bsp.a(altera_nios2_qsys_irq.o)
 .bss           0x01014ac4        0x0 ../../../../workspace2/NewBSP\libhal_bsp.a(alt_exception_entry.o)
 .bss           0x01014ac4        0x0 ../../../../workspace2/NewBSP\libhal_bsp.a(alt_find_file.o)
 .bss           0x01014ac4        0x0 ../../../../workspace2/NewBSP\libhal_bsp.a(alt_get_fd.o)
 .bss           0x01014ac4        0x0 ../../../../workspace2/NewBSP\libhal_bsp.a(alt_icache_flush.o)
 .bss           0x01014ac4        0x0 c:/altera/12.0sp2/nios2eds/bin/gnu/h-i686-mingw32/bin/../lib/gcc/nios2-elf/4.1.2/../../../../nios2-elf/lib\libc.a(lib_a-atexit.o)
 .bss           0x01014ac4        0x0 c:/altera/12.0sp2/nios2eds/bin/gnu/h-i686-mingw32/bin/../lib/gcc/nios2-elf/4.1.2/../../../../nios2-elf/lib\libc.a(lib_a-exit.o)
 .bss           0x01014ac4        0x0 c:/altera/12.0sp2/nios2eds/bin/gnu/h-i686-mingw32/bin/../lib/gcc/nios2-elf/4.1.2/../../../../nios2-elf/lib\libc.a(lib_a-memcmp.o)
 .bss           0x01014ac4        0x0 c:/altera/12.0sp2/nios2eds/bin/gnu/h-i686-mingw32/bin/../lib/gcc/nios2-elf/4.1.2/../../../../nios2-elf/lib\libc.a(lib_a-__atexit.o)
 .bss           0x01014ac4        0x0 c:/altera/12.0sp2/nios2eds/bin/gnu/h-i686-mingw32/bin/../lib/gcc/nios2-elf/4.1.2/../../../../nios2-elf/lib\libc.a(lib_a-__call_atexit.o)
 .bss           0x01014ac4        0x0 ../../../../workspace2/NewBSP\libhal_bsp.a(alt_exit.o)
 *(COMMON)
 COMMON         0x01014ac4       0x20 obj/default/KeyboardMain.o
                0x01014ac4                Hex
 COMMON         0x01014ae4      0x100 ../../../../workspace2/NewBSP\libhal_bsp.a(alt_irq_handler.o)
                0x01014ae4                alt_irq
 COMMON         0x01014be4      0x190 c:/altera/12.0sp2/nios2eds/bin/gnu/h-i686-mingw32/bin/../lib/gcc/nios2-elf/4.1.2/../../../../nios2-elf/lib\libc.a(lib_a-atexit.o)
                0x01014be4                _atexit0
                0x01014d74                . = ALIGN (0x4)
                0x01014d74                __bss_end = ABSOLUTE (.)

.sdram          0x01014d74        0x0
                0x01014d74                PROVIDE (_alt_partition_sdram_start, ABSOLUTE (.))
 *(.sdram. sdram.*)
                0x01014d74                . = ALIGN (0x4)
                0x01014d74                PROVIDE (_alt_partition_sdram_end, ABSOLUTE (.))
                0x01014d74                _end = ABSOLUTE (.)
                0x01014d74                end = ABSOLUTE (.)
                0x01014d74                __alt_stack_base = ABSOLUTE (.)
                0x01014d74                PROVIDE (_alt_partition_sdram_load_addr, LOADADDR (.sdram))

.stab
 *(.stab)

.stabstr
 *(.stabstr)

.stab.excl
 *(.stab.excl)

.stab.exclstr
 *(.stab.exclstr)

.stab.index
 *(.stab.index)

.stab.indexstr
 *(.stab.indexstr)

.comment        0x00000000       0x26
 *(.comment)
 .comment       0x00000000       0x26 obj/default/KeyboardMain.o
                                 0x27 (size before relaxing)
 .comment       0x00000000       0x27 obj/default/wk_io.o
 .comment       0x00000000       0x27 obj/default/wk_kb.o
 .comment       0x00000000       0x27 obj/default/wk_lcd.o
 .comment       0x00000000       0x27 obj/default/wk_video.o
 .comment       0x00000000       0x27 c:/altera/12.0sp2/nios2eds/bin/gnu/h-i686-mingw32/bin/../lib/gcc/nios2-elf/4.1.2/../../../../nios2-elf/lib\libc.a(lib_a-malloc.o)
 .comment       0x00000000       0x27 c:/altera/12.0sp2/nios2eds/bin/gnu/h-i686-mingw32/bin/../lib/gcc/nios2-elf/4.1.2/../../../../nios2-elf/lib\libc.a(lib_a-mallocr.o)
 .comment       0x00000000       0x27 c:/altera/12.0sp2/nios2eds/bin/gnu/h-i686-mingw32/bin/../lib/gcc/nios2-elf/4.1.2/../../../../nios2-elf/lib\libc.a(lib_a-memcpy.o)
 .comment       0x00000000       0x27 c:/altera/12.0sp2/nios2eds/bin/gnu/h-i686-mingw32/bin/../lib/gcc/nios2-elf/4.1.2/../../../../nios2-elf/lib\libc.a(lib_a-printf.o)
 .comment       0x00000000       0x27 c:/altera/12.0sp2/nios2eds/bin/gnu/h-i686-mingw32/bin/../lib/gcc/nios2-elf/4.1.2/../../../../nios2-elf/lib\libc.a(lib_a-putchar.o)
 .comment       0x00000000       0x27 c:/altera/12.0sp2/nios2eds/bin/gnu/h-i686-mingw32/bin/../lib/gcc/nios2-elf/4.1.2/../../../../nios2-elf/lib\libc.a(lib_a-puts.o)
 .comment       0x00000000       0x27 c:/altera/12.0sp2/nios2eds/bin/gnu/h-i686-mingw32/bin/../lib/gcc/nios2-elf/4.1.2/../../../../nios2-elf/lib\libc.a(lib_a-sbrkr.o)
 .comment       0x00000000       0x27 c:/altera/12.0sp2/nios2eds/bin/gnu/h-i686-mingw32/bin/../lib/gcc/nios2-elf/4.1.2/../../../../nios2-elf/lib\libc.a(lib_a-strcpy.o)
 .comment       0x00000000       0x27 c:/altera/12.0sp2/nios2eds/bin/gnu/h-i686-mingw32/bin/../lib/gcc/nios2-elf/4.1.2/../../../../nios2-elf/lib\libc.a(lib_a-strlen.o)
 .comment       0x00000000       0x27 c:/altera/12.0sp2/nios2eds/bin/gnu/h-i686-mingw32/bin/../lib/gcc/nios2-elf/4.1.2/../../../../nios2-elf/lib\libc.a(lib_a-vfprintf.o)
 .comment       0x00000000       0x27 c:/altera/12.0sp2/nios2eds/bin/gnu/h-i686-mingw32/bin/../lib/gcc/nios2-elf/4.1.2/../../../../nios2-elf/lib\libc.a(lib_a-wsetup.o)
 .comment       0x00000000       0x27 c:/altera/12.0sp2/nios2eds/bin/gnu/h-i686-mingw32/bin/../lib/gcc/nios2-elf/4.1.2/../../../../nios2-elf/lib\libc.a(lib_a-dtoa.o)
 .comment       0x00000000       0x27 c:/altera/12.0sp2/nios2eds/bin/gnu/h-i686-mingw32/bin/../lib/gcc/nios2-elf/4.1.2/../../../../nios2-elf/lib\libc.a(lib_a-fflush.o)
 .comment       0x00000000       0x27 c:/altera/12.0sp2/nios2eds/bin/gnu/h-i686-mingw32/bin/../lib/gcc/nios2-elf/4.1.2/../../../../nios2-elf/lib\libc.a(lib_a-findfp.o)
 .comment       0x00000000       0x27 c:/altera/12.0sp2/nios2eds/bin/gnu/h-i686-mingw32/bin/../lib/gcc/nios2-elf/4.1.2/../../../../nios2-elf/lib\libc.a(lib_a-freer.o)
 .comment       0x00000000       0x27 c:/altera/12.0sp2/nios2eds/bin/gnu/h-i686-mingw32/bin/../lib/gcc/nios2-elf/4.1.2/../../../../nios2-elf/lib\libc.a(lib_a-fvwrite.o)
 .comment       0x00000000       0x27 c:/altera/12.0sp2/nios2eds/bin/gnu/h-i686-mingw32/bin/../lib/gcc/nios2-elf/4.1.2/../../../../nios2-elf/lib\libc.a(lib_a-fwalk.o)
 .comment       0x00000000       0x27 c:/altera/12.0sp2/nios2eds/bin/gnu/h-i686-mingw32/bin/../lib/gcc/nios2-elf/4.1.2/../../../../nios2-elf/lib\libc.a(lib_a-impure.o)
 .comment       0x00000000       0x27 c:/altera/12.0sp2/nios2eds/bin/gnu/h-i686-mingw32/bin/../lib/gcc/nios2-elf/4.1.2/../../../../nios2-elf/lib\libc.a(lib_a-int_errno.o)
 .comment       0x00000000       0x27 c:/altera/12.0sp2/nios2eds/bin/gnu/h-i686-mingw32/bin/../lib/gcc/nios2-elf/4.1.2/../../../../nios2-elf/lib\libc.a(lib_a-locale.o)
 .comment       0x00000000       0x27 c:/altera/12.0sp2/nios2eds/bin/gnu/h-i686-mingw32/bin/../lib/gcc/nios2-elf/4.1.2/../../../../nios2-elf/lib\libc.a(lib_a-makebuf.o)
 .comment       0x00000000       0x27 c:/altera/12.0sp2/nios2eds/bin/gnu/h-i686-mingw32/bin/../lib/gcc/nios2-elf/4.1.2/../../../../nios2-elf/lib\libc.a(lib_a-memchr.o)
 .comment       0x00000000       0x27 c:/altera/12.0sp2/nios2eds/bin/gnu/h-i686-mingw32/bin/../lib/gcc/nios2-elf/4.1.2/../../../../nios2-elf/lib\libc.a(lib_a-memmove.o)
 .comment       0x00000000       0x27 c:/altera/12.0sp2/nios2eds/bin/gnu/h-i686-mingw32/bin/../lib/gcc/nios2-elf/4.1.2/../../../../nios2-elf/lib\libc.a(lib_a-memset.o)
 .comment       0x00000000       0x27 c:/altera/12.0sp2/nios2eds/bin/gnu/h-i686-mingw32/bin/../lib/gcc/nios2-elf/4.1.2/../../../../nios2-elf/lib\libc.a(lib_a-mprec.o)
 .comment       0x00000000       0x27 c:/altera/12.0sp2/nios2eds/bin/gnu/h-i686-mingw32/bin/../lib/gcc/nios2-elf/4.1.2/../../../../nios2-elf/lib\libc.a(lib_a-putc.o)
 .comment       0x00000000       0x27 c:/altera/12.0sp2/nios2eds/bin/gnu/h-i686-mingw32/bin/../lib/gcc/nios2-elf/4.1.2/../../../../nios2-elf/lib\libc.a(lib_a-reallocr.o)
 .comment       0x00000000       0x27 c:/altera/12.0sp2/nios2eds/bin/gnu/h-i686-mingw32/bin/../lib/gcc/nios2-elf/4.1.2/../../../../nios2-elf/lib\libc.a(lib_a-s_isinfd.o)
 .comment       0x00000000       0x27 c:/altera/12.0sp2/nios2eds/bin/gnu/h-i686-mingw32/bin/../lib/gcc/nios2-elf/4.1.2/../../../../nios2-elf/lib\libc.a(lib_a-s_isnand.o)
 .comment       0x00000000       0x27 c:/altera/12.0sp2/nios2eds/bin/gnu/h-i686-mingw32/bin/../lib/gcc/nios2-elf/4.1.2/../../../../nios2-elf/lib\libc.a(lib_a-stdio.o)
 .comment       0x00000000       0x27 c:/altera/12.0sp2/nios2eds/bin/gnu/h-i686-mingw32/bin/../lib/gcc/nios2-elf/4.1.2/../../../../nios2-elf/lib\libc.a(lib_a-strcmp.o)
 .comment       0x00000000       0x27 c:/altera/12.0sp2/nios2eds/bin/gnu/h-i686-mingw32/bin/../lib/gcc/nios2-elf/4.1.2/../../../../nios2-elf/lib\libc.a(lib_a-wbuf.o)
 .comment       0x00000000       0x27 c:/altera/12.0sp2/nios2eds/bin/gnu/h-i686-mingw32/bin/../lib/gcc/nios2-elf/4.1.2/../../../../nios2-elf/lib\libc.a(lib_a-writer.o)
 .comment       0x00000000       0x27 c:/altera/12.0sp2/nios2eds/bin/gnu/h-i686-mingw32/bin/../lib/gcc/nios2-elf/4.1.2/../../../../nios2-elf/lib\libc.a(lib_a-callocr.o)
 .comment       0x00000000       0x27 c:/altera/12.0sp2/nios2eds/bin/gnu/h-i686-mingw32/bin/../lib/gcc/nios2-elf/4.1.2/../../../../nios2-elf/lib\libc.a(lib_a-closer.o)
 .comment       0x00000000       0x27 c:/altera/12.0sp2/nios2eds/bin/gnu/h-i686-mingw32/bin/../lib/gcc/nios2-elf/4.1.2/../../../../nios2-elf/lib\libc.a(lib_a-fclose.o)
 .comment       0x00000000       0x27 c:/altera/12.0sp2/nios2eds/bin/gnu/h-i686-mingw32/bin/../lib/gcc/nios2-elf/4.1.2/../../../../nios2-elf/lib\libc.a(lib_a-fstatr.o)
 .comment       0x00000000       0x27 c:/altera/12.0sp2/nios2eds/bin/gnu/h-i686-mingw32/bin/../lib/gcc/nios2-elf/4.1.2/../../../../nios2-elf/lib\libc.a(lib_a-isattyr.o)
 .comment       0x00000000       0x27 c:/altera/12.0sp2/nios2eds/bin/gnu/h-i686-mingw32/bin/../lib/gcc/nios2-elf/4.1.2/../../../../nios2-elf/lib\libc.a(lib_a-lseekr.o)
 .comment       0x00000000       0x27 c:/altera/12.0sp2/nios2eds/bin/gnu/h-i686-mingw32/bin/../lib/gcc/nios2-elf/4.1.2/../../../../nios2-elf/lib\libc.a(lib_a-readr.o)
 .comment       0x00000000       0x27 c:/altera/12.0sp2/nios2eds/bin/gnu/h-i686-mingw32/bin/../lib/gcc/nios2-elf/4.1.2\libgcc.a(_udivdi3.o)
 .comment       0x00000000       0x27 c:/altera/12.0sp2/nios2eds/bin/gnu/h-i686-mingw32/bin/../lib/gcc/nios2-elf/4.1.2\libgcc.a(_umoddi3.o)
 .comment       0x00000000       0x27 c:/altera/12.0sp2/nios2eds/bin/gnu/h-i686-mingw32/bin/../lib/gcc/nios2-elf/4.1.2\libgcc.a(_addsub_df.o)
 .comment       0x00000000       0x27 c:/altera/12.0sp2/nios2eds/bin/gnu/h-i686-mingw32/bin/../lib/gcc/nios2-elf/4.1.2\libgcc.a(_mul_df.o)
 .comment       0x00000000       0x27 c:/altera/12.0sp2/nios2eds/bin/gnu/h-i686-mingw32/bin/../lib/gcc/nios2-elf/4.1.2\libgcc.a(_div_df.o)
 .comment       0x00000000       0x27 c:/altera/12.0sp2/nios2eds/bin/gnu/h-i686-mingw32/bin/../lib/gcc/nios2-elf/4.1.2\libgcc.a(_eq_df.o)
 .comment       0x00000000       0x27 c:/altera/12.0sp2/nios2eds/bin/gnu/h-i686-mingw32/bin/../lib/gcc/nios2-elf/4.1.2\libgcc.a(_ne_df.o)
 .comment       0x00000000       0x27 c:/altera/12.0sp2/nios2eds/bin/gnu/h-i686-mingw32/bin/../lib/gcc/nios2-elf/4.1.2\libgcc.a(_gt_df.o)
 .comment       0x00000000       0x27 c:/altera/12.0sp2/nios2eds/bin/gnu/h-i686-mingw32/bin/../lib/gcc/nios2-elf/4.1.2\libgcc.a(_ge_df.o)
 .comment       0x00000000       0x27 c:/altera/12.0sp2/nios2eds/bin/gnu/h-i686-mingw32/bin/../lib/gcc/nios2-elf/4.1.2\libgcc.a(_lt_df.o)
 .comment       0x00000000       0x27 c:/altera/12.0sp2/nios2eds/bin/gnu/h-i686-mingw32/bin/../lib/gcc/nios2-elf/4.1.2\libgcc.a(_si_to_df.o)
 .comment       0x00000000       0x27 c:/altera/12.0sp2/nios2eds/bin/gnu/h-i686-mingw32/bin/../lib/gcc/nios2-elf/4.1.2\libgcc.a(_df_to_si.o)
 .comment       0x00000000       0x27 c:/altera/12.0sp2/nios2eds/bin/gnu/h-i686-mingw32/bin/../lib/gcc/nios2-elf/4.1.2\libgcc.a(_thenan_df.o)
 .comment       0x00000000       0x27 c:/altera/12.0sp2/nios2eds/bin/gnu/h-i686-mingw32/bin/../lib/gcc/nios2-elf/4.1.2\libgcc.a(_usi_to_df.o)
 .comment       0x00000000       0x27 c:/altera/12.0sp2/nios2eds/bin/gnu/h-i686-mingw32/bin/../lib/gcc/nios2-elf/4.1.2\libgcc.a(lib2-divmod.o)
 .comment       0x00000000       0x27 c:/altera/12.0sp2/nios2eds/bin/gnu/h-i686-mingw32/bin/../lib/gcc/nios2-elf/4.1.2\libgcc.a(_muldi3.o)
 .comment       0x00000000       0x27 c:/altera/12.0sp2/nios2eds/bin/gnu/h-i686-mingw32/bin/../lib/gcc/nios2-elf/4.1.2\libgcc.a(_clz.o)
 .comment       0x00000000       0x27 c:/altera/12.0sp2/nios2eds/bin/gnu/h-i686-mingw32/bin/../lib/gcc/nios2-elf/4.1.2\libgcc.a(_clzsi2.o)
 .comment       0x00000000       0x27 c:/altera/12.0sp2/nios2eds/bin/gnu/h-i686-mingw32/bin/../lib/gcc/nios2-elf/4.1.2\libgcc.a(_pack_df.o)
 .comment       0x00000000       0x27 c:/altera/12.0sp2/nios2eds/bin/gnu/h-i686-mingw32/bin/../lib/gcc/nios2-elf/4.1.2\libgcc.a(_unpack_df.o)
 .comment       0x00000000       0x27 c:/altera/12.0sp2/nios2eds/bin/gnu/h-i686-mingw32/bin/../lib/gcc/nios2-elf/4.1.2\libgcc.a(_fpcmp_parts_df.o)
 .comment       0x00000000       0x27 ../../../../workspace2/NewBSP\libhal_bsp.a(alt_close.o)
 .comment       0x00000000       0x27 ../../../../workspace2/NewBSP\libhal_bsp.a(alt_dev.o)
 .comment       0x00000000       0x27 ../../../../workspace2/NewBSP\libhal_bsp.a(alt_errno.o)
 .comment       0x00000000       0x27 ../../../../workspace2/NewBSP\libhal_bsp.a(alt_fstat.o)
 .comment       0x00000000       0x27 ../../../../workspace2/NewBSP\libhal_bsp.a(alt_irq_register.o)
 .comment       0x00000000       0x27 ../../../../workspace2/NewBSP\libhal_bsp.a(alt_irq_vars.o)
 .comment       0x00000000       0x27 ../../../../workspace2/NewBSP\libhal_bsp.a(alt_isatty.o)
 .comment       0x00000000       0x27 ../../../../workspace2/NewBSP\libhal_bsp.a(alt_load.o)
 .comment       0x00000000       0x27 ../../../../workspace2/NewBSP\libhal_bsp.a(alt_lseek.o)
 .comment       0x00000000       0x27 ../../../../workspace2/NewBSP\libhal_bsp.a(alt_main.o)
 .comment       0x00000000       0x27 ../../../../workspace2/NewBSP\libhal_bsp.a(alt_malloc_lock.o)
 .comment       0x00000000       0x27 ../../../../workspace2/NewBSP\libhal_bsp.a(alt_read.o)
 .comment       0x00000000       0x27 ../../../../workspace2/NewBSP\libhal_bsp.a(alt_release_fd.o)
 .comment       0x00000000       0x27 ../../../../workspace2/NewBSP\libhal_bsp.a(alt_sbrk.o)
 .comment       0x00000000       0x27 ../../../../workspace2/NewBSP\libhal_bsp.a(alt_write.o)
 .comment       0x00000000       0x27 ../../../../workspace2/NewBSP\libhal_bsp.a(alt_sys_init.o)
 .comment       0x00000000       0x27 ../../../../workspace2/NewBSP\libhal_bsp.a(altera_avalon_jtag_uart_fd.o)
 .comment       0x00000000       0x27 ../../../../workspace2/NewBSP\libhal_bsp.a(altera_avalon_jtag_uart_init.o)
 .comment       0x00000000       0x27 ../../../../workspace2/NewBSP\libhal_bsp.a(altera_avalon_jtag_uart_ioctl.o)
 .comment       0x00000000       0x27 ../../../../workspace2/NewBSP\libhal_bsp.a(altera_avalon_jtag_uart_read.o)
 .comment       0x00000000       0x27 ../../../../workspace2/NewBSP\libhal_bsp.a(altera_avalon_jtag_uart_write.o)
 .comment       0x00000000       0x27 ../../../../workspace2/NewBSP\libhal_bsp.a(altera_avalon_timer_sc.o)
 .comment       0x00000000       0x27 ../../../../workspace2/NewBSP\libhal_bsp.a(altera_up_avalon_character_lcd.o)
 .comment       0x00000000       0x27 ../../../../workspace2/NewBSP\libhal_bsp.a(altera_up_avalon_ps2.o)
 .comment       0x00000000       0x27 ../../../../workspace2/NewBSP\libhal_bsp.a(altera_up_avalon_video_character_buffer_with_dma.o)
 .comment       0x00000000       0x27 ../../../../workspace2/NewBSP\libhal_bsp.a(altera_up_avalon_video_pixel_buffer_dma.o)
 .comment       0x00000000       0x27 ../../../../workspace2/NewBSP\libhal_bsp.a(altera_up_ps2_keyboard.o)
 .comment       0x00000000       0x27 ../../../../workspace2/NewBSP\libhal_bsp.a(alt_alarm_start.o)
 .comment       0x00000000       0x27 ../../../../workspace2/NewBSP\libhal_bsp.a(alt_dcache_flush_all.o)
 .comment       0x00000000       0x27 ../../../../workspace2/NewBSP\libhal_bsp.a(alt_dev_llist_insert.o)
 .comment       0x00000000       0x27 ../../../../workspace2/NewBSP\libhal_bsp.a(alt_do_ctors.o)
 .comment       0x00000000       0x27 ../../../../workspace2/NewBSP\libhal_bsp.a(alt_do_dtors.o)
 .comment       0x00000000       0x27 ../../../../workspace2/NewBSP\libhal_bsp.a(alt_find_dev.o)
 .comment       0x00000000       0x27 ../../../../workspace2/NewBSP\libhal_bsp.a(alt_icache_flush_all.o)
 .comment       0x00000000       0x27 ../../../../workspace2/NewBSP\libhal_bsp.a(alt_io_redirect.o)
 .comment       0x00000000       0x27 ../../../../workspace2/NewBSP\libhal_bsp.a(alt_irq_handler.o)
 .comment       0x00000000       0x27 ../../../../workspace2/NewBSP\libhal_bsp.a(alt_open.o)
 .comment       0x00000000       0x27 ../../../../workspace2/NewBSP\libhal_bsp.a(alt_tick.o)
 .comment       0x00000000       0x27 ../../../../workspace2/NewBSP\libhal_bsp.a(altera_nios2_qsys_irq.o)
 .comment       0x00000000       0x27 ../../../../workspace2/NewBSP\libhal_bsp.a(alt_find_file.o)
 .comment       0x00000000       0x27 ../../../../workspace2/NewBSP\libhal_bsp.a(alt_get_fd.o)
 .comment       0x00000000       0x27 ../../../../workspace2/NewBSP\libhal_bsp.a(alt_icache_flush.o)
 .comment       0x00000000       0x27 c:/altera/12.0sp2/nios2eds/bin/gnu/h-i686-mingw32/bin/../lib/gcc/nios2-elf/4.1.2/../../../../nios2-elf/lib\libc.a(lib_a-atexit.o)
 .comment       0x00000000       0x27 c:/altera/12.0sp2/nios2eds/bin/gnu/h-i686-mingw32/bin/../lib/gcc/nios2-elf/4.1.2/../../../../nios2-elf/lib\libc.a(lib_a-exit.o)
 .comment       0x00000000       0x27 c:/altera/12.0sp2/nios2eds/bin/gnu/h-i686-mingw32/bin/../lib/gcc/nios2-elf/4.1.2/../../../../nios2-elf/lib\libc.a(lib_a-memcmp.o)
 .comment       0x00000000       0x27 c:/altera/12.0sp2/nios2eds/bin/gnu/h-i686-mingw32/bin/../lib/gcc/nios2-elf/4.1.2/../../../../nios2-elf/lib\libc.a(lib_a-__atexit.o)
 .comment       0x00000000       0x27 c:/altera/12.0sp2/nios2eds/bin/gnu/h-i686-mingw32/bin/../lib/gcc/nios2-elf/4.1.2/../../../../nios2-elf/lib\libc.a(lib_a-__call_atexit.o)
 .comment       0x00000000       0x27 ../../../../workspace2/NewBSP\libhal_bsp.a(alt_exit.o)

.debug
 *(.debug)

.line
 *(.line)

.debug_srcinfo
 *(.debug_srcinfo)

.debug_sfnames
 *(.debug_sfnames)

.debug_aranges  0x00000000      0xe18
 *(.debug_aranges)
 .debug_aranges
                0x00000000       0x28 ../../../../workspace2/NewBSP/obj/HAL/src/crt0.o
 .debug_aranges
                0x00000028       0x20 obj/default/KeyboardMain.o
 .debug_aranges
                0x00000048       0x20 obj/default/wk_io.o
 .debug_aranges
                0x00000068       0x20 obj/default/wk_kb.o
 .debug_aranges
                0x00000088       0x20 obj/default/wk_lcd.o
 .debug_aranges
                0x000000a8       0x20 obj/default/wk_video.o
 .debug_aranges
                0x000000c8       0x20 c:/altera/12.0sp2/nios2eds/bin/gnu/h-i686-mingw32/bin/../lib/gcc/nios2-elf/4.1.2/../../../../nios2-elf/lib\libc.a(lib_a-malloc.o)
 .debug_aranges
                0x000000e8       0x20 c:/altera/12.0sp2/nios2eds/bin/gnu/h-i686-mingw32/bin/../lib/gcc/nios2-elf/4.1.2/../../../../nios2-elf/lib\libc.a(lib_a-mallocr.o)
 .debug_aranges
                0x00000108       0x20 c:/altera/12.0sp2/nios2eds/bin/gnu/h-i686-mingw32/bin/../lib/gcc/nios2-elf/4.1.2/../../../../nios2-elf/lib\libc.a(lib_a-memcpy.o)
 .debug_aranges
                0x00000128       0x20 c:/altera/12.0sp2/nios2eds/bin/gnu/h-i686-mingw32/bin/../lib/gcc/nios2-elf/4.1.2/../../../../nios2-elf/lib\libc.a(lib_a-printf.o)
 .debug_aranges
                0x00000148       0x20 c:/altera/12.0sp2/nios2eds/bin/gnu/h-i686-mingw32/bin/../lib/gcc/nios2-elf/4.1.2/../../../../nios2-elf/lib\libc.a(lib_a-putchar.o)
 .debug_aranges
                0x00000168       0x20 c:/altera/12.0sp2/nios2eds/bin/gnu/h-i686-mingw32/bin/../lib/gcc/nios2-elf/4.1.2/../../../../nios2-elf/lib\libc.a(lib_a-puts.o)
 .debug_aranges
                0x00000188       0x20 c:/altera/12.0sp2/nios2eds/bin/gnu/h-i686-mingw32/bin/../lib/gcc/nios2-elf/4.1.2/../../../../nios2-elf/lib\libc.a(lib_a-sbrkr.o)
 .debug_aranges
                0x000001a8       0x20 c:/altera/12.0sp2/nios2eds/bin/gnu/h-i686-mingw32/bin/../lib/gcc/nios2-elf/4.1.2/../../../../nios2-elf/lib\libc.a(lib_a-strcpy.o)
 .debug_aranges
                0x000001c8       0x20 c:/altera/12.0sp2/nios2eds/bin/gnu/h-i686-mingw32/bin/../lib/gcc/nios2-elf/4.1.2/../../../../nios2-elf/lib\libc.a(lib_a-strlen.o)
 .debug_aranges