Archive member included because of file (symbol)

c:/altera/12.0sp2/nios2eds/bin/gnu/h-i686-mingw32/bin/../lib/gcc/nios2-elf/4.1.2/../../../../nios2-elf/lib\libc.a(lib_a-malloc.o)
                              obj/default/bitmap.o (free)
c:/altera/12.0sp2/nios2eds/bin/gnu/h-i686-mingw32/bin/../lib/gcc/nios2-elf/4.1.2/../../../../nios2-elf/lib\libc.a(lib_a-mallocr.o)
                              c:/altera/12.0sp2/nios2eds/bin/gnu/h-i686-mingw32/bin/../lib/gcc/nios2-elf/4.1.2/../../../../nios2-elf/lib\libc.a(lib_a-malloc.o) (_malloc_r)
c:/altera/12.0sp2/nios2eds/bin/gnu/h-i686-mingw32/bin/../lib/gcc/nios2-elf/4.1.2/../../../../nios2-elf/lib\libc.a(lib_a-memcpy.o)
                              obj/default/wk_lcd.o (memcpy)
c:/altera/12.0sp2/nios2eds/bin/gnu/h-i686-mingw32/bin/../lib/gcc/nios2-elf/4.1.2/../../../../nios2-elf/lib\libc.a(lib_a-memset.o)
                              obj/default/DrawMain.o (memset)
c:/altera/12.0sp2/nios2eds/bin/gnu/h-i686-mingw32/bin/../lib/gcc/nios2-elf/4.1.2/../../../../nios2-elf/lib\libc.a(lib_a-printf.o)
                              obj/default/DrawMain.o (printf)
c:/altera/12.0sp2/nios2eds/bin/gnu/h-i686-mingw32/bin/../lib/gcc/nios2-elf/4.1.2/../../../../nios2-elf/lib\libc.a(lib_a-putchar.o)
                              obj/default/sdcard.o (putchar)
c:/altera/12.0sp2/nios2eds/bin/gnu/h-i686-mingw32/bin/../lib/gcc/nios2-elf/4.1.2/../../../../nios2-elf/lib\libc.a(lib_a-puts.o)
                              obj/default/DrawMain.o (puts)
c:/altera/12.0sp2/nios2eds/bin/gnu/h-i686-mingw32/bin/../lib/gcc/nios2-elf/4.1.2/../../../../nios2-elf/lib\libc.a(lib_a-rand.o)
                              obj/default/DrawMain.o (srand)
c:/altera/12.0sp2/nios2eds/bin/gnu/h-i686-mingw32/bin/../lib/gcc/nios2-elf/4.1.2/../../../../nios2-elf/lib\libc.a(lib_a-sbrkr.o)
                              c:/altera/12.0sp2/nios2eds/bin/gnu/h-i686-mingw32/bin/../lib/gcc/nios2-elf/4.1.2/../../../../nios2-elf/lib\libc.a(lib_a-mallocr.o) (_sbrk_r)
c:/altera/12.0sp2/nios2eds/bin/gnu/h-i686-mingw32/bin/../lib/gcc/nios2-elf/4.1.2/../../../../nios2-elf/lib\libc.a(lib_a-sprintf.o)
                              obj/default/DrawMain.o (sprintf)
c:/altera/12.0sp2/nios2eds/bin/gnu/h-i686-mingw32/bin/../lib/gcc/nios2-elf/4.1.2/../../../../nios2-elf/lib\libc.a(lib_a-strcat.o)
                              obj/default/DrawMain.o (strcat)
c:/altera/12.0sp2/nios2eds/bin/gnu/h-i686-mingw32/bin/../lib/gcc/nios2-elf/4.1.2/../../../../nios2-elf/lib\libc.a(lib_a-strcpy.o)
                              obj/default/wk_lcd.o (strcpy)
c:/altera/12.0sp2/nios2eds/bin/gnu/h-i686-mingw32/bin/../lib/gcc/nios2-elf/4.1.2/../../../../nios2-elf/lib\libc.a(lib_a-strlen.o)
                              obj/default/wk_lcd.o (strlen)
c:/altera/12.0sp2/nios2eds/bin/gnu/h-i686-mingw32/bin/../lib/gcc/nios2-elf/4.1.2/../../../../nios2-elf/lib\libc.a(lib_a-vfprintf.o)
                              c:/altera/12.0sp2/nios2eds/bin/gnu/h-i686-mingw32/bin/../lib/gcc/nios2-elf/4.1.2/../../../../nios2-elf/lib\libc.a(lib_a-printf.o) (___vfprintf_internal_r)
c:/altera/12.0sp2/nios2eds/bin/gnu/h-i686-mingw32/bin/../lib/gcc/nios2-elf/4.1.2/../../../../nios2-elf/lib\libc.a(lib_a-wsetup.o)
                              c:/altera/12.0sp2/nios2eds/bin/gnu/h-i686-mingw32/bin/../lib/gcc/nios2-elf/4.1.2/../../../../nios2-elf/lib\libc.a(lib_a-vfprintf.o) (__swsetup_r)
c:/altera/12.0sp2/nios2eds/bin/gnu/h-i686-mingw32/bin/../lib/gcc/nios2-elf/4.1.2/../../../../nios2-elf/lib\libc.a(lib_a-dtoa.o)
                              c:/altera/12.0sp2/nios2eds/bin/gnu/h-i686-mingw32/bin/../lib/gcc/nios2-elf/4.1.2/../../../../nios2-elf/lib\libc.a(lib_a-vfprintf.o) (_dtoa_r)
c:/altera/12.0sp2/nios2eds/bin/gnu/h-i686-mingw32/bin/../lib/gcc/nios2-elf/4.1.2/../../../../nios2-elf/lib\libc.a(lib_a-fflush.o)
                              c:/altera/12.0sp2/nios2eds/bin/gnu/h-i686-mingw32/bin/../lib/gcc/nios2-elf/4.1.2/../../../../nios2-elf/lib\libc.a(lib_a-vfprintf.o) (_fflush_r)
c:/altera/12.0sp2/nios2eds/bin/gnu/h-i686-mingw32/bin/../lib/gcc/nios2-elf/4.1.2/../../../../nios2-elf/lib\libc.a(lib_a-findfp.o)
                              c:/altera/12.0sp2/nios2eds/bin/gnu/h-i686-mingw32/bin/../lib/gcc/nios2-elf/4.1.2/../../../../nios2-elf/lib\libc.a(lib_a-vfprintf.o) (__sinit)
c:/altera/12.0sp2/nios2eds/bin/gnu/h-i686-mingw32/bin/../lib/gcc/nios2-elf/4.1.2/../../../../nios2-elf/lib\libc.a(lib_a-freer.o)
                              c:/altera/12.0sp2/nios2eds/bin/gnu/h-i686-mingw32/bin/../lib/gcc/nios2-elf/4.1.2/../../../../nios2-elf/lib\libc.a(lib_a-malloc.o) (_free_r)
c:/altera/12.0sp2/nios2eds/bin/gnu/h-i686-mingw32/bin/../lib/gcc/nios2-elf/4.1.2/../../../../nios2-elf/lib\libc.a(lib_a-fvwrite.o)
                              c:/altera/12.0sp2/nios2eds/bin/gnu/h-i686-mingw32/bin/../lib/gcc/nios2-elf/4.1.2/../../../../nios2-elf/lib\libc.a(lib_a-puts.o) (__sfvwrite_r)
[...]
Memory Configuration

Name             Origin             Length             Attributes
reset            0x01000000         0x00000020
sdram            0x01000020         0x007fffe0
*default*        0x00000000         0xffffffff

Linker script and memory map

LOAD ../../../../workspace2/NewBSP/obj/HAL/src/crt0.o
LOAD obj/default/DrawMain.o
LOAD obj/default/bitmap.o
LOAD obj/default/drawBg.o
LOAD obj/default/sdcard.o
LOAD obj/default/wk_io.o
LOAD obj/default/wk_kb.o
LOAD obj/default/wk_lcd.o
LOAD obj/default/wk_video.o
LOAD c:/altera/12.0sp2/nios2eds/bin/gnu/h-i686-mingw32/bin/../lib/gcc/nios2-elf/4.1.2/../../../../nios2-elf/lib\libstdc++.a
LOAD c:/altera/12.0sp2/nios2eds/bin/gnu/h-i686-mingw32/bin/../lib/gcc/nios2-elf/4.1.2/../../../../nios2-elf/lib\libm.a
LOAD c:/altera/12.0sp2/nios2eds/bin/gnu/h-i686-mingw32/bin/../lib/gcc/nios2-elf/4.1.2\libgcc.a
START GROUP
LOAD c:/altera/12.0sp2/nios2eds/bin/gnu/h-i686-mingw32/bin/../lib/gcc/nios2-elf/4.1.2/../../../../nios2-elf/lib\libc.a
LOAD c:/altera/12.0sp2/nios2eds/bin/gnu/h-i686-mingw32/bin/../lib/gcc/nios2-elf/4.1.2\libgcc.a
LOAD ../../../../workspace2/NewBSP\libhal_bsp.a
END GROUP
LOAD c:/altera/12.0sp2/nios2eds/bin/gnu/h-i686-mingw32/bin/../lib/gcc/nios2-elf/4.1.2\libgcc.a
                0x01000000                __alt_mem_sdram = 0x1000000

.entry          0x01000000       0x20
 *(.entry)
 .entry         0x01000000       0x20 ../../../../workspace2/NewBSP/obj/HAL/src/crt0.o
                0x01000000                __reset

.exceptions     0x01000020      0x164
                0x01000020                PROVIDE (__ram_exceptions_start, ABSOLUTE (.))
                0x01000020                . = ALIGN (0x20)
 *(.irq)
 *(.exceptions.entry.label)
 .exceptions.entry.label
                0x01000020        0x0 ../../../../workspace2/NewBSP\libhal_bsp.a(alt_irq_entry.o)
                0x01000020                alt_irq_entry
 .exceptions.entry.label
                0x01000020        0x0 ../../../../workspace2/NewBSP\libhal_bsp.a(alt_exception_entry.o)
                0x01000020                alt_exception
 *(.exceptions.entry.user)
 *(.exceptions.entry)
 .exceptions.entry
                0x01000020       0x54 ../../../../workspace2/NewBSP\libhal_bsp.a(alt_exception_entry.o)
 *(.exceptions.irqtest.user)
 *(.exceptions.irqtest)
 .exceptions.irqtest
                0x01000074       0x10 ../../../../workspace2/NewBSP\libhal_bsp.a(alt_irq_entry.o)
 *(.exceptions.irqhandler.user)
 *(.exceptions.irqhandler)
 .exceptions.irqhandler
                0x01000084        0x4 ../../../../workspace2/NewBSP\libhal_bsp.a(alt_irq_entry.o)
 *(.exceptions.irqreturn.user)
 *(.exceptions.irqreturn)
 .exceptions.irqreturn
                0x01000088        0x4 ../../../../workspace2/NewBSP\libhal_bsp.a(alt_irq_entry.o)
 *(.exceptions.notirq.label)
 .exceptions.notirq.label
                0x0100008c        0x0 ../../../../workspace2/NewBSP\libhal_bsp.a(alt_irq_entry.o)
 *(.exceptions.notirq.user)
 *(.exceptions.notirq)
 .exceptions.notirq
                0x0100008c        0x8 ../../../../workspace2/NewBSP\libhal_bsp.a(alt_exception_entry.o)
 *(.exceptions.soft.user)
 *(.exceptions.soft)
 *(.exceptions.unknown.user)
 *(.exceptions.unknown)
 .exceptions.unknown
                0x01000094        0x4 ../../../../workspace2/NewBSP\libhal_bsp.a(alt_exception_entry.o)
 *(.exceptions.exit.label)
 .exceptions.exit.label
                0x01000098        0x0 ../../../../workspace2/NewBSP\libhal_bsp.a(alt_irq_entry.o)
 .exceptions.exit.label
                0x01000098        0x0 ../../../../workspace2/NewBSP\libhal_bsp.a(alt_exception_entry.o)
 *(.exceptions.exit.user)
 *(.exceptions.exit)
 .exceptions.exit
                0x01000098       0x54 ../../../../workspace2/NewBSP\libhal_bsp.a(alt_exception_entry.o)
 *(.exceptions)
 .exceptions    0x010000ec       0x98 ../../../../workspace2/NewBSP\libhal_bsp.a(alt_irq_handler.o)
                0x010000ec                alt_irq_handler
                0x01000184                PROVIDE (__ram_exceptions_end, ABSOLUTE (.))
                0x01000020                PROVIDE (__flash_exceptions_start, LOADADDR (.exceptions))

.text           0x01000184    0x120dc
                0x01000184                PROVIDE (stext, ABSOLUTE (.))
 *(.interp)
 *(.hash)
 *(.dynsym)
 *(.dynstr)
 *(.gnu.version)
 *(.gnu.version_d)
 *(.gnu.version_r)
 *(.rel.init)
 *(.rela.init)
 *(.rel.text .rel.text.* .rel.gnu.linkonce.t.*)
 *(.rela.text .rela.text.* .rela.gnu.linkonce.t.*)
 *(.rel.fini)
 *(.rela.fini)
 *(.rel.rodata .rel.rodata.* .rel.gnu.linkonce.r.*)
 *(.rela.rodata .rela.rodata.* .rela.gnu.linkonce.r.*)
 *(.rel.data .rel.data.* .rel.gnu.linkonce.d.*)
 *(.rela.data .rela.data.* .rela.gnu.linkonce.d.*)
 *(.rel.tdata .rel.tdata.* .rel.gnu.linkonce.td.*)
 *(.rela.tdata .rela.tdata.* .rela.gnu.linkonce.td.*)
 *(.rel.tbss .rel.tbss.* .rel.gnu.linkonce.tb.*)
 *(.rela.tbss .rela.tbss.* .rela.gnu.linkonce.tb.*)
 *(.rel.ctors)
 *(.rela.ctors)
 *(.rel.dtors)
 *(.rela.dtors)
 *(.rel.got)
 *(.rela.got)
 *(.rel.sdata .rel.sdata.* .rel.gnu.linkonce.s.*)
 *(.rela.sdata .rela.sdata.* .rela.gnu.linkonce.s.*)
 *(.rel.sbss .rel.sbss.* .rel.gnu.linkonce.sb.*)
 *(.rela.sbss .rela.sbss.* .rela.gnu.linkonce.sb.*)
 *(.rel.sdata2 .rel.sdata2.* .rel.gnu.linkonce.s2.*)
 *(.rela.sdata2 .rela.sdata2.* .rela.gnu.linkonce.s2.*)
 *(.rel.sbss2 .rel.sbss2.* .rel.gnu.linkonce.sb2.*)
 *(.rela.sbss2 .rela.sbss2.* .rela.gnu.linkonce.sb2.*)
 *(.rel.bss .rel.bss.* .rel.gnu.linkonce.b.*)
 *(.rela.bss .rela.bss.* .rela.gnu.linkonce.b.*)
 *(.rel.plt)
 *(.rela.plt)
 *(.rel.dyn)
 *(.init)
 *(.plt)
 *(.text .stub .text.* .gnu.linkonce.t.*)
 .text          0x01000184       0x4c ../../../../workspace2/NewBSP/obj/HAL/src/crt0.o
                0x01000184                _start
 .text          0x010001d0      0xa84 obj/default/DrawMain.o
                0x010001d0                draw
                0x010001f8                key_hit
                0x0100022c                display_score
                0x01000440                main
 .text          0x01000c54      0x708 obj/default/bitmap.o
                0x01000c54                bitmap_getBmp
                0x01000e84                bitmap_to16bit
                0x01000fc4                bitmap_drawToScr
                0x01001138                scrolling_bgDrawToScr
                0x010012c8                bitmap_makeScrolling
 .text          0x0100135c      0x790 obj/default/drawBg.o
                0x0100135c                drawBg
                0x010013e4                drawSprite
                0x01001644                makeNPC
                0x01001840                bitmap_drawNPCs
                0x010019ec                drawNPCs
 .text          0x01001aec      0x488 obj/default/sdcard.o
                0x01001aec                sdcard_init
                0x01001b24                sdcard_present
                0x01001b58                sdcard_FAT16
                0x01001b8c                sdcard_get_first_file
                0x01001bcc                sdcard_get_next_file
                0x01001c04                sdcard_list
                0x01001c90                sdcard_fopen
                0x01001cd0                sdcard_readbyte
                0x01001d08                sdcard_filesize
                0x01001d6c                sdcard_readfile
                0x01001dec                sdcard_printarray
                0x01001e7c                sdcard_writefile
                0x01001f0c                sdcard_fattributes
                0x01001f44                sdcard_fclose
 .text          0x01001f74      0x5b4 obj/default/wk_io.o
                0x01001f74                initHex
                0x0100201c                hexPrintNum
                0x010024c4                clrHex
 .text          0x01002528      0x4f4 obj/default/wk_kb.o
                0x01002528                initKb
                0x01002730                getchKb
                0x01002868                readFromKb
 .text          0x01002a1c      0x2bc obj/default/wk_lcd.o
                0x01002a1c                lcdInit
                0x01002aa0                lcdPrint
                0x01002b68                lcdLineSet
                0x01002c58                lcdClrScr
 .text          0x01002cd8      0x450 obj/default/wk_video.o
                0x01002cd8                charInit
                0x01002d18                pixelInit
                0x01002d80                clrScr
                0x01002dc0                fillScr
                0x01002e18                drawLine
                0x01002ee0                drawBox
                0x01002f7c                drawPoly
                0x01003074                swapBuffer
                0x010030b4                mkColor
 .text          0x01003128       0x28 c:/altera/12.0sp2/nios2eds/bin/gnu/h-i686-mingw32/bin/../lib/gcc/nios2-elf/4.1.2/../../../../nios2-elf/lib\libc.a(lib_a-malloc.o)
                0x01003128                free
                0x0100313c                malloc
 .text          0x01003150      0x740 c:/altera/12.0sp2/nios2eds/bin/gnu/h-i686-mingw32/bin/../lib/gcc/nios2-elf/4.1.2/../../../../nios2-elf/lib\libc.a(lib_a-mallocr.o)
                0x01003150                _malloc_r
 .text          0x01003890       0xa0 c:/altera/12.0sp2/nios2eds/bin/gnu/h-i686-mingw32/bin/../lib/gcc/nios2-elf/4.1.2/../../../../nios2-elf/lib\libc.a(lib_a-memcpy.o)
                0x01003890                memcpy
 .text          0x01003930       0x98 c:/altera/12.0sp2/nios2eds/bin/gnu/h-i686-mingw32/bin/../lib/gcc/nios2-elf/4.1.2/../../../../nios2-elf/lib\libc.a(lib_a-memset.o)
                0x01003930                memset
 .text          0x010039c8       0x78 c:/altera/12.0sp2/nios2eds/bin/gnu/h-i686-mingw32/bin/../lib/gcc/nios2-elf/4.1.2/../../../../nios2-elf/lib\libc.a(lib_a-printf.o)
                0x010039c8                printf
                0x01003a0c                _printf_r
 .text          0x01003a40       0x24 c:/altera/12.0sp2/nios2eds/bin/gnu/h-i686-mingw32/bin/../lib/gcc/nios2-elf/4.1.2/../../../../nios2-elf/lib\libc.a(lib_a-putchar.o)
                0x01003a40                putchar
                0x01003a5c                _putchar_r
 .text          0x01003a64       0xb4 c:/altera/12.0sp2/nios2eds/bin/gnu/h-i686-mingw32/bin/../lib/gcc/nios2-elf/4.1.2/../../../../nios2-elf/lib\libc.a(lib_a-puts.o)
                0x01003a64                _puts_r
                0x01003b04                puts
 .text          0x01003b18       0x94 c:/altera/12.0sp2/nios2eds/bin/gnu/h-i686-mingw32/bin/../lib/gcc/nios2-elf/4.1.2/../../../../nios2-elf/lib\libc.a(lib_a-rand.o)
                0x01003b18                srand
                0x01003b34                rand
 .text          0x01003bac       0x70 c:/altera/12.0sp2/nios2eds/bin/gnu/h-i686-mingw32/bin/../lib/gcc/nios2-elf/4.1.2/../../../../nios2-elf/lib\libc.a(lib_a-sbrkr.o)
                0x01003bac                _sbrk_r
 .text          0x01003c1c       0xd4 c:/altera/12.0sp2/nios2eds/bin/gnu/h-i686-mingw32/bin/../lib/gcc/nios2-elf/4.1.2/../../../../nios2-elf/lib\libc.a(lib_a-sprintf.o)
                0x01003c1c                sprintf
                0x01003c90                _sprintf_r
 .text          0x01003cf0       0x90 c:/altera/12.0sp2/nios2eds/bin/gnu/h-i686-mingw32/bin/../lib/gcc/nios2-elf/4.1.2/../../../../nios2-elf/lib\libc.a(lib_a-strcat.o)
                0x01003cf0                strcat
 .text          0x01003d80       0x8c c:/altera/12.0sp2/nios2eds/bin/gnu/h-i686-mingw32/bin/../lib/gcc/nios2-elf/4.1.2/../../../../nios2-elf/lib\libc.a(lib_a-strcpy.o)
                0x01003d80                strcpy
 .text          0x01003e0c       0x74 c:/altera/12.0sp2/nios2eds/bin/gnu/h-i686-mingw32/bin/../lib/gcc/nios2-elf/4.1.2/../../../../nios2-elf/lib\libc.a(lib_a-strlen.o)
                0x01003e0c                strlen
 .text          0x01003e80     0x1f28 c:/altera/12.0sp2/nios2eds/bin/gnu/h-i686-mingw32/bin/../lib/gcc/nios2-elf/4.1.2/../../../../nios2-elf/lib\libc.a(lib_a-vfprintf.o)
                0x01003ed8                ___vfprintf_internal_r
                0x01005d84                __vfprintf_internal
 .text          0x01005da8      0x13c c:/altera/12.0sp2/nios2eds/bin/gnu/h-i686-mingw32/bin/../lib/gcc/nios2-elf/4.1.2/../../../../nios2-elf/lib\libc.a(lib_a-wsetup.o)
                0x01005da8                __swsetup_r
 .text          0x01005ee4     0x17cc c:/altera/12.0sp2/nios2eds/bin/gnu/h-i686-mingw32/bin/../lib/gcc/nios2-elf/4.1.2/../../../../nios2-elf/lib\libc.a(lib_a-dtoa.o)
                0x010060fc                _dtoa_r
 .text          0x010076b0      0x230 c:/altera/12.0sp2/nios2eds/bin/gnu/h-i686-mingw32/bin/../lib/gcc/nios2-elf/4.1.2/../../../../nios2-elf/lib\libc.a(lib_a-fflush.o)
                0x010076b0                _fflush_r
                0x010078ac                fflush
 .text          0x010078e0      0x2c0 c:/altera/12.0sp2/nios2eds/bin/gnu/h-i686-mingw32/bin/../lib/gcc/nios2-elf/4.1.2/../../../../nios2-elf/lib\libc.a(lib_a-findfp.o)
                0x01007938                __sfp_lock_acquire
                0x0100793c                __sfp_lock_release
                0x01007940                __sinit_lock_acquire
                0x01007944                __sinit_lock_release
                0x01007948                __sinit
                0x010079fc                __fp_unlock_all
                0x01007a14                __fp_lock_all
                0x01007a2c                _cleanup_r
                0x01007a38                _cleanup
                0x01007a48                __sfmoreglue
                0x01007ab0                __sfp
 .text          0x01007ba0      0x440 c:/altera/12.0sp2/nios2eds/bin/gnu/h-i686-mingw32/bin/../lib/gcc/nios2-elf/4.1.2/../../../../nios2-elf/lib\libc.a(lib_a-freer.o)
                0x01007ba0                _malloc_trim_r
                0x01007ccc                _free_r
 .text          0x01007fe0      0x49c c:/altera/12.0sp2/nios2eds/bin/gnu/h-i686-mingw32/bin/../lib/gcc/nios2-elf/4.1.2/../../../../nios2-elf/lib\libc.a(lib_a-fvwrite.o)
                0x01007fe0                __sfvwrite_r
 .text          0x0100847c      0x180 c:/altera/12.0sp2/nios2eds/bin/gnu/h-i686-mingw32/bin/../lib/gcc/nios2-elf/4.1.2/../../../../nios2-elf/lib\libc.a(lib_a-fwalk.o)
                0x0100847c                _fwalk_reent
                0x01008544                _fwalk
 .text          0x010085fc        0x0 c:/altera/12.0sp2/nios2eds/bin/gnu/h-i686-mingw32/bin/../lib/gcc/nios2-elf/4.1.2/../../../../nios2-elf/lib\libc.a(lib_a-impure.o)
 .text          0x010085fc        0x0 c:/altera/12.0sp2/nios2eds/bin/gnu/h-i686-mingw32/bin/../lib/gcc/nios2-elf/4.1.2/../../../../nios2-elf/lib\libc.a(lib_a-int_errno.o)
 .text          0x010085fc       0xc4 c:/altera/12.0sp2/nios2eds/bin/gnu/h-i686-mingw32/bin/../lib/gcc/nios2-elf/4.1.2/../../../../nios2-elf/lib\libc.a(lib_a-locale.o)
                0x010085fc                __locale_charset
                0x01008604                _localeconv_r
                0x01008610                localeconv
                0x01008620                _setlocale_r
                0x010086a4                setlocale
 .text          0x010086c0      0x194 c:/altera/12.0sp2/nios2eds/bin/gnu/h-i686-mingw32/bin/../lib/gcc/nios2-elf/4.1.2/../../../../nios2-elf/lib\libc.a(lib_a-makebuf.o)
                0x010086c0                __smakebuf_r
 .text          0x01008854       0xe4 c:/altera/12.0sp2/nios2eds/bin/gnu/h-i686-mingw32/bin/../lib/gcc/nios2-elf/4.1.2/../../../../nios2-elf/lib\libc.a(lib_a-memchr.o)
                0x01008854                memchr
 .text          0x01008938       0xe0 c:/altera/12.0sp2/nios2eds/bin/gnu/h-i686-mingw32/bin/../lib/gcc/nios2-elf/4.1.2/../../../../nios2-elf/lib\libc.a(lib_a-memmove.o)
                0x01008938                memmove
 .text          0x01008a18      0xff4 c:/altera/12.0sp2/nios2eds/bin/gnu/h-i686-mingw32/bin/../lib/gcc/nios2-elf/4.1.2/../../../../nios2-elf/lib\libc.a(lib_a-mprec.o)
                0x01008a18                _Bfree
                0x01008a40                __hi0bits
                0x01008ab0                __lo0bits
                0x01008b74                __mcmp
                0x01008bd4                __ulp
                0x01008c54                __b2d
                0x01008d74                __ratio
                0x01008e24                _mprec_log10
                0x01008eb8                __copybits
                0x01008f10                __any_on
                0x01008f98                _Balloc
                0x01009054                __d2b
                0x010091d0                __mdiff
                0x0100935c                __lshift
                0x010094a8                __multiply
                0x01009690                __i2b
                0x010096cc                __multadd
                0x010097cc                __pow5mult
                0x010098ec                __s2b
 .text          0x01009a0c      0x1ec c:/altera/12.0sp2/nios2eds/bin/gnu/h-i686-mingw32/bin/../lib/gcc/nios2-elf/4.1.2/../../../../nios2-elf/lib\libc.a(lib_a-putc.o)
                0x01009a0c                putc
                0x01009b10                _putc_r
 .text          0x01009bf8      0x5f4 c:/altera/12.0sp2/nios2eds/bin/gnu/h-i686-mingw32/bin/../lib/gcc/nios2-elf/4.1.2/../../../../nios2-elf/lib\libc.a(lib_a-reallocr.o)
                0x01009bf8                _realloc_r
 .text          0x0100a1ec       0x40 c:/altera/12.0sp2/nios2eds/bin/gnu/h-i686-mingw32/bin/../lib/gcc/nios2-elf/4.1.2/../../../../nios2-elf/lib\libc.a(lib_a-s_isinfd.o)
                0x0100a1ec                __isinfd
 .text          0x0100a22c       0x30 c:/altera/12.0sp2/nios2eds/bin/gnu/h-i686-mingw32/bin/../lib/gcc/nios2-elf/4.1.2/../../../../nios2-elf/lib\libc.a(lib_a-s_isnand.o)
                0x0100a22c                __isnand
 .text          0x0100a25c      0x14c c:/altera/12.0sp2/nios2eds/bin/gnu/h-i686-mingw32/bin/../lib/gcc/nios2-elf/4.1.2/../../../../nios2-elf/lib\libc.a(lib_a-stdio.o)
                0x0100a25c                __sclose
                0x0100a264                __sseek
                0x0100a2cc                __swrite
                0x0100a348                __sread
 .text          0x0100a3a8       0xbc c:/altera/12.0sp2/nios2eds/bin/gnu/h-i686-mingw32/bin/../lib/gcc/nios2-elf/4.1.2/../../../../nios2-elf/lib\libc.a(lib_a-strcmp.o)
                0x0100a3a8                strcmp
 .text          0x0100a464      0x14c c:/altera/12.0sp2/nios2eds/bin/gnu/h-i686-mingw32/bin/../lib/gcc/nios2-elf/4.1.2/../../../../nios2-elf/lib\libc.a(lib_a-wbuf.o)
                0x0100a464                __swbuf_r
                0x0100a594                __swbuf
 .text          0x0100a5b0       0x78 c:/altera/12.0sp2/nios2eds/bin/gnu/h-i686-mingw32/bin/../lib/gcc/nios2-elf/4.1.2/../../../../nios2-elf/lib\libc.a(lib_a-writer.o)
                0x0100a5b0                _write_r
 .text          0x0100a628       0xb4 c:/altera/12.0sp2/nios2eds/bin/gnu/h-i686-mingw32/bin/../lib/gcc/nios2-elf/4.1.2/../../../../nios2-elf/lib\libc.a(lib_a-callocr.o)
                0x0100a628                _calloc_r
 .text          0x0100a6dc       0x70 c:/altera/12.0sp2/nios2eds/bin/gnu/h-i686-mingw32/bin/../lib/gcc/nios2-elf/4.1.2/../../../../nios2-elf/lib\libc.a(lib_a-closer.o)
                0x0100a6dc                _close_r
 .text          0x0100a74c      0x124 c:/altera/12.0sp2/nios2eds/bin/gnu/h-i686-mingw32/bin/../lib/gcc/nios2-elf/4.1.2/../../../../nios2-elf/lib\libc.a(lib_a-fclose.o)
                0x0100a74c                _fclose_r
                0x0100a85c                fclose
 .text          0x0100a870       0x74 c:/altera/12.0sp2/nios2eds/bin/gnu/h-i686-mingw32/bin/../lib/gcc/nios2-elf/4.1.2/../../../../nios2-elf/lib\libc.a(lib_a-fstatr.o)
                0x0100a870                _fstat_r
 .text          0x0100a8e4       0x70 c:/altera/12.0sp2/nios2eds/bin/gnu/h-i686-mingw32/bin/../lib/gcc/nios2-elf/4.1.2/../../../../nios2-elf/lib\libc.a(lib_a-isattyr.o)
                0x0100a8e4                _isatty_r
 .text          0x0100a954       0x78 c:/altera/12.0sp2/nios2eds/bin/gnu/h-i686-mingw32/bin/../lib/gcc/nios2-elf/4.1.2/../../../../nios2-elf/lib\libc.a(lib_a-lseekr.o)
                0x0100a954                _lseek_r
 .text          0x0100a9cc       0x78 c:/altera/12.0sp2/nios2eds/bin/gnu/h-i686-mingw32/bin/../lib/gcc/nios2-elf/4.1.2/../../../../nios2-elf/lib\libc.a(lib_a-readr.o)
                0x0100a9cc                _read_r
 .text          0x0100aa44       0x98 c:/altera/12.0sp2/nios2eds/bin/gnu/h-i686-mingw32/bin/../lib/gcc/nios2-elf/4.1.2\libgcc.a(_muldi3.o)
                0x0100aa44                __muldi3
 .text          0x0100aadc      0x5dc c:/altera/12.0sp2/nios2eds/bin/gnu/h-i686-mingw32/bin/../lib/gcc/nios2-elf/4.1.2\libgcc.a(_udivdi3.o)
                0x0100aadc                __udivdi3
 .text          0x0100b0b8      0x5b0 c:/altera/12.0sp2/nios2eds/bin/gnu/h-i686-mingw32/bin/../lib/gcc/nios2-elf/4.1.2\libgcc.a(_umoddi3.o)
                0x0100b0b8                __umoddi3
 .text          0x0100b668      0x504 c:/altera/12.0sp2/nios2eds/bin/gnu/h-i686-mingw32/bin/../lib/gcc/nios2-elf/4.1.2\libgcc.a(_addsub_df.o)
                0x0100ba78                __subdf3
                0x0100baf8                __adddf3
 .text          0x0100bb6c      0x3c4 c:/altera/12.0sp2/nios2eds/bin/gnu/h-i686-mingw32/bin/../lib/gcc/nios2-elf/4.1.2\libgcc.a(_mul_df.o)
                0x0100bb6c                __muldf3
 .text          0x0100bf30      0x258 c:/altera/12.0sp2/nios2eds/bin/gnu/h-i686-mingw32/bin/../lib/gcc/nios2-elf/4.1.2\libgcc.a(_div_df.o)
                0x0100bf30                __divdf3
 .text          0x0100c188       0x88 c:/altera/12.0sp2/nios2eds/bin/gnu/h-i686-mingw32/bin/../lib/gcc/nios2-elf/4.1.2\libgcc.a(_eq_df.o)
                0x0100c188                __eqdf2
 .text          0x0100c210       0x88 c:/altera/12.0sp2/nios2eds/bin/gnu/h-i686-mingw32/bin/../lib/gcc/nios2-elf/4.1.2\libgcc.a(_ne_df.o)
                0x0100c210                __nedf2
 .text          0x0100c298       0x88 c:/altera/12.0sp2/nios2eds/bin/gnu/h-i686-mingw32/bin/../lib/gcc/nios2-elf/4.1.2\libgcc.a(_gt_df.o)
                0x0100c298                __gtdf2
 .text          0x0100c320       0x88 c:/altera/12.0sp2/nios2eds/bin/gnu/h-i686-mingw32/bin/../lib/gcc/nios2-elf/4.1.2\libgcc.a(_ge_df.o)
                0x0100c320                __gedf2
 .text          0x0100c3a8       0x88 c:/altera/12.0sp2/nios2eds/bin/gnu/h-i686-mingw32/bin/../lib/gcc/nios2-elf/4.1.2\libgcc.a(_lt_df.o)
                0x0100c3a8                __ltdf2
 .text          0x0100c430       0xf8 c:/altera/12.0sp2/nios2eds/bin/gnu/h-i686-mingw32/bin/../lib/gcc/nios2-elf/4.1.2\libgcc.a(_si_to_df.o)
                0x0100c430                __floatsidf
 .text          0x0100c528       0xd8 c:/altera/12.0sp2/nios2eds/bin/gnu/h-i686-mingw32/bin/../lib/gcc/nios2-elf/4.1.2\libgcc.a(_df_to_si.o)
                0x0100c528                __fixdfsi
 .text          0x0100c600        0x0 c:/altera/12.0sp2/nios2eds/bin/gnu/h-i686-mingw32/bin/../lib/gcc/nios2-elf/4.1.2\libgcc.a(_thenan_df.o)
 .text          0x0100c600      0x194 c:/altera/12.0sp2/nios2eds/bin/gnu/h-i686-mingw32/bin/../lib/gcc/nios2-elf/4.1.2\libgcc.a(_usi_to_df.o)
                0x0100c600                __floatunsidf
 .text          0x0100c794      0x14c c:/altera/12.0sp2/nios2eds/bin/gnu/h-i686-mingw32/bin/../lib/gcc/nios2-elf/4.1.2\libgcc.a(lib2-divmod.o)
                0x0100c810                __divsi3
                0x0100c870                __modsi3
                0x0100c8d0                __udivsi3
                0x0100c8d8                __umodsi3
 .text          0x0100c8e0        0x0 c:/altera/12.0sp2/nios2eds/bin/gnu/h-i686-mingw32/bin/../lib/gcc/nios2-elf/4.1.2\libgcc.a(_clz.o)
 .text          0x0100c8e0       0x80 c:/altera/12.0sp2/nios2eds/bin/gnu/h-i686-mingw32/bin/../lib/gcc/nios2-elf/4.1.2\libgcc.a(_clzsi2.o)
                0x0100c8e0                __clzsi2
 .text          0x0100c960      0x314 c:/altera/12.0sp2/nios2eds/bin/gnu/h-i686-mingw32/bin/../lib/gcc/nios2-elf/4.1.2\libgcc.a(_pack_df.o)
                0x0100c960                __pack_d
 .text          0x0100cc74      0x138 c:/altera/12.0sp2/nios2eds/bin/gnu/h-i686-mingw32/bin/../lib/gcc/nios2-elf/4.1.2\libgcc.a(_unpack_df.o)
                0x0100cc74                __unpack_d
 .text          0x0100cdac       0xc8 c:/altera/12.0sp2/nios2eds/bin/gnu/h-i686-mingw32/bin/../lib/gcc/nios2-elf/4.1.2\libgcc.a(_fpcmp_parts_df.o)
                0x0100cdac                __fpcmp_parts_d
 .text          0x0100ce74       0x94 ../../../../workspace2/NewBSP\libhal_bsp.a(alt_alarm_start.o)
                0x0100ce74                alt_alarm_start
 .text          0x0100cf08       0xf0 ../../../../workspace2/NewBSP\libhal_bsp.a(alt_close.o)
                0x0100cf08                close
 .text          0x0100cff8        0x8 ../../../../workspace2/NewBSP\libhal_bsp.a(alt_dev.o)
 .text          0x0100d000        0x0 ../../../../workspace2/NewBSP\libhal_bsp.a(alt_errno.o)
 .text          0x0100d000       0x90 ../../../../workspace2/NewBSP\libhal_bsp.a(alt_fstat.o)
                0x0100d000                fstat
 .text          0x0100d090       0xc0 ../../../../workspace2/NewBSP\libhal_bsp.a(alt_irq_register.o)
                0x0100d090                alt_irq_register
 .text          0x0100d150        0x0 ../../../../workspace2/NewBSP\libhal_bsp.a(alt_irq_vars.o)
 .text          0x0100d150       0x84 ../../../../workspace2/NewBSP\libhal_bsp.a(alt_isatty.o)
                0x0100d150                isatty
 .text          0x0100d1d4       0xb4 ../../../../workspace2/NewBSP\libhal_bsp.a(alt_load.o)
                0x0100d1d4                alt_load
 .text          0x0100d288       0x9c ../../../../workspace2/NewBSP\libhal_bsp.a(alt_lseek.o)
                0x0100d288                lseek
 .text          0x0100d324       0x60 ../../../../workspace2/NewBSP\libhal_bsp.a(alt_main.o)
                0x0100d324                alt_main
 .text          0x0100d384        0x8 ../../../../workspace2/NewBSP\libhal_bsp.a(alt_malloc_lock.o)
                0x0100d384                __malloc_lock
                0x0100d388                __malloc_unlock
 .text          0x0100d38c      0x11c ../../../../workspace2/NewBSP\libhal_bsp.a(alt_read.o)
                0x0100d38c                read
 .text          0x0100d4a8       0x24 ../../../../workspace2/NewBSP\libhal_bsp.a(alt_release_fd.o)
                0x0100d4a8                alt_release_fd
 .text          0x0100d4cc       0x54 ../../../../workspace2/NewBSP\libhal_bsp.a(alt_sbrk.o)
                0x0100d4cc                sbrk
 .text          0x0100d520       0xf4 ../../../../workspace2/NewBSP\libhal_bsp.a(alt_tick.o)
                0x0100d520                alt_alarm_stop
                0x0100d554                alt_tick
 .text          0x0100d614      0x118 ../../../../workspace2/NewBSP\libhal_bsp.a(alt_write.o)
                0x0100d614                write
 .text          0x0100d72c      0x210 ../../../../workspace2/NewBSP\libhal_bsp.a(alt_sys_init.o)
                0x0100d72c                alt_irq_init
                0x0100d74c                alt_sys_init
 .text          0x0100d93c       0x3c ../../../../workspace2/NewBSP\libhal_bsp.a(altera_avalon_jtag_uart_fd.o)
                0x0100d93c                altera_avalon_jtag_uart_ioctl_fd
                0x0100d948                altera_avalon_jtag_uart_close_fd
                0x0100d958                altera_avalon_jtag_uart_write_fd
                0x0100d968                altera_avalon_jtag_uart_read_fd
 .text          0x0100d978      0x20c ../../../../workspace2/NewBSP\libhal_bsp.a(altera_avalon_jtag_uart_init.o)
                0x0100d978                altera_avalon_jtag_uart_close
                0x0100da04                altera_avalon_jtag_uart_init
 .text          0x0100db84       0x88 ../../../../workspace2/NewBSP\libhal_bsp.a(altera_avalon_jtag_uart_ioctl.o)
                0x0100db84                altera_avalon_jtag_uart_ioctl
 .text          0x0100dc0c      0x16c ../../../../workspace2/NewBSP\libhal_bsp.a(altera_avalon_jtag_uart_read.o)
                0x0100dc0c                altera_avalon_jtag_uart_read
 .text          0x0100dd78      0x17c ../../../../workspace2/NewBSP\libhal_bsp.a(altera_avalon_jtag_uart_write.o)
                0x0100dd78                altera_avalon_jtag_uart_write
 .text          0x0100def4       0x6c ../../../../workspace2/NewBSP\libhal_bsp.a(altera_avalon_timer_sc.o)
                0x0100def4                alt_avalon_timer_sc_init
 .text          0x0100df60      0x284 ../../../../workspace2/NewBSP\libhal_bsp.a(altera_up_avalon_character_lcd.o)
                0x0100df60                get_DDRAM_addr
                0x0100df78                alt_up_character_lcd_string
                0x0100df94                alt_up_character_lcd_write
                0x0100dfbc                alt_up_character_lcd_write_fd
                0x0100dfdc                alt_up_character_lcd_init
                0x0100dfec                alt_up_character_lcd_send_cmd
                0x0100dffc                alt_up_character_lcd_cursor_blink_on
                0x0100e004                alt_up_character_lcd_cursor_off
                0x0100e00c                alt_up_character_lcd_erase_pos
                0x0100e070                alt_up_character_lcd_shift_display
                0x0100e0f8                alt_up_character_lcd_shift_cursor
                0x0100e180                alt_up_character_lcd_set_cursor_pos
                0x0100e1d8                alt_up_character_lcd_open_dev
 .text          0x0100e1e4      0x38c ../../../../workspace2/NewBSP\libhal_bsp.a(altera_up_avalon_ps2.o)
                0x0100e1e4                read_RI_bit
                0x0100e1f0                read_RE_bit
                0x0100e1f8                read_CE_bit
                0x0100e204                read_num_bytes_available
                0x0100e20c                read_data_valid
                0x0100e218                read_data_byte
                0x0100e220                alt_up_ps2_open_dev
                0x0100e22c                alt_up_ps2_clear_fifo
                0x0100e25c                alt_up_ps2_read_data_byte
                0x0100e2b4                alt_up_ps2_read_data_byte_timeout
                0x0100e344                alt_up_ps2_read_fd
                0x0100e36c                alt_up_ps2_wait_for_ack
                0x0100e3bc                alt_up_ps2_write_data_byte
                0x0100e3fc                alt_up_ps2_write_fd
                0x0100e470                alt_up_ps2_write_data_byte_with_ack
                0x0100e4b0                alt_up_ps2_init
                0x0100e53c                alt_up_ps2_disable_read_interrupt
                0x0100e558                alt_up_ps2_enable_read_interrupt
 .text          0x0100e570      0x134 ../../../../workspace2/NewBSP\libhal_bsp.a(altera_up_avalon_video_character_buffer_with_dma.o)
                0x0100e570                alt_up_char_buffer_string
                0x0100e5cc                alt_up_char_buffer_draw
                0x0100e624                alt_up_char_buffer_clear
                0x0100e648                alt_up_char_buffer_open_dev
                0x0100e654                alt_up_char_buffer_init
 .text          0x0100e6a4      0xa00 ../../../../workspace2/NewBSP\libhal_bsp.a(altera_up_avalon_video_pixel_buffer_dma.o)
                0x0100e6a4                helper_plot_pixel
                0x0100e6fc                alt_up_pixel_buffer_dma_draw_line
                0x0100e914                alt_up_pixel_buffer_dma_draw_vline
                0x0100ea8c                alt_up_pixel_buffer_dma_draw_hline
                0x0100ebf4                alt_up_pixel_buffer_dma_draw_rectangle
                0x0100ecc0                alt_up_pixel_buffer_dma_draw_box
                0x0100eee0                alt_up_pixel_buffer_dma_clear_screen
                0x0100ef88                alt_up_pixel_buffer_dma_swap_buffers
                0x0100efac                alt_up_pixel_buffer_dma_draw
                0x0100f060                alt_up_pixel_buffer_dma_check_swap_buffers_status
                0x0100f070                alt_up_pixel_buffer_dma_change_back_buffer_address
                0x0100f098                alt_up_pixel_buffer_dma_open_dev
 .text          0x0100f0a4      0x430 ../../../../workspace2/NewBSP\libhal_bsp.a(altera_up_ps2_keyboard.o)
                0x0100f0a4                get_multi_byte_make_code_index
                0x0100f0e4                get_single_byte_make_code_index
                0x0100f124                get_next_state
                0x0100f2f4                set_keyboard_rate
                0x0100f348                reset_keyboard
                0x0100f3b4                decode_scancode
                0x0100f45c                translate_make_code
 .text          0x0100f4d4     0x23c8 ../../../../workspace2/NewBSP\libhal_bsp.a(altera_up_sd_card_avalon_interface.o)
                0x0100f4d4                match_file_record_to_name_ext
                0x0100f5e4                convert_filename_to_name_extension
                0x0100f694                copy_file_record_name_to_string
                0x0100f71c                alt_up_sd_card_set_attributes
                0x0100f754                alt_up_sd_card_get_attributes
                0x0100f794                alt_up_sd_card_is_Present
                0x0100f800                alt_up_sd_card_open_dev
                0x0100f86c                get_dir_divider_location
                0x0100f8ec                check_file_name_for_FAT16_compliance
                0x0100f9f8                filename_to_upper_case
                0x0100fa54                Read_File_Record_At_Offset
                0x0100fb94                Write_File_Record_At_Offset
                0x0100fd14                Write_Sector_Data
                0x0100fda4                Read_Sector_Data
                0x0100fe4c                find_first_empty_record_in_root_directory
                0x0100ff00                find_first_empty_cluster
                0x0100fff4                Check_for_DOS_FAT
                0x01010294                Check_for_Master_Boot_Record
                0x01010364                Look_for_FAT16
                0x0101040c                alt_up_sd_card_is_FAT16
                0x01010468                mark_cluster
                0x01010518                get_cluster_flag
                0x010105a0                alt_up_sd_card_write
                0x010107f4                alt_up_sd_card_read
                0x0101095c                alt_up_sd_card_find_next
                0x01010bf4                find_file_in_directory
                0x01010edc                get_home_directory_cluster_for_file
                0x010111f4                alt_up_sd_card_find_first
                0x010112a4                Save_Modified_Sector
                0x010112c0                alt_up_sd_card_fclose
                0x010113c8                find_first_empty_record_in_a_subdirectory
                0x0101154c                create_file
                0x010116f8                alt_up_sd_card_fopen
 .text          0x0101189c       0x18 ../../../../workspace2/NewBSP\libhal_bsp.a(alt_dcache_flush_all.o)
                0x0101189c                alt_dcache_flush_all
 .text          0x010118b4       0x7c ../../../../workspace2/NewBSP\libhal_bsp.a(alt_dev_llist_insert.o)
                0x010118b4                alt_dev_llist_insert
 .text          0x01011930       0x4c ../../../../workspace2/NewBSP\libhal_bsp.a(alt_do_ctors.o)
                0x01011930                _do_ctors
 .text          0x0101197c       0x4c ../../../../workspace2/NewBSP\libhal_bsp.a(alt_do_dtors.o)
                0x0101197c                _do_dtors
 .text          0x010119c8       0x94 ../../../../workspace2/NewBSP\libhal_bsp.a(alt_find_dev.o)
                0x010119c8                alt_find_dev
 .text          0x01011a5c        0xc ../../../../workspace2/NewBSP\libhal_bsp.a(alt_icache_flush_all.o)
                0x01011a5c                alt_icache_flush_all
 .text          0x01011a68       0xfc ../../../../workspace2/NewBSP\libhal_bsp.a(alt_io_redirect.o)
                0x01011ad8                alt_io_redirect
 .text          0x01011b64        0x0 ../../../../workspace2/NewBSP\libhal_bsp.a(alt_irq_entry.o)
 .text          0x01011b64        0x0 ../../../../workspace2/NewBSP\libhal_bsp.a(alt_irq_handler.o)
 .text          0x01011b64      0x180 ../../../../workspace2/NewBSP\libhal_bsp.a(alt_open.o)
                0x01011b64                open
 .text          0x01011ce4        0x8 ../../../../workspace2/NewBSP\libhal_bsp.a(altera_nios2_qsys_irq.o)
                0x01011ce4                altera_nios2_qsys_irq_init
 .text          0x01011cec        0x0 ../../../../workspace2/NewBSP\libhal_bsp.a(alt_exception_entry.o)
 .text          0x01011cec       0xb0 ../../../../workspace2/NewBSP\libhal_bsp.a(alt_find_file.o)
                0x01011cec                alt_find_file
 .text          0x01011d9c       0x60 ../../../../workspace2/NewBSP\libhal_bsp.a(alt_get_fd.o)
                0x01011d9c                alt_get_fd
 .text          0x01011dfc       0x38 ../../../../workspace2/NewBSP\libhal_bsp.a(alt_icache_flush.o)
                0x01011dfc                alt_icache_flush
 .text          0x01011e34       0x14 c:/altera/12.0sp2/nios2eds/bin/gnu/h-i686-mingw32/bin/../lib/gcc/nios2-elf/4.1.2/../../../../nios2-elf/lib\libc.a(lib_a-atexit.o)
                0x01011e34                atexit
 .text          0x01011e48       0x38 c:/altera/12.0sp2/nios2eds/bin/gnu/h-i686-mingw32/bin/../lib/gcc/nios2-elf/4.1.2/../../../../nios2-elf/lib\libc.a(lib_a-exit.o)
                0x01011e48                exit
 .text          0x01011e80       0x74 c:/altera/12.0sp2/nios2eds/bin/gnu/h-i686-mingw32/bin/../lib/gcc/nios2-elf/4.1.2/../../../../nios2-elf/lib\libc.a(lib_a-memcmp.o)
                0x01011e80                memcmp
 .text          0x01011ef4      0x134 c:/altera/12.0sp2/nios2eds/bin/gnu/h-i686-mingw32/bin/../lib/gcc/nios2-elf/4.1.2/../../../../nios2-elf/lib\libc.a(lib_a-__atexit.o)
                0x01011ef4                __register_exitproc
 .text          0x01012028      0x1b4 c:/altera/12.0sp2/nios2eds/bin/gnu/h-i686-mingw32/bin/../lib/gcc/nios2-elf/4.1.2/../../../../nios2-elf/lib\libc.a(lib_a-__call_atexit.o)
                0x0101202c                __call_exitprocs
 .text          0x010121dc       0x14 ../../../../workspace2/NewBSP\libhal_bsp.a(alt_exit.o)
                0x010121dc                _exit
 *(.gnu.warning.*)
 *(.fini)
                0x010121f0                PROVIDE (__etext, ABSOLUTE (.))
                0x010121f0                PROVIDE (_etext, ABSOLUTE (.))
                0x010121f0                PROVIDE (etext, ABSOLUTE (.))
 *(.eh_frame_hdr)
                0x010121f0                . = ALIGN (0x4)
                0x010121f0                PROVIDE (__preinit_array_start, ABSOLUTE (.))
 *(.preinit_array)
                0x010121f0                PROVIDE (__preinit_array_end, ABSOLUTE (.))
                0x010121f0                PROVIDE (__init_array_start, ABSOLUTE (.))
 *(.init_array)
                0x010121f0                PROVIDE (__init_array_end, ABSOLUTE (.))
                0x010121f0                PROVIDE (__fini_array_start, ABSOLUTE (.))
 *(.fini_array)
                0x010121f0                PROVIDE (__fini_array_end, ABSOLUTE (.))
 *(.eh_frame)
 .eh_frame      0x010121f0       0x40 c:/altera/12.0sp2/nios2eds/bin/gnu/h-i686-mingw32/bin/../lib/gcc/nios2-elf/4.1.2\libgcc.a(_udivdi3.o)
 .eh_frame      0x01012230       0x2c c:/altera/12.0sp2/nios2eds/bin/gnu/h-i686-mingw32/bin/../lib/gcc/nios2-elf/4.1.2\libgcc.a(_umoddi3.o)
                                 0x40 (size before relaxing)
 *(.gcc_except_table)
 *(.dynamic)
                0x0101225c                PROVIDE (__CTOR_LIST__, ABSOLUTE (.))
 *(.ctors)
 *(SORT(.ctors.*))
 .ctors.65535   0x0101225c        0x4 c:/altera/12.0sp2/nios2eds/bin/gnu/h-i686-mingw32/bin/../lib/gcc/nios2-elf/4.1.2/../../../../nios2-elf/lib\libc.a(lib_a-__call_atexit.o)
                0x01012260                PROVIDE (__CTOR_END__, ABSOLUTE (.))
                0x01012260                PROVIDE (__DTOR_LIST__, ABSOLUTE (.))
 *(.dtors)
 *(SORT(.dtors.*))
                0x01012260                PROVIDE (__DTOR_END__, ABSOLUTE (.))
 *(.jcr)
                0x01012260                . = ALIGN (0x4)

.rodata         0x01012260      0x748
                0x01012260                PROVIDE (__ram_rodata_start, ABSOLUTE (.))
                0x01012260                . = ALIGN (0x4)
 *(.rodata .rodata.* .gnu.linkonce.r.*)
 .rodata        0x01012260       0xa0 obj/default/DrawMain.o
 .rodata        0x01012300       0x18 obj/default/sdcard.o
 .rodata        0x01012318       0x84 obj/default/wk_kb.o
 .rodata        0x0101239c       0x20 obj/default/wk_lcd.o
 .rodata        0x010123bc       0x28 obj/default/wk_video.o
 .rodata.str1.4
                0x010123e4        0x2 c:/altera/12.0sp2/nios2eds/bin/gnu/h-i686-mingw32/bin/../lib/gcc/nios2-elf/4.1.2/../../../../nios2-elf/lib\libc.a(lib_a-puts.o)
                                  0x4 (size before relaxing)
 *fill*         0x010123e6        0x2 00
 .rodata.str1.4
                0x010123e8       0x5e c:/altera/12.0sp2/nios2eds/bin/gnu/h-i686-mingw32/bin/../lib/gcc/nios2-elf/4.1.2/../../../../nios2-elf/lib\libc.a(lib_a-vfprintf.o)
                                 0x60 (size before relaxing)
 .rodata        0x01012446       0x20 c:/altera/12.0sp2/nios2eds/bin/gnu/h-i686-mingw32/bin/../lib/gcc/nios2-elf/4.1.2/../../../../nios2-elf/lib\libc.a(lib_a-vfprintf.o)
 *fill*         0x01012466        0x2 00
 .rodata.str1.4
                0x01012468       0x10 c:/altera/12.0sp2/nios2eds/bin/gnu/h-i686-mingw32/bin/../lib/gcc/nios2-elf/4.1.2/../../../../nios2-elf/lib\libc.a(lib_a-dtoa.o)
                                 0x14 (size before relaxing)
 .rodata.str1.4
                0x01012478        0x2 c:/altera/12.0sp2/nios2eds/bin/gnu/h-i686-mingw32/bin/../lib/gcc/nios2-elf/4.1.2/../../../../nios2-elf/lib\libc.a(lib_a-impure.o)
                                  0x4 (size before relaxing)
 *fill*         0x0101247a        0x2 00
 .rodata.str1.4
                0x0101247c        0xf c:/altera/12.0sp2/nios2eds/bin/gnu/h-i686-mingw32/bin/../lib/gcc/nios2-elf/4.1.2/../../../../nios2-elf/lib\libc.a(lib_a-locale.o)
                                 0x18 (size before relaxing)
 *fill*         0x0101248b        0x1 00
 .rodata        0x0101248c       0x30 c:/altera/12.0sp2/nios2eds/bin/gnu/h-i686-mingw32/bin/../lib/gcc/nios2-elf/4.1.2/../../../../nios2-elf/lib\libc.a(lib_a-locale.o)
 .rodata        0x010124bc      0x124 c:/altera/12.0sp2/nios2eds/bin/gnu/h-i686-mingw32/bin/../lib/gcc/nios2-elf/4.1.2/../../../../nios2-elf/lib\libc.a(lib_a-mprec.o)
                0x010124bc                __mprec_tens
                0x01012584                __mprec_bigtens
                0x010125ac                __mprec_tinytens
 .rodata        0x010125e0       0x14 c:/altera/12.0sp2/nios2eds/bin/gnu/h-i686-mingw32/bin/../lib/gcc/nios2-elf/4.1.2\libgcc.a(_thenan_df.o)
                0x010125e0                __thenan_df
 .rodata        0x010125f4      0x100 c:/altera/12.0sp2/nios2eds/bin/gnu/h-i686-mingw32/bin/../lib/gcc/nios2-elf/4.1.2\libgcc.a(_clz.o)
                0x010125f4                __clz_tab
 .rodata.str1.4
                0x010126f4        0xa ../../../../workspace2/NewBSP\libhal_bsp.a(alt_dev.o)
                                  0xc (size before relaxing)
 *fill*         0x010126fe        0x2 00
 .rodata.str1.4
                0x01012700        0xf ../../../../workspace2/NewBSP\libhal_bsp.a(alt_main.o)
                                 0x10 (size before relaxing)
 *fill*         0x0101270f        0x1 00
 .rodata.str1.4
                0x01012710       0x81 ../../../../workspace2/NewBSP\libhal_bsp.a(alt_sys_init.o)
                                 0x94 (size before relaxing)
 .rodata.str1.4
                0x00000000       0x81 ../../../../workspace2/NewBSP\libhal_bsp.a(altera_up_avalon_video_character_buffer_with_dma.o)
                                 0x1c (size before relaxing)
 *fill*         0x01012791        0x3 00
 .rodata.str1.4
                0x01012794      0x214 ../../../../workspace2/NewBSP\libhal_bsp.a(altera_up_ps2_keyboard.o)
                                0x238 (size before relaxing)
 *(.rodata1)
                0x010129a8                . = ALIGN (0x4)
                0x010129a8                PROVIDE (__ram_rodata_end, ABSOLUTE (.))
                0x01012260                PROVIDE (__flash_rodata_start, LOADADDR (.rodata))

.rwdata         0x010129a8     0x1eb4 load address 0x0101485c
                0x010129a8                PROVIDE (__ram_rwdata_start, ABSOLUTE (.))
                0x010129a8                . = ALIGN (0x4)
 *(.got.plt)
 *(.got)
 *(.data1)
 *(.data .data.* .gnu.linkonce.d.*)
 .data          0x010129a8        0x0 ../../../../workspace2/NewBSP/obj/HAL/src/crt0.o
 .data          0x010129a8        0x0 obj/default/DrawMain.o
 .data          0x010129a8        0x0 obj/default/bitmap.o
 .data          0x010129a8        0x0 obj/default/drawBg.o
 .data          0x010129a8        0x0 obj/default/sdcard.o
 .data          0x010129a8        0x0 obj/default/wk_io.o
 .data          0x010129a8        0x0 obj/default/wk_kb.o
 .data          0x010129a8        0x0 obj/default/wk_lcd.o
 .data          0x010129a8        0x0 obj/default/wk_video.o
 .data          0x010129a8        0x0 c:/altera/12.0sp2/nios2eds/bin/gnu/h-i686-mingw32/bin/../lib/gcc/nios2-elf/4.1.2/../../../../nios2-elf/lib\libc.a(lib_a-malloc.o)
 .data          0x010129a8      0x408 c:/altera/12.0sp2/nios2eds/bin/gnu/h-i686-mingw32/bin/../lib/gcc/nios2-elf/4.1.2/../../../../nios2-elf/lib\libc.a(lib_a-mallocr.o)
                0x010129a8                __malloc_av_
 .data          0x01012db0        0x0 c:/altera/12.0sp2/nios2eds/bin/gnu/h-i686-mingw32/bin/../lib/gcc/nios2-elf/4.1.2/../../../../nios2-elf/lib\libc.a(lib_a-memcpy.o)
 .data          0x01012db0        0x0 c:/altera/12.0sp2/nios2eds/bin/gnu/h-i686-mingw32/bin/../lib/gcc/nios2-elf/4.1.2/../../../../nios2-elf/lib\libc.a(lib_a-memset.o)
 .data          0x01012db0        0x0 c:/altera/12.0sp2/nios2eds/bin/gnu/h-i686-mingw32/bin/../lib/gcc/nios2-elf/4.1.2/../../../../nios2-elf/lib\libc.a(lib_a-printf.o)
 .data          0x01012db0        0x0 c:/altera/12.0sp2/nios2eds/bin/gnu/h-i686-mingw32/bin/../lib/gcc/nios2-elf/4.1.2/../../../../nios2-elf/lib\libc.a(lib_a-putchar.o)
 .data          0x01012db0        0x0 c:/altera/12.0sp2/nios2eds/bin/gnu/h-i686-mingw32/bin/../lib/gcc/nios2-elf/4.1.2/../../../../nios2-elf/lib\libc.a(lib_a-puts.o)
 .data          0x01012db0        0x0 c:/altera/12.0sp2/nios2eds/bin/gnu/h-i686-mingw32/bin/../lib/gcc/nios2-elf/4.1.2/../../../../nios2-elf/lib\libc.a(lib_a-rand.o)
 .data          0x01012db0        0x0 c:/altera/12.0sp2/nios2eds/bin/gnu/h-i686-mingw32/bin/../lib/gcc/nios2-elf/4.1.2/../../../../nios2-elf/lib\libc.a(lib_a-sbrkr.o)
 .data          0x01012db0        0x0 c:/altera/12.0sp2/nios2eds/bin/gnu/h-i686-mingw32/bin/../lib/gcc/nios2-elf/4.1.2/../../../../nios2-elf/lib\libc.a(lib_a-sprintf.o)
 .data          0x01012db0        0x0 c:/altera/12.0sp2/nios2eds/bin/gnu/h-i686-mingw32/bin/../lib/gcc/nios2-elf/4.1.2/../../../../nios2-elf/lib\libc.a(lib_a-strcat.o)
 .data          0x01012db0        0x0 c:/altera/12.0sp2/nios2eds/bin/gnu/h-i686-mingw32/bin/../lib/gcc/nios2-elf/4.1.2/../../../../nios2-elf/lib\libc.a(lib_a-strcpy.o)
 .data          0x01012db0        0x0 c:/altera/12.0sp2/nios2eds/bin/gnu/h-i686-mingw32/bin/../lib/gcc/nios2-elf/4.1.2/../../../../nios2-elf/lib\libc.a(lib_a-strlen.o)
 .data          0x01012db0        0x0 c:/altera/12.0sp2/nios2eds/bin/gnu/h-i686-mingw32/bin/../lib/gcc/nios2-elf/4.1.2/../../../../nios2-elf/lib\libc.a(lib_a-vfprintf.o)
 .data          0x01012db0        0x0 c:/altera/12.0sp2/nios2eds/bin/gnu/h-i686-mingw32/bin/../lib/gcc/nios2-elf/4.1.2/../../../../nios2-elf/lib\libc.a(lib_a-wsetup.o)
 .data          0x01012db0        0x0 c:/altera/12.0sp2/nios2eds/bin/gnu/h-i686-mingw32/bin/../lib/gcc/nios2-elf/4.1.2/../../../../nios2-elf/lib\libc.a(lib_a-dtoa.o)
 .data          0x01012db0        0x0 c:/altera/12.0sp2/nios2eds/bin/gnu/h-i686-mingw32/bin/../lib/gcc/nios2-elf/4.1.2/../../../../nios2-elf/lib\libc.a(lib_a-fflush.o)
 .data          0x01012db0        0x0 c:/altera/12.0sp2/nios2eds/bin/gnu/h-i686-mingw32/bin/../lib/gcc/nios2-elf/4.1.2/../../../../nios2-elf/lib\libc.a(lib_a-findfp.o)
 .data          0x01012db0        0x0 c:/altera/12.0sp2/nios2eds/bin/gnu/h-i686-mingw32/bin/../lib/gcc/nios2-elf/4.1.2/../../../../nios2-elf/lib\libc.a(lib_a-freer.o)
 .data          0x01012db0        0x0 c:/altera/12.0sp2/nios2eds/bin/gnu/h-i686-mingw32/bin/../lib/gcc/nios2-elf/4.1.2/../../../../nios2-elf/lib\libc.a(lib_a-fvwrite.o)
 .data          0x01012db0        0x0 c:/altera/12.0sp2/nios2eds/bin/gnu/h-i686-mingw32/bin/../lib/gcc/nios2-elf/4.1.2/../../../../nios2-elf/lib\libc.a(lib_a-fwalk.o)
 .data          0x01012db0      0x400 c:/altera/12.0sp2/nios2eds/bin/gnu/h-i686-mingw32/bin/../lib/gcc/nios2-elf/4.1.2/../../../../nios2-elf/lib\libc.a(lib_a-impure.o)
 .data          0x010131b0        0x0 c:/altera/12.0sp2/nios2eds/bin/gnu/h-i686-mingw32/bin/../lib/gcc/nios2-elf/4.1.2/../../../../nios2-elf/lib\libc.a(lib_a-int_errno.o)
 .data          0x010131b0        0xc c:/altera/12.0sp2/nios2eds/bin/gnu/h-i686-mingw32/bin/../lib/gcc/nios2-elf/4.1.2/../../../../nios2-elf/lib\libc.a(lib_a-locale.o)
                0x010131b0                __lc_ctype
 .data          0x010131bc        0x0 c:/altera/12.0sp2/nios2eds/bin/gnu/h-i686-mingw32/bin/../lib/gcc/nios2-elf/4.1.2/../../../../nios2-elf/lib\libc.a(lib_a-makebuf.o)
 .data          0x010131bc        0x0 c:/altera/12.0sp2/nios2eds/bin/gnu/h-i686-mingw32/bin/../lib/gcc/nios2-elf/4.1.2/../../../../nios2-elf/lib\libc.a(lib_a-memchr.o)
 .data          0x010131bc        0x0 c:/altera/12.0sp2/nios2eds/bin/gnu/h-i686-mingw32/bin/../lib/gcc/nios2-elf/4.1.2/../../../../nios2-elf/lib\libc.a(lib_a-memmove.o)
 .data          0x010131bc        0x0 c:/altera/12.0sp2/nios2eds/bin/gnu/h-i686-mingw32/bin/../lib/gcc/nios2-elf/4.1.2/../../../../nios2-elf/lib\libc.a(lib_a-mprec.o)
 .data          0x010131bc        0x0 c:/altera/12.0sp2/nios2eds/bin/gnu/h-i686-mingw32/bin/../lib/gcc/nios2-elf/4.1.2/../../../../nios2-elf/lib\libc.a(lib_a-putc.o)
 .data          0x010131bc        0x0 c:/altera/12.0sp2/nios2eds/bin/gnu/h-i686-mingw32/bin/../lib/gcc/nios2-elf/4.1.2/../../../../nios2-elf/lib\libc.a(lib_a-reallocr.o)
 .data          0x010131bc        0x0 c:/altera/12.0sp2/nios2eds/bin/gnu/h-i686-mingw32/bin/../lib/gcc/nios2-elf/4.1.2/../../../../nios2-elf/lib\libc.a(lib_a-s_isinfd.o)
 .data          0x010131bc        0x0 c:/altera/12.0sp2/nios2eds/bin/gnu/h-i686-mingw32/bin/../lib/gcc/nios2-elf/4.1.2/../../../../nios2-elf/lib\libc.a(lib_a-s_isnand.o)
 .data          0x010131bc        0x0 c:/altera/12.0sp2/nios2eds/bin/gnu/h-i686-mingw32/bin/../lib/gcc/nios2-elf/4.1.2/../../../../nios2-elf/lib\libc.a(lib_a-stdio.o)
 .data          0x010131bc        0x0 c:/altera/12.0sp2/nios2eds/bin/gnu/h-i686-mingw32/bin/../lib/gcc/nios2-elf/4.1.2/../../../../nios2-elf/lib\libc.a(lib_a-strcmp.o)
 .data          0x010131bc        0x0 c:/altera/12.0sp2/nios2eds/bin/gnu/h-i686-mingw32/bin/../lib/gcc/nios2-elf/4.1.2/../../../../nios2-elf/lib\libc.a(lib_a-wbuf.o)
 .data          0x010131bc        0x0 c:/altera/12.0sp2/nios2eds/bin/gnu/h-i686-mingw32/bin/../lib/gcc/nios2-elf/4.1.2/../../../../nios2-elf/lib\libc.a(lib_a-writer.o)
 .data          0x010131bc        0x0 c:/altera/12.0sp2/nios2eds/bin/gnu/h-i686-mingw32/bin/../lib/gcc/nios2-elf/4.1.2/../../../../nios2-elf/lib\libc.a(lib_a-callocr.o)
 .data          0x010131bc        0x0 c:/altera/12.0sp2/nios2eds/bin/gnu/h-i686-mingw32/bin/../lib/gcc/nios2-elf/4.1.2/../../../../nios2-elf/lib\libc.a(lib_a-closer.o)
 .data          0x010131bc        0x0 c:/altera/12.0sp2/nios2eds/bin/gnu/h-i686-mingw32/bin/../lib/gcc/nios2-elf/4.1.2/../../../../nios2-elf/lib\libc.a(lib_a-fclose.o)
 .data          0x010131bc        0x0 c:/altera/12.0sp2/nios2eds/bin/gnu/h-i686-mingw32/bin/../lib/gcc/nios2-elf/4.1.2/../../../../nios2-elf/lib\libc.a(lib_a-fstatr.o)
 .data          0x010131bc        0x0 c:/altera/12.0sp2/nios2eds/bin/gnu/h-i686-mingw32/bin/../lib/gcc/nios2-elf/4.1.2/../../../../nios2-elf/lib\libc.a(lib_a-isattyr.o)
 .data          0x010131bc        0x0 c:/altera/12.0sp2/nios2eds/bin/gnu/h-i686-mingw32/bin/../lib/gcc/nios2-elf/4.1.2/../../../../nios2-elf/lib\libc.a(lib_a-lseekr.o)
 .data          0x010131bc        0x0 c:/altera/12.0sp2/nios2eds/bin/gnu/h-i686-mingw32/bin/../lib/gcc/nios2-elf/4.1.2/../../../../nios2-elf/lib\libc.a(lib_a-readr.o)
 .data          0x010131bc        0x0 c:/altera/12.0sp2/nios2eds/bin/gnu/h-i686-mingw32/bin/../lib/gcc/nios2-elf/4.1.2\libgcc.a(_muldi3.o)
 .data          0x010131bc        0x0 c:/altera/12.0sp2/nios2eds/bin/gnu/h-i686-mingw32/bin/../lib/gcc/nios2-elf/4.1.2\libgcc.a(_udivdi3.o)
 .data          0x010131bc        0x0 c:/altera/12.0sp2/nios2eds/bin/gnu/h-i686-mingw32/bin/../lib/gcc/nios2-elf/4.1.2\libgcc.a(_umoddi3.o)
 .data          0x010131bc        0x0 c:/altera/12.0sp2/nios2eds/bin/gnu/h-i686-mingw32/bin/../lib/gcc/nios2-elf/4.1.2\libgcc.a(_addsub_df.o)
 .data          0x010131bc        0x0 c:/altera/12.0sp2/nios2eds/bin/gnu/h-i686-mingw32/bin/../lib/gcc/nios2-elf/4.1.2\libgcc.a(_mul_df.o)
 .data          0x010131bc        0x0 c:/altera/12.0sp2/nios2eds/bin/gnu/h-i686-mingw32/bin/../lib/gcc/nios2-elf/4.1.2\libgcc.a(_div_df.o)
 .data          0x010131bc        0x0 c:/altera/12.0sp2/nios2eds/bin/gnu/h-i686-mingw32/bin/../lib/gcc/nios2-elf/4.1.2\libgcc.a(_eq_df.o)
 .data          0x010131bc        0x0 c:/altera/12.0sp2/nios2eds/bin/gnu/h-i686-mingw32/bin/../lib/gcc/nios2-elf/4.1.2\libgcc.a(_ne_df.o)
 .data          0x010131bc        0x0 c:/altera/12.0sp2/nios2eds/bin/gnu/h-i686-mingw32/bin/../lib/gcc/nios2-elf/4.1.2\libgcc.a(_gt_df.o)
 .data          0x010131bc        0x0 c:/altera/12.0sp2/nios2eds/bin/gnu/h-i686-mingw32/bin/../lib/gcc/nios2-elf/4.1.2\libgcc.a(_ge_df.o)
 .data          0x010131bc        0x0 c:/altera/12.0sp2/nios2eds/bin/gnu/h-i686-mingw32/bin/../lib/gcc/nios2-elf/4.1.2\libgcc.a(_lt_df.o)
 .data          0x010131bc        0x0 c:/altera/12.0sp2/nios2eds/bin/gnu/h-i686-mingw32/bin/../lib/gcc/nios2-elf/4.1.2\libgcc.a(_si_to_df.o)
 .data          0x010131bc        0x0 c:/altera/12.0sp2/nios2eds/bin/gnu/h-i686-mingw32/bin/../lib/gcc/nios2-elf/4.1.2\libgcc.a(_df_to_si.o)
 .data          0x010131bc        0x0 c:/altera/12.0sp2/nios2eds/bin/gnu/h-i686-mingw32/bin/../lib/gcc/nios2-elf/4.1.2\libgcc.a(_thenan_df.o)
 .data          0x010131bc        0x0 c:/altera/12.0sp2/nios2eds/bin/gnu/h-i686-mingw32/bin/../lib/gcc/nios2-elf/4.1.2\libgcc.a(_usi_to_df.o)
 .data          0x010131bc        0x0 c:/altera/12.0sp2/nios2eds/bin/gnu/h-i686-mingw32/bin/../lib/gcc/nios2-elf/4.1.2\libgcc.a(lib2-divmod.o)
 .data          0x010131bc        0x0 c:/altera/12.0sp2/nios2eds/bin/gnu/h-i686-mingw32/bin/../lib/gcc/nios2-elf/4.1.2\libgcc.a(_clz.o)
 .data          0x010131bc        0x0 c:/altera/12.0sp2/nios2eds/bin/gnu/h-i686-mingw32/bin/../lib/gcc/nios2-elf/4.1.2\libgcc.a(_clzsi2.o)
 .data          0x010131bc        0x0 c:/altera/12.0sp2/nios2eds/bin/gnu/h-i686-mingw32/bin/../lib/gcc/nios2-elf/4.1.2\libgcc.a(_pack_df.o)
 .data          0x010131bc        0x0 c:/altera/12.0sp2/nios2eds/bin/gnu/h-i686-mingw32/bin/../lib/gcc/nios2-elf/4.1.2\libgcc.a(_unpack_df.o)
 .data          0x010131bc        0x0 c:/altera/12.0sp2/nios2eds/bin/gnu/h-i686-mingw32/bin/../lib/gcc/nios2-elf/4.1.2\libgcc.a(_fpcmp_parts_df.o)
 .data          0x010131bc        0x0 ../../../../workspace2/NewBSP\libhal_bsp.a(alt_alarm_start.o)
 .data          0x010131bc        0x0 ../../../../workspace2/NewBSP\libhal_bsp.a(alt_close.o)
 .data          0x010131bc      0x1a8 ../../../../workspace2/NewBSP\libhal_bsp.a(alt_dev.o)
                0x010131bc                alt_dev_null
                0x010131e4                alt_fd_list
 .data          0x01013364        0x0 ../../../../workspace2/NewBSP\libhal_bsp.a(alt_errno.o)
 .data          0x01013364        0x0 ../../../../workspace2/NewBSP\libhal_bsp.a(alt_fstat.o)
 .data          0x01013364        0x0 ../../../../workspace2/NewBSP\libhal_bsp.a(alt_irq_register.o)
 .data          0x01013364        0x0 ../../../../workspace2/NewBSP\libhal_bsp.a(alt_irq_vars.o)
 .data          0x01013364        0x0 ../../../../workspace2/NewBSP\libhal_bsp.a(alt_isatty.o)
 .data          0x01013364        0x0 ../../../../workspace2/NewBSP\libhal_bsp.a(alt_load.o)
 .data          0x01013364        0x0 ../../../../workspace2/NewBSP\libhal_bsp.a(alt_lseek.o)
 .data          0x01013364        0x0 ../../../../workspace2/NewBSP\libhal_bsp.a(alt_main.o)
 .data          0x01013364        0x0 ../../../../workspace2/NewBSP\libhal_bsp.a(alt_malloc_lock.o)
 .data          0x01013364        0x0 ../../../../workspace2/NewBSP\libhal_bsp.a(alt_read.o)
 .data          0x01013364        0x0 ../../../../workspace2/NewBSP\libhal_bsp.a(alt_release_fd.o)
 .data          0x01013364        0x0 ../../../../workspace2/NewBSP\libhal_bsp.a(alt_sbrk.o)
 .data          0x01013364        0x0 ../../../../workspace2/NewBSP\libhal_bsp.a(alt_tick.o)
 .data          0x01013364        0x0 ../../../../workspace2/NewBSP\libhal_bsp.a(alt_write.o)
 .data          0x01013364     0x11ec ../../../../workspace2/NewBSP\libhal_bsp.a(alt_sys_init.o)
 .data          0x01014550        0x0 ../../../../workspace2/NewBSP\libhal_bsp.a(altera_avalon_jtag_uart_fd.o)
 .data          0x01014550        0x0 ../../../../workspace2/NewBSP\libhal_bsp.a(altera_avalon_jtag_uart_init.o)
 .data          0x01014550        0x0 ../../../../workspace2/NewBSP\libhal_bsp.a(altera_avalon_jtag_uart_ioctl.o)
 .data          0x01014550        0x0 ../../../../workspace2/NewBSP\libhal_bsp.a(altera_avalon_jtag_uart_read.o)
 .data          0x01014550        0x0 ../../../../workspace2/NewBSP\libhal_bsp.a(altera_avalon_jtag_uart_write.o)
 .data          0x01014550        0x0 ../../../../workspace2/NewBSP\libhal_bsp.a(altera_avalon_timer_sc.o)
 .data          0x01014550        0x0 ../../../../workspace2/NewBSP\libhal_bsp.a(altera_up_avalon_character_lcd.o)
 .data          0x01014550        0x0 ../../../../workspace2/NewBSP\libhal_bsp.a(altera_up_avalon_ps2.o)
 .data          0x01014550        0x0 ../../../../workspace2/NewBSP\libhal_bsp.a(altera_up_avalon_video_character_buffer_with_dma.o)
 .data          0x01014550        0x0 ../../../../workspace2/NewBSP\libhal_bsp.a(altera_up_avalon_video_pixel_buffer_dma.o)
 .data          0x01014550      0x2cc ../../../../workspace2/NewBSP\libhal_bsp.a(altera_up_ps2_keyboard.o)
                0x01014550                key_table
                0x010146e8                ascii_codes
                0x0101474e                single_byte_make_code
                0x010147b4                multi_byte_make_code
 .data          0x0101481c        0x0 ../../../../workspace2/NewBSP\libhal_bsp.a(altera_up_sd_card_avalon_interface.o)
 .data          0x0101481c        0x0 ../../../../workspace2/NewBSP\libhal_bsp.a(alt_dcache_flush_all.o)
 .data          0x0101481c        0x0 ../../../../workspace2/NewBSP\libhal_bsp.a(alt_dev_llist_insert.o)
 .data          0x0101481c        0x0 ../../../../workspace2/NewBSP\libhal_bsp.a(alt_do_ctors.o)
 .data          0x0101481c        0x0 ../../../../workspace2/NewBSP\libhal_bsp.a(alt_do_dtors.o)
 .data          0x0101481c        0x0 ../../../../workspace2/NewBSP\libhal_bsp.a(alt_find_dev.o)
 .data          0x0101481c        0x0 ../../../../workspace2/NewBSP\libhal_bsp.a(alt_icache_flush_all.o)
 .data          0x0101481c        0x0 ../../../../workspace2/NewBSP\libhal_bsp.a(alt_io_redirect.o)
 .data          0x0101481c        0x0 ../../../../workspace2/NewBSP\libhal_bsp.a(alt_irq_entry.o)
 .data          0x0101481c        0x0 ../../../../workspace2/NewBSP\libhal_bsp.a(alt_irq_handler.o)
 .data          0x0101481c        0x0 ../../../../workspace2/NewBSP\libhal_bsp.a(alt_open.o)
 .data          0x0101481c        0x0 ../../../../workspace2/NewBSP\libhal_bsp.a(altera_nios2_qsys_irq.o)
 .data          0x0101481c        0x0 ../../../../workspace2/NewBSP\libhal_bsp.a(alt_exception_entry.o)
 .data          0x0101481c        0x0 ../../../../workspace2/NewBSP\libhal_bsp.a(alt_find_file.o)
 .data          0x0101481c        0x0 ../../../../workspace2/NewBSP\libhal_bsp.a(alt_get_fd.o)
 .data          0x0101481c        0x0 ../../../../workspace2/NewBSP\libhal_bsp.a(alt_icache_flush.o)
 .data          0x0101481c        0x0 c:/altera/12.0sp2/nios2eds/bin/gnu/h-i686-mingw32/bin/../lib/gcc/nios2-elf/4.1.2/../../../../nios2-elf/lib\libc.a(lib_a-atexit.o)
 .data          0x0101481c        0x0 c:/altera/12.0sp2/nios2eds/bin/gnu/h-i686-mingw32/bin/../lib/gcc/nios2-elf/4.1.2/../../../../nios2-elf/lib\libc.a(lib_a-exit.o)
 .data          0x0101481c        0x0 c:/altera/12.0sp2/nios2eds/bin/gnu/h-i686-mingw32/bin/../lib/gcc/nios2-elf/4.1.2/../../../../nios2-elf/lib\libc.a(lib_a-memcmp.o)
 .data          0x0101481c        0x0 c:/altera/12.0sp2/nios2eds/bin/gnu/h-i686-mingw32/bin/../lib/gcc/nios2-elf/4.1.2/../../../../nios2-elf/lib\libc.a(lib_a-__atexit.o)
 .data          0x0101481c        0x0 c:/altera/12.0sp2/nios2eds/bin/gnu/h-i686-mingw32/bin/../lib/gcc/nios2-elf/4.1.2/../../../../nios2-elf/lib\libc.a(lib_a-__call_atexit.o)
 .data          0x0101481c        0x0 ../../../../workspace2/NewBSP\libhal_bsp.a(alt_exit.o)
                0x0101c81c                _gp = ABSOLUTE ((. + 0x8000))
                0x0101c81c                PROVIDE (gp, _gp)
 *(.rwdata .rwdata.*)
 *(.sdata .sdata.* .gnu.linkonce.s.*)
 .sdata         0x0101481c        0x8 c:/altera/12.0sp2/nios2eds/bin/gnu/h-i686-mingw32/bin/../lib/gcc/nios2-elf/4.1.2/../../../../nios2-elf/lib\libc.a(lib_a-mallocr.o)
                0x0101481c                __malloc_trim_threshold
                0x01014820                __malloc_sbrk_base
 .sdata         0x01014824        0x8 c:/altera/12.0sp2/nios2eds/bin/gnu/h-i686-mingw32/bin/../lib/gcc/nios2-elf/4.1.2/../../../../nios2-elf/lib\libc.a(lib_a-impure.o)
                0x01014824                _impure_ptr
                0x01014828                _global_impure_ptr
 .sdata         0x0101482c        0x8 c:/altera/12.0sp2/nios2eds/bin/gnu/h-i686-mingw32/bin/../lib/gcc/nios2-elf/4.1.2/../../../../nios2-elf/lib\libc.a(lib_a-locale.o)
                0x0101482c                __mb_cur_max
 .sdata         0x01014834       0x14 ../../../../workspace2/NewBSP\libhal_bsp.a(alt_dev.o)
                0x01014834                alt_fs_list
                0x0101483c                alt_dev_list
                0x01014844                alt_max_fd
 .sdata         0x01014848        0x4 ../../../../workspace2/NewBSP\libhal_bsp.a(alt_errno.o)
                0x01014848                alt_errno
 .sdata         0x0101484c        0x4 ../../../../workspace2/NewBSP\libhal_bsp.a(alt_irq_vars.o)
                0x0101484c                alt_priority_mask
 .sdata         0x01014850        0x4 ../../../../workspace2/NewBSP\libhal_bsp.a(alt_sbrk.o)
 .sdata         0x01014854        0x8 ../../../../workspace2/NewBSP\libhal_bsp.a(alt_tick.o)
                0x01014854                alt_alarm_list
 *(.sdata2 .sdata2.* .gnu.linkonce.s2.*)
                0x0101485c                . = ALIGN (0x4)
                0x0101485c                _edata = ABSOLUTE (.)
                0x0101485c                PROVIDE (edata, ABSOLUTE (.))
                0x0101485c                PROVIDE (__ram_rwdata_end, ABSOLUTE (.))
                0x0101485c                PROVIDE (__flash_rwdata_start, LOADADDR (.rwdata))

.bss            0x01016710      0x8b4
                0x01016710                __bss_start = ABSOLUTE (.)
                0x01016710                PROVIDE (__sbss_start, ABSOLUTE (.))
                0x01016710                PROVIDE (___sbss_start, ABSOLUTE (.))
 *(.dynsbss)
 *(.sbss .sbss.* .gnu.linkonce.sb.*)
 .sbss          0x01016710        0xc obj/default/DrawMain.o
                0x01016710                movchar
                0x01016714                scrollRate
                0x01016718                kb
 .sbss          0x0101671c        0xc c:/altera/12.0sp2/nios2eds/bin/gnu/h-i686-mingw32/bin/../lib/gcc/nios2-elf/4.1.2/../../../../nios2-elf/lib\libc.a(lib_a-mallocr.o)
                0x0101671c                __malloc_top_pad
                0x01016720                __malloc_max_sbrked_mem
                0x01016724                __malloc_max_total_mem
 .sbss          0x01016728        0x4 c:/altera/12.0sp2/nios2eds/bin/gnu/h-i686-mingw32/bin/../lib/gcc/nios2-elf/4.1.2/../../../../nios2-elf/lib\libc.a(lib_a-int_errno.o)
                0x01016728                errno
 .sbss          0x0101672c        0xc c:/altera/12.0sp2/nios2eds/bin/gnu/h-i686-mingw32/bin/../lib/gcc/nios2-elf/4.1.2/../../../../nios2-elf/lib\libc.a(lib_a-locale.o)
                0x0101672c                __nlocale_changed
                0x01016730                __mlocale_changed
                0x01016734                _PathLocale
 .sbss          0x01016738        0x4 ../../../../workspace2/NewBSP\libhal_bsp.a(alt_irq_vars.o)
                0x01016738                alt_irq_active
 .sbss          0x0101673c        0xc ../../../../workspace2/NewBSP\libhal_bsp.a(alt_main.o)
                0x0101673c                alt_argc
                0x01016740                alt_argv
                0x01016744                alt_envp
 .sbss          0x01016748        0x8 ../../../../workspace2/NewBSP\libhal_bsp.a(alt_tick.o)
                0x01016748                _alt_tick_rate
                0x0101674c                _alt_nticks
 .sbss          0x01016750       0x34 ../../../../workspace2/NewBSP\libhal_bsp.a(altera_up_sd_card_avalon_interface.o)
                0x01016750                initialized
                0x01016754                is_sd_card_formated_as_FAT16
                0x01016758                aux_status_register
                0x0101675c                status_register
                0x01016760                CSD_register_w0
                0x01016764                command_register
                0x01016768                command_argument_register
                0x0101676c                buffer_memory
                0x01016770                fat_partition_offset_in_512_byte_sectors
                0x01016774                fat_partition_size_in_512_byte_sectors
                0x01016778                device_pointer
                0x0101677c                current_sector_modified
                0x01016780                current_sector_index
 *(.sbss2 .sbss2.* .gnu.linkonce.sb2.*)
 *(.scommon)
                0x01016784                PROVIDE (__sbss_end, ABSOLUTE (.))
                0x01016784                PROVIDE (___sbss_end, ABSOLUTE (.))
 *(.dynbss)
 *(.bss .bss.* .gnu.linkonce.b.*)
 .bss           0x01016784        0x0 ../../../../workspace2/NewBSP/obj/HAL/src/crt0.o
 .bss           0x01016784        0x0 obj/default/DrawMain.o
 .bss           0x01016784        0x0 obj/default/bitmap.o
 .bss           0x01016784        0x0 obj/default/drawBg.o
 .bss           0x01016784        0x0 obj/default/sdcard.o
 .bss           0x01016784        0x0 obj/default/wk_io.o
 .bss           0x01016784        0x0 obj/default/wk_kb.o
 .bss           0x01016784        0x0 obj/default/wk_lcd.o
 .bss           0x01016784        0x0 obj/default/wk_video.o
 .bss           0x01016784        0x0 c:/altera/12.0sp2/nios2eds/bin/gnu/h-i686-mingw32/bin/../lib/gcc/nios2-elf/4.1.2/../../../../nios2-elf/lib\libc.a(lib_a-malloc.o)
 .bss           0x01016784       0x28 c:/altera/12.0sp2/nios2eds/bin/gnu/h-i686-mingw32/bin/../lib/gcc/nios2-elf/4.1.2/../../../../nios2-elf/lib\libc.a(lib_a-mallocr.o)
                0x01016784                __malloc_current_mallinfo
 .bss           0x010167ac        0x0 c:/altera/12.0sp2/nios2eds/bin/gnu/h-i686-mingw32/bin/../lib/gcc/nios2-elf/4.1.2/../../../../nios2-elf/lib\libc.a(lib_a-memcpy.o)
 .bss           0x010167ac        0x0 c:/altera/12.0sp2/nios2eds/bin/gnu/h-i686-mingw32/bin/../lib/gcc/nios2-elf/4.1.2/../../../../nios2-elf/lib\libc.a(lib_a-memset.o)
 .bss           0x010167ac        0x0 c:/altera/12.0sp2/nios2eds/bin/gnu/h-i686-mingw32/bin/../lib/gcc/nios2-elf/4.1.2/../../../../nios2-elf/lib\libc.a(lib_a-printf.o)
 .bss           0x010167ac        0x0 c:/altera/12.0sp2/nios2eds/bin/gnu/h-i686-mingw32/bin/../lib/gcc/nios2-elf/4.1.2/../../../../nios2-elf/lib\libc.a(lib_a-putchar.o)
 .bss           0x010167ac        0x0 c:/altera/12.0sp2/nios2eds/bin/gnu/h-i686-mingw32/bin/../lib/gcc/nios2-elf/4.1.2/../../../../nios2-elf/lib\libc.a(lib_a-puts.o)
 .bss           0x010167ac        0x0 c:/altera/12.0sp2/nios2eds/bin/gnu/h-i686-mingw32/bin/../lib/gcc/nios2-elf/4.1.2/../../../../nios2-elf/lib\libc.a(lib_a-rand.o)
 .bss           0x010167ac        0x0 c:/altera/12.0sp2/nios2eds/bin/gnu/h-i686-mingw32/bin/../lib/gcc/nios2-elf/4.1.2/../../../../nios2-elf/lib\libc.a(lib_a-sbrkr.o)
 .bss           0x010167ac        0x0 c:/altera/12.0sp2/nios2eds/bin/gnu/h-i686-mingw32/bin/../lib/gcc/nios2-elf/4.1.2/../../../../nios2-elf/lib\libc.a(lib_a-sprintf.o)
 .bss           0x010167ac        0x0 c:/altera/12.0sp2/nios2eds/bin/gnu/h-i686-mingw32/bin/../lib/gcc/nios2-elf/4.1.2/../../../../nios2-elf/lib\libc.a(lib_a-strcat.o)
 .bss           0x010167ac        0x0 c:/altera/12.0sp2/nios2eds/bin/gnu/h-i686-mingw32/bin/../lib/gcc/nios2-elf/4.1.2/../../../../nios2-elf/lib\libc.a(lib_a-strcpy.o)
 .bss           0x010167ac        0x0 c:/altera/12.0sp2/nios2eds/bin/gnu/h-i686-mingw32/bin/../lib/gcc/nios2-elf/4.1.2/../../../../nios2-elf/lib\libc.a(lib_a-strlen.o)
 .bss           0x010167ac        0x0 c:/altera/12.0sp2/nios2eds/bin/gnu/h-i686-mingw32/bin/../lib/gcc/nios2-elf/4.1.2/../../../../nios2-elf/lib\libc.a(lib_a-vfprintf.o)
 .bss           0x010167ac        0x0 c:/altera/12.0sp2/nios2eds/bin/gnu/h-i686-mingw32/bin/../lib/gcc/nios2-elf/4.1.2/../../../../nios2-elf/lib\libc.a(lib_a-wsetup.o)
 .bss           0x010167ac        0x0 c:/altera/12.0sp2/nios2eds/bin/gnu/h-i686-mingw32/bin/../lib/gcc/nios2-elf/4.1.2/../../../../nios2-elf/lib\libc.a(lib_a-dtoa.o)
 .bss           0x010167ac        0x0 c:/altera/12.0sp2/nios2eds/bin/gnu/h-i686-mingw32/bin/../lib/gcc/nios2-elf/4.1.2/../../../../nios2-elf/lib\libc.a(lib_a-fflush.o)
 .bss           0x010167ac        0x0 c:/altera/12.0sp2/nios2eds/bin/gnu/h-i686-mingw32/bin/../lib/gcc/nios2-elf/4.1.2/../../../../nios2-elf/lib\libc.a(lib_a-findfp.o)
 .bss           0x010167ac        0x0 c:/altera/12.0sp2/nios2eds/bin/gnu/h-i686-mingw32/bin/../lib/gcc/nios2-elf/4.1.2/../../../../nios2-elf/lib\libc.a(lib_a-freer.o)
 .bss           0x010167ac        0x0 c:/altera/12.0sp2/nios2eds/bin/gnu/h-i686-mingw32/bin/../lib/gcc/nios2-elf/4.1.2/../../../../nios2-elf/lib\libc.a(lib_a-fvwrite.o)
 .bss           0x010167ac        0x0 c:/altera/12.0sp2/nios2eds/bin/gnu/h-i686-mingw32/bin/../lib/gcc/nios2-elf/4.1.2/../../../../nios2-elf/lib\libc.a(lib_a-fwalk.o)
 .bss           0x010167ac        0x0 c:/altera/12.0sp2/nios2eds/bin/gnu/h-i686-mingw32/bin/../lib/gcc/nios2-elf/4.1.2/../../../../nios2-elf/lib\libc.a(lib_a-impure.o)
 .bss           0x010167ac        0x0 c:/altera/12.0sp2/nios2eds/bin/gnu/h-i686-mingw32/bin/../lib/gcc/nios2-elf/4.1.2/../../../../nios2-elf/lib\libc.a(lib_a-int_errno.o)
 .bss           0x010167ac        0x0 c:/altera/12.0sp2/nios2eds/bin/gnu/h-i686-mingw32/bin/../lib/gcc/nios2-elf/4.1.2/../../../../nios2-elf/lib\libc.a(lib_a-locale.o)
 .bss           0x010167ac        0x0 c:/altera/12.0sp2/nios2eds/bin/gnu/h-i686-mingw32/bin/../lib/gcc/nios2-elf/4.1.2/../../../../nios2-elf/lib\libc.a(lib_a-makebuf.o)
 .bss           0x010167ac        0x0 c:/altera/12.0sp2/nios2eds/bin/gnu/h-i686-mingw32/bin/../lib/gcc/nios2-elf/4.1.2/../../../../nios2-elf/lib\libc.a(lib_a-memchr.o)
 .bss           0x010167ac        0x0 c:/altera/12.0sp2/nios2eds/bin/gnu/h-i686-mingw32/bin/../lib/gcc/nios2-elf/4.1.2/../../../../nios2-elf/lib\libc.a(lib_a-memmove.o)
 .bss           0x010167ac        0x0 c:/altera/12.0sp2/nios2eds/bin/gnu/h-i686-mingw32/bin/../lib/gcc/nios2-elf/4.1.2/../../../../nios2-elf/lib\libc.a(lib_a-mprec.o)
 .bss           0x010167ac        0x0 c:/altera/12.0sp2/nios2eds/bin/gnu/h-i686-mingw32/bin/../lib/gcc/nios2-elf/4.1.2/../../../../nios2-elf/lib\libc.a(lib_a-putc.o)
 .bss           0x010167ac        0x0 c:/altera/12.0sp2/nios2eds/bin/gnu/h-i686-mingw32/bin/../lib/gcc/nios2-elf/4.1.2/../../../../nios2-elf/lib\libc.a(lib_a-reallocr.o)
 .bss           0x010167ac        0x0 c:/altera/12.0sp2/nios2eds/bin/gnu/h-i686-mingw32/bin/../lib/gcc/nios2-elf/4.1.2/../../../../nios2-elf/lib\libc.a(lib_a-s_isinfd.o)
 .bss           0x010167ac        0x0 c:/altera/12.0sp2/nios2eds/bin/gnu/h-i686-mingw32/bin/../lib/gcc/nios2-elf/4.1.2/../../../../nios2-elf/lib\libc.a(lib_a-s_isnand.o)
 .bss           0x010167ac        0x0 c:/altera/12.0sp2/nios2eds/bin/gnu/h-i686-mingw32/bin/../lib/gcc/nios2-elf/4.1.2/../../../../nios2-elf/lib\libc.a(lib_a-stdio.o)
 .bss           0x010167ac        0x0 c:/altera/12.0sp2/nios2eds/bin/gnu/h-i686-mingw32/bin/../lib/gcc/nios2-elf/4.1.2/../../../../nios2-elf/lib\libc.a(lib_a-strcmp.o)
 .bss           0x010167ac        0x0 c:/altera/12.0sp2/nios2eds/bin/gnu/h-i686-mingw32/bin/../lib/gcc/nios2-elf/4.1.2/../../../../nios2-elf/lib\libc.a(lib_a-wbuf.o)
 .bss           0x010167ac        0x0 c:/altera/12.0sp2/nios2eds/bin/gnu/h-i686-mingw32/bin/../lib/gcc/nios2-elf/4.1.2/../../../../nios2-elf/lib\libc.a(lib_a-writer.o)
 .bss           0x010167ac        0x0 c:/altera/12.0sp2/nios2eds/bin/gnu/h-i686-mingw32/bin/../lib/gcc/nios2-elf/4.1.2/../../../../nios2-elf/lib\libc.a(lib_a-callocr.o)
 .bss           0x010167ac        0x0 c:/altera/12.0sp2/nios2eds/bin/gnu/h-i686-mingw32/bin/../lib/gcc/nios2-elf/4.1.2/../../../../nios2-elf/lib\libc.a(lib_a-closer.o)
 .bss           0x010167ac        0x0 c:/altera/12.0sp2/nios2eds/bin/gnu/h-i686-mingw32/bin/../lib/gcc/nios2-elf/4.1.2/../../../../nios2-elf/lib\libc.a(lib_a-fclose.o)
 .bss           0x010167ac        0x0 c:/altera/12.0sp2/nios2eds/bin/gnu/h-i686-mingw32/bin/../lib/gcc/nios2-elf/4.1.2/../../../../nios2-elf/lib\libc.a(lib_a-fstatr.o)
 .bss           0x010167ac        0x0 c:/altera/12.0sp2/nios2eds/bin/gnu/h-i686-mingw32/bin/../lib/gcc/nios2-elf/4.1.2/../../../../nios2-elf/lib\libc.a(lib_a-isattyr.o)
 .bss           0x010167ac        0x0 c:/altera/12.0sp2/nios2eds/bin/gnu/h-i686-mingw32/bin/../lib/gcc/nios2-elf/4.1.2/../../../../nios2-elf/lib\libc.a(lib_a-lseekr.o)
 .bss           0x010167ac        0x0 c:/altera/12.0sp2/nios2eds/bin/gnu/h-i686-mingw32/bin/../lib/gcc/nios2-elf/4.1.2/../../../../nios2-elf/lib\libc.a(lib_a-readr.o)
 .bss           0x010167ac        0x0 c:/altera/12.0sp2/nios2eds/bin/gnu/h-i686-mingw32/bin/../lib/gcc/nios2-elf/4.1.2\libgcc.a(_muldi3.o)
 .bss           0x010167ac        0x0 c:/altera/12.0sp2/nios2eds/bin/gnu/h-i686-mingw32/bin/../lib/gcc/nios2-elf/4.1.2\libgcc.a(_udivdi3.o)
 .bss           0x010167ac        0x0 c:/altera/12.0sp2/nios2eds/bin/gnu/h-i686-mingw32/bin/../lib/gcc/nios2-elf/4.1.2\libgcc.a(_umoddi3.o)
 .bss           0x010167ac        0x0 c:/altera/12.0sp2/nios2eds/bin/gnu/h-i686-mingw32/bin/../lib/gcc/nios2-elf/4.1.2\libgcc.a(_addsub_df.o)
 .bss           0x010167ac        0x0 c:/altera/12.0sp2/nios2eds/bin/gnu/h-i686-mingw32/bin/../lib/gcc/nios2-elf/4.1.2\libgcc.a(_mul_df.o)
 .bss           0x010167ac        0x0 c:/altera/12.0sp2/nios2eds/bin/gnu/h-i686-mingw32/bin/../lib/gcc/nios2-elf/4.1.2\libgcc.a(_div_df.o)
 .bss           0x010167ac        0x0 c:/altera/12.0sp2/nios2eds/bin/gnu/h-i686-mingw32/bin/../lib/gcc/nios2-elf/4.1.2\libgcc.a(_eq_df.o)
 .bss           0x010167ac        0x0 c:/altera/12.0sp2/nios2eds/bin/gnu/h-i686-mingw32/bin/../lib/gcc/nios2-elf/4.1.2\libgcc.a(_ne_df.o)
 .bss           0x010167ac        0x0 c:/altera/12.0sp2/nios2eds/bin/gnu/h-i686-mingw32/bin/../lib/gcc/nios2-elf/4.1.2\libgcc.a(_gt_df.o)
 .bss           0x010167ac        0x0 c:/altera/12.0sp2/nios2eds/bin/gnu/h-i686-mingw32/bin/../lib/gcc/nios2-elf/4.1.2\libgcc.a(_ge_df.o)
 .bss           0x010167ac        0x0 c:/altera/12.0sp2/nios2eds/bin/gnu/h-i686-mingw32/bin/../lib/gcc/nios2-elf/4.1.2\libgcc.a(_lt_df.o)
 .bss           0x010167ac        0x0 c:/altera/12.0sp2/nios2eds/bin/gnu/h-i686-mingw32/bin/../lib/gcc/nios2-elf/4.1.2\libgcc.a(_si_to_df.o)
 .bss           0x010167ac        0x0 c:/altera/12.0sp2/nios2eds/bin/gnu/h-i686-mingw32/bin/../lib/gcc/nios2-elf/4.1.2\libgcc.a(_df_to_si.o)
 .bss           0x010167ac        0x0 c:/altera/12.0sp2/nios2eds/bin/gnu/h-i686-mingw32/bin/../lib/gcc/nios2-elf/4.1.2\libgcc.a(_thenan_df.o)
 .bss           0x010167ac        0x0 c:/altera/12.0sp2/nios2eds/bin/gnu/h-i686-mingw32/bin/../lib/gcc/nios2-elf/4.1.2\libgcc.a(_usi_to_df.o)
 .bss           0x010167ac        0x0 c:/altera/12.0sp2/nios2eds/bin/gnu/h-i686-mingw32/bin/../lib/gcc/nios2-elf/4.1.2\libgcc.a(lib2-divmod.o)
 .bss           0x010167ac        0x0 c:/altera/12.0sp2/nios2eds/bin/gnu/h-i686-mingw32/bin/../lib/gcc/nios2-elf/4.1.2\libgcc.a(_clz.o)
 .bss           0x010167ac        0x0 c:/altera/12.0sp2/nios2eds/bin/gnu/h-i686-mingw32/bin/../lib/gcc/nios2-elf/4.1.2\libgcc.a(_clzsi2.o)
 .bss           0x010167ac        0x0 c:/altera/12.0sp2/nios2eds/bin/gnu/h-i686-mingw32/bin/../lib/gcc/nios2-elf/4.1.2\libgcc.a(_pack_df.o)
 .bss           0x010167ac        0x0 c:/altera/12.0sp2/nios2eds/bin/gnu/h-i686-mingw32/bin/../lib/gcc/nios2-elf/4.1.2\libgcc.a(_unpack_df.o)
 .bss           0x010167ac        0x0 c:/altera/12.0sp2/nios2eds/bin/gnu/h-i686-mingw32/bin/../lib/gcc/nios2-elf/4.1.2\libgcc.a(_fpcmp_parts_df.o)
 .bss           0x010167ac        0x0 ../../../../workspace2/NewBSP\libhal_bsp.a(alt_alarm_start.o)
 .bss           0x010167ac        0x0 ../../../../workspace2/NewBSP\libhal_bsp.a(alt_close.o)
 .bss           0x010167ac        0x0 ../../../../workspace2/NewBSP\libhal_bsp.a(alt_dev.o)
 .bss           0x010167ac        0x0 ../../../../workspace2/NewBSP\libhal_bsp.a(alt_errno.o)
 .bss           0x010167ac        0x0 ../../../../workspace2/NewBSP\libhal_bsp.a(alt_fstat.o)
 .bss           0x010167ac        0x0 ../../../../workspace2/NewBSP\libhal_bsp.a(alt_irq_register.o)
 .bss           0x010167ac        0x0 ../../../../workspace2/NewBSP\libhal_bsp.a(alt_irq_vars.o)
 .bss           0x010167ac        0x0 ../../../../workspace2/NewBSP\libhal_bsp.a(alt_isatty.o)
 .bss           0x010167ac        0x0 ../../../../workspace2/NewBSP\libhal_bsp.a(alt_load.o)
 .bss           0x010167ac        0x0 ../../../../workspace2/NewBSP\libhal_bsp.a(alt_lseek.o)
 .bss           0x010167ac        0x0 ../../../../workspace2/NewBSP\libhal_bsp.a(alt_main.o)
 .bss           0x010167ac        0x0 ../../../../workspace2/NewBSP\libhal_bsp.a(alt_malloc_lock.o)
 .bss           0x010167ac        0x0 ../../../../workspace2/NewBSP\libhal_bsp.a(alt_read.o)
 .bss           0x010167ac        0x0 ../../../../workspace2/NewBSP\libhal_bsp.a(alt_release_fd.o)
 .bss           0x010167ac        0x0 ../../../../workspace2/NewBSP\libhal_bsp.a(alt_sbrk.o)
 .bss           0x010167ac        0x0 ../../../../workspace2/NewBSP\libhal_bsp.a(alt_tick.o)
 .bss           0x010167ac        0x0 ../../../../workspace2/NewBSP\libhal_bsp.a(alt_write.o)
 .bss           0x010167ac        0x0 ../../../../workspace2/NewBSP\libhal_bsp.a(alt_sys_init.o)
 .bss           0x010167ac        0x0 ../../../../workspace2/NewBSP\libhal_bsp.a(altera_avalon_jtag_uart_fd.o)
 .bss           0x010167ac        0x0 ../../../../workspace2/NewBSP\libhal_bsp.a(altera_avalon_jtag_uart_init.o)
 .bss           0x010167ac        0x0 ../../../../workspace2/NewBSP\libhal_bsp.a(altera_avalon_jtag_uart_ioctl.o)
 .bss           0x010167ac        0x0 ../../../../workspace2/NewBSP\libhal_bsp.a(altera_avalon_jtag_uart_read.o)
 .bss           0x010167ac        0x0 ../../../../workspace2/NewBSP\libhal_bsp.a(altera_avalon_jtag_uart_write.o)
 .bss           0x010167ac        0x0 ../../../../workspace2/NewBSP\libhal_bsp.a(altera_avalon_timer_sc.o)
 .bss           0x010167ac        0x0 ../../../../workspace2/NewBSP\libhal_bsp.a(altera_up_avalon_character_lcd.o)
 .bss           0x010167ac        0x0 ../../../../workspace2/NewBSP\libhal_bsp.a(altera_up_avalon_ps2.o)
 .bss           0x010167ac        0x0 ../../../../workspace2/NewBSP\libhal_bsp.a(altera_up_avalon_video_character_buffer_with_dma.o)
 .bss           0x010167ac        0x0 ../../../../workspace2/NewBSP\libhal_bsp.a(altera_up_avalon_video_pixel_buffer_dma.o)
 .bss           0x010167ac        0x0 ../../../../workspace2/NewBSP\libhal_bsp.a(altera_up_ps2_keyboard.o)
 .bss           0x010167ac        0x0 ../../../../workspace2/NewBSP\libhal_bsp.a(altera_up_sd_card_avalon_interface.o)
 .bss           0x010167ac        0x0 ../../../../workspace2/NewBSP\libhal_bsp.a(alt_dcache_flush_all.o)
 .bss           0x010167ac        0x0 ../../../../workspace2/NewBSP\libhal_bsp.a(alt_dev_llist_insert.o)
 .bss           0x010167ac        0x0 ../../../../workspace2/NewBSP\libhal_bsp.a(alt_do_ctors.o)
 .bss           0x010167ac        0x0 ../../../../workspace2/NewBSP\libhal_bsp.a(alt_do_dtors.o)
 .bss           0x010167ac        0x0 ../../../../workspace2/NewBSP\libhal_bsp.a(alt_find_dev.o)
 .bss           0x010167ac        0x0 ../../../../workspace2/NewBSP\libhal_bsp.a(alt_icache_flush_all.o)
 .bss           0x010167ac        0x0 ../../../../workspace2/NewBSP\libhal_bsp.a(alt_io_redirect.o)
 .bss           0x010167ac        0x0 ../../../../workspace2/NewBSP\libhal_bsp.a(alt_irq_entry.o)
 .bss           0x010167ac        0x0 ../../../../workspace2/NewBSP\libhal_bsp.a(alt_irq_handler.o)
 .bss           0x010167ac        0x0 ../../../../workspace2/NewBSP\libhal_bsp.a(alt_open.o)
 .bss           0x010167ac        0x0 ../../../../workspace2/NewBSP\libhal_bsp.a(altera_nios2_qsys_irq.o)
 .bss           0x010167ac        0x0 ../../../../workspace2/NewBSP\libhal_bsp.a(alt_exception_entry.o)
 .bss           0x010167ac        0x0 ../../../../workspace2/NewBSP\libhal_bsp.a(alt_find_file.o)
 .bss           0x010167ac        0x0 ../../../../workspace2/NewBSP\libhal_bsp.a(alt_get_fd.o)
 .bss           0x010167ac        0x0 ../../../../workspace2/NewBSP\libhal_bsp.a(alt_icache_flush.o)
 .bss           0x010167ac        0x0 c:/altera/12.0sp2/nios2eds/bin/gnu/h-i686-mingw32/bin/../lib/gcc/nios2-elf/4.1.2/../../../../nios2-elf/lib\libc.a(lib_a-atexit.o)
 .bss           0x010167ac        0x0 c:/altera/12.0sp2/nios2eds/bin/gnu/h-i686-mingw32/bin/../lib/gcc/nios2-elf/4.1.2/../../../../nios2-elf/lib\libc.a(lib_a-exit.o)
 .bss           0x010167ac        0x0 c:/altera/12.0sp2/nios2eds/bin/gnu/h-i686-mingw32/bin/../lib/gcc/nios2-elf/4.1.2/../../../../nios2-elf/lib\libc.a(lib_a-memcmp.o)
 .bss           0x010167ac        0x0 c:/altera/12.0sp2/nios2eds/bin/gnu/h-i686-mingw32/bin/../lib/gcc/nios2-elf/4.1.2/../../../../nios2-elf/lib\libc.a(lib_a-__atexit.o)
 .bss           0x010167ac        0x0 c:/altera/12.0sp2/nios2eds/bin/gnu/h-i686-mingw32/bin/../lib/gcc/nios2-elf/4.1.2/../../../../nios2-elf/lib\libc.a(lib_a-__call_atexit.o)
 .bss           0x010167ac        0x0 ../../../../workspace2/NewBSP\libhal_bsp.a(alt_exit.o)
 *(COMMON)
 COMMON         0x010167ac       0x20 obj/default/DrawMain.o
                0x010167ac                Hex
 COMMON         0x010167cc      0x568 ../../../../workspace2/NewBSP\libhal_bsp.a(altera_up_sd_card_avalon_interface.o)
                0x010167cc                search_data
                0x010167e0                boot_sector_data
                0x01016834                active_files
 COMMON         0x01016d34      0x100 ../../../../workspace2/NewBSP\libhal_bsp.a(alt_irq_handler.o)
                0x01016d34                alt_irq
 COMMON         0x01016e34      0x190 c:/altera/12.0sp2/nios2eds/bin/gnu/h-i686-mingw32/bin/../lib/gcc/nios2-elf/4.1.2/../../../../nios2-elf/lib\libc.a(lib_a-atexit.o)
                0x01016e34                _atexit0
                0x01016fc4                . = ALIGN (0x4)
                0x01016fc4                __bss_end = ABSOLUTE (.)

.sdram          0x01016fc4        0x0
                0x01016fc4                PROVIDE (_alt_partition_sdram_start, ABSOLUTE (.))
 *(.sdram. sdram.*)
                0x01016fc4                . = ALIGN (0x4)
                0x01016fc4                PROVIDE (_alt_partition_sdram_end, ABSOLUTE (.))
                0x01016fc4                _end = ABSOLUTE (.)
                0x01016fc4                end = ABSOLUTE (.)
                0x01016fc4                __alt_stack_base = ABSOLUTE (.)
                0x01016fc4                PROVIDE (_alt_partition_sdram_load_addr, LOADADDR (.sdram))

.stab
 *(.stab)

.stabstr
 *(.stabstr)

.stab.excl
 *(.stab.excl)

.stab.exclstr
 *(.stab.exclstr)

.stab.index
 *(.stab.index)

.stab.indexstr
 *(.stab.indexstr)

.comment        0x00000000       0x26
 *(.comment)
 .comment       0x00000000       0x26 obj/default/DrawMain.o
                                 0x27 (size before relaxing)
 .comment       0x00000000       0x27 obj/default/bitmap.o
 .comment       0x00000000       0x27 obj/default/drawBg.o
 .comment       0x00000000       0x27 obj/default/sdcard.o
 .comment       0x00000000       0x27 obj/default/wk_io.o
 .comment       0x00000000       0x27 obj/default/wk_kb.o
 .comment       0x00000000       0x27 obj/default/wk_lcd.o
 .comment       0x00000000       0x27 obj/default/wk_video.o
 .comment       0x00000000       0x27 c:/altera/12.0sp2/nios2eds/bin/gnu/h-i686-mingw32/bin/../lib/gcc/nios2-elf/4.1.2/../../../../nios2-elf/lib\libc.a(lib_a-malloc.o)
 .comment       0x00000000       0x27 c:/altera/12.0sp2/nios2eds/bin/gnu/h-i686-mingw32/bin/../lib/gcc/nios2-elf/4.1.2/../../../../nios2-elf/lib\libc.a(lib_a-mallocr.o)
 .comment       0x00000000       0x27 c:/altera/12.0sp2/nios2eds/bin/gnu/h-i686-mingw32/bin/../lib/gcc/nios2-elf/4.1.2/../../../../nios2-elf/lib\libc.a(lib_a-memcpy.o)
 .comment       0x00000000       0x27 c:/altera/12.0sp2/nios2eds/bin/gnu/h-i686-mingw32/bin/../lib/gcc/nios2-elf/4.1.2/../../../../nios2-elf/lib\libc.a(lib_a-memset.o)
 .comment       0x00000000       0x27 c:/altera/12.0sp2/nios2eds/bin/gnu/h-i686-mingw32/bin/../lib/gcc/nios2-elf/4.1.2/../../../../nios2-elf/lib\libc.a(lib_a-printf.o)
 .comment       0x00000000       0x27 c:/altera/12.0sp2/nios2eds/bin/gnu/h-i686-mingw32/bin/../lib/gcc/nios2-elf/4.1.2/../../../../nios2-elf/lib\libc.a(lib_a-putchar.o)
 .comment       0x00000000       0x27 c:/altera/12.0sp2/nios2eds/bin/gnu/h-i686-mingw32/bin/../lib/gcc/nios2-elf/4.1.2/../../../../nios2-elf/lib\libc.a(lib_a-puts.o)
 .comment       0x00000000       0x27 c:/altera/12.0sp2/nios2eds/bin/gnu/h-i686-mingw32/bin/../lib/gcc/nios2-elf/4.1.2/../../../../nios2-elf/lib\libc.a(lib_a-rand.o)
 .comment       0x00000000       0x27 c:/altera/12.0sp2/nios2eds/bin/gnu/h-i686-mingw32/bin/../lib/gcc/nios2-elf/4.1.2/../../../../nios2-elf/lib\libc.a(lib_a-sbrkr.o)
 .comment       0x00000000       0x27 c:/altera/12.0sp2/nios2eds/bin/gnu/h-i686-mingw32/bin/../lib/gcc/nios2-elf/4.1.2/../../../../nios2-elf/lib\libc.a(lib_a-sprintf.o)
 .comment       0x00000000       0x27 c:/altera/12.0sp2/nios2eds/bin/gnu/h-i686-mingw32/bin/../lib/gcc/nios2-elf/4.1.2/../../../../nios2-elf/lib\libc.a(lib_a-strcat.o)
 .comment       0x00000000       0x27 c:/altera/12.0sp2/nios2eds/bin/gnu/h-i686-mingw32/bin/../lib/gcc/nios2-elf/4.1.2/../../../../nios2-elf/lib\libc.a(lib_a-strcpy.o)
 .comment       0x00000000       0x27 c:/altera/12.0sp2/nios2eds/bin/gnu/h-i686-mingw32/bin/../lib/gcc/nios2-elf/4.1.2/../../../../nios2-elf/lib\libc.a(lib_a-strlen.o)
 .comment       0x00000000       0x27 c:/altera/12.0sp2/nios2eds/bin/gnu/h-i686-mingw32/bin/../lib/gcc/nios2-elf/4.1.2/../../../../nios2-elf/lib\libc.a(lib_a-vfprintf.o)
 .comment       0x00000000       0x27 c:/altera/12.0sp2/nios2eds/bin/gnu/h-i686-mingw32/bin/../lib/gcc/nios2-elf/4.1.2/../../../../nios2-elf/lib\libc.a(lib_a-wsetup.o)
 .comment       0x00000000       0x27 c:/altera/12.0sp2/nios2eds/bin/gnu/h-i686-mingw32/bin/../lib/gcc/nios2-elf/4.1.2/../../../../nios2-elf/lib\libc.a(lib_a-dtoa.o)
 .comment       0x00000000       0x27 c:/altera/12.0sp2/nios2eds/bin/gnu/h-i686-mingw32/bin/../lib/gcc/nios2-elf/4.1.2/../../../../nios2-elf/lib\libc.a(lib_a-fflush.o)
 .comment       0x00000000       0x27 c:/altera/12.0sp2/nios2eds/bin/gnu/h-i686-mingw32/bin/../lib/gcc/nios2-elf/4.1.2/../../../../nios2-elf/lib\libc.a(lib_a-findfp.o)
 .comment       0x00000000       0x27 c:/altera/12.0sp2/nios2eds/bin/gnu/h-i686-mingw32/bin/../lib/gcc/nios2-elf/4.1.2/../../../../nios2-elf/lib\libc.a(lib_a-freer.o)
 .comment       0x00000000       0x27 c:/altera/12.0sp2/nios2eds/bin/gnu/h-i686-mingw32/bin/../lib/gcc/nios2-elf/4.1.2/../../../../nios2-elf/lib\libc.a(lib_a-fvwrite.o)
 .comment       0x00000000       0x27 c:/altera/12.0sp2/nios2eds/bin/gnu/h-i686-mingw32/bin/../lib/gcc/nios2-elf/4.1.2/../../../../nios2-elf/lib\libc.a(lib_a-fwalk.o)
 .comment       0x00000000       0x27 c:/altera/12.0sp2/nios2eds/bin/gnu/h-i686-mingw32/bin/../lib/gcc/nios2-elf/4.1.2/../../../../nios2-elf/lib\libc.a(lib_a-impure.o)
 .comment       0x00000000       0x27 c:/altera/12.0sp2/nios2eds/bin/gnu/h-i686-mingw32/bin/../lib/gcc/nios2-elf/4.1.2/../../../../nios2-elf/lib\libc.a(lib_a-int_errno.o)
 .comment       0x00000000       0x27 c:/altera/12.0sp2/nios2eds/bin/gnu/h-i686-mingw32/bin/../lib/gcc/nios2-elf/4.1.2/../../../../nios2-elf/lib\libc.a(lib_a-locale.o)
 .comment       0x00000000       0x27 c:/altera/12.0sp2/nios2eds/bin/gnu/h-i686-mingw32/bin/../lib/gcc/nios2-elf/4.1.2/../../../../nios2-elf/lib\libc.a(lib_a-makebuf.o)
 .comment       0x00000000       0x27 c:/altera/12.0sp2/nios2eds/bin/gnu/h-i686-mingw32/bin/../lib/gcc/nios2-elf/4.1.2/../../../../nios2-elf/lib\libc.a(lib_a-memchr.o)
 .comment       0x00000000       0x27 c:/altera/12.0sp2/nios2eds/bin/gnu/h-i686-mingw32/bin/../lib/gcc/nios2-elf/4.1.2/../../../../nios2-elf/lib\libc.a(lib_a-memmove.o)
 .comment       0x00000000       0x27 c:/altera/12.0sp2/nios2eds/bin/gnu/h-i686-mingw32/bin/../lib/gcc/nios2-elf/4.1.2/../../../../nios2-elf/lib\libc.a(lib_a-mprec.o)
 .comment       0x00000000       0x27 c:/altera/12.0sp2/nios2eds/bin/gnu/h-i686-mingw32/bin/../lib/gcc/nios2-elf/4.1.2/../../../../nios2-elf/lib\libc.a(lib_a-putc.o)
 .comment       0x00000000       0x27 c:/altera/12.0sp2/nios2eds/bin/gnu/h-i686-mingw32/bin/../lib/gcc/nios2-elf/4.1.2/../../../../nios2-elf/lib\libc.a(lib_a-reallocr.o)
 .comment       0x00000000       0x27 c:/altera/12.0sp2/nios2eds/bin/gnu/h-i686-mingw32/bin/../lib/gcc/nios2-elf/4.1.2/../../../../nios2-elf/lib\libc.a(lib_a-s_isinfd.o)
 .comment       0x00000000       0x27 c:/altera/12.0sp2/nios2eds/bin/gnu/h-i686-mingw32/bin/../lib/gcc/nios2-elf/4.1.2/../../../../nios2-elf/lib\libc.a(lib_a-s_isnand.o)
 .comment       0x00000000       0x27 c:/altera/12.0sp2/nios2eds/bin/gnu/h-i686-mingw32/bin/../lib/gcc/nios2-elf/4.1.2/../../../../nios2-elf/lib\libc.a(lib_a-stdio.o)
 .comment       0x00000000       0x27 c:/altera/12.0sp2/nios2eds/bin/gnu/h-i686-mingw32/bin/../lib/gcc/nios2-elf/4.1.2/../../../../nios2-elf/lib\libc.a(lib_a-strcmp.o)
 .comment       0x00000000       0x27 c:/altera/12.0sp2/nios2eds/bin/gnu/h-i686-mingw32/bin/../lib/gcc/nios2-elf/4.1.2/../../../../nios2-elf/lib\libc.a(lib_a-wbuf.o)
 .comment       0x00000000       0x27 c:/altera/12.0sp2/nios2eds/bin/gnu/h-i686-mingw32/bin/../lib/gcc/nios2-elf/4.1.2/../../../../nios2-elf/lib\libc.a(lib_a-writer.o)
 .comment       0x00000000       0x27 c:/altera/12.0sp2/nios2eds/bin/gnu/h-i686-mingw32/bin/../lib/gcc/nios2-elf/4.1.2/../../../../nios2-elf/lib\libc.a(lib_a-callocr.o)
 .comment       0x00000000       0x27 c:/altera/12.0sp2/nios2eds/bin/gnu/h-i686-mingw32/bin/../lib/gcc/nios2-elf/4.1.2/../../../../nios2-elf/lib\libc.a(lib_a-closer.o)
 .comment       0x00000000       0x27 c:/altera/12.0sp2/nios2eds/bin/gnu/h-i686-mingw32/bin/../lib/gcc/nios2-elf/4.1.2/../../../../nios2-elf/lib\libc.a(lib_a-fclose.o)
 .comment       0x00000000       0x27 c:/altera/12.0sp2/nios2eds/bin/gnu/h-i686-mingw32/bin/../lib/gcc/nios2-elf/4.1.2/../../../../nios2-elf/lib\libc.a(lib_a-fstatr.o)
 .comment       0x00000000       0x27 c:/altera/12.0sp2/nios2eds/bin/gnu/h-i686-mingw32/bin/../lib/gcc/nios2-elf/4.1.2/../../../../nios2-elf/lib\libc.a(lib_a-isattyr.o)
 .comment       0x00000000       0x27 c:/altera/12.0sp2/nios2eds/bin/gnu/h-i686-mingw32/bin/../lib/gcc/nios2-elf/4.1.2/../../../../nios2-elf/lib\libc.a(lib_a-lseekr.o)
 .comment       0x00000000       0x27 c:/altera/12.0sp2/nios2eds/bin/gnu/h-i686-mingw32/bin/../lib/gcc/nios2-elf/4.1.2/../../../../nios2-elf/lib\libc.a(lib_a-readr.o)
 .comment       0x00000000       0x27 c:/altera/12.0sp2/nios2eds/bin/gnu/h-i686-mingw32/bin/../lib/gcc/nios2-elf/4.1.2\libgcc.a(_muldi3.o)
 .comment       0x00000000       0x27 c:/altera/12.0sp2/nios2eds/bin/gnu/h-i686-mingw32/bin/../lib/gcc/nios2-elf/4.1.2\libgcc.a(_udivdi3.o)
 .comment       0x00000000       0x27 c:/altera/12.0sp2/nios2eds/bin/gnu/h-i686-mingw32/bin/../lib/gcc/nios2-elf/4.1.2\libgcc.a(_umoddi3.o)
 .comment       0x00000000       0x27 c:/altera/12.0sp2/nios2eds/bin/gnu/h-i686-mingw32/bin/../lib/gcc/nios2-elf/4.1.2\libgcc.a(_addsub_df.o)
 .comment       0x00000000       0x27 c:/altera/12.0sp2/nios2eds/bin/gnu/h-i686-mingw32/bin/../lib/gcc/nios2-elf/4.1.2\libgcc.a(_mul_df.o)
 .comment       0x00000000       0x27 c:/altera/12.0sp2/nios2eds/bin/gnu/h-i686-mingw32/bin/../lib/gcc/nios2-elf/4.1.2\libgcc.a(_div_df.o)
 .comment       0x00000000       0x27 c:/altera/12.0sp2/nios2eds/bin/gnu/h-i686-mingw32/bin/../lib/gcc/nios2-elf/4.1.2\libgcc.a(_eq_df.o)
 .comment       0x00000000       0x27 c:/altera/12.0sp2/nios2eds/bin/gnu/h-i686-mingw32/bin/../lib/gcc/nios2-elf/4.1.2\libgcc.a(_ne_df.o)
 .comment       0x00000000       0x27 c:/altera/12.0sp2/nios2eds/bin/gnu/h-i686-mingw32/bin/../lib/gcc/nios2-elf/4.1.2\libgcc.a(_gt_df.o)
 .comment       0x00000000       0x27 c:/altera/12.0sp2/nios2eds/bin/gnu/h-i686-mingw32/bin/../lib/gcc/nios2-elf/4.1.2\libgcc.a(_ge_df.o)
 .comment       0x00000000       0x27 c:/altera/12.0sp2/nios2eds/bin/gnu/h-i686-mingw32/bin/../lib/gcc/nios2-elf/4.1.2\libgcc.a(_lt_df.o)