Archive member included because of file (symbol)

c:/altera/12.0sp2/nios2eds/bin/gnu/h-i686-mingw32/bin/../lib/gcc/nios2-elf/4.1.2/../../../../nios2-elf/lib\libc.a(lib_a-malloc.o)
                              obj/default/bitmap.o (free)
c:/altera/12.0sp2/nios2eds/bin/gnu/h-i686-mingw32/bin/../lib/gcc/nios2-elf/4.1.2/../../../../nios2-elf/lib\libc.a(lib_a-mallocr.o)
                              c:/altera/12.0sp2/nios2eds/bin/gnu/h-i686-mingw32/bin/../lib/gcc/nios2-elf/4.1.2/../../../../nios2-elf/lib\libc.a(lib_a-malloc.o) (_malloc_r)
c:/altera/12.0sp2/nios2eds/bin/gnu/h-i686-mingw32/bin/../lib/gcc/nios2-elf/4.1.2/../../../../nios2-elf/lib\libc.a(lib_a-memcpy.o)
                              obj/default/wk_lcd.o (memcpy)
c:/altera/12.0sp2/nios2eds/bin/gnu/h-i686-mingw32/bin/../lib/gcc/nios2-elf/4.1.2/../../../../nios2-elf/lib\libc.a(lib_a-memset.o)
                              obj/default/DrawMain.o (memset)
c:/altera/12.0sp2/nios2eds/bin/gnu/h-i686-mingw32/bin/../lib/gcc/nios2-elf/4.1.2/../../../../nios2-elf/lib\libc.a(lib_a-printf.o)
                              obj/default/DrawMain.o (printf)
c:/altera/12.0sp2/nios2eds/bin/gnu/h-i686-mingw32/bin/../lib/gcc/nios2-elf/4.1.2/../../../../nios2-elf/lib\libc.a(lib_a-putchar.o)
                              obj/default/sdcard.o (putchar)
c:/altera/12.0sp2/nios2eds/bin/gnu/h-i686-mingw32/bin/../lib/gcc/nios2-elf/4.1.2/../../../../nios2-elf/lib\libc.a(lib_a-puts.o)
                              obj/default/DrawMain.o (puts)
c:/altera/12.0sp2/nios2eds/bin/gnu/h-i686-mingw32/bin/../lib/gcc/nios2-elf/4.1.2/../../../../nios2-elf/lib\libc.a(lib_a-rand.o)
                              obj/default/DrawMain.o (srand)
c:/altera/12.0sp2/nios2eds/bin/gnu/h-i686-mingw32/bin/../lib/gcc/nios2-elf/4.1.2/../../../../nios2-elf/lib\libc.a(lib_a-sbrkr.o)
                              c:/altera/12.0sp2/nios2eds/bin/gnu/h-i686-mingw32/bin/../lib/gcc/nios2-elf/4.1.2/../../../../nios2-elf/lib\libc.a(lib_a-mallocr.o) (_sbrk_r)
c:/altera/12.0sp2/nios2eds/bin/gnu/h-i686-mingw32/bin/../lib/gcc/nios2-elf/4.1.2/../../../../nios2-elf/lib\libc.a(lib_a-sprintf.o)
                              obj/default/DrawMain.o (sprintf)
c:/altera/12.0sp2/nios2eds/bin/gnu/h-i686-mingw32/bin/../lib/gcc/nios2-elf/4.1.2/../../../../nios2-elf/lib\libc.a(lib_a-strcat.o)
                              obj/default/DrawMain.o (strcat)
c:/altera/12.0sp2/nios2eds/bin/gnu/h-i686-mingw32/bin/../lib/gcc/nios2-elf/4.1.2/../../../../nios2-elf/lib\libc.a(lib_a-strcpy.o)
                              obj/default/wk_lcd.o (strcpy)
c:/altera/12.0sp2/nios2eds/bin/gnu/h-i686-mingw32/bin/../lib/gcc/nios2-elf/4.1.2/../../../../nios2-elf/lib\libc.a(lib_a-strlen.o)
                              obj/default/DrawMain.o (strlen)
c:/altera/12.0sp2/nios2eds/bin/gnu/h-i686-mingw32/bin/../lib/gcc/nios2-elf/4.1.2/../../../../nios2-elf/lib\libc.a(lib_a-vfprintf.o)
                              c:/altera/12.0sp2/nios2eds/bin/gnu/h-i686-mingw32/bin/../lib/gcc/nios2-elf/4.1.2/../../../../nios2-elf/lib\libc.a(lib_a-printf.o) (___vfprintf_internal_r)
c:/altera/12.0sp2/nios2eds/bin/gnu/h-i686-mingw32/bin/../lib/gcc/nios2-elf/4.1.2/../../../../nios2-elf/lib\libc.a(lib_a-wsetup.o)
                              c:/altera/12.0sp2/nios2eds/bin/gnu/h-i686-mingw32/bin/../lib/gcc/nios2-elf/4.1.2/../../../../nios2-elf/lib\libc.a(lib_a-vfprintf.o) (__swsetup_r)
c:/altera/12.0sp2/nios2eds/bin/gnu/h-i686-mingw32/bin/../lib/gcc/nios2-elf/4.1.2/../../../../nios2-elf/lib\libc.a(lib_a-dtoa.o)
                              c:/altera/12.0sp2/nios2eds/bin/gnu/h-i686-mingw32/bin/../lib/gcc/nios2-elf/4.1.2/../../../../nios2-elf/lib\libc.a(lib_a-vfprintf.o) (_dtoa_r)
c:/altera/12.0sp2/nios2eds/bin/gnu/h-i686-mingw32/bin/../lib/gcc/nios2-elf/4.1.2/../../../../nios2-elf/lib\libc.a(lib_a-fflush.o)
                              c:/altera/12.0sp2/nios2eds/bin/gnu/h-i686-mingw32/bin/../lib/gcc/nios2-elf/4.1.2/../../../../nios2-elf/lib\libc.a(lib_a-vfprintf.o) (_fflush_r)
c:/altera/12.0sp2/nios2eds/bin/gnu/h-i686-mingw32/bin/../lib/gcc/nios2-elf/4.1.2/../../../../nios2-elf/lib\libc.a(lib_a-findfp.o)
                              c:/altera/12.0sp2/nios2eds/bin/gnu/h-i686-mingw32/bin/../lib/gcc/nios2-elf/4.1.2/../../../../nios2-elf/lib\libc.a(lib_a-vfprintf.o) (__sinit)
c:/altera/12.0sp2/nios2eds/bin/gnu/h-i686-mingw32/bin/../lib/gcc/nios2-elf/4.1.2/../../../../nios2-elf/lib\libc.a(lib_a-freer.o)
                              c:/altera/12.0sp2/nios2eds/bin/gnu/h-i686-mingw32/bin/../lib/gcc/nios2-elf/4.1.2/../../../../nios2-elf/lib\libc.a(lib_a-malloc.o) (_free_r)
c:/altera/12.0sp2/nios2eds/bin/gnu/h-i686-mingw32/bin/../lib/gcc/nios2-elf/4.1.2/../../../../nios2-elf/lib\libc.a(lib_a-fvwrite.o)
                              c:/altera/12.0sp2/nios2eds/bin/gnu/h-i686-mingw32/bin/../lib/gcc/nios2-elf/4.1.2/../../../../nios2-elf/lib\libc.a(lib_a-puts.o) (__sfvwrite_r)
[...]
Memory Configuration

Name             Origin             Length             Attributes
reset            0x01000000         0x00000020
sdram            0x01000020         0x007fffe0
*default*        0x00000000         0xffffffff

Linker script and memory map

LOAD ../../../../../Desktop/Workspace/obj/HAL/src/crt0.o
LOAD obj/default/DrawMain.o
LOAD obj/default/audio.o
LOAD obj/default/bitmap.o
LOAD obj/default/drawBg.o
LOAD obj/default/sdcard.o
LOAD obj/default/wk_io.o
LOAD obj/default/wk_kb.o
LOAD obj/default/wk_lcd.o
LOAD obj/default/wk_video.o
LOAD c:/altera/12.0sp2/nios2eds/bin/gnu/h-i686-mingw32/bin/../lib/gcc/nios2-elf/4.1.2/../../../../nios2-elf/lib\libstdc++.a
LOAD c:/altera/12.0sp2/nios2eds/bin/gnu/h-i686-mingw32/bin/../lib/gcc/nios2-elf/4.1.2/../../../../nios2-elf/lib\libm.a
LOAD c:/altera/12.0sp2/nios2eds/bin/gnu/h-i686-mingw32/bin/../lib/gcc/nios2-elf/4.1.2\libgcc.a
START GROUP
LOAD c:/altera/12.0sp2/nios2eds/bin/gnu/h-i686-mingw32/bin/../lib/gcc/nios2-elf/4.1.2/../../../../nios2-elf/lib\libc.a
LOAD c:/altera/12.0sp2/nios2eds/bin/gnu/h-i686-mingw32/bin/../lib/gcc/nios2-elf/4.1.2\libgcc.a
LOAD ../../../../../Desktop/Workspace\libhal_bsp.a
END GROUP
LOAD c:/altera/12.0sp2/nios2eds/bin/gnu/h-i686-mingw32/bin/../lib/gcc/nios2-elf/4.1.2\libgcc.a
                0x01000000                __alt_mem_sdram = 0x1000000

.entry          0x01000000       0x20
 *(.entry)
 .entry         0x01000000       0x20 ../../../../../Desktop/Workspace/obj/HAL/src/crt0.o
                0x01000000                __reset

.exceptions     0x01000020      0x164
                0x01000020                PROVIDE (__ram_exceptions_start, ABSOLUTE (.))
                0x01000020                . = ALIGN (0x20)
 *(.irq)
 *(.exceptions.entry.label)
 .exceptions.entry.label
                0x01000020        0x0 ../../../../../Desktop/Workspace\libhal_bsp.a(alt_irq_entry.o)
                0x01000020                alt_irq_entry
 .exceptions.entry.label
                0x01000020        0x0 ../../../../../Desktop/Workspace\libhal_bsp.a(alt_exception_entry.o)
                0x01000020                alt_exception
 *(.exceptions.entry.user)
 *(.exceptions.entry)
 .exceptions.entry
                0x01000020       0x54 ../../../../../Desktop/Workspace\libhal_bsp.a(alt_exception_entry.o)
 *(.exceptions.irqtest.user)
 *(.exceptions.irqtest)
 .exceptions.irqtest
                0x01000074       0x10 ../../../../../Desktop/Workspace\libhal_bsp.a(alt_irq_entry.o)
 *(.exceptions.irqhandler.user)
 *(.exceptions.irqhandler)
 .exceptions.irqhandler
                0x01000084        0x4 ../../../../../Desktop/Workspace\libhal_bsp.a(alt_irq_entry.o)
 *(.exceptions.irqreturn.user)
 *(.exceptions.irqreturn)
 .exceptions.irqreturn
                0x01000088        0x4 ../../../../../Desktop/Workspace\libhal_bsp.a(alt_irq_entry.o)
 *(.exceptions.notirq.label)
 .exceptions.notirq.label
                0x0100008c        0x0 ../../../../../Desktop/Workspace\libhal_bsp.a(alt_irq_entry.o)
 *(.exceptions.notirq.user)
 *(.exceptions.notirq)
 .exceptions.notirq
                0x0100008c        0x8 ../../../../../Desktop/Workspace\libhal_bsp.a(alt_exception_entry.o)
 *(.exceptions.soft.user)
 *(.exceptions.soft)
 *(.exceptions.unknown.user)
 *(.exceptions.unknown)
 .exceptions.unknown
                0x01000094        0x4 ../../../../../Desktop/Workspace\libhal_bsp.a(alt_exception_entry.o)
 *(.exceptions.exit.label)
 .exceptions.exit.label
                0x01000098        0x0 ../../../../../Desktop/Workspace\libhal_bsp.a(alt_irq_entry.o)
 .exceptions.exit.label
                0x01000098        0x0 ../../../../../Desktop/Workspace\libhal_bsp.a(alt_exception_entry.o)
 *(.exceptions.exit.user)
 *(.exceptions.exit)
 .exceptions.exit
                0x01000098       0x54 ../../../../../Desktop/Workspace\libhal_bsp.a(alt_exception_entry.o)
 *(.exceptions)
 .exceptions    0x010000ec       0x98 ../../../../../Desktop/Workspace\libhal_bsp.a(alt_irq_handler.o)
                0x010000ec                alt_irq_handler
                0x01000184                PROVIDE (__ram_exceptions_end, ABSOLUTE (.))
                0x01000020                PROVIDE (__flash_exceptions_start, LOADADDR (.exceptions))

.text           0x01000184    0x143a4
                0x01000184                PROVIDE (stext, ABSOLUTE (.))
 *(.interp)
 *(.hash)
 *(.dynsym)
 *(.dynstr)
 *(.gnu.version)
 *(.gnu.version_d)
 *(.gnu.version_r)
 *(.rel.init)
 *(.rela.init)
 *(.rel.text .rel.text.* .rel.gnu.linkonce.t.*)
 *(.rela.text .rela.text.* .rela.gnu.linkonce.t.*)
 *(.rel.fini)
 *(.rela.fini)
 *(.rel.rodata .rel.rodata.* .rel.gnu.linkonce.r.*)
 *(.rela.rodata .rela.rodata.* .rela.gnu.linkonce.r.*)
 *(.rel.data .rel.data.* .rel.gnu.linkonce.d.*)
 *(.rela.data .rela.data.* .rela.gnu.linkonce.d.*)
 *(.rel.tdata .rel.tdata.* .rel.gnu.linkonce.td.*)
 *(.rela.tdata .rela.tdata.* .rela.gnu.linkonce.td.*)
 *(.rel.tbss .rel.tbss.* .rel.gnu.linkonce.tb.*)
 *(.rela.tbss .rela.tbss.* .rela.gnu.linkonce.tb.*)
 *(.rel.ctors)
 *(.rela.ctors)
 *(.rel.dtors)
 *(.rela.dtors)
 *(.rel.got)
 *(.rela.got)
 *(.rel.sdata .rel.sdata.* .rel.gnu.linkonce.s.*)
 *(.rela.sdata .rela.sdata.* .rela.gnu.linkonce.s.*)
 *(.rel.sbss .rel.sbss.* .rel.gnu.linkonce.sb.*)
 *(.rela.sbss .rela.sbss.* .rela.gnu.linkonce.sb.*)
 *(.rel.sdata2 .rel.sdata2.* .rel.gnu.linkonce.s2.*)
 *(.rela.sdata2 .rela.sdata2.* .rela.gnu.linkonce.s2.*)
 *(.rel.sbss2 .rel.sbss2.* .rel.gnu.linkonce.sb2.*)
 *(.rela.sbss2 .rela.sbss2.* .rela.gnu.linkonce.sb2.*)
 *(.rel.bss .rel.bss.* .rel.gnu.linkonce.b.*)
 *(.rela.bss .rela.bss.* .rela.gnu.linkonce.b.*)
 *(.rel.plt)
 *(.rela.plt)
 *(.rel.dyn)
 *(.init)
 *(.plt)
 *(.text .stub .text.* .gnu.linkonce.t.*)
 .text          0x01000184       0x4c ../../../../../Desktop/Workspace/obj/HAL/src/crt0.o
                0x01000184                _start
 .text          0x010001d0     0x17f4 obj/default/DrawMain.o
                0x010001d0                draw
                0x010001f8                key_hit
                0x0100022c                save_score
                0x01000310                display_score
                0x010004cc                main
 .text          0x010019c4      0x284 obj/default/audio.o
                0x010019c4                av_config_setup
                0x01001a08                play_sound
                0x01001a5c                audio_isr
                0x01001b14                read_audio_file
 .text          0x01001c48      0x708 obj/default/bitmap.o
                0x01001c48                bitmap_getBmp
                0x01001e78                bitmap_to16bit
                0x01001fb8                bitmap_drawToScr
                0x0100212c                scrolling_bgDrawToScr
                0x010022bc                bitmap_makeScrolling
 .text          0x01002350     0x12c0 obj/default/drawBg.o
                0x01002350                drawBg
                0x010023d8                drawSprite
                0x01002698                makeNPC
                0x01002894                bitmap_drawNPCs
                0x01002a6c                drawNPCs
                0x01003078                draw_health
                0x01003188                drawMenuBg
                0x0100327c                drawMenu
                0x01003374                npc_shoot
                0x0100347c                player_shoot
                0x010035a0                printGameOver
 .text          0x01003610      0x514 obj/default/sdcard.o
                0x01003610                sdcard_init
                0x01003648                sdcard_present
                0x0100367c                sdcard_FAT16
                0x010036b0                sdcard_get_first_file
                0x010036f0                sdcard_get_next_file
                0x01003728                sdcard_list
                0x010037b4                sdcard_fopen
                0x010037f4                sdcard_readbyte
                0x0100382c                sdcard_filesize
                0x01003890                sdcard_readfile
                0x01003910                sdcard_printarray
                0x010039a0                sdcard_writefile
                0x01003a30                sdcard_fattributes
                0x01003a68                sdcard_fclose
                0x01003a98                sdcard_audiosize
 .text          0x01003b24      0x5b4 obj/default/wk_io.o
                0x01003b24                initHex
                0x01003bcc                hexPrintNum
                0x01004074                clrHex
 .text          0x010040d8      0x4f4 obj/default/wk_kb.o
                0x010040d8                initKb
                0x010042e0                getchKb
                0x01004418                readFromKb
 .text          0x010045cc      0x2bc obj/default/wk_lcd.o
                0x010045cc                lcdInit
                0x01004650                lcdPrint
                0x01004718                lcdLineSet
                0x01004808                lcdClrScr
 .text          0x01004888      0x450 obj/default/wk_video.o
                0x01004888                charInit
                0x010048c8                pixelInit
                0x01004930                clrScr
                0x01004970                fillScr
                0x010049c8                drawLine
                0x01004a90                drawBox
                0x01004b2c                drawPoly
                0x01004c24                swapBuffer
                0x01004c64                mkColor
 .text          0x01004cd8       0x28 c:/altera/12.0sp2/nios2eds/bin/gnu/h-i686-mingw32/bin/../lib/gcc/nios2-elf/4.1.2/../../../../nios2-elf/lib\libc.a(lib_a-malloc.o)
                0x01004cd8                free
                0x01004cec                malloc
 .text          0x01004d00      0x740 c:/altera/12.0sp2/nios2eds/bin/gnu/h-i686-mingw32/bin/../lib/gcc/nios2-elf/4.1.2/../../../../nios2-elf/lib\libc.a(lib_a-mallocr.o)
                0x01004d00                _malloc_r
 .text          0x01005440       0xa0 c:/altera/12.0sp2/nios2eds/bin/gnu/h-i686-mingw32/bin/../lib/gcc/nios2-elf/4.1.2/../../../../nios2-elf/lib\libc.a(lib_a-memcpy.o)
                0x01005440                memcpy
 .text          0x010054e0       0x98 c:/altera/12.0sp2/nios2eds/bin/gnu/h-i686-mingw32/bin/../lib/gcc/nios2-elf/4.1.2/../../../../nios2-elf/lib\libc.a(lib_a-memset.o)
                0x010054e0                memset
 .text          0x01005578       0x78 c:/altera/12.0sp2/nios2eds/bin/gnu/h-i686-mingw32/bin/../lib/gcc/nios2-elf/4.1.2/../../../../nios2-elf/lib\libc.a(lib_a-printf.o)
                0x01005578                printf
                0x010055bc                _printf_r
 .text          0x010055f0       0x24 c:/altera/12.0sp2/nios2eds/bin/gnu/h-i686-mingw32/bin/../lib/gcc/nios2-elf/4.1.2/../../../../nios2-elf/lib\libc.a(lib_a-putchar.o)
                0x010055f0                putchar
                0x0100560c                _putchar_r
 .text          0x01005614       0xb4 c:/altera/12.0sp2/nios2eds/bin/gnu/h-i686-mingw32/bin/../lib/gcc/nios2-elf/4.1.2/../../../../nios2-elf/lib\libc.a(lib_a-puts.o)
                0x01005614                _puts_r
                0x010056b4                puts
 .text          0x010056c8       0x94 c:/altera/12.0sp2/nios2eds/bin/gnu/h-i686-mingw32/bin/../lib/gcc/nios2-elf/4.1.2/../../../../nios2-elf/lib\libc.a(lib_a-rand.o)
                0x010056c8                srand
                0x010056e4                rand
 .text          0x0100575c       0x70 c:/altera/12.0sp2/nios2eds/bin/gnu/h-i686-mingw32/bin/../lib/gcc/nios2-elf/4.1.2/../../../../nios2-elf/lib\libc.a(lib_a-sbrkr.o)
                0x0100575c                _sbrk_r
 .text          0x010057cc       0xd4 c:/altera/12.0sp2/nios2eds/bin/gnu/h-i686-mingw32/bin/../lib/gcc/nios2-elf/4.1.2/../../../../nios2-elf/lib\libc.a(lib_a-sprintf.o)
                0x010057cc                sprintf
                0x01005840                _sprintf_r
 .text          0x010058a0       0x90 c:/altera/12.0sp2/nios2eds/bin/gnu/h-i686-mingw32/bin/../lib/gcc/nios2-elf/4.1.2/../../../../nios2-elf/lib\libc.a(lib_a-strcat.o)
                0x010058a0                strcat
 .text          0x01005930       0x8c c:/altera/12.0sp2/nios2eds/bin/gnu/h-i686-mingw32/bin/../lib/gcc/nios2-elf/4.1.2/../../../../nios2-elf/lib\libc.a(lib_a-strcpy.o)
                0x01005930                strcpy
 .text          0x010059bc       0x74 c:/altera/12.0sp2/nios2eds/bin/gnu/h-i686-mingw32/bin/../lib/gcc/nios2-elf/4.1.2/../../../../nios2-elf/lib\libc.a(lib_a-strlen.o)
                0x010059bc                strlen
 .text          0x01005a30     0x1f28 c:/altera/12.0sp2/nios2eds/bin/gnu/h-i686-mingw32/bin/../lib/gcc/nios2-elf/4.1.2/../../../../nios2-elf/lib\libc.a(lib_a-vfprintf.o)
                0x01005a88                ___vfprintf_internal_r
                0x01007934                __vfprintf_internal
 .text          0x01007958      0x13c c:/altera/12.0sp2/nios2eds/bin/gnu/h-i686-mingw32/bin/../lib/gcc/nios2-elf/4.1.2/../../../../nios2-elf/lib\libc.a(lib_a-wsetup.o)
                0x01007958                __swsetup_r
 .text          0x01007a94     0x17cc c:/altera/12.0sp2/nios2eds/bin/gnu/h-i686-mingw32/bin/../lib/gcc/nios2-elf/4.1.2/../../../../nios2-elf/lib\libc.a(lib_a-dtoa.o)
                0x01007cac                _dtoa_r
 .text          0x01009260      0x230 c:/altera/12.0sp2/nios2eds/bin/gnu/h-i686-mingw32/bin/../lib/gcc/nios2-elf/4.1.2/../../../../nios2-elf/lib\libc.a(lib_a-fflush.o)
                0x01009260                _fflush_r
                0x0100945c                fflush
 .text          0x01009490      0x2c0 c:/altera/12.0sp2/nios2eds/bin/gnu/h-i686-mingw32/bin/../lib/gcc/nios2-elf/4.1.2/../../../../nios2-elf/lib\libc.a(lib_a-findfp.o)
                0x010094e8                __sfp_lock_acquire
                0x010094ec                __sfp_lock_release
                0x010094f0                __sinit_lock_acquire
                0x010094f4                __sinit_lock_release
                0x010094f8                __sinit
                0x010095ac                __fp_unlock_all
                0x010095c4                __fp_lock_all
                0x010095dc                _cleanup_r
                0x010095e8                _cleanup
                0x010095f8                __sfmoreglue
                0x01009660                __sfp
 .text          0x01009750      0x440 c:/altera/12.0sp2/nios2eds/bin/gnu/h-i686-mingw32/bin/../lib/gcc/nios2-elf/4.1.2/../../../../nios2-elf/lib\libc.a(lib_a-freer.o)
                0x01009750                _malloc_trim_r
                0x0100987c                _free_r
 .text          0x01009b90      0x49c c:/altera/12.0sp2/nios2eds/bin/gnu/h-i686-mingw32/bin/../lib/gcc/nios2-elf/4.1.2/../../../../nios2-elf/lib\libc.a(lib_a-fvwrite.o)
                0x01009b90                __sfvwrite_r
 .text          0x0100a02c      0x180 c:/altera/12.0sp2/nios2eds/bin/gnu/h-i686-mingw32/bin/../lib/gcc/nios2-elf/4.1.2/../../../../nios2-elf/lib\libc.a(lib_a-fwalk.o)
                0x0100a02c                _fwalk_reent
                0x0100a0f4                _fwalk
 .text          0x0100a1ac        0x0 c:/altera/12.0sp2/nios2eds/bin/gnu/h-i686-mingw32/bin/../lib/gcc/nios2-elf/4.1.2/../../../../nios2-elf/lib\libc.a(lib_a-impure.o)
 .text          0x0100a1ac        0x0 c:/altera/12.0sp2/nios2eds/bin/gnu/h-i686-mingw32/bin/../lib/gcc/nios2-elf/4.1.2/../../../../nios2-elf/lib\libc.a(lib_a-int_errno.o)
 .text          0x0100a1ac       0xc4 c:/altera/12.0sp2/nios2eds/bin/gnu/h-i686-mingw32/bin/../lib/gcc/nios2-elf/4.1.2/../../../../nios2-elf/lib\libc.a(lib_a-locale.o)
                0x0100a1ac                __locale_charset
                0x0100a1b4                _localeconv_r
                0x0100a1c0                localeconv
                0x0100a1d0                _setlocale_r
                0x0100a254                setlocale
 .text          0x0100a270      0x194 c:/altera/12.0sp2/nios2eds/bin/gnu/h-i686-mingw32/bin/../lib/gcc/nios2-elf/4.1.2/../../../../nios2-elf/lib\libc.a(lib_a-makebuf.o)
                0x0100a270                __smakebuf_r
 .text          0x0100a404       0xe4 c:/altera/12.0sp2/nios2eds/bin/gnu/h-i686-mingw32/bin/../lib/gcc/nios2-elf/4.1.2/../../../../nios2-elf/lib\libc.a(lib_a-memchr.o)
                0x0100a404                memchr
 .text          0x0100a4e8       0xe0 c:/altera/12.0sp2/nios2eds/bin/gnu/h-i686-mingw32/bin/../lib/gcc/nios2-elf/4.1.2/../../../../nios2-elf/lib\libc.a(lib_a-memmove.o)
                0x0100a4e8                memmove
 .text          0x0100a5c8      0xff4 c:/altera/12.0sp2/nios2eds/bin/gnu/h-i686-mingw32/bin/../lib/gcc/nios2-elf/4.1.2/../../../../nios2-elf/lib\libc.a(lib_a-mprec.o)
                0x0100a5c8                _Bfree
                0x0100a5f0                __hi0bits
                0x0100a660                __lo0bits
                0x0100a724                __mcmp
                0x0100a784                __ulp
                0x0100a804                __b2d
                0x0100a924                __ratio
                0x0100a9d4                _mprec_log10
                0x0100aa68                __copybits
                0x0100aac0                __any_on
                0x0100ab48                _Balloc
                0x0100ac04                __d2b
                0x0100ad80                __mdiff
                0x0100af0c                __lshift
                0x0100b058                __multiply
                0x0100b240                __i2b
                0x0100b27c                __multadd
                0x0100b37c                __pow5mult
                0x0100b49c                __s2b
 .text          0x0100b5bc      0x1ec c:/altera/12.0sp2/nios2eds/bin/gnu/h-i686-mingw32/bin/../lib/gcc/nios2-elf/4.1.2/../../../../nios2-elf/lib\libc.a(lib_a-putc.o)
                0x0100b5bc                putc
                0x0100b6c0                _putc_r
 .text          0x0100b7a8      0x5f4 c:/altera/12.0sp2/nios2eds/bin/gnu/h-i686-mingw32/bin/../lib/gcc/nios2-elf/4.1.2/../../../../nios2-elf/lib\libc.a(lib_a-reallocr.o)
                0x0100b7a8                _realloc_r
 .text          0x0100bd9c       0x40 c:/altera/12.0sp2/nios2eds/bin/gnu/h-i686-mingw32/bin/../lib/gcc/nios2-elf/4.1.2/../../../../nios2-elf/lib\libc.a(lib_a-s_isinfd.o)
                0x0100bd9c                __isinfd
 .text          0x0100bddc       0x30 c:/altera/12.0sp2/nios2eds/bin/gnu/h-i686-mingw32/bin/../lib/gcc/nios2-elf/4.1.2/../../../../nios2-elf/lib\libc.a(lib_a-s_isnand.o)
                0x0100bddc                __isnand
 .text          0x0100be0c      0x14c c:/altera/12.0sp2/nios2eds/bin/gnu/h-i686-mingw32/bin/../lib/gcc/nios2-elf/4.1.2/../../../../nios2-elf/lib\libc.a(lib_a-stdio.o)
                0x0100be0c                __sclose
                0x0100be14                __sseek
                0x0100be7c                __swrite
                0x0100bef8                __sread
 .text          0x0100bf58       0xbc c:/altera/12.0sp2/nios2eds/bin/gnu/h-i686-mingw32/bin/../lib/gcc/nios2-elf/4.1.2/../../../../nios2-elf/lib\libc.a(lib_a-strcmp.o)
                0x0100bf58                strcmp
 .text          0x0100c014      0x14c c:/altera/12.0sp2/nios2eds/bin/gnu/h-i686-mingw32/bin/../lib/gcc/nios2-elf/4.1.2/../../../../nios2-elf/lib\libc.a(lib_a-wbuf.o)
                0x0100c014                __swbuf_r
                0x0100c144                __swbuf
 .text          0x0100c160       0x78 c:/altera/12.0sp2/nios2eds/bin/gnu/h-i686-mingw32/bin/../lib/gcc/nios2-elf/4.1.2/../../../../nios2-elf/lib\libc.a(lib_a-writer.o)
                0x0100c160                _write_r
 .text          0x0100c1d8       0xb4 c:/altera/12.0sp2/nios2eds/bin/gnu/h-i686-mingw32/bin/../lib/gcc/nios2-elf/4.1.2/../../../../nios2-elf/lib\libc.a(lib_a-callocr.o)
                0x0100c1d8                _calloc_r
 .text          0x0100c28c       0x70 c:/altera/12.0sp2/nios2eds/bin/gnu/h-i686-mingw32/bin/../lib/gcc/nios2-elf/4.1.2/../../../../nios2-elf/lib\libc.a(lib_a-closer.o)
                0x0100c28c                _close_r
 .text          0x0100c2fc      0x124 c:/altera/12.0sp2/nios2eds/bin/gnu/h-i686-mingw32/bin/../lib/gcc/nios2-elf/4.1.2/../../../../nios2-elf/lib\libc.a(lib_a-fclose.o)
                0x0100c2fc                _fclose_r
                0x0100c40c                fclose
 .text          0x0100c420       0x74 c:/altera/12.0sp2/nios2eds/bin/gnu/h-i686-mingw32/bin/../lib/gcc/nios2-elf/4.1.2/../../../../nios2-elf/lib\libc.a(lib_a-fstatr.o)
                0x0100c420                _fstat_r
 .text          0x0100c494       0x70 c:/altera/12.0sp2/nios2eds/bin/gnu/h-i686-mingw32/bin/../lib/gcc/nios2-elf/4.1.2/../../../../nios2-elf/lib\libc.a(lib_a-isattyr.o)
                0x0100c494                _isatty_r
 .text          0x0100c504       0x78 c:/altera/12.0sp2/nios2eds/bin/gnu/h-i686-mingw32/bin/../lib/gcc/nios2-elf/4.1.2/../../../../nios2-elf/lib\libc.a(lib_a-lseekr.o)
                0x0100c504                _lseek_r
 .text          0x0100c57c       0x78 c:/altera/12.0sp2/nios2eds/bin/gnu/h-i686-mingw32/bin/../lib/gcc/nios2-elf/4.1.2/../../../../nios2-elf/lib\libc.a(lib_a-readr.o)
                0x0100c57c                _read_r
 .text          0x0100c5f4       0x98 c:/altera/12.0sp2/nios2eds/bin/gnu/h-i686-mingw32/bin/../lib/gcc/nios2-elf/4.1.2\libgcc.a(_muldi3.o)
                0x0100c5f4                __muldi3
 .text          0x0100c68c      0x5dc c:/altera/12.0sp2/nios2eds/bin/gnu/h-i686-mingw32/bin/../lib/gcc/nios2-elf/4.1.2\libgcc.a(_udivdi3.o)
                0x0100c68c                __udivdi3
 .text          0x0100cc68      0x5b0 c:/altera/12.0sp2/nios2eds/bin/gnu/h-i686-mingw32/bin/../lib/gcc/nios2-elf/4.1.2\libgcc.a(_umoddi3.o)
                0x0100cc68                __umoddi3
 .text          0x0100d218      0x504 c:/altera/12.0sp2/nios2eds/bin/gnu/h-i686-mingw32/bin/../lib/gcc/nios2-elf/4.1.2\libgcc.a(_addsub_df.o)
                0x0100d628                __subdf3
                0x0100d6a8                __adddf3
 .text          0x0100d71c      0x3c4 c:/altera/12.0sp2/nios2eds/bin/gnu/h-i686-mingw32/bin/../lib/gcc/nios2-elf/4.1.2\libgcc.a(_mul_df.o)
                0x0100d71c                __muldf3
 .text          0x0100dae0      0x258 c:/altera/12.0sp2/nios2eds/bin/gnu/h-i686-mingw32/bin/../lib/gcc/nios2-elf/4.1.2\libgcc.a(_div_df.o)
                0x0100dae0                __divdf3
 .text          0x0100dd38       0x88 c:/altera/12.0sp2/nios2eds/bin/gnu/h-i686-mingw32/bin/../lib/gcc/nios2-elf/4.1.2\libgcc.a(_eq_df.o)
                0x0100dd38                __eqdf2
 .text          0x0100ddc0       0x88 c:/altera/12.0sp2/nios2eds/bin/gnu/h-i686-mingw32/bin/../lib/gcc/nios2-elf/4.1.2\libgcc.a(_ne_df.o)
                0x0100ddc0                __nedf2
 .text          0x0100de48       0x88 c:/altera/12.0sp2/nios2eds/bin/gnu/h-i686-mingw32/bin/../lib/gcc/nios2-elf/4.1.2\libgcc.a(_gt_df.o)
                0x0100de48                __gtdf2
 .text          0x0100ded0       0x88 c:/altera/12.0sp2/nios2eds/bin/gnu/h-i686-mingw32/bin/../lib/gcc/nios2-elf/4.1.2\libgcc.a(_ge_df.o)
                0x0100ded0                __gedf2
 .text          0x0100df58       0x88 c:/altera/12.0sp2/nios2eds/bin/gnu/h-i686-mingw32/bin/../lib/gcc/nios2-elf/4.1.2\libgcc.a(_lt_df.o)
                0x0100df58                __ltdf2
 .text          0x0100dfe0       0xf8 c:/altera/12.0sp2/nios2eds/bin/gnu/h-i686-mingw32/bin/../lib/gcc/nios2-elf/4.1.2\libgcc.a(_si_to_df.o)
                0x0100dfe0                __floatsidf
 .text          0x0100e0d8       0xd8 c:/altera/12.0sp2/nios2eds/bin/gnu/h-i686-mingw32/bin/../lib/gcc/nios2-elf/4.1.2\libgcc.a(_df_to_si.o)
                0x0100e0d8                __fixdfsi
 .text          0x0100e1b0        0x0 c:/altera/12.0sp2/nios2eds/bin/gnu/h-i686-mingw32/bin/../lib/gcc/nios2-elf/4.1.2\libgcc.a(_thenan_df.o)
 .text          0x0100e1b0      0x194 c:/altera/12.0sp2/nios2eds/bin/gnu/h-i686-mingw32/bin/../lib/gcc/nios2-elf/4.1.2\libgcc.a(_usi_to_df.o)
                0x0100e1b0                __floatunsidf
 .text          0x0100e344      0x14c c:/altera/12.0sp2/nios2eds/bin/gnu/h-i686-mingw32/bin/../lib/gcc/nios2-elf/4.1.2\libgcc.a(lib2-divmod.o)
                0x0100e3c0                __divsi3
                0x0100e420                __modsi3
                0x0100e480                __udivsi3
                0x0100e488                __umodsi3
 .text          0x0100e490        0x0 c:/altera/12.0sp2/nios2eds/bin/gnu/h-i686-mingw32/bin/../lib/gcc/nios2-elf/4.1.2\libgcc.a(_clz.o)
 .text          0x0100e490       0x80 c:/altera/12.0sp2/nios2eds/bin/gnu/h-i686-mingw32/bin/../lib/gcc/nios2-elf/4.1.2\libgcc.a(_clzsi2.o)
                0x0100e490                __clzsi2
 .text          0x0100e510      0x314 c:/altera/12.0sp2/nios2eds/bin/gnu/h-i686-mingw32/bin/../lib/gcc/nios2-elf/4.1.2\libgcc.a(_pack_df.o)
                0x0100e510                __pack_d
 .text          0x0100e824      0x138 c:/altera/12.0sp2/nios2eds/bin/gnu/h-i686-mingw32/bin/../lib/gcc/nios2-elf/4.1.2\libgcc.a(_unpack_df.o)
                0x0100e824                __unpack_d
 .text          0x0100e95c       0xc8 c:/altera/12.0sp2/nios2eds/bin/gnu/h-i686-mingw32/bin/../lib/gcc/nios2-elf/4.1.2\libgcc.a(_fpcmp_parts_df.o)
                0x0100e95c                __fpcmp_parts_d
 .text          0x0100ea24       0x94 ../../../../../Desktop/Workspace\libhal_bsp.a(alt_alarm_start.o)
                0x0100ea24                alt_alarm_start
 .text          0x0100eab8       0xf0 ../../../../../Desktop/Workspace\libhal_bsp.a(alt_close.o)
                0x0100eab8                close
 .text          0x0100eba8        0x8 ../../../../../Desktop/Workspace\libhal_bsp.a(alt_dev.o)
 .text          0x0100ebb0        0x0 ../../../../../Desktop/Workspace\libhal_bsp.a(alt_errno.o)
 .text          0x0100ebb0       0x90 ../../../../../Desktop/Workspace\libhal_bsp.a(alt_fstat.o)
                0x0100ebb0                fstat
 .text          0x0100ec40       0xc0 ../../../../../Desktop/Workspace\libhal_bsp.a(alt_irq_register.o)
                0x0100ec40                alt_irq_register
 .text          0x0100ed00        0x0 ../../../../../Desktop/Workspace\libhal_bsp.a(alt_irq_vars.o)
 .text          0x0100ed00       0x84 ../../../../../Desktop/Workspace\libhal_bsp.a(alt_isatty.o)
                0x0100ed00                isatty
 .text          0x0100ed84       0xb4 ../../../../../Desktop/Workspace\libhal_bsp.a(alt_load.o)
                0x0100ed84                alt_load
 .text          0x0100ee38       0x9c ../../../../../Desktop/Workspace\libhal_bsp.a(alt_lseek.o)
                0x0100ee38                lseek
 .text          0x0100eed4       0x60 ../../../../../Desktop/Workspace\libhal_bsp.a(alt_main.o)
                0x0100eed4                alt_main
 .text          0x0100ef34        0x8 ../../../../../Desktop/Workspace\libhal_bsp.a(alt_malloc_lock.o)
                0x0100ef34                __malloc_lock
                0x0100ef38                __malloc_unlock
 .text          0x0100ef3c      0x11c ../../../../../Desktop/Workspace\libhal_bsp.a(alt_read.o)
                0x0100ef3c                read
 .text          0x0100f058       0x24 ../../../../../Desktop/Workspace\libhal_bsp.a(alt_release_fd.o)
                0x0100f058                alt_release_fd
 .text          0x0100f07c       0x54 ../../../../../Desktop/Workspace\libhal_bsp.a(alt_sbrk.o)
                0x0100f07c                sbrk
 .text          0x0100f0d0       0xf4 ../../../../../Desktop/Workspace\libhal_bsp.a(alt_tick.o)
                0x0100f0d0                alt_alarm_stop
                0x0100f104                alt_tick
 .text          0x0100f1c4      0x118 ../../../../../Desktop/Workspace\libhal_bsp.a(alt_write.o)
                0x0100f1c4                write
 .text          0x0100f2dc      0x210 ../../../../../Desktop/Workspace\libhal_bsp.a(alt_sys_init.o)
                0x0100f2dc                alt_irq_init
                0x0100f2fc                alt_sys_init
 .text          0x0100f4ec       0x3c ../../../../../Desktop/Workspace\libhal_bsp.a(altera_avalon_jtag_uart_fd.o)
                0x0100f4ec                altera_avalon_jtag_uart_ioctl_fd
                0x0100f4f8                altera_avalon_jtag_uart_close_fd
                0x0100f508                altera_avalon_jtag_uart_write_fd
                0x0100f518                altera_avalon_jtag_uart_read_fd
 .text          0x0100f528      0x20c ../../../../../Desktop/Workspace\libhal_bsp.a(altera_avalon_jtag_uart_init.o)
                0x0100f528                altera_avalon_jtag_uart_close
                0x0100f5b4                altera_avalon_jtag_uart_init
 .text          0x0100f734       0x88 ../../../../../Desktop/Workspace\libhal_bsp.a(altera_avalon_jtag_uart_ioctl.o)
                0x0100f734                altera_avalon_jtag_uart_ioctl
 .text          0x0100f7bc      0x16c ../../../../../Desktop/Workspace\libhal_bsp.a(altera_avalon_jtag_uart_read.o)
                0x0100f7bc                altera_avalon_jtag_uart_read
 .text          0x0100f928      0x17c ../../../../../Desktop/Workspace\libhal_bsp.a(altera_avalon_jtag_uart_write.o)
                0x0100f928                altera_avalon_jtag_uart_write
 .text          0x0100faa4       0x6c ../../../../../Desktop/Workspace\libhal_bsp.a(altera_avalon_timer_sc.o)
                0x0100faa4                alt_avalon_timer_sc_init
 .text          0x0100fb10      0x3b0 ../../../../../Desktop/Workspace\libhal_bsp.a(altera_up_avalon_audio.o)
                0x0100fb10                alt_up_audio_write_fifo_head
                0x0100fb2c                alt_up_audio_read_fifo_head
                0x0100fb48                alt_up_audio_write_fifo
                0x0100fbb0                alt_up_audio_read_fifo
                0x0100fc08                alt_up_audio_write_fifo_space
                0x0100fc24                alt_up_audio_play_l
                0x0100fc98                alt_up_audio_play_r
                0x0100fd0c                alt_up_audio_read_fifo_avail
                0x0100fd28                alt_up_audio_record_l
                0x0100fd9c                alt_up_audio_record_r
                0x0100fe10                alt_up_audio_reset_audio_core
                0x0100fe34                alt_up_audio_write_interrupt_pending
                0x0100fe48                alt_up_audio_read_interrupt_pending
                0x0100fe5c                alt_up_audio_disable_write_interrupt
                0x0100fe74                alt_up_audio_enable_write_interrupt
                0x0100fe88                alt_up_audio_disable_read_interrupt
                0x0100fea0                alt_up_audio_enable_read_interrupt
                0x0100feb4                alt_up_audio_open_dev
 .text          0x0100fec0      0x23c ../../../../../Desktop/Workspace\libhal_bsp.a(altera_up_avalon_audio_and_video_config.o)
                0x0100fec0                alt_up_av_config_disable_interrupt
                0x0100fed0                alt_up_av_config_enable_interrupt
                0x0100fee4                alt_up_av_config_reset
                0x0100fef8                alt_up_av_config_read_ready
                0x0100ff0c                alt_up_av_config_read_acknowledge
                0x0100ff34                alt_up_av_config_read_data
                0x0100ff6c                alt_up_av_config_read_LTM_cfg_register
                0x0100ff84                alt_up_av_config_read_D5M_cfg_register
                0x0100ff9c                alt_up_av_config_read_DC2_cfg_register
                0x0100ffb4                alt_up_av_config_read_video_cfg_register
                0x0100fff8                alt_up_av_config_write_data
                0x01010018                alt_up_av_config_write_LTM_cfg_register
                0x01010030                alt_up_av_config_write_D5M_cfg_register
                0x01010048                alt_up_av_config_write_DC2_cfg_register
                0x01010060                alt_up_av_config_write_video_cfg_register
                0x010100a4                alt_up_av_config_write_audio_cfg_register
                0x010100c8                alt_up_av_config_open_dev
 .text          0x010100fc      0x284 ../../../../../Desktop/Workspace\libhal_bsp.a(altera_up_avalon_character_lcd.o)
                0x010100fc                get_DDRAM_addr
                0x01010114                alt_up_character_lcd_string
                0x01010130                alt_up_character_lcd_write
                0x01010158                alt_up_character_lcd_write_fd
                0x01010178                alt_up_character_lcd_init
                0x01010188                alt_up_character_lcd_send_cmd
                0x01010198                alt_up_character_lcd_cursor_blink_on
                0x010101a0                alt_up_character_lcd_cursor_off
                0x010101a8                alt_up_character_lcd_erase_pos
                0x0101020c                alt_up_character_lcd_shift_display
                0x01010294                alt_up_character_lcd_shift_cursor
                0x0101031c                alt_up_character_lcd_set_cursor_pos
                0x01010374                alt_up_character_lcd_open_dev
 .text          0x01010380      0x38c ../../../../../Desktop/Workspace\libhal_bsp.a(altera_up_avalon_ps2.o)
                0x01010380                read_RI_bit
                0x0101038c                read_RE_bit
                0x01010394                read_CE_bit
                0x010103a0                read_num_bytes_available
                0x010103a8                read_data_valid
                0x010103b4                read_data_byte
                0x010103bc                alt_up_ps2_open_dev
                0x010103c8                alt_up_ps2_clear_fifo
                0x010103f8                alt_up_ps2_read_data_byte
                0x01010450                alt_up_ps2_read_data_byte_timeout
                0x010104e0                alt_up_ps2_read_fd
                0x01010508                alt_up_ps2_wait_for_ack
                0x01010558                alt_up_ps2_write_data_byte
                0x01010598                alt_up_ps2_write_fd
                0x0101060c                alt_up_ps2_write_data_byte_with_ack
                0x0101064c                alt_up_ps2_init
                0x010106d8                alt_up_ps2_disable_read_interrupt
                0x010106f4                alt_up_ps2_enable_read_interrupt
 .text          0x0101070c      0x134 ../../../../../Desktop/Workspace\libhal_bsp.a(altera_up_avalon_video_character_buffer_with_dma.o)
                0x0101070c                alt_up_char_buffer_string
                0x01010768                alt_up_char_buffer_draw
                0x010107c0                alt_up_char_buffer_clear
                0x010107e4                alt_up_char_buffer_open_dev
                0x010107f0                alt_up_char_buffer_init
 .text          0x01010840      0x9f8 ../../../../../Desktop/Workspace\libhal_bsp.a(altera_up_avalon_video_pixel_buffer_dma.o)
                0x01010840                helper_plot_pixel
                0x01010898                alt_up_pixel_buffer_dma_draw_line
                0x01010ab0                alt_up_pixel_buffer_dma_draw_vline
                0x01010c28                alt_up_pixel_buffer_dma_draw_hline
                0x01010d90                alt_up_pixel_buffer_dma_draw_rectangle
                0x01010e5c                alt_up_pixel_buffer_dma_draw_box
                0x01011068                alt_up_pixel_buffer_dma_clear_screen
                0x01011110                alt_up_pixel_buffer_dma_swap_buffers
                0x01011134                alt_up_pixel_buffer_dma_draw
                0x010111f4                alt_up_pixel_buffer_dma_check_swap_buffers_status
                0x01011204                alt_up_pixel_buffer_dma_change_back_buffer_address
                0x0101122c                alt_up_pixel_buffer_dma_open_dev
 .text          0x01011238      0x430 ../../../../../Desktop/Workspace\libhal_bsp.a(altera_up_ps2_keyboard.o)
                0x01011238                get_multi_byte_make_code_index
                0x01011278                get_single_byte_make_code_index
                0x010112b8                get_next_state
                0x01011488                set_keyboard_rate
                0x010114dc                reset_keyboard
                0x01011548                decode_scancode
                0x010115f0                translate_make_code
 .text          0x01011668     0x24fc ../../../../../Desktop/Workspace\libhal_bsp.a(altera_up_sd_card_avalon_interface.o)
                0x01011668                match_file_record_to_name_ext
                0x01011778                convert_filename_to_name_extension
                0x01011828                copy_file_record_name_to_string
                0x010118b0                alt_up_sd_card_set_attributes
                0x010118e8                alt_up_sd_card_get_attributes
                0x01011928                alt_up_sd_card_is_Present
                0x01011994                Write_Sector_Data
                0x01011a24                Read_Sector_Data_CRC
                0x01011acc                Read_Sector_Data
                0x01011b74                Read_Sector_Data_Attempt_CRC
                0x01011bfc                find_first_empty_cluster
                0x01011cf0                mark_cluster
                0x01011da0                get_cluster_flag
                0x01011e28                Save_Modified_Sector
                0x01011e44                alt_up_sd_card_write
                0x01012098                Write_File_Record_At_Offset
                0x01012218                alt_up_sd_card_fclose
                0x01012320                alt_up_sd_card_read
                0x01012480                find_first_empty_record_in_root_directory
                0x01012534                find_first_empty_record_in_a_subdirectory
                0x010126b8                Check_for_Master_Boot_Record
                0x01012788                alt_up_sd_card_open_dev
                0x010127f4                get_dir_divider_location
                0x01012874                create_file
                0x01012a20                check_file_name_for_FAT16_compliance
                0x01012b2c                filename_to_upper_case
                0x01012b88                Check_for_DOS_FAT
                0x01012e28                Look_for_FAT16
                0x01012edc                alt_up_sd_card_is_FAT16
                0x01012f38                Read_File_Record_At_Offset
                0x01013078                alt_up_sd_card_find_next
                0x01013310                find_file_in_directory
                0x010135f8                get_home_directory_cluster_for_file
                0x01013910                alt_up_sd_card_fopen
                0x01013ab4                alt_up_sd_card_find_first
 .text          0x01013b64       0x18 ../../../../../Desktop/Workspace\libhal_bsp.a(alt_dcache_flush_all.o)
                0x01013b64                alt_dcache_flush_all
 .text          0x01013b7c       0x7c ../../../../../Desktop/Workspace\libhal_bsp.a(alt_dev_llist_insert.o)
                0x01013b7c                alt_dev_llist_insert
 .text          0x01013bf8       0x4c ../../../../../Desktop/Workspace\libhal_bsp.a(alt_do_ctors.o)
                0x01013bf8                _do_ctors
 .text          0x01013c44       0x4c ../../../../../Desktop/Workspace\libhal_bsp.a(alt_do_dtors.o)
                0x01013c44                _do_dtors
 .text          0x01013c90       0x94 ../../../../../Desktop/Workspace\libhal_bsp.a(alt_find_dev.o)
                0x01013c90                alt_find_dev
 .text          0x01013d24        0xc ../../../../../Desktop/Workspace\libhal_bsp.a(alt_icache_flush_all.o)
                0x01013d24                alt_icache_flush_all
 .text          0x01013d30       0xfc ../../../../../Desktop/Workspace\libhal_bsp.a(alt_io_redirect.o)
                0x01013da0                alt_io_redirect
 .text          0x01013e2c        0x0 ../../../../../Desktop/Workspace\libhal_bsp.a(alt_irq_entry.o)
 .text          0x01013e2c        0x0 ../../../../../Desktop/Workspace\libhal_bsp.a(alt_irq_handler.o)
 .text          0x01013e2c      0x180 ../../../../../Desktop/Workspace\libhal_bsp.a(alt_open.o)
                0x01013e2c                open
 .text          0x01013fac        0x8 ../../../../../Desktop/Workspace\libhal_bsp.a(altera_nios2_qsys_irq.o)
                0x01013fac                altera_nios2_qsys_irq_init
 .text          0x01013fb4        0x0 ../../../../../Desktop/Workspace\libhal_bsp.a(alt_exception_entry.o)
 .text          0x01013fb4       0xb0 ../../../../../Desktop/Workspace\libhal_bsp.a(alt_find_file.o)
                0x01013fb4                alt_find_file
 .text          0x01014064       0x60 ../../../../../Desktop/Workspace\libhal_bsp.a(alt_get_fd.o)
                0x01014064                alt_get_fd
 .text          0x010140c4       0x38 ../../../../../Desktop/Workspace\libhal_bsp.a(alt_icache_flush.o)
                0x010140c4                alt_icache_flush
 .text          0x010140fc       0x14 c:/altera/12.0sp2/nios2eds/bin/gnu/h-i686-mingw32/bin/../lib/gcc/nios2-elf/4.1.2/../../../../nios2-elf/lib\libc.a(lib_a-atexit.o)
                0x010140fc                atexit
 .text          0x01014110       0x38 c:/altera/12.0sp2/nios2eds/bin/gnu/h-i686-mingw32/bin/../lib/gcc/nios2-elf/4.1.2/../../../../nios2-elf/lib\libc.a(lib_a-exit.o)
                0x01014110                exit
 .text          0x01014148       0x74 c:/altera/12.0sp2/nios2eds/bin/gnu/h-i686-mingw32/bin/../lib/gcc/nios2-elf/4.1.2/../../../../nios2-elf/lib\libc.a(lib_a-memcmp.o)
                0x01014148                memcmp
 .text          0x010141bc      0x134 c:/altera/12.0sp2/nios2eds/bin/gnu/h-i686-mingw32/bin/../lib/gcc/nios2-elf/4.1.2/../../../../nios2-elf/lib\libc.a(lib_a-__atexit.o)
                0x010141bc                __register_exitproc
 .text          0x010142f0      0x1b4 c:/altera/12.0sp2/nios2eds/bin/gnu/h-i686-mingw32/bin/../lib/gcc/nios2-elf/4.1.2/../../../../nios2-elf/lib\libc.a(lib_a-__call_atexit.o)
                0x010142f4                __call_exitprocs
 .text          0x010144a4       0x14 ../../../../../Desktop/Workspace\libhal_bsp.a(alt_exit.o)
                0x010144a4                _exit
 *(.gnu.warning.*)
 *(.fini)
                0x010144b8                PROVIDE (__etext, ABSOLUTE (.))
                0x010144b8                PROVIDE (_etext, ABSOLUTE (.))
                0x010144b8                PROVIDE (etext, ABSOLUTE (.))
 *(.eh_frame_hdr)
                0x010144b8                . = ALIGN (0x4)
                0x010144b8                PROVIDE (__preinit_array_start, ABSOLUTE (.))
 *(.preinit_array)
                0x010144b8                PROVIDE (__preinit_array_end, ABSOLUTE (.))
                0x010144b8                PROVIDE (__init_array_start, ABSOLUTE (.))
 *(.init_array)
                0x010144b8                PROVIDE (__init_array_end, ABSOLUTE (.))
                0x010144b8                PROVIDE (__fini_array_start, ABSOLUTE (.))
 *(.fini_array)
                0x010144b8                PROVIDE (__fini_array_end, ABSOLUTE (.))
 *(.eh_frame)
 .eh_frame      0x010144b8       0x40 c:/altera/12.0sp2/nios2eds/bin/gnu/h-i686-mingw32/bin/../lib/gcc/nios2-elf/4.1.2\libgcc.a(_udivdi3.o)
 .eh_frame      0x010144f8       0x2c c:/altera/12.0sp2/nios2eds/bin/gnu/h-i686-mingw32/bin/../lib/gcc/nios2-elf/4.1.2\libgcc.a(_umoddi3.o)
                                 0x40 (size before relaxing)
 *(.gcc_except_table)
 *(.dynamic)
                0x01014524                PROVIDE (__CTOR_LIST__, ABSOLUTE (.))
 *(.ctors)
 *(SORT(.ctors.*))
 .ctors.65535   0x01014524        0x4 c:/altera/12.0sp2/nios2eds/bin/gnu/h-i686-mingw32/bin/../lib/gcc/nios2-elf/4.1.2/../../../../nios2-elf/lib\libc.a(lib_a-__call_atexit.o)
                0x01014528                PROVIDE (__CTOR_END__, ABSOLUTE (.))
                0x01014528                PROVIDE (__DTOR_LIST__, ABSOLUTE (.))
 *(.dtors)
 *(SORT(.dtors.*))
                0x01014528                PROVIDE (__DTOR_END__, ABSOLUTE (.))
 *(.jcr)
                0x01014528                . = ALIGN (0x4)

.rodata         0x01014528      0x77c
                0x01014528                PROVIDE (__ram_rodata_start, ABSOLUTE (.))
                0x01014528                . = ALIGN (0x4)
 *(.rodata .rodata.* .gnu.linkonce.r.*)
 .rodata        0x01014528       0x80 obj/default/DrawMain.o
 .rodata        0x010145a8       0x10 obj/default/audio.o
 .rodata        0x010145b8       0x44 obj/default/drawBg.o
 .rodata        0x010145fc       0x18 obj/default/sdcard.o
 .rodata        0x01014614       0x84 obj/default/wk_kb.o
 .rodata        0x01014698       0x20 obj/default/wk_lcd.o
 .rodata        0x010146b8       0x28 obj/default/wk_video.o
 .rodata.str1.4
                0x010146e0        0x2 c:/altera/12.0sp2/nios2eds/bin/gnu/h-i686-mingw32/bin/../lib/gcc/nios2-elf/4.1.2/../../../../nios2-elf/lib\libc.a(lib_a-puts.o)
                                  0x4 (size before relaxing)
 *fill*         0x010146e2        0x2 00
 .rodata.str1.4
                0x010146e4       0x5e c:/altera/12.0sp2/nios2eds/bin/gnu/h-i686-mingw32/bin/../lib/gcc/nios2-elf/4.1.2/../../../../nios2-elf/lib\libc.a(lib_a-vfprintf.o)
                                 0x60 (size before relaxing)
 .rodata        0x01014742       0x20 c:/altera/12.0sp2/nios2eds/bin/gnu/h-i686-mingw32/bin/../lib/gcc/nios2-elf/4.1.2/../../../../nios2-elf/lib\libc.a(lib_a-vfprintf.o)
 *fill*         0x01014762        0x2 00
 .rodata.str1.4
                0x01014764       0x10 c:/altera/12.0sp2/nios2eds/bin/gnu/h-i686-mingw32/bin/../lib/gcc/nios2-elf/4.1.2/../../../../nios2-elf/lib\libc.a(lib_a-dtoa.o)
                                 0x14 (size before relaxing)
 .rodata.str1.4
                0x01014774        0x2 c:/altera/12.0sp2/nios2eds/bin/gnu/h-i686-mingw32/bin/../lib/gcc/nios2-elf/4.1.2/../../../../nios2-elf/lib\libc.a(lib_a-impure.o)
                                  0x4 (size before relaxing)
 *fill*         0x01014776        0x2 00
 .rodata.str1.4
                0x01014778        0xf c:/altera/12.0sp2/nios2eds/bin/gnu/h-i686-mingw32/bin/../lib/gcc/nios2-elf/4.1.2/../../../../nios2-elf/lib\libc.a(lib_a-locale.o)
                                 0x18 (size before relaxing)
 *fill*         0x01014787        0x1 00
 .rodata        0x01014788       0x30 c:/altera/12.0sp2/nios2eds/bin/gnu/h-i686-mingw32/bin/../lib/gcc/nios2-elf/4.1.2/../../../../nios2-elf/lib\libc.a(lib_a-locale.o)
 .rodata        0x010147b8      0x124 c:/altera/12.0sp2/nios2eds/bin/gnu/h-i686-mingw32/bin/../lib/gcc/nios2-elf/4.1.2/../../../../nios2-elf/lib\libc.a(lib_a-mprec.o)
                0x010147b8                __mprec_tens
                0x01014880                __mprec_bigtens
                0x010148a8                __mprec_tinytens
 .rodata        0x010148dc       0x14 c:/altera/12.0sp2/nios2eds/bin/gnu/h-i686-mingw32/bin/../lib/gcc/nios2-elf/4.1.2\libgcc.a(_thenan_df.o)
                0x010148dc                __thenan_df
 .rodata        0x010148f0      0x100 c:/altera/12.0sp2/nios2eds/bin/gnu/h-i686-mingw32/bin/../lib/gcc/nios2-elf/4.1.2\libgcc.a(_clz.o)
                0x010148f0                __clz_tab
 .rodata.str1.4
                0x010149f0        0xa ../../../../../Desktop/Workspace\libhal_bsp.a(alt_dev.o)
                                  0xc (size before relaxing)
 *fill*         0x010149fa        0x2 00
 .rodata.str1.4
                0x010149fc        0xf ../../../../../Desktop/Workspace\libhal_bsp.a(alt_main.o)
                                 0x10 (size before relaxing)
 *fill*         0x01014a0b        0x1 00
 .rodata.str1.4
                0x01014a0c       0x81 ../../../../../Desktop/Workspace\libhal_bsp.a(alt_sys_init.o)
                                 0x94 (size before relaxing)
 .rodata.str1.4
                0x00000000       0x81 ../../../../../Desktop/Workspace\libhal_bsp.a(altera_up_avalon_video_character_buffer_with_dma.o)
                                 0x1c (size before relaxing)
 *fill*         0x01014a8d        0x3 00
 .rodata.str1.4
                0x01014a90      0x214 ../../../../../Desktop/Workspace\libhal_bsp.a(altera_up_ps2_keyboard.o)
                                0x238 (size before relaxing)
 *(.rodata1)
                0x01014ca4                . = ALIGN (0x4)
                0x01014ca4                PROVIDE (__ram_rodata_end, ABSOLUTE (.))
                0x01014528                PROVIDE (__flash_rodata_start, LOADADDR (.rodata))

.rwdata         0x01014ca4     0x1ebc load address 0x01016b60
                0x01014ca4                PROVIDE (__ram_rwdata_start, ABSOLUTE (.))
                0x01014ca4                . = ALIGN (0x4)
 *(.got.plt)
 *(.got)
 *(.data1)
 *(.data .data.* .gnu.linkonce.d.*)
 .data          0x01014ca4        0x0 ../../../../../Desktop/Workspace/obj/HAL/src/crt0.o
 .data          0x01014ca4        0x0 obj/default/DrawMain.o
 .data          0x01014ca4        0x0 obj/default/audio.o
 .data          0x01014ca4        0x0 obj/default/bitmap.o
 .data          0x01014ca4        0x0 obj/default/drawBg.o
 .data          0x01014ca4        0x0 obj/default/sdcard.o
 .data          0x01014ca4        0x0 obj/default/wk_io.o
 .data          0x01014ca4        0x0 obj/default/wk_kb.o
 .data          0x01014ca4        0x0 obj/default/wk_lcd.o
 .data          0x01014ca4        0x0 obj/default/wk_video.o
 .data          0x01014ca4        0x0 c:/altera/12.0sp2/nios2eds/bin/gnu/h-i686-mingw32/bin/../lib/gcc/nios2-elf/4.1.2/../../../../nios2-elf/lib\libc.a(lib_a-malloc.o)
 .data          0x01014ca4      0x408 c:/altera/12.0sp2/nios2eds/bin/gnu/h-i686-mingw32/bin/../lib/gcc/nios2-elf/4.1.2/../../../../nios2-elf/lib\libc.a(lib_a-mallocr.o)
                0x01014ca4                __malloc_av_
 .data          0x010150ac        0x0 c:/altera/12.0sp2/nios2eds/bin/gnu/h-i686-mingw32/bin/../lib/gcc/nios2-elf/4.1.2/../../../../nios2-elf/lib\libc.a(lib_a-memcpy.o)
 .data          0x010150ac        0x0 c:/altera/12.0sp2/nios2eds/bin/gnu/h-i686-mingw32/bin/../lib/gcc/nios2-elf/4.1.2/../../../../nios2-elf/lib\libc.a(lib_a-memset.o)
 .data          0x010150ac        0x0 c:/altera/12.0sp2/nios2eds/bin/gnu/h-i686-mingw32/bin/../lib/gcc/nios2-elf/4.1.2/../../../../nios2-elf/lib\libc.a(lib_a-printf.o)
 .data          0x010150ac        0x0 c:/altera/12.0sp2/nios2eds/bin/gnu/h-i686-mingw32/bin/../lib/gcc/nios2-elf/4.1.2/../../../../nios2-elf/lib\libc.a(lib_a-putchar.o)
 .data          0x010150ac        0x0 c:/altera/12.0sp2/nios2eds/bin/gnu/h-i686-mingw32/bin/../lib/gcc/nios2-elf/4.1.2/../../../../nios2-elf/lib\libc.a(lib_a-puts.o)
 .data          0x010150ac        0x0 c:/altera/12.0sp2/nios2eds/bin/gnu/h-i686-mingw32/bin/../lib/gcc/nios2-elf/4.1.2/../../../../nios2-elf/lib\libc.a(lib_a-rand.o)
 .data          0x010150ac        0x0 c:/altera/12.0sp2/nios2eds/bin/gnu/h-i686-mingw32/bin/../lib/gcc/nios2-elf/4.1.2/../../../../nios2-elf/lib\libc.a(lib_a-sbrkr.o)
 .data          0x010150ac        0x0 c:/altera/12.0sp2/nios2eds/bin/gnu/h-i686-mingw32/bin/../lib/gcc/nios2-elf/4.1.2/../../../../nios2-elf/lib\libc.a(lib_a-sprintf.o)
 .data          0x010150ac        0x0 c:/altera/12.0sp2/nios2eds/bin/gnu/h-i686-mingw32/bin/../lib/gcc/nios2-elf/4.1.2/../../../../nios2-elf/lib\libc.a(lib_a-strcat.o)
 .data          0x010150ac        0x0 c:/altera/12.0sp2/nios2eds/bin/gnu/h-i686-mingw32/bin/../lib/gcc/nios2-elf/4.1.2/../../../../nios2-elf/lib\libc.a(lib_a-strcpy.o)
 .data          0x010150ac        0x0 c:/altera/12.0sp2/nios2eds/bin/gnu/h-i686-mingw32/bin/../lib/gcc/nios2-elf/4.1.2/../../../../nios2-elf/lib\libc.a(lib_a-strlen.o)
 .data          0x010150ac        0x0 c:/altera/12.0sp2/nios2eds/bin/gnu/h-i686-mingw32/bin/../lib/gcc/nios2-elf/4.1.2/../../../../nios2-elf/lib\libc.a(lib_a-vfprintf.o)
 .data          0x010150ac        0x0 c:/altera/12.0sp2/nios2eds/bin/gnu/h-i686-mingw32/bin/../lib/gcc/nios2-elf/4.1.2/../../../../nios2-elf/lib\libc.a(lib_a-wsetup.o)
 .data          0x010150ac        0x0 c:/altera/12.0sp2/nios2eds/bin/gnu/h-i686-mingw32/bin/../lib/gcc/nios2-elf/4.1.2/../../../../nios2-elf/lib\libc.a(lib_a-dtoa.o)
 .data          0x010150ac        0x0 c:/altera/12.0sp2/nios2eds/bin/gnu/h-i686-mingw32/bin/../lib/gcc/nios2-elf/4.1.2/../../../../nios2-elf/lib\libc.a(lib_a-fflush.o)
 .data          0x010150ac        0x0 c:/altera/12.0sp2/nios2eds/bin/gnu/h-i686-mingw32/bin/../lib/gcc/nios2-elf/4.1.2/../../../../nios2-elf/lib\libc.a(lib_a-findfp.o)
 .data          0x010150ac        0x0 c:/altera/12.0sp2/nios2eds/bin/gnu/h-i686-mingw32/bin/../lib/gcc/nios2-elf/4.1.2/../../../../nios2-elf/lib\libc.a(lib_a-freer.o)
 .data          0x010150ac        0x0 c:/altera/12.0sp2/nios2eds/bin/gnu/h-i686-mingw32/bin/../lib/gcc/nios2-elf/4.1.2/../../../../nios2-elf/lib\libc.a(lib_a-fvwrite.o)
 .data          0x010150ac        0x0 c:/altera/12.0sp2/nios2eds/bin/gnu/h-i686-mingw32/bin/../lib/gcc/nios2-elf/4.1.2/../../../../nios2-elf/lib\libc.a(lib_a-fwalk.o)
 .data          0x010150ac      0x400 c:/altera/12.0sp2/nios2eds/bin/gnu/h-i686-mingw32/bin/../lib/gcc/nios2-elf/4.1.2/../../../../nios2-elf/lib\libc.a(lib_a-impure.o)
 .data          0x010154ac        0x0 c:/altera/12.0sp2/nios2eds/bin/gnu/h-i686-mingw32/bin/../lib/gcc/nios2-elf/4.1.2/../../../../nios2-elf/lib\libc.a(lib_a-int_errno.o)
 .data          0x010154ac        0xc c:/altera/12.0sp2/nios2eds/bin/gnu/h-i686-mingw32/bin/../lib/gcc/nios2-elf/4.1.2/../../../../nios2-elf/lib\libc.a(lib_a-locale.o)
                0x010154ac                __lc_ctype
 .data          0x010154b8        0x0 c:/altera/12.0sp2/nios2eds/bin/gnu/h-i686-mingw32/bin/../lib/gcc/nios2-elf/4.1.2/../../../../nios2-elf/lib\libc.a(lib_a-makebuf.o)
 .data          0x010154b8        0x0 c:/altera/12.0sp2/nios2eds/bin/gnu/h-i686-mingw32/bin/../lib/gcc/nios2-elf/4.1.2/../../../../nios2-elf/lib\libc.a(lib_a-memchr.o)
 .data          0x010154b8        0x0 c:/altera/12.0sp2/nios2eds/bin/gnu/h-i686-mingw32/bin/../lib/gcc/nios2-elf/4.1.2/../../../../nios2-elf/lib\libc.a(lib_a-memmove.o)
 .data          0x010154b8        0x0 c:/altera/12.0sp2/nios2eds/bin/gnu/h-i686-mingw32/bin/../lib/gcc/nios2-elf/4.1.2/../../../../nios2-elf/lib\libc.a(lib_a-mprec.o)
 .data          0x010154b8        0x0 c:/altera/12.0sp2/nios2eds/bin/gnu/h-i686-mingw32/bin/../lib/gcc/nios2-elf/4.1.2/../../../../nios2-elf/lib\libc.a(lib_a-putc.o)
 .data          0x010154b8        0x0 c:/altera/12.0sp2/nios2eds/bin/gnu/h-i686-mingw32/bin/../lib/gcc/nios2-elf/4.1.2/../../../../nios2-elf/lib\libc.a(lib_a-reallocr.o)
 .data          0x010154b8        0x0 c:/altera/12.0sp2/nios2eds/bin/gnu/h-i686-mingw32/bin/../lib/gcc/nios2-elf/4.1.2/../../../../nios2-elf/lib\libc.a(lib_a-s_isinfd.o)
 .data          0x010154b8        0x0 c:/altera/12.0sp2/nios2eds/bin/gnu/h-i686-mingw32/bin/../lib/gcc/nios2-elf/4.1.2/../../../../nios2-elf/lib\libc.a(lib_a-s_isnand.o)
 .data          0x010154b8        0x0 c:/altera/12.0sp2/nios2eds/bin/gnu/h-i686-mingw32/bin/../lib/gcc/nios2-elf/4.1.2/../../../../nios2-elf/lib\libc.a(lib_a-stdio.o)
 .data          0x010154b8        0x0 c:/altera/12.0sp2/nios2eds/bin/gnu/h-i686-mingw32/bin/../lib/gcc/nios2-elf/4.1.2/../../../../nios2-elf/lib\libc.a(lib_a-strcmp.o)
 .data          0x010154b8        0x0 c:/altera/12.0sp2/nios2eds/bin/gnu/h-i686-mingw32/bin/../lib/gcc/nios2-elf/4.1.2/../../../../nios2-elf/lib\libc.a(lib_a-wbuf.o)
 .data          0x010154b8        0x0 c:/altera/12.0sp2/nios2eds/bin/gnu/h-i686-mingw32/bin/../lib/gcc/nios2-elf/4.1.2/../../../../nios2-elf/lib\libc.a(lib_a-writer.o)
 .data          0x010154b8        0x0 c:/altera/12.0sp2/nios2eds/bin/gnu/h-i686-mingw32/bin/../lib/gcc/nios2-elf/4.1.2/../../../../nios2-elf/lib\libc.a(lib_a-callocr.o)
 .data          0x010154b8        0x0 c:/altera/12.0sp2/nios2eds/bin/gnu/h-i686-mingw32/bin/../lib/gcc/nios2-elf/4.1.2/../../../../nios2-elf/lib\libc.a(lib_a-closer.o)
 .data          0x010154b8        0x0 c:/altera/12.0sp2/nios2eds/bin/gnu/h-i686-mingw32/bin/../lib/gcc/nios2-elf/4.1.2/../../../../nios2-elf/lib\libc.a(lib_a-fclose.o)
 .data          0x010154b8        0x0 c:/altera/12.0sp2/nios2eds/bin/gnu/h-i686-mingw32/bin/../lib/gcc/nios2-elf/4.1.2/../../../../nios2-elf/lib\libc.a(lib_a-fstatr.o)
 .data          0x010154b8        0x0 c:/altera/12.0sp2/nios2eds/bin/gnu/h-i686-mingw32/bin/../lib/gcc/nios2-elf/4.1.2/../../../../nios2-elf/lib\libc.a(lib_a-isattyr.o)
 .data          0x010154b8        0x0 c:/altera/12.0sp2/nios2eds/bin/gnu/h-i686-mingw32/bin/../lib/gcc/nios2-elf/4.1.2/../../../../nios2-elf/lib\libc.a(lib_a-lseekr.o)
 .data          0x010154b8        0x0 c:/altera/12.0sp2/nios2eds/bin/gnu/h-i686-mingw32/bin/../lib/gcc/nios2-elf/4.1.2/../../../../nios2-elf/lib\libc.a(lib_a-readr.o)
 .data          0x010154b8        0x0 c:/altera/12.0sp2/nios2eds/bin/gnu/h-i686-mingw32/bin/../lib/gcc/nios2-elf/4.1.2\libgcc.a(_muldi3.o)
 .data          0x010154b8        0x0 c:/altera/12.0sp2/nios2eds/bin/gnu/h-i686-mingw32/bin/../lib/gcc/nios2-elf/4.1.2\libgcc.a(_udivdi3.o)
 .data          0x010154b8        0x0 c:/altera/12.0sp2/nios2eds/bin/gnu/h-i686-mingw32/bin/../lib/gcc/nios2-elf/4.1.2\libgcc.a(_umoddi3.o)
 .data          0x010154b8        0x0 c:/altera/12.0sp2/nios2eds/bin/gnu/h-i686-mingw32/bin/../lib/gcc/nios2-elf/4.1.2\libgcc.a(_addsub_df.o)
 .data          0x010154b8        0x0 c:/altera/12.0sp2/nios2eds/bin/gnu/h-i686-mingw32/bin/../lib/gcc/nios2-elf/4.1.2\libgcc.a(_mul_df.o)
 .data          0x010154b8        0x0 c:/altera/12.0sp2/nios2eds/bin/gnu/h-i686-mingw32/bin/../lib/gcc/nios2-elf/4.1.2\libgcc.a(_div_df.o)
 .data          0x010154b8        0x0 c:/altera/12.0sp2/nios2eds/bin/gnu/h-i686-mingw32/bin/../lib/gcc/nios2-elf/4.1.2\libgcc.a(_eq_df.o)
 .data          0x010154b8        0x0 c:/altera/12.0sp2/nios2eds/bin/gnu/h-i686-mingw32/bin/../lib/gcc/nios2-elf/4.1.2\libgcc.a(_ne_df.o)
 .data          0x010154b8        0x0 c:/altera/12.0sp2/nios2eds/bin/gnu/h-i686-mingw32/bin/../lib/gcc/nios2-elf/4.1.2\libgcc.a(_gt_df.o)
 .data          0x010154b8        0x0 c:/altera/12.0sp2/nios2eds/bin/gnu/h-i686-mingw32/bin/../lib/gcc/nios2-elf/4.1.2\libgcc.a(_ge_df.o)
 .data          0x010154b8        0x0 c:/altera/12.0sp2/nios2eds/bin/gnu/h-i686-mingw32/bin/../lib/gcc/nios2-elf/4.1.2\libgcc.a(_lt_df.o)
 .data          0x010154b8        0x0 c:/altera/12.0sp2/nios2eds/bin/gnu/h-i686-mingw32/bin/../lib/gcc/nios2-elf/4.1.2\libgcc.a(_si_to_df.o)
 .data          0x010154b8        0x0 c:/altera/12.0sp2/nios2eds/bin/gnu/h-i686-mingw32/bin/../lib/gcc/nios2-elf/4.1.2\libgcc.a(_df_to_si.o)
 .data          0x010154b8        0x0 c:/altera/12.0sp2/nios2eds/bin/gnu/h-i686-mingw32/bin/../lib/gcc/nios2-elf/4.1.2\libgcc.a(_thenan_df.o)
 .data          0x010154b8        0x0 c:/altera/12.0sp2/nios2eds/bin/gnu/h-i686-mingw32/bin/../lib/gcc/nios2-elf/4.1.2\libgcc.a(_usi_to_df.o)
 .data          0x010154b8        0x0 c:/altera/12.0sp2/nios2eds/bin/gnu/h-i686-mingw32/bin/../lib/gcc/nios2-elf/4.1.2\libgcc.a(lib2-divmod.o)
 .data          0x010154b8        0x0 c:/altera/12.0sp2/nios2eds/bin/gnu/h-i686-mingw32/bin/../lib/gcc/nios2-elf/4.1.2\libgcc.a(_clz.o)
 .data          0x010154b8        0x0 c:/altera/12.0sp2/nios2eds/bin/gnu/h-i686-mingw32/bin/../lib/gcc/nios2-elf/4.1.2\libgcc.a(_clzsi2.o)
 .data          0x010154b8        0x0 c:/altera/12.0sp2/nios2eds/bin/gnu/h-i686-mingw32/bin/../lib/gcc/nios2-elf/4.1.2\libgcc.a(_pack_df.o)
 .data          0x010154b8        0x0 c:/altera/12.0sp2/nios2eds/bin/gnu/h-i686-mingw32/bin/../lib/gcc/nios2-elf/4.1.2\libgcc.a(_unpack_df.o)
 .data          0x010154b8        0x0 c:/altera/12.0sp2/nios2eds/bin/gnu/h-i686-mingw32/bin/../lib/gcc/nios2-elf/4.1.2\libgcc.a(_fpcmp_parts_df.o)
 .data          0x010154b8        0x0 ../../../../../Desktop/Workspace\libhal_bsp.a(alt_alarm_start.o)
 .data          0x010154b8        0x0 ../../../../../Desktop/Workspace\libhal_bsp.a(alt_close.o)
 .data          0x010154b8      0x1a8 ../../../../../Desktop/Workspace\libhal_bsp.a(alt_dev.o)
                0x010154b8                alt_dev_null
                0x010154e0                alt_fd_list
 .data          0x01015660        0x0 ../../../../../Desktop/Workspace\libhal_bsp.a(alt_errno.o)
 .data          0x01015660        0x0 ../../../../../Desktop/Workspace\libhal_bsp.a(alt_fstat.o)
 .data          0x01015660        0x0 ../../../../../Desktop/Workspace\libhal_bsp.a(alt_irq_register.o)
 .data          0x01015660        0x0 ../../../../../Desktop/Workspace\libhal_bsp.a(alt_irq_vars.o)
 .data          0x01015660        0x0 ../../../../../Desktop/Workspace\libhal_bsp.a(alt_isatty.o)
 .data          0x01015660        0x0 ../../../../../Desktop/Workspace\libhal_bsp.a(alt_load.o)
 .data          0x01015660        0x0 ../../../../../Desktop/Workspace\libhal_bsp.a(alt_lseek.o)
 .data          0x01015660        0x0 ../../../../../Desktop/Workspace\libhal_bsp.a(alt_main.o)
 .data          0x01015660        0x0 ../../../../../Desktop/Workspace\libhal_bsp.a(alt_malloc_lock.o)
 .data          0x01015660        0x0 ../../../../../Desktop/Workspace\libhal_bsp.a(alt_read.o)
 .data          0x01015660        0x0 ../../../../../Desktop/Workspace\libhal_bsp.a(alt_release_fd.o)
 .data          0x01015660        0x0 ../../../../../Desktop/Workspace\libhal_bsp.a(alt_sbrk.o)
 .data          0x01015660        0x0 ../../../../../Desktop/Workspace\libhal_bsp.a(alt_tick.o)
 .data          0x01015660        0x0 ../../../../../Desktop/Workspace\libhal_bsp.a(alt_write.o)
 .data          0x01015660     0x11ec ../../../../../Desktop/Workspace\libhal_bsp.a(alt_sys_init.o)
 .data          0x0101684c        0x0 ../../../../../Desktop/Workspace\libhal_bsp.a(altera_avalon_jtag_uart_fd.o)
 .data          0x0101684c        0x0 ../../../../../Desktop/Workspace\libhal_bsp.a(altera_avalon_jtag_uart_init.o)
 .data          0x0101684c        0x0 ../../../../../Desktop/Workspace\libhal_bsp.a(altera_avalon_jtag_uart_ioctl.o)
 .data          0x0101684c        0x0 ../../../../../Desktop/Workspace\libhal_bsp.a(altera_avalon_jtag_uart_read.o)
 .data          0x0101684c        0x0 ../../../../../Desktop/Workspace\libhal_bsp.a(altera_avalon_jtag_uart_write.o)
 .data          0x0101684c        0x0 ../../../../../Desktop/Workspace\libhal_bsp.a(altera_avalon_timer_sc.o)
 .data          0x0101684c        0x0 ../../../../../Desktop/Workspace\libhal_bsp.a(altera_up_avalon_audio.o)
 .data          0x0101684c        0x0 ../../../../../Desktop/Workspace\libhal_bsp.a(altera_up_avalon_audio_and_video_config.o)
 .data          0x0101684c        0x0 ../../../../../Desktop/Workspace\libhal_bsp.a(altera_up_avalon_character_lcd.o)
 .data          0x0101684c        0x0 ../../../../../Desktop/Workspace\libhal_bsp.a(altera_up_avalon_ps2.o)
 .data          0x0101684c        0x0 ../../../../../Desktop/Workspace\libhal_bsp.a(altera_up_avalon_video_character_buffer_with_dma.o)
 .data          0x0101684c        0x0 ../../../../../Desktop/Workspace\libhal_bsp.a(altera_up_avalon_video_pixel_buffer_dma.o)
 .data          0x0101684c      0x2cc ../../../../../Desktop/Workspace\libhal_bsp.a(altera_up_ps2_keyboard.o)
                0x0101684c                key_table
                0x010169e4                ascii_codes
                0x01016a4a                single_byte_make_code
                0x01016ab0                multi_byte_make_code
 .data          0x01016b18        0x0 ../../../../../Desktop/Workspace\libhal_bsp.a(altera_up_sd_card_avalon_interface.o)
 .data          0x01016b18        0x0 ../../../../../Desktop/Workspace\libhal_bsp.a(alt_dcache_flush_all.o)
 .data          0x01016b18        0x0 ../../../../../Desktop/Workspace\libhal_bsp.a(alt_dev_llist_insert.o)
 .data          0x01016b18        0x0 ../../../../../Desktop/Workspace\libhal_bsp.a(alt_do_ctors.o)
 .data          0x01016b18        0x0 ../../../../../Desktop/Workspace\libhal_bsp.a(alt_do_dtors.o)
 .data          0x01016b18        0x0 ../../../../../Desktop/Workspace\libhal_bsp.a(alt_find_dev.o)
 .data          0x01016b18        0x0 ../../../../../Desktop/Workspace\libhal_bsp.a(alt_icache_flush_all.o)
 .data          0x01016b18        0x0 ../../../../../Desktop/Workspace\libhal_bsp.a(alt_io_redirect.o)
 .data          0x01016b18        0x0 ../../../../../Desktop/Workspace\libhal_bsp.a(alt_irq_entry.o)
 .data          0x01016b18        0x0 ../../../../../Desktop/Workspace\libhal_bsp.a(alt_irq_handler.o)
 .data          0x01016b18        0x0 ../../../../../Desktop/Workspace\libhal_bsp.a(alt_open.o)
 .data          0x01016b18        0x0 ../../../../../Desktop/Workspace\libhal_bsp.a(altera_nios2_qsys_irq.o)
 .data          0x01016b18        0x0 ../../../../../Desktop/Workspace\libhal_bsp.a(alt_exception_entry.o)
 .data          0x01016b18        0x0 ../../../../../Desktop/Workspace\libhal_bsp.a(alt_find_file.o)
 .data          0x01016b18        0x0 ../../../../../Desktop/Workspace\libhal_bsp.a(alt_get_fd.o)
 .data          0x01016b18        0x0 ../../../../../Desktop/Workspace\libhal_bsp.a(alt_icache_flush.o)
 .data          0x01016b18        0x0 c:/altera/12.0sp2/nios2eds/bin/gnu/h-i686-mingw32/bin/../lib/gcc/nios2-elf/4.1.2/../../../../nios2-elf/lib\libc.a(lib_a-atexit.o)
 .data          0x01016b18        0x0 c:/altera/12.0sp2/nios2eds/bin/gnu/h-i686-mingw32/bin/../lib/gcc/nios2-elf/4.1.2/../../../../nios2-elf/lib\libc.a(lib_a-exit.o)
 .data          0x01016b18        0x0 c:/altera/12.0sp2/nios2eds/bin/gnu/h-i686-mingw32/bin/../lib/gcc/nios2-elf/4.1.2/../../../../nios2-elf/lib\libc.a(lib_a-memcmp.o)
 .data          0x01016b18        0x0 c:/altera/12.0sp2/nios2eds/bin/gnu/h-i686-mingw32/bin/../lib/gcc/nios2-elf/4.1.2/../../../../nios2-elf/lib\libc.a(lib_a-__atexit.o)
 .data          0x01016b18        0x0 c:/altera/12.0sp2/nios2eds/bin/gnu/h-i686-mingw32/bin/../lib/gcc/nios2-elf/4.1.2/../../../../nios2-elf/lib\libc.a(lib_a-__call_atexit.o)
 .data          0x01016b18        0x0 ../../../../../Desktop/Workspace\libhal_bsp.a(alt_exit.o)
                0x0101eb18                _gp = ABSOLUTE ((. + 0x8000))
                0x0101eb18                PROVIDE (gp, _gp)
 *(.rwdata .rwdata.*)
 *(.sdata .sdata.* .gnu.linkonce.s.*)
 .sdata         0x01016b18        0x8 obj/default/drawBg.o
                0x01016b18                option1
                0x01016b1c                option2
 .sdata         0x01016b20        0x8 c:/altera/12.0sp2/nios2eds/bin/gnu/h-i686-mingw32/bin/../lib/gcc/nios2-elf/4.1.2/../../../../nios2-elf/lib\libc.a(lib_a-mallocr.o)
                0x01016b20                __malloc_trim_threshold
                0x01016b24                __malloc_sbrk_base
 .sdata         0x01016b28        0x8 c:/altera/12.0sp2/nios2eds/bin/gnu/h-i686-mingw32/bin/../lib/gcc/nios2-elf/4.1.2/../../../../nios2-elf/lib\libc.a(lib_a-impure.o)
                0x01016b28                _impure_ptr
                0x01016b2c                _global_impure_ptr
 .sdata         0x01016b30        0x8 c:/altera/12.0sp2/nios2eds/bin/gnu/h-i686-mingw32/bin/../lib/gcc/nios2-elf/4.1.2/../../../../nios2-elf/lib\libc.a(lib_a-locale.o)
                0x01016b30                __mb_cur_max
 .sdata         0x01016b38       0x14 ../../../../../Desktop/Workspace\libhal_bsp.a(alt_dev.o)
                0x01016b38                alt_fs_list
                0x01016b40                alt_dev_list
                0x01016b48                alt_max_fd
 .sdata         0x01016b4c        0x4 ../../../../../Desktop/Workspace\libhal_bsp.a(alt_errno.o)
                0x01016b4c                alt_errno
 .sdata         0x01016b50        0x4 ../../../../../Desktop/Workspace\libhal_bsp.a(alt_irq_vars.o)
                0x01016b50                alt_priority_mask
 .sdata         0x01016b54        0x4 ../../../../../Desktop/Workspace\libhal_bsp.a(alt_sbrk.o)
 .sdata         0x01016b58        0x8 ../../../../../Desktop/Workspace\libhal_bsp.a(alt_tick.o)
                0x01016b58                alt_alarm_list
 *(.sdata2 .sdata2.* .gnu.linkonce.s2.*)
                0x01016b60                . = ALIGN (0x4)
                0x01016b60                _edata = ABSOLUTE (.)
                0x01016b60                PROVIDE (edata, ABSOLUTE (.))
                0x01016b60                PROVIDE (__ram_rwdata_end, ABSOLUTE (.))
                0x01016b60                PROVIDE (__flash_rwdata_start, LOADADDR (.rwdata))

.bss            0x01018a1c      0x8b4
                0x01018a1c                __bss_start = ABSOLUTE (.)
                0x01018a1c                PROVIDE (__sbss_start, ABSOLUTE (.))
                0x01018a1c                PROVIDE (___sbss_start, ABSOLUTE (.))
 *(.dynsbss)
 *(.sbss .sbss.* .gnu.linkonce.sb.*)
 .sbss          0x01018a1c        0xc obj/default/DrawMain.o
                0x01018a1c                movchar
                0x01018a20                scrollRate
                0x01018a24                kb
 .sbss          0x01018a28        0xc c:/altera/12.0sp2/nios2eds/bin/gnu/h-i686-mingw32/bin/../lib/gcc/nios2-elf/4.1.2/../../../../nios2-elf/lib\libc.a(lib_a-mallocr.o)
                0x01018a28                __malloc_top_pad
                0x01018a2c                __malloc_max_sbrked_mem
                0x01018a30                __malloc_max_total_mem
 .sbss          0x01018a34        0x4 c:/altera/12.0sp2/nios2eds/bin/gnu/h-i686-mingw32/bin/../lib/gcc/nios2-elf/4.1.2/../../../../nios2-elf/lib\libc.a(lib_a-int_errno.o)
                0x01018a34                errno
 .sbss          0x01018a38        0xc c:/altera/12.0sp2/nios2eds/bin/gnu/h-i686-mingw32/bin/../lib/gcc/nios2-elf/4.1.2/../../../../nios2-elf/lib\libc.a(lib_a-locale.o)
                0x01018a38                __nlocale_changed
                0x01018a3c                __mlocale_changed
                0x01018a40                _PathLocale
 .sbss          0x01018a44        0x4 ../../../../../Desktop/Workspace\libhal_bsp.a(alt_irq_vars.o)
                0x01018a44                alt_irq_active
 .sbss          0x01018a48        0xc ../../../../../Desktop/Workspace\libhal_bsp.a(alt_main.o)
                0x01018a48                alt_argc
                0x01018a4c                alt_argv
                0x01018a50                alt_envp
 .sbss          0x01018a54        0x8 ../../../../../Desktop/Workspace\libhal_bsp.a(alt_tick.o)
                0x01018a54                _alt_tick_rate
                0x01018a58                _alt_nticks
 .sbss          0x01018a5c       0x34 ../../../../../Desktop/Workspace\libhal_bsp.a(altera_up_sd_card_avalon_interface.o)
                0x01018a5c                initialized
                0x01018a60                is_sd_card_formated_as_FAT16
                0x01018a64                aux_status_register
                0x01018a68                status_register
                0x01018a6c                CSD_register_w0
                0x01018a70                command_register
                0x01018a74                command_argument_register
                0x01018a78                buffer_memory
                0x01018a7c                fat_partition_offset_in_512_byte_sectors
                0x01018a80                fat_partition_size_in_512_byte_sectors
                0x01018a84                device_pointer
                0x01018a88                current_sector_modified
                0x01018a8c                current_sector_index
 *(.sbss2 .sbss2.* .gnu.linkonce.sb2.*)
 *(.scommon)
                0x01018a90                PROVIDE (__sbss_end, ABSOLUTE (.))
                0x01018a90                PROVIDE (___sbss_end, ABSOLUTE (.))
 *(.dynbss)
 *(.bss .bss.* .gnu.linkonce.b.*)
 .bss           0x01018a90        0x0 ../../../../../Desktop/Workspace/obj/HAL/src/crt0.o
 .bss           0x01018a90        0x0 obj/default/DrawMain.o
 .bss           0x01018a90        0x0 obj/default/audio.o
 .bss           0x01018a90        0x0 obj/default/bitmap.o
 .bss           0x01018a90        0x0 obj/default/drawBg.o
 .bss           0x01018a90        0x0 obj/default/sdcard.o
 .bss           0x01018a90        0x0 obj/default/wk_io.o
 .bss           0x01018a90        0x0 obj/default/wk_kb.o
 .bss           0x01018a90        0x0 obj/default/wk_lcd.o
 .bss           0x01018a90        0x0 obj/default/wk_video.o
 .bss           0x01018a90        0x0 c:/altera/12.0sp2/nios2eds/bin/gnu/h-i686-mingw32/bin/../lib/gcc/nios2-elf/4.1.2/../../../../nios2-elf/lib\libc.a(lib_a-malloc.o)
 .bss           0x01018a90       0x28 c:/altera/12.0sp2/nios2eds/bin/gnu/h-i686-mingw32/bin/../lib/gcc/nios2-elf/4.1.2/../../../../nios2-elf/lib\libc.a(lib_a-mallocr.o)
                0x01018a90                __malloc_current_mallinfo
 .bss           0x01018ab8        0x0 c:/altera/12.0sp2/nios2eds/bin/gnu/h-i686-mingw32/bin/../lib/gcc/nios2-elf/4.1.2/../../../../nios2-elf/lib\libc.a(lib_a-memcpy.o)
 .bss           0x01018ab8        0x0 c:/altera/12.0sp2/nios2eds/bin/gnu/h-i686-mingw32/bin/../lib/gcc/nios2-elf/4.1.2/../../../../nios2-elf/lib\libc.a(lib_a-memset.o)
 .bss           0x01018ab8        0x0 c:/altera/12.0sp2/nios2eds/bin/gnu/h-i686-mingw32/bin/../lib/gcc/nios2-elf/4.1.2/../../../../nios2-elf/lib\libc.a(lib_a-printf.o)
 .bss           0x01018ab8        0x0 c:/altera/12.0sp2/nios2eds/bin/gnu/h-i686-mingw32/bin/../lib/gcc/nios2-elf/4.1.2/../../../../nios2-elf/lib\libc.a(lib_a-putchar.o)
 .bss           0x01018ab8        0x0 c:/altera/12.0sp2/nios2eds/bin/gnu/h-i686-mingw32/bin/../lib/gcc/nios2-elf/4.1.2/../../../../nios2-elf/lib\libc.a(lib_a-puts.o)
 .bss           0x01018ab8        0x0 c:/altera/12.0sp2/nios2eds/bin/gnu/h-i686-mingw32/bin/../lib/gcc/nios2-elf/4.1.2/../../../../nios2-elf/lib\libc.a(lib_a-rand.o)
 .bss           0x01018ab8        0x0 c:/altera/12.0sp2/nios2eds/bin/gnu/h-i686-mingw32/bin/../lib/gcc/nios2-elf/4.1.2/../../../../nios2-elf/lib\libc.a(lib_a-sbrkr.o)
 .bss           0x01018ab8        0x0 c:/altera/12.0sp2/nios2eds/bin/gnu/h-i686-mingw32/bin/../lib/gcc/nios2-elf/4.1.2/../../../../nios2-elf/lib\libc.a(lib_a-sprintf.o)
 .bss           0x01018ab8        0x0 c:/altera/12.0sp2/nios2eds/bin/gnu/h-i686-mingw32/bin/../lib/gcc/nios2-elf/4.1.2/../../../../nios2-elf/lib\libc.a(lib_a-strcat.o)
 .bss           0x01018ab8        0x0 c:/altera/12.0sp2/nios2eds/bin/gnu/h-i686-mingw32/bin/../lib/gcc/nios2-elf/4.1.2/../../../../nios2-elf/lib\libc.a(lib_a-strcpy.o)
 .bss           0x01018ab8        0x0 c:/altera/12.0sp2/nios2eds/bin/gnu/h-i686-mingw32/bin/../lib/gcc/nios2-elf/4.1.2/../../../../nios2-elf/lib\libc.a(lib_a-strlen.o)
 .bss           0x01018ab8        0x0 c:/altera/12.0sp2/nios2eds/bin/gnu/h-i686-mingw32/bin/../lib/gcc/nios2-elf/4.1.2/../../../../nios2-elf/lib\libc.a(lib_a-vfprintf.o)
 .bss           0x01018ab8        0x0 c:/altera/12.0sp2/nios2eds/bin/gnu/h-i686-mingw32/bin/../lib/gcc/nios2-elf/4.1.2/../../../../nios2-elf/lib\libc.a(lib_a-wsetup.o)
 .bss           0x01018ab8        0x0 c:/altera/12.0sp2/nios2eds/bin/gnu/h-i686-mingw32/bin/../lib/gcc/nios2-elf/4.1.2/../../../../nios2-elf/lib\libc.a(lib_a-dtoa.o)
 .bss           0x01018ab8        0x0 c:/altera/12.0sp2/nios2eds/bin/gnu/h-i686-mingw32/bin/../lib/gcc/nios2-elf/4.1.2/../../../../nios2-elf/lib\libc.a(lib_a-fflush.o)
 .bss           0x01018ab8        0x0 c:/altera/12.0sp2/nios2eds/bin/gnu/h-i686-mingw32/bin/../lib/gcc/nios2-elf/4.1.2/../../../../nios2-elf/lib\libc.a(lib_a-findfp.o)
 .bss           0x01018ab8        0x0 c:/altera/12.0sp2/nios2eds/bin/gnu/h-i686-mingw32/bin/../lib/gcc/nios2-elf/4.1.2/../../../../nios2-elf/lib\libc.a(lib_a-freer.o)
 .bss           0x01018ab8        0x0 c:/altera/12.0sp2/nios2eds/bin/gnu/h-i686-mingw32/bin/../lib/gcc/nios2-elf/4.1.2/../../../../nios2-elf/lib\libc.a(lib_a-fvwrite.o)
 .bss           0x01018ab8        0x0 c:/altera/12.0sp2/nios2eds/bin/gnu/h-i686-mingw32/bin/../lib/gcc/nios2-elf/4.1.2/../../../../nios2-elf/lib\libc.a(lib_a-fwalk.o)
 .bss           0x01018ab8        0x0 c:/altera/12.0sp2/nios2eds/bin/gnu/h-i686-mingw32/bin/../lib/gcc/nios2-elf/4.1.2/../../../../nios2-elf/lib\libc.a(lib_a-impure.o)
 .bss           0x01018ab8        0x0 c:/altera/12.0sp2/nios2eds/bin/gnu/h-i686-mingw32/bin/../lib/gcc/nios2-elf/4.1.2/../../../../nios2-elf/lib\libc.a(lib_a-int_errno.o)
 .bss           0x01018ab8        0x0 c:/altera/12.0sp2/nios2eds/bin/gnu/h-i686-mingw32/bin/../lib/gcc/nios2-elf/4.1.2/../../../../nios2-elf/lib\libc.a(lib_a-locale.o)
 .bss           0x01018ab8        0x0 c:/altera/12.0sp2/nios2eds/bin/gnu/h-i686-mingw32/bin/../lib/gcc/nios2-elf/4.1.2/../../../../nios2-elf/lib\libc.a(lib_a-makebuf.o)
 .bss           0x01018ab8        0x0 c:/altera/12.0sp2/nios2eds/bin/gnu/h-i686-mingw32/bin/../lib/gcc/nios2-elf/4.1.2/../../../../nios2-elf/lib\libc.a(lib_a-memchr.o)
 .bss           0x01018ab8        0x0 c:/altera/12.0sp2/nios2eds/bin/gnu/h-i686-mingw32/bin/../lib/gcc/nios2-elf/4.1.2/../../../../nios2-elf/lib\libc.a(lib_a-memmove.o)
 .bss           0x01018ab8        0x0 c:/altera/12.0sp2/nios2eds/bin/gnu/h-i686-mingw32/bin/../lib/gcc/nios2-elf/4.1.2/../../../../nios2-elf/lib\libc.a(lib_a-mprec.o)
 .bss           0x01018ab8        0x0 c:/altera/12.0sp2/nios2eds/bin/gnu/h-i686-mingw32/bin/../lib/gcc/nios2-elf/4.1.2/../../../../nios2-elf/lib\libc.a(lib_a-putc.o)
 .bss           0x01018ab8        0x0 c:/altera/12.0sp2/nios2eds/bin/gnu/h-i686-mingw32/bin/../lib/gcc/nios2-elf/4.1.2/../../../../nios2-elf/lib\libc.a(lib_a-reallocr.o)
 .bss           0x01018ab8        0x0 c:/altera/12.0sp2/nios2eds/bin/gnu/h-i686-mingw32/bin/../lib/gcc/nios2-elf/4.1.2/../../../../nios2-elf/lib\libc.a(lib_a-s_isinfd.o)
 .bss           0x01018ab8        0x0 c:/altera/12.0sp2/nios2eds/bin/gnu/h-i686-mingw32/bin/../lib/gcc/nios2-elf/4.1.2/../../../../nios2-elf/lib\libc.a(lib_a-s_isnand.o)
 .bss           0x01018ab8        0x0 c:/altera/12.0sp2/nios2eds/bin/gnu/h-i686-mingw32/bin/../lib/gcc/nios2-elf/4.1.2/../../../../nios2-elf/lib\libc.a(lib_a-stdio.o)
 .bss           0x01018ab8        0x0 c:/altera/12.0sp2/nios2eds/bin/gnu/h-i686-mingw32/bin/../lib/gcc/nios2-elf/4.1.2/../../../../nios2-elf/lib\libc.a(lib_a-strcmp.o)
 .bss           0x01018ab8        0x0 c:/altera/12.0sp2/nios2eds/bin/gnu/h-i686-mingw32/bin/../lib/gcc/nios2-elf/4.1.2/../../../../nios2-elf/lib\libc.a(lib_a-wbuf.o)
 .bss           0x01018ab8        0x0 c:/altera/12.0sp2/nios2eds/bin/gnu/h-i686-mingw32/bin/../lib/gcc/nios2-elf/4.1.2/../../../../nios2-elf/lib\libc.a(lib_a-writer.o)
 .bss           0x01018ab8        0x0 c:/altera/12.0sp2/nios2eds/bin/gnu/h-i686-mingw32/bin/../lib/gcc/nios2-elf/4.1.2/../../../../nios2-elf/lib\libc.a(lib_a-callocr.o)
 .bss           0x01018ab8        0x0 c:/altera/12.0sp2/nios2eds/bin/gnu/h-i686-mingw32/bin/../lib/gcc/nios2-elf/4.1.2/../../../../nios2-elf/lib\libc.a(lib_a-closer.o)
 .bss           0x01018ab8        0x0 c:/altera/12.0sp2/nios2eds/bin/gnu/h-i686-mingw32/bin/../lib/gcc/nios2-elf/4.1.2/../../../../nios2-elf/lib\libc.a(lib_a-fclose.o)
 .bss           0x01018ab8        0x0 c:/altera/12.0sp2/nios2eds/bin/gnu/h-i686-mingw32/bin/../lib/gcc/nios2-elf/4.1.2/../../../../nios2-elf/lib\libc.a(lib_a-fstatr.o)
 .bss           0x01018ab8        0x0 c:/altera/12.0sp2/nios2eds/bin/gnu/h-i686-mingw32/bin/../lib/gcc/nios2-elf/4.1.2/../../../../nios2-elf/lib\libc.a(lib_a-isattyr.o)
 .bss           0x01018ab8        0x0 c:/altera/12.0sp2/nios2eds/bin/gnu/h-i686-mingw32/bin/../lib/gcc/nios2-elf/4.1.2/../../../../nios2-elf/lib\libc.a(lib_a-lseekr.o)
 .bss           0x01018ab8        0x0 c:/altera/12.0sp2/nios2eds/bin/gnu/h-i686-mingw32/bin/../lib/gcc/nios2-elf/4.1.2/../../../../nios2-elf/lib\libc.a(lib_a-readr.o)
 .bss           0x01018ab8        0x0 c:/altera/12.0sp2/nios2eds/bin/gnu/h-i686-mingw32/bin/../lib/gcc/nios2-elf/4.1.2\libgcc.a(_muldi3.o)
 .bss           0x01018ab8        0x0 c:/altera/12.0sp2/nios2eds/bin/gnu/h-i686-mingw32/bin/../lib/gcc/nios2-elf/4.1.2\libgcc.a(_udivdi3.o)
 .bss           0x01018ab8        0x0 c:/altera/12.0sp2/nios2eds/bin/gnu/h-i686-mingw32/bin/../lib/gcc/nios2-elf/4.1.2\libgcc.a(_umoddi3.o)
 .bss           0x01018ab8        0x0 c:/altera/12.0sp2/nios2eds/bin/gnu/h-i686-mingw32/bin/../lib/gcc/nios2-elf/4.1.2\libgcc.a(_addsub_df.o)
 .bss           0x01018ab8        0x0 c:/altera/12.0sp2/nios2eds/bin/gnu/h-i686-mingw32/bin/../lib/gcc/nios2-elf/4.1.2\libgcc.a(_mul_df.o)
 .bss           0x01018ab8        0x0 c:/altera/12.0sp2/nios2eds/bin/gnu/h-i686-mingw32/bin/../lib/gcc/nios2-elf/4.1.2\libgcc.a(_div_df.o)
 .bss           0x01018ab8        0x0 c:/altera/12.0sp2/nios2eds/bin/gnu/h-i686-mingw32/bin/../lib/gcc/nios2-elf/4.1.2\libgcc.a(_eq_df.o)
 .bss           0x01018ab8        0x0 c:/altera/12.0sp2/nios2eds/bin/gnu/h-i686-mingw32/bin/../lib/gcc/nios2-elf/4.1.2\libgcc.a(_ne_df.o)
 .bss           0x01018ab8        0x0 c:/altera/12.0sp2/nios2eds/bin/gnu/h-i686-mingw32/bin/../lib/gcc/nios2-elf/4.1.2\libgcc.a(_gt_df.o)
 .bss           0x01018ab8        0x0 c:/altera/12.0sp2/nios2eds/bin/gnu/h-i686-mingw32/bin/../lib/gcc/nios2-elf/4.1.2\libgcc.a(_ge_df.o)
 .bss           0x01018ab8        0x0 c:/altera/12.0sp2/nios2eds/bin/gnu/h-i686-mingw32/bin/../lib/gcc/nios2-elf/4.1.2\libgcc.a(_lt_df.o)
 .bss           0x01018ab8        0x0 c:/altera/12.0sp2/nios2eds/bin/gnu/h-i686-mingw32/bin/../lib/gcc/nios2-elf/4.1.2\libgcc.a(_si_to_df.o)
 .bss           0x01018ab8        0x0 c:/altera/12.0sp2/nios2eds/bin/gnu/h-i686-mingw32/bin/../lib/gcc/nios2-elf/4.1.2\libgcc.a(_df_to_si.o)
 .bss           0x01018ab8        0x0 c:/altera/12.0sp2/nios2eds/bin/gnu/h-i686-mingw32/bin/../lib/gcc/nios2-elf/4.1.2\libgcc.a(_thenan_df.o)
 .bss           0x01018ab8        0x0 c:/altera/12.0sp2/nios2eds/bin/gnu/h-i686-mingw32/bin/../lib/gcc/nios2-elf/4.1.2\libgcc.a(_usi_to_df.o)
 .bss           0x01018ab8        0x0 c:/altera/12.0sp2/nios2eds/bin/gnu/h-i686-mingw32/bin/../lib/gcc/nios2-elf/4.1.2\libgcc.a(lib2-divmod.o)
 .bss           0x01018ab8        0x0 c:/altera/12.0sp2/nios2eds/bin/gnu/h-i686-mingw32/bin/../lib/gcc/nios2-elf/4.1.2\libgcc.a(_clz.o)
 .bss           0x01018ab8        0x0 c:/altera/12.0sp2/nios2eds/bin/gnu/h-i686-mingw32/bin/../lib/gcc/nios2-elf/4.1.2\libgcc.a(_clzsi2.o)
 .bss           0x01018ab8        0x0 c:/altera/12.0sp2/nios2eds/bin/gnu/h-i686-mingw32/bin/../lib/gcc/nios2-elf/4.1.2\libgcc.a(_pack_df.o)
 .bss           0x01018ab8        0x0 c:/altera/12.0sp2/nios2eds/bin/gnu/h-i686-mingw32/bin/../lib/gcc/nios2-elf/4.1.2\libgcc.a(_unpack_df.o)
 .bss           0x01018ab8        0x0 c:/altera/12.0sp2/nios2eds/bin/gnu/h-i686-mingw32/bin/../lib/gcc/nios2-elf/4.1.2\libgcc.a(_fpcmp_parts_df.o)
 .bss           0x01018ab8        0x0 ../../../../../Desktop/Workspace\libhal_bsp.a(alt_alarm_start.o)
 .bss           0x01018ab8        0x0 ../../../../../Desktop/Workspace\libhal_bsp.a(alt_close.o)
 .bss           0x01018ab8        0x0 ../../../../../Desktop/Workspace\libhal_bsp.a(alt_dev.o)
 .bss           0x01018ab8        0x0 ../../../../../Desktop/Workspace\libhal_bsp.a(alt_errno.o)
 .bss           0x01018ab8        0x0 ../../../../../Desktop/Workspace\libhal_bsp.a(alt_fstat.o)
 .bss           0x01018ab8        0x0 ../../../../../Desktop/Workspace\libhal_bsp.a(alt_irq_register.o)
 .bss           0x01018ab8        0x0 ../../../../../Desktop/Workspace\libhal_bsp.a(alt_irq_vars.o)
 .bss           0x01018ab8        0x0 ../../../../../Desktop/Workspace\libhal_bsp.a(alt_isatty.o)
 .bss           0x01018ab8        0x0 ../../../../../Desktop/Workspace\libhal_bsp.a(alt_load.o)
 .bss           0x01018ab8        0x0 ../../../../../Desktop/Workspace\libhal_bsp.a(alt_lseek.o)
 .bss           0x01018ab8        0x0 ../../../../../Desktop/Workspace\libhal_bsp.a(alt_main.o)
 .bss           0x01018ab8        0x0 ../../../../../Desktop/Workspace\libhal_bsp.a(alt_malloc_lock.o)
 .bss           0x01018ab8        0x0 ../../../../../Desktop/Workspace\libhal_bsp.a(alt_read.o)
 .bss           0x01018ab8        0x0 ../../../../../Desktop/Workspace\libhal_bsp.a(alt_release_fd.o)
 .bss           0x01018ab8        0x0 ../../../../../Desktop/Workspace\libhal_bsp.a(alt_sbrk.o)
 .bss           0x01018ab8        0x0 ../../../../../Desktop/Workspace\libhal_bsp.a(alt_tick.o)
 .bss           0x01018ab8        0x0 ../../../../../Desktop/Workspace\libhal_bsp.a(alt_write.o)
 .bss           0x01018ab8        0x0 ../../../../../Desktop/Workspace\libhal_bsp.a(alt_sys_init.o)
 .bss           0x01018ab8        0x0 ../../../../../Desktop/Workspace\libhal_bsp.a(altera_avalon_jtag_uart_fd.o)
 .bss           0x01018ab8        0x0 ../../../../../Desktop/Workspace\libhal_bsp.a(altera_avalon_jtag_uart_init.o)
 .bss           0x01018ab8        0x0 ../../../../../Desktop/Workspace\libhal_bsp.a(altera_avalon_jtag_uart_ioctl.o)
 .bss           0x01018ab8        0x0 ../../../../../Desktop/Workspace\libhal_bsp.a(altera_avalon_jtag_uart_read.o)
 .bss           0x01018ab8        0x0 ../../../../../Desktop/Workspace\libhal_bsp.a(altera_avalon_jtag_uart_write.o)
 .bss           0x01018ab8        0x0 ../../../../../Desktop/Workspace\libhal_bsp.a(altera_avalon_timer_sc.o)
 .bss           0x01018ab8        0x0 ../../../../../Desktop/Workspace\libhal_bsp.a(altera_up_avalon_audio.o)
 .bss           0x01018ab8        0x0 ../../../../../Desktop/Workspace\libhal_bsp.a(altera_up_avalon_audio_and_video_config.o)
 .bss           0x01018ab8        0x0 ../../../../../Desktop/Workspace\libhal_bsp.a(altera_up_avalon_character_lcd.o)
 .bss           0x01018ab8        0x0 ../../../../../Desktop/Workspace\libhal_bsp.a(altera_up_avalon_ps2.o)
 .bss           0x01018ab8        0x0 ../../../../../Desktop/Workspace\libhal_bsp.a(altera_up_avalon_video_character_buffer_with_dma.o)
 .bss           0x01018ab8        0x0 ../../../../../Desktop/Workspace\libhal_bsp.a(altera_up_avalon_video_pixel_buffer_dma.o)
 .bss           0x01018ab8        0x0 ../../../../../Desktop/Workspace\libhal_bsp.a(altera_up_ps2_keyboard.o)
 .bss           0x01018ab8        0x0 ../../../../../Desktop/Workspace\libhal_bsp.a(altera_up_sd_card_avalon_interface.o)
 .bss           0x01018ab8        0x0 ../../../../../Desktop/Workspace\libhal_bsp.a(alt_dcache_flush_all.o)
 .bss           0x01018ab8        0x0 ../../../../../Desktop/Workspace\libhal_bsp.a(alt_dev_llist_insert.o)
 .bss           0x01018ab8        0x0 ../../../../../Desktop/Workspace\libhal_bsp.a(alt_do_ctors.o)
 .bss           0x01018ab8        0x0 ../../../../../Desktop/Workspace\libhal_bsp.a(alt_do_dtors.o)
 .bss           0x01018ab8        0x0 ../../../../../Desktop/Workspace\libhal_bsp.a(alt_find_dev.o)
 .bss           0x01018ab8        0x0 ../../../../../Desktop/Workspace\libhal_bsp.a(alt_icache_flush_all.o)
 .bss           0x01018ab8        0x0 ../../../../../Desktop/Workspace\libhal_bsp.a(alt_io_redirect.o)
 .bss           0x01018ab8        0x0 ../../../../../Desktop/Workspace\libhal_bsp.a(alt_irq_entry.o)
 .bss           0x01018ab8        0x0 ../../../../../Desktop/Workspace\libhal_bsp.a(alt_irq_handler.o)
 .bss           0x01018ab8        0x0 ../../../../../Desktop/Workspace\libhal_bsp.a(alt_open.o)
 .bss           0x01018ab8        0x0 ../../../../../Desktop/Workspace\libhal_bsp.a(altera_nios2_qsys_irq.o)
 .bss           0x01018ab8        0x0 ../../../../../Desktop/Workspace\libhal_bsp.a(alt_exception_entry.o)
 .bss           0x01018ab8        0x0 ../../../../../Desktop/Workspace\libhal_bsp.a(alt_find_file.o)
 .bss           0x01018ab8        0x0 ../../../../../Desktop/Workspace\libhal_bsp.a(alt_get_fd.o)
 .bss           0x01018ab8        0x0 ../../../../../Desktop/Workspace\libhal_bsp.a(alt_icache_flush.o)
 .bss           0x01018ab8        0x0 c:/altera/12.0sp2/nios2eds/bin/gnu/h-i686-mingw32/bin/../lib/gcc/nios2-elf/4.1.2/../../../../nios2-elf/lib\libc.a(lib_a-atexit.o)
 .bss           0x01018ab8        0x0 c:/altera/12.0sp2/nios2eds/bin/gnu/h-i686-mingw32/bin/../lib/gcc/nios2-elf/4.1.2/../../../../nios2-elf/lib\libc.a(lib_a-exit.o)
 .bss           0x01018ab8        0x0 c:/altera/12.0sp2/nios2eds/bin/gnu/h-i686-mingw32/bin/../lib/gcc/nios2-elf/4.1.2/../../../../nios2-elf/lib\libc.a(lib_a-memcmp.o)
 .bss           0x01018ab8        0x0 c:/altera/12.0sp2/nios2eds/bin/gnu/h-i686-mingw32/bin/../lib/gcc/nios2-elf/4.1.2/../../../../nios2-elf/lib\libc.a(lib_a-__atexit.o)
 .bss           0x01018ab8        0x0 c:/altera/12.0sp2/nios2eds/bin/gnu/h-i686-mingw32/bin/../lib/gcc/nios2-elf/4.1.2/../../../../nios2-elf/lib\libc.a(lib_a-__call_atexit.o)
 .bss           0x01018ab8        0x0 ../../../../../Desktop/Workspace\libhal_bsp.a(alt_exit.o)
 *(COMMON)
 COMMON         0x01018ab8       0x20 obj/default/DrawMain.o
                0x01018ab8                Hex
 COMMON         0x01018ad8      0x568 ../../../../../Desktop/Workspace\libhal_bsp.a(altera_up_sd_card_avalon_interface.o)
                0x01018ad8                search_data
                0x01018aec                boot_sector_data
                0x01018b40                active_files
 COMMON         0x01019040      0x100 ../../../../../Desktop/Workspace\libhal_bsp.a(alt_irq_handler.o)
                0x01019040                alt_irq
 COMMON         0x01019140      0x190 c:/altera/12.0sp2/nios2eds/bin/gnu/h-i686-mingw32/bin/../lib/gcc/nios2-elf/4.1.2/../../../../nios2-elf/lib\libc.a(lib_a-atexit.o)
                0x01019140                _atexit0
                0x010192d0                . = ALIGN (0x4)
                0x010192d0                __bss_end = ABSOLUTE (.)

.sdram          0x010192d0        0x0
                0x010192d0                PROVIDE (_alt_partition_sdram_start, ABSOLUTE (.))
 *(.sdram. sdram.*)
                0x010192d0                . = ALIGN (0x4)
                0x010192d0                PROVIDE (_alt_partition_sdram_end, ABSOLUTE (.))
                0x010192d0                _end = ABSOLUTE (.)
                0x010192d0                end = ABSOLUTE (.)
                0x010192d0                __alt_stack_base = ABSOLUTE (.)
                0x010192d0                PROVIDE (_alt_partition_sdram_load_addr, LOADADDR (.sdram))

.stab
 *(.stab)

.stabstr
 *(.stabstr)

.stab.excl
 *(.stab.excl)

.stab.exclstr
 *(.stab.exclstr)

.stab.index
 *(.stab.index)

.stab.indexstr
 *(.stab.indexstr)

.comment        0x00000000       0x26
 *(.comment)
 .comment       0x00000000       0x26 obj/default/DrawMain.o
                                 0x27 (size before relaxing)
 .comment       0x00000000       0x27 obj/default/audio.o
 .comment       0x00000000       0x27 obj/default/bitmap.o
 .comment       0x00000000       0x27 obj/default/drawBg.o
 .comment       0x00000000       0x27 obj/default/sdcard.o
 .comment       0x00000000       0x27 obj/default/wk_io.o
 .comment       0x00000000       0x27 obj/default/wk_kb.o
 .comment       0x00000000       0x27 obj/default/wk_lcd.o
 .comment       0x00000000       0x27 obj/default/wk_video.o
 .comment       0x00000000       0x27 c:/altera/12.0sp2/nios2eds/bin/gnu/h-i686-mingw32/bin/../lib/gcc/nios2-elf/4.1.2/../../../../nios2-elf/lib\libc.a(lib_a-malloc.o)
 .comment       0x00000000       0x27 c:/altera/12.0sp2/nios2eds/bin/gnu/h-i686-mingw32/bin/../lib/gcc/nios2-elf/4.1.2/../../../../nios2-elf/lib\libc.a(lib_a-mallocr.o)
 .comment       0x00000000       0x27 c:/altera/12.0sp2/nios2eds/bin/gnu/h-i686-mingw32/bin/../lib/gcc/nios2-elf/4.1.2/../../../../nios2-elf/lib\libc.a(lib_a-memcpy.o)
 .comment       0x00000000       0x27 c:/altera/12.0sp2/nios2eds/bin/gnu/h-i686-mingw32/bin/../lib/gcc/nios2-elf/4.1.2/../../../../nios2-elf/lib\libc.a(lib_a-memset.o)
 .comment       0x00000000       0x27 c:/altera/12.0sp2/nios2eds/bin/gnu/h-i686-mingw32/bin/../lib/gcc/nios2-elf/4.1.2/../../../../nios2-elf/lib\libc.a(lib_a-printf.o)
 .comment       0x00000000       0x27 c:/altera/12.0sp2/nios2eds/bin/gnu/h-i686-mingw32/bin/../lib/gcc/nios2-elf/4.1.2/../../../../nios2-elf/lib\libc.a(lib_a-putchar.o)
 .comment       0x00000000       0x27 c:/altera/12.0sp2/nios2eds/bin/gnu/h-i686-mingw32/bin/../lib/gcc/nios2-elf/4.1.2/../../../../nios2-elf/lib\libc.a(lib_a-puts.o)
 .comment       0x00000000       0x27 c:/altera/12.0sp2/nios2eds/bin/gnu/h-i686-mingw32/bin/../lib/gcc/nios2-elf/4.1.2/../../../../nios2-elf/lib\libc.a(lib_a-rand.o)
 .comment       0x00000000       0x27 c:/altera/12.0sp2/nios2eds/bin/gnu/h-i686-mingw32/bin/../lib/gcc/nios2-elf/4.1.2/../../../../nios2-elf/lib\libc.a(lib_a-sbrkr.o)
 .comment       0x00000000       0x27 c:/altera/12.0sp2/nios2eds/bin/gnu/h-i686-mingw32/bin/../lib/gcc/nios2-elf/4.1.2/../../../../nios2-elf/lib\libc.a(lib_a-sprintf.o)
 .comment       0x00000000       0x27 c:/altera/12.0sp2/nios2eds/bin/gnu/h-i686-mingw32/bin/../lib/gcc/nios2-elf/4.1.2/../../../../nios2-elf/lib\libc.a(lib_a-strcat.o)
 .comment       0x00000000       0x27 c:/altera/12.0sp2/nios2eds/bin/gnu/h-i686-mingw32/bin/../lib/gcc/nios2-elf/4.1.2/../../../../nios2-elf/lib\libc.a(lib_a-strcpy.o)
 .comment       0x00000000       0x27 c:/altera/12.0sp2/nios2eds/bin/gnu/h-i686-mingw32/bin/../lib/gcc/nios2-elf/4.1.2/../../../../nios2-elf/lib\libc.a(lib_a-strlen.o)
 .comment       0x00000000       0x27 c:/altera/12.0sp2/nios2eds/bin/gnu/h-i686-mingw32/bin/../lib/gcc/nios2-elf/4.1.2/../../../../nios2-elf/lib\libc.a(lib_a-vfprintf.o)
 .comment       0x00000000       0x27 c:/altera/12.0sp2/nios2eds/bin/gnu/h-i686-mingw32/bin/../lib/gcc/nios2-elf/4.1.2/../../../../nios2-elf/lib\libc.a(lib_a-wsetup.o)
 .comment       0x00000000       0x27 c:/altera/12.0sp2/nios2eds/bin/gnu/h-i686-mingw32/bin/../lib/gcc/nios2-elf/4.1.2/../../../../nios2-elf/lib\libc.a(lib_a-dtoa.o)
 .comment       0x00000000       0x27 c:/altera/12.0sp2/nios2eds/bin/gnu/h-i686-mingw32/bin/../lib/gcc/nios2-elf/4.1.2/../../../../nios2-elf/lib\libc.a(lib_a-fflush.o)
 .comment       0x00000000       0x27 c:/altera/12.0sp2/nios2eds/bin/gnu/h-i686-mingw32/bin/../lib/gcc/nios2-elf/4.1.2/../../../../nios2-elf/lib\libc.a(lib_a-findfp.o)
 .comment       0x00000000       0x27 c:/altera/12.0sp2/nios2eds/bin/gnu/h-i686-mingw32/bin/../lib/gcc/nios2-elf/4.1.2/../../../../nios2-elf/lib\libc.a(lib_a-freer.o)
 .comment       0x00000000       0x27 c:/altera/12.0sp2/nios2eds/bin/gnu/h-i686-mingw32/bin/../lib/gcc/nios2-elf/4.1.2/../../../../nios2-elf/lib\libc.a(lib_a-fvwrite.o)
 .comment       0x00000000       0x27 c:/altera/12.0sp2/nios2eds/bin/gnu/h-i686-mingw32/bin/../lib/gcc/nios2-elf/4.1.2/../../../../nios2-elf/lib\libc.a(lib_a-fwalk.o)
 .comment       0x00000000       0x27 c:/altera/12.0sp2/nios2eds/bin/gnu/h-i686-mingw32/bin/../lib/gcc/nios2-elf/4.1.2/../../../../nios2-elf/lib\libc.a(lib_a-impure.o)