Archive member included because of file (symbol)

c:/altera/12.0sp2/nios2eds/bin/gnu/h-i686-mingw32/bin/../lib/gcc/nios2-elf/4.1.2/../../../../nios2-elf/lib\libc.a(lib_a-malloc.o)
                              obj/default/bitmap.o (free)
c:/altera/12.0sp2/nios2eds/bin/gnu/h-i686-mingw32/bin/../lib/gcc/nios2-elf/4.1.2/../../../../nios2-elf/lib\libc.a(lib_a-mallocr.o)
                              c:/altera/12.0sp2/nios2eds/bin/gnu/h-i686-mingw32/bin/../lib/gcc/nios2-elf/4.1.2/../../../../nios2-elf/lib\libc.a(lib_a-malloc.o) (_malloc_r)
c:/altera/12.0sp2/nios2eds/bin/gnu/h-i686-mingw32/bin/../lib/gcc/nios2-elf/4.1.2/../../../../nios2-elf/lib\libc.a(lib_a-memcpy.o)
                              obj/default/wk_lcd.o (memcpy)
c:/altera/12.0sp2/nios2eds/bin/gnu/h-i686-mingw32/bin/../lib/gcc/nios2-elf/4.1.2/../../../../nios2-elf/lib\libc.a(lib_a-memset.o)
                              obj/default/DrawMain.o (memset)
c:/altera/12.0sp2/nios2eds/bin/gnu/h-i686-mingw32/bin/../lib/gcc/nios2-elf/4.1.2/../../../../nios2-elf/lib\libc.a(lib_a-printf.o)
                              obj/default/DrawMain.o (printf)
c:/altera/12.0sp2/nios2eds/bin/gnu/h-i686-mingw32/bin/../lib/gcc/nios2-elf/4.1.2/../../../../nios2-elf/lib\libc.a(lib_a-putchar.o)
                              obj/default/sdcard.o (putchar)
c:/altera/12.0sp2/nios2eds/bin/gnu/h-i686-mingw32/bin/../lib/gcc/nios2-elf/4.1.2/../../../../nios2-elf/lib\libc.a(lib_a-puts.o)
                              obj/default/DrawMain.o (puts)
c:/altera/12.0sp2/nios2eds/bin/gnu/h-i686-mingw32/bin/../lib/gcc/nios2-elf/4.1.2/../../../../nios2-elf/lib\libc.a(lib_a-rand.o)
                              obj/default/DrawMain.o (srand)
c:/altera/12.0sp2/nios2eds/bin/gnu/h-i686-mingw32/bin/../lib/gcc/nios2-elf/4.1.2/../../../../nios2-elf/lib\libc.a(lib_a-sbrkr.o)
                              c:/altera/12.0sp2/nios2eds/bin/gnu/h-i686-mingw32/bin/../lib/gcc/nios2-elf/4.1.2/../../../../nios2-elf/lib\libc.a(lib_a-mallocr.o) (_sbrk_r)
c:/altera/12.0sp2/nios2eds/bin/gnu/h-i686-mingw32/bin/../lib/gcc/nios2-elf/4.1.2/../../../../nios2-elf/lib\libc.a(lib_a-sprintf.o)
                              obj/default/DrawMain.o (sprintf)
c:/altera/12.0sp2/nios2eds/bin/gnu/h-i686-mingw32/bin/../lib/gcc/nios2-elf/4.1.2/../../../../nios2-elf/lib\libc.a(lib_a-strcat.o)
                              obj/default/DrawMain.o (strcat)
c:/altera/12.0sp2/nios2eds/bin/gnu/h-i686-mingw32/bin/../lib/gcc/nios2-elf/4.1.2/../../../../nios2-elf/lib\libc.a(lib_a-strcpy.o)
                              obj/default/wk_lcd.o (strcpy)
c:/altera/12.0sp2/nios2eds/bin/gnu/h-i686-mingw32/bin/../lib/gcc/nios2-elf/4.1.2/../../../../nios2-elf/lib\libc.a(lib_a-strlen.o)
                              obj/default/DrawMain.o (strlen)
c:/altera/12.0sp2/nios2eds/bin/gnu/h-i686-mingw32/bin/../lib/gcc/nios2-elf/4.1.2/../../../../nios2-elf/lib\libc.a(lib_a-vfprintf.o)
                              c:/altera/12.0sp2/nios2eds/bin/gnu/h-i686-mingw32/bin/../lib/gcc/nios2-elf/4.1.2/../../../../nios2-elf/lib\libc.a(lib_a-printf.o) (___vfprintf_internal_r)
c:/altera/12.0sp2/nios2eds/bin/gnu/h-i686-mingw32/bin/../lib/gcc/nios2-elf/4.1.2/../../../../nios2-elf/lib\libc.a(lib_a-wsetup.o)
                              c:/altera/12.0sp2/nios2eds/bin/gnu/h-i686-mingw32/bin/../lib/gcc/nios2-elf/4.1.2/../../../../nios2-elf/lib\libc.a(lib_a-vfprintf.o) (__swsetup_r)
c:/altera/12.0sp2/nios2eds/bin/gnu/h-i686-mingw32/bin/../lib/gcc/nios2-elf/4.1.2/../../../../nios2-elf/lib\libc.a(lib_a-dtoa.o)
                              c:/altera/12.0sp2/nios2eds/bin/gnu/h-i686-mingw32/bin/../lib/gcc/nios2-elf/4.1.2/../../../../nios2-elf/lib\libc.a(lib_a-vfprintf.o) (_dtoa_r)
c:/altera/12.0sp2/nios2eds/bin/gnu/h-i686-mingw32/bin/../lib/gcc/nios2-elf/4.1.2/../../../../nios2-elf/lib\libc.a(lib_a-fflush.o)
                              c:/altera/12.0sp2/nios2eds/bin/gnu/h-i686-mingw32/bin/../lib/gcc/nios2-elf/4.1.2/../../../../nios2-elf/lib\libc.a(lib_a-vfprintf.o) (_fflush_r)
c:/altera/12.0sp2/nios2eds/bin/gnu/h-i686-mingw32/bin/../lib/gcc/nios2-elf/4.1.2/../../../../nios2-elf/lib\libc.a(lib_a-findfp.o)
                              c:/altera/12.0sp2/nios2eds/bin/gnu/h-i686-mingw32/bin/../lib/gcc/nios2-elf/4.1.2/../../../../nios2-elf/lib\libc.a(lib_a-vfprintf.o) (__sinit)
c:/altera/12.0sp2/nios2eds/bin/gnu/h-i686-mingw32/bin/../lib/gcc/nios2-elf/4.1.2/../../../../nios2-elf/lib\libc.a(lib_a-freer.o)
                              c:/altera/12.0sp2/nios2eds/bin/gnu/h-i686-mingw32/bin/../lib/gcc/nios2-elf/4.1.2/../../../../nios2-elf/lib\libc.a(lib_a-malloc.o) (_free_r)
c:/altera/12.0sp2/nios2eds/bin/gnu/h-i686-mingw32/bin/../lib/gcc/nios2-elf/4.1.2/../../../../nios2-elf/lib\libc.a(lib_a-fvwrite.o)
                              c:/altera/12.0sp2/nios2eds/bin/gnu/h-i686-mingw32/bin/../lib/gcc/nios2-elf/4.1.2/../../../../nios2-elf/lib\libc.a(lib_a-puts.o) (__sfvwrite_r)
[...]
Memory Configuration

Name             Origin             Length             Attributes
reset            0x01000000         0x00000020
sdram            0x01000020         0x007fffe0
*default*        0x00000000         0xffffffff

Linker script and memory map

LOAD ../../../../../Desktop/Workspace/obj/HAL/src/crt0.o
LOAD obj/default/DrawMain.o
LOAD obj/default/audio.o
LOAD obj/default/bitmap.o
LOAD obj/default/drawBg.o
LOAD obj/default/sdcard.o
LOAD obj/default/wk_io.o
LOAD obj/default/wk_kb.o
LOAD obj/default/wk_lcd.o
LOAD obj/default/wk_video.o
LOAD c:/altera/12.0sp2/nios2eds/bin/gnu/h-i686-mingw32/bin/../lib/gcc/nios2-elf/4.1.2/../../../../nios2-elf/lib\libstdc++.a
LOAD c:/altera/12.0sp2/nios2eds/bin/gnu/h-i686-mingw32/bin/../lib/gcc/nios2-elf/4.1.2/../../../../nios2-elf/lib\libm.a
LOAD c:/altera/12.0sp2/nios2eds/bin/gnu/h-i686-mingw32/bin/../lib/gcc/nios2-elf/4.1.2\libgcc.a
START GROUP
LOAD c:/altera/12.0sp2/nios2eds/bin/gnu/h-i686-mingw32/bin/../lib/gcc/nios2-elf/4.1.2/../../../../nios2-elf/lib\libc.a
LOAD c:/altera/12.0sp2/nios2eds/bin/gnu/h-i686-mingw32/bin/../lib/gcc/nios2-elf/4.1.2\libgcc.a
LOAD ../../../../../Desktop/Workspace\libhal_bsp.a
END GROUP
LOAD c:/altera/12.0sp2/nios2eds/bin/gnu/h-i686-mingw32/bin/../lib/gcc/nios2-elf/4.1.2\libgcc.a
                0x01000000                __alt_mem_sdram = 0x1000000

.entry          0x01000000       0x20
 *(.entry)
 .entry         0x01000000       0x20 ../../../../../Desktop/Workspace/obj/HAL/src/crt0.o
                0x01000000                __reset

.exceptions     0x01000020      0x164
                0x01000020                PROVIDE (__ram_exceptions_start, ABSOLUTE (.))
                0x01000020                . = ALIGN (0x20)
 *(.irq)
 *(.exceptions.entry.label)
 .exceptions.entry.label
                0x01000020        0x0 ../../../../../Desktop/Workspace\libhal_bsp.a(alt_irq_entry.o)
                0x01000020                alt_irq_entry
 .exceptions.entry.label
                0x01000020        0x0 ../../../../../Desktop/Workspace\libhal_bsp.a(alt_exception_entry.o)
                0x01000020                alt_exception
 *(.exceptions.entry.user)
 *(.exceptions.entry)
 .exceptions.entry
                0x01000020       0x54 ../../../../../Desktop/Workspace\libhal_bsp.a(alt_exception_entry.o)
 *(.exceptions.irqtest.user)
 *(.exceptions.irqtest)
 .exceptions.irqtest
                0x01000074       0x10 ../../../../../Desktop/Workspace\libhal_bsp.a(alt_irq_entry.o)
 *(.exceptions.irqhandler.user)
 *(.exceptions.irqhandler)
 .exceptions.irqhandler
                0x01000084        0x4 ../../../../../Desktop/Workspace\libhal_bsp.a(alt_irq_entry.o)
 *(.exceptions.irqreturn.user)
 *(.exceptions.irqreturn)
 .exceptions.irqreturn
                0x01000088        0x4 ../../../../../Desktop/Workspace\libhal_bsp.a(alt_irq_entry.o)
 *(.exceptions.notirq.label)
 .exceptions.notirq.label
                0x0100008c        0x0 ../../../../../Desktop/Workspace\libhal_bsp.a(alt_irq_entry.o)
 *(.exceptions.notirq.user)
 *(.exceptions.notirq)
 .exceptions.notirq
                0x0100008c        0x8 ../../../../../Desktop/Workspace\libhal_bsp.a(alt_exception_entry.o)
 *(.exceptions.soft.user)
 *(.exceptions.soft)
 *(.exceptions.unknown.user)
 *(.exceptions.unknown)
 .exceptions.unknown
                0x01000094        0x4 ../../../../../Desktop/Workspace\libhal_bsp.a(alt_exception_entry.o)
 *(.exceptions.exit.label)
 .exceptions.exit.label
                0x01000098        0x0 ../../../../../Desktop/Workspace\libhal_bsp.a(alt_irq_entry.o)
 .exceptions.exit.label
                0x01000098        0x0 ../../../../../Desktop/Workspace\libhal_bsp.a(alt_exception_entry.o)
 *(.exceptions.exit.user)
 *(.exceptions.exit)
 .exceptions.exit
                0x01000098       0x54 ../../../../../Desktop/Workspace\libhal_bsp.a(alt_exception_entry.o)
 *(.exceptions)
 .exceptions    0x010000ec       0x98 ../../../../../Desktop/Workspace\libhal_bsp.a(alt_irq_handler.o)
                0x010000ec                alt_irq_handler
                0x01000184                PROVIDE (__ram_exceptions_end, ABSOLUTE (.))
                0x01000020                PROVIDE (__flash_exceptions_start, LOADADDR (.exceptions))

.text           0x01000184    0x13ff8
                0x01000184                PROVIDE (stext, ABSOLUTE (.))
 *(.interp)
 *(.hash)
 *(.dynsym)
 *(.dynstr)
 *(.gnu.version)
 *(.gnu.version_d)
 *(.gnu.version_r)
 *(.rel.init)
 *(.rela.init)
 *(.rel.text .rel.text.* .rel.gnu.linkonce.t.*)
 *(.rela.text .rela.text.* .rela.gnu.linkonce.t.*)
 *(.rel.fini)
 *(.rela.fini)
 *(.rel.rodata .rel.rodata.* .rel.gnu.linkonce.r.*)
 *(.rela.rodata .rela.rodata.* .rela.gnu.linkonce.r.*)
 *(.rel.data .rel.data.* .rel.gnu.linkonce.d.*)
 *(.rela.data .rela.data.* .rela.gnu.linkonce.d.*)
 *(.rel.tdata .rel.tdata.* .rel.gnu.linkonce.td.*)
 *(.rela.tdata .rela.tdata.* .rela.gnu.linkonce.td.*)
 *(.rel.tbss .rel.tbss.* .rel.gnu.linkonce.tb.*)
 *(.rela.tbss .rela.tbss.* .rela.gnu.linkonce.tb.*)
 *(.rel.ctors)
 *(.rela.ctors)
 *(.rel.dtors)
 *(.rela.dtors)
 *(.rel.got)
 *(.rela.got)
 *(.rel.sdata .rel.sdata.* .rel.gnu.linkonce.s.*)
 *(.rela.sdata .rela.sdata.* .rela.gnu.linkonce.s.*)
 *(.rel.sbss .rel.sbss.* .rel.gnu.linkonce.sb.*)
 *(.rela.sbss .rela.sbss.* .rela.gnu.linkonce.sb.*)
 *(.rel.sdata2 .rel.sdata2.* .rel.gnu.linkonce.s2.*)
 *(.rela.sdata2 .rela.sdata2.* .rela.gnu.linkonce.s2.*)
 *(.rel.sbss2 .rel.sbss2.* .rel.gnu.linkonce.sb2.*)
 *(.rela.sbss2 .rela.sbss2.* .rela.gnu.linkonce.sb2.*)
 *(.rel.bss .rel.bss.* .rel.gnu.linkonce.b.*)
 *(.rela.bss .rela.bss.* .rela.gnu.linkonce.b.*)
 *(.rel.plt)
 *(.rela.plt)
 *(.rel.dyn)
 *(.init)
 *(.plt)
 *(.text .stub .text.* .gnu.linkonce.t.*)
 .text          0x01000184       0x4c ../../../../../Desktop/Workspace/obj/HAL/src/crt0.o
                0x01000184                _start
 .text          0x010001d0     0x14d8 obj/default/DrawMain.o
                0x010001d0                draw
                0x010001f8                key_hit
                0x0100022c                save_score
                0x01000310                display_score
                0x010004cc                main
 .text          0x010016a8      0x284 obj/default/audio.o
                0x010016a8                av_config_setup
                0x010016ec                play_sound
                0x01001740                audio_isr
                0x010017f8                read_audio_file
 .text          0x0100192c      0x708 obj/default/bitmap.o
                0x0100192c                bitmap_getBmp
                0x01001b5c                bitmap_to16bit
                0x01001c9c                bitmap_drawToScr
                0x01001e10                scrolling_bgDrawToScr
                0x01001fa0                bitmap_makeScrolling
 .text          0x01002034     0x1230 obj/default/drawBg.o
                0x01002034                drawBg
                0x010020bc                drawSprite
                0x01002344                makeNPC
                0x01002540                bitmap_drawNPCs
                0x01002718                drawNPCs
                0x01002d04                draw_health
                0x01002e14                drawMenuBg
                0x01002f08                drawMenu
                0x01003000                npc_shoot
                0x01003108                player_shoot
                0x010031f4                printGameOver
 .text          0x01003264      0x514 obj/default/sdcard.o
                0x01003264                sdcard_init
                0x0100329c                sdcard_present
                0x010032d0                sdcard_FAT16
                0x01003304                sdcard_get_first_file
                0x01003344                sdcard_get_next_file
                0x0100337c                sdcard_list
                0x01003408                sdcard_fopen
                0x01003448                sdcard_readbyte
                0x01003480                sdcard_filesize
                0x010034e4                sdcard_readfile
                0x01003564                sdcard_printarray
                0x010035f4                sdcard_writefile
                0x01003684                sdcard_fattributes
                0x010036bc                sdcard_fclose
                0x010036ec                sdcard_audiosize
 .text          0x01003778      0x5b4 obj/default/wk_io.o
                0x01003778                initHex
                0x01003820                hexPrintNum
                0x01003cc8                clrHex
 .text          0x01003d2c      0x4f4 obj/default/wk_kb.o
                0x01003d2c                initKb
                0x01003f34                getchKb
                0x0100406c                readFromKb
 .text          0x01004220      0x2bc obj/default/wk_lcd.o
                0x01004220                lcdInit
                0x010042a4                lcdPrint
                0x0100436c                lcdLineSet
                0x0100445c                lcdClrScr
 .text          0x010044dc      0x450 obj/default/wk_video.o
                0x010044dc                charInit
                0x0100451c                pixelInit
                0x01004584                clrScr
                0x010045c4                fillScr
                0x0100461c                drawLine
                0x010046e4                drawBox
                0x01004780                drawPoly
                0x01004878                swapBuffer
                0x010048b8                mkColor
 .text          0x0100492c       0x28 c:/altera/12.0sp2/nios2eds/bin/gnu/h-i686-mingw32/bin/../lib/gcc/nios2-elf/4.1.2/../../../../nios2-elf/lib\libc.a(lib_a-malloc.o)
                0x0100492c                free
                0x01004940                malloc
 .text          0x01004954      0x740 c:/altera/12.0sp2/nios2eds/bin/gnu/h-i686-mingw32/bin/../lib/gcc/nios2-elf/4.1.2/../../../../nios2-elf/lib\libc.a(lib_a-mallocr.o)
                0x01004954                _malloc_r
 .text          0x01005094       0xa0 c:/altera/12.0sp2/nios2eds/bin/gnu/h-i686-mingw32/bin/../lib/gcc/nios2-elf/4.1.2/../../../../nios2-elf/lib\libc.a(lib_a-memcpy.o)
                0x01005094                memcpy
 .text          0x01005134       0x98 c:/altera/12.0sp2/nios2eds/bin/gnu/h-i686-mingw32/bin/../lib/gcc/nios2-elf/4.1.2/../../../../nios2-elf/lib\libc.a(lib_a-memset.o)
                0x01005134                memset
 .text          0x010051cc       0x78 c:/altera/12.0sp2/nios2eds/bin/gnu/h-i686-mingw32/bin/../lib/gcc/nios2-elf/4.1.2/../../../../nios2-elf/lib\libc.a(lib_a-printf.o)
                0x010051cc                printf
                0x01005210                _printf_r
 .text          0x01005244       0x24 c:/altera/12.0sp2/nios2eds/bin/gnu/h-i686-mingw32/bin/../lib/gcc/nios2-elf/4.1.2/../../../../nios2-elf/lib\libc.a(lib_a-putchar.o)
                0x01005244                putchar
                0x01005260                _putchar_r
 .text          0x01005268       0xb4 c:/altera/12.0sp2/nios2eds/bin/gnu/h-i686-mingw32/bin/../lib/gcc/nios2-elf/4.1.2/../../../../nios2-elf/lib\libc.a(lib_a-puts.o)
                0x01005268                _puts_r
                0x01005308                puts
 .text          0x0100531c       0x94 c:/altera/12.0sp2/nios2eds/bin/gnu/h-i686-mingw32/bin/../lib/gcc/nios2-elf/4.1.2/../../../../nios2-elf/lib\libc.a(lib_a-rand.o)
                0x0100531c                srand
                0x01005338                rand
 .text          0x010053b0       0x70 c:/altera/12.0sp2/nios2eds/bin/gnu/h-i686-mingw32/bin/../lib/gcc/nios2-elf/4.1.2/../../../../nios2-elf/lib\libc.a(lib_a-sbrkr.o)
                0x010053b0                _sbrk_r
 .text          0x01005420       0xd4 c:/altera/12.0sp2/nios2eds/bin/gnu/h-i686-mingw32/bin/../lib/gcc/nios2-elf/4.1.2/../../../../nios2-elf/lib\libc.a(lib_a-sprintf.o)
                0x01005420                sprintf
                0x01005494                _sprintf_r
 .text          0x010054f4       0x90 c:/altera/12.0sp2/nios2eds/bin/gnu/h-i686-mingw32/bin/../lib/gcc/nios2-elf/4.1.2/../../../../nios2-elf/lib\libc.a(lib_a-strcat.o)
                0x010054f4                strcat
 .text          0x01005584       0x8c c:/altera/12.0sp2/nios2eds/bin/gnu/h-i686-mingw32/bin/../lib/gcc/nios2-elf/4.1.2/../../../../nios2-elf/lib\libc.a(lib_a-strcpy.o)
                0x01005584                strcpy
 .text          0x01005610       0x74 c:/altera/12.0sp2/nios2eds/bin/gnu/h-i686-mingw32/bin/../lib/gcc/nios2-elf/4.1.2/../../../../nios2-elf/lib\libc.a(lib_a-strlen.o)
                0x01005610                strlen
 .text          0x01005684     0x1f28 c:/altera/12.0sp2/nios2eds/bin/gnu/h-i686-mingw32/bin/../lib/gcc/nios2-elf/4.1.2/../../../../nios2-elf/lib\libc.a(lib_a-vfprintf.o)
                0x010056dc                ___vfprintf_internal_r
                0x01007588                __vfprintf_internal
 .text          0x010075ac      0x13c c:/altera/12.0sp2/nios2eds/bin/gnu/h-i686-mingw32/bin/../lib/gcc/nios2-elf/4.1.2/../../../../nios2-elf/lib\libc.a(lib_a-wsetup.o)
                0x010075ac                __swsetup_r
 .text          0x010076e8     0x17cc c:/altera/12.0sp2/nios2eds/bin/gnu/h-i686-mingw32/bin/../lib/gcc/nios2-elf/4.1.2/../../../../nios2-elf/lib\libc.a(lib_a-dtoa.o)
                0x01007900                _dtoa_r
 .text          0x01008eb4      0x230 c:/altera/12.0sp2/nios2eds/bin/gnu/h-i686-mingw32/bin/../lib/gcc/nios2-elf/4.1.2/../../../../nios2-elf/lib\libc.a(lib_a-fflush.o)
                0x01008eb4                _fflush_r
                0x010090b0                fflush
 .text          0x010090e4      0x2c0 c:/altera/12.0sp2/nios2eds/bin/gnu/h-i686-mingw32/bin/../lib/gcc/nios2-elf/4.1.2/../../../../nios2-elf/lib\libc.a(lib_a-findfp.o)
                0x0100913c                __sfp_lock_acquire
                0x01009140                __sfp_lock_release
                0x01009144                __sinit_lock_acquire
                0x01009148                __sinit_lock_release
                0x0100914c                __sinit
                0x01009200                __fp_unlock_all
                0x01009218                __fp_lock_all
                0x01009230                _cleanup_r
                0x0100923c                _cleanup
                0x0100924c                __sfmoreglue
                0x010092b4                __sfp
 .text          0x010093a4      0x440 c:/altera/12.0sp2/nios2eds/bin/gnu/h-i686-mingw32/bin/../lib/gcc/nios2-elf/4.1.2/../../../../nios2-elf/lib\libc.a(lib_a-freer.o)
                0x010093a4                _malloc_trim_r
                0x010094d0                _free_r
 .text          0x010097e4      0x49c c:/altera/12.0sp2/nios2eds/bin/gnu/h-i686-mingw32/bin/../lib/gcc/nios2-elf/4.1.2/../../../../nios2-elf/lib\libc.a(lib_a-fvwrite.o)
                0x010097e4                __sfvwrite_r
 .text          0x01009c80      0x180 c:/altera/12.0sp2/nios2eds/bin/gnu/h-i686-mingw32/bin/../lib/gcc/nios2-elf/4.1.2/../../../../nios2-elf/lib\libc.a(lib_a-fwalk.o)
                0x01009c80                _fwalk_reent
                0x01009d48                _fwalk
 .text          0x01009e00        0x0 c:/altera/12.0sp2/nios2eds/bin/gnu/h-i686-mingw32/bin/../lib/gcc/nios2-elf/4.1.2/../../../../nios2-elf/lib\libc.a(lib_a-impure.o)
 .text          0x01009e00        0x0 c:/altera/12.0sp2/nios2eds/bin/gnu/h-i686-mingw32/bin/../lib/gcc/nios2-elf/4.1.2/../../../../nios2-elf/lib\libc.a(lib_a-int_errno.o)
 .text          0x01009e00       0xc4 c:/altera/12.0sp2/nios2eds/bin/gnu/h-i686-mingw32/bin/../lib/gcc/nios2-elf/4.1.2/../../../../nios2-elf/lib\libc.a(lib_a-locale.o)
                0x01009e00                __locale_charset
                0x01009e08                _localeconv_r
                0x01009e14                localeconv
                0x01009e24                _setlocale_r
                0x01009ea8                setlocale
 .text          0x01009ec4      0x194 c:/altera/12.0sp2/nios2eds/bin/gnu/h-i686-mingw32/bin/../lib/gcc/nios2-elf/4.1.2/../../../../nios2-elf/lib\libc.a(lib_a-makebuf.o)
                0x01009ec4                __smakebuf_r
 .text          0x0100a058       0xe4 c:/altera/12.0sp2/nios2eds/bin/gnu/h-i686-mingw32/bin/../lib/gcc/nios2-elf/4.1.2/../../../../nios2-elf/lib\libc.a(lib_a-memchr.o)
                0x0100a058                memchr
 .text          0x0100a13c       0xe0 c:/altera/12.0sp2/nios2eds/bin/gnu/h-i686-mingw32/bin/../lib/gcc/nios2-elf/4.1.2/../../../../nios2-elf/lib\libc.a(lib_a-memmove.o)
                0x0100a13c                memmove
 .text          0x0100a21c      0xff4 c:/altera/12.0sp2/nios2eds/bin/gnu/h-i686-mingw32/bin/../lib/gcc/nios2-elf/4.1.2/../../../../nios2-elf/lib\libc.a(lib_a-mprec.o)
                0x0100a21c                _Bfree
                0x0100a244                __hi0bits
                0x0100a2b4                __lo0bits
                0x0100a378                __mcmp
                0x0100a3d8                __ulp
                0x0100a458                __b2d
                0x0100a578                __ratio
                0x0100a628                _mprec_log10
                0x0100a6bc                __copybits
                0x0100a714                __any_on
                0x0100a79c                _Balloc
                0x0100a858                __d2b
                0x0100a9d4                __mdiff
                0x0100ab60                __lshift
                0x0100acac                __multiply
                0x0100ae94                __i2b
                0x0100aed0                __multadd
                0x0100afd0                __pow5mult
                0x0100b0f0                __s2b
 .text          0x0100b210      0x1ec c:/altera/12.0sp2/nios2eds/bin/gnu/h-i686-mingw32/bin/../lib/gcc/nios2-elf/4.1.2/../../../../nios2-elf/lib\libc.a(lib_a-putc.o)
                0x0100b210                putc
                0x0100b314                _putc_r
 .text          0x0100b3fc      0x5f4 c:/altera/12.0sp2/nios2eds/bin/gnu/h-i686-mingw32/bin/../lib/gcc/nios2-elf/4.1.2/../../../../nios2-elf/lib\libc.a(lib_a-reallocr.o)
                0x0100b3fc                _realloc_r
 .text          0x0100b9f0       0x40 c:/altera/12.0sp2/nios2eds/bin/gnu/h-i686-mingw32/bin/../lib/gcc/nios2-elf/4.1.2/../../../../nios2-elf/lib\libc.a(lib_a-s_isinfd.o)
                0x0100b9f0                __isinfd
 .text          0x0100ba30       0x30 c:/altera/12.0sp2/nios2eds/bin/gnu/h-i686-mingw32/bin/../lib/gcc/nios2-elf/4.1.2/../../../../nios2-elf/lib\libc.a(lib_a-s_isnand.o)
                0x0100ba30                __isnand
 .text          0x0100ba60      0x14c c:/altera/12.0sp2/nios2eds/bin/gnu/h-i686-mingw32/bin/../lib/gcc/nios2-elf/4.1.2/../../../../nios2-elf/lib\libc.a(lib_a-stdio.o)
                0x0100ba60                __sclose
                0x0100ba68                __sseek
                0x0100bad0                __swrite
                0x0100bb4c                __sread
 .text          0x0100bbac       0xbc c:/altera/12.0sp2/nios2eds/bin/gnu/h-i686-mingw32/bin/../lib/gcc/nios2-elf/4.1.2/../../../../nios2-elf/lib\libc.a(lib_a-strcmp.o)
                0x0100bbac                strcmp
 .text          0x0100bc68      0x14c c:/altera/12.0sp2/nios2eds/bin/gnu/h-i686-mingw32/bin/../lib/gcc/nios2-elf/4.1.2/../../../../nios2-elf/lib\libc.a(lib_a-wbuf.o)
                0x0100bc68                __swbuf_r
                0x0100bd98                __swbuf
 .text          0x0100bdb4       0x78 c:/altera/12.0sp2/nios2eds/bin/gnu/h-i686-mingw32/bin/../lib/gcc/nios2-elf/4.1.2/../../../../nios2-elf/lib\libc.a(lib_a-writer.o)
                0x0100bdb4                _write_r
 .text          0x0100be2c       0xb4 c:/altera/12.0sp2/nios2eds/bin/gnu/h-i686-mingw32/bin/../lib/gcc/nios2-elf/4.1.2/../../../../nios2-elf/lib\libc.a(lib_a-callocr.o)
                0x0100be2c                _calloc_r
 .text          0x0100bee0       0x70 c:/altera/12.0sp2/nios2eds/bin/gnu/h-i686-mingw32/bin/../lib/gcc/nios2-elf/4.1.2/../../../../nios2-elf/lib\libc.a(lib_a-closer.o)
                0x0100bee0                _close_r
 .text          0x0100bf50      0x124 c:/altera/12.0sp2/nios2eds/bin/gnu/h-i686-mingw32/bin/../lib/gcc/nios2-elf/4.1.2/../../../../nios2-elf/lib\libc.a(lib_a-fclose.o)
                0x0100bf50                _fclose_r
                0x0100c060                fclose
 .text          0x0100c074       0x74 c:/altera/12.0sp2/nios2eds/bin/gnu/h-i686-mingw32/bin/../lib/gcc/nios2-elf/4.1.2/../../../../nios2-elf/lib\libc.a(lib_a-fstatr.o)
                0x0100c074                _fstat_r
 .text          0x0100c0e8       0x70 c:/altera/12.0sp2/nios2eds/bin/gnu/h-i686-mingw32/bin/../lib/gcc/nios2-elf/4.1.2/../../../../nios2-elf/lib\libc.a(lib_a-isattyr.o)
                0x0100c0e8                _isatty_r
 .text          0x0100c158       0x78 c:/altera/12.0sp2/nios2eds/bin/gnu/h-i686-mingw32/bin/../lib/gcc/nios2-elf/4.1.2/../../../../nios2-elf/lib\libc.a(lib_a-lseekr.o)
                0x0100c158                _lseek_r
 .text          0x0100c1d0       0x78 c:/altera/12.0sp2/nios2eds/bin/gnu/h-i686-mingw32/bin/../lib/gcc/nios2-elf/4.1.2/../../../../nios2-elf/lib\libc.a(lib_a-readr.o)
                0x0100c1d0                _read_r
 .text          0x0100c248       0x98 c:/altera/12.0sp2/nios2eds/bin/gnu/h-i686-mingw32/bin/../lib/gcc/nios2-elf/4.1.2\libgcc.a(_muldi3.o)
                0x0100c248                __muldi3
 .text          0x0100c2e0      0x5dc c:/altera/12.0sp2/nios2eds/bin/gnu/h-i686-mingw32/bin/../lib/gcc/nios2-elf/4.1.2\libgcc.a(_udivdi3.o)
                0x0100c2e0                __udivdi3
 .text          0x0100c8bc      0x5b0 c:/altera/12.0sp2/nios2eds/bin/gnu/h-i686-mingw32/bin/../lib/gcc/nios2-elf/4.1.2\libgcc.a(_umoddi3.o)
                0x0100c8bc                __umoddi3
 .text          0x0100ce6c      0x504 c:/altera/12.0sp2/nios2eds/bin/gnu/h-i686-mingw32/bin/../lib/gcc/nios2-elf/4.1.2\libgcc.a(_addsub_df.o)
                0x0100d27c                __subdf3
                0x0100d2fc                __adddf3
 .text          0x0100d370      0x3c4 c:/altera/12.0sp2/nios2eds/bin/gnu/h-i686-mingw32/bin/../lib/gcc/nios2-elf/4.1.2\libgcc.a(_mul_df.o)
                0x0100d370                __muldf3
 .text          0x0100d734      0x258 c:/altera/12.0sp2/nios2eds/bin/gnu/h-i686-mingw32/bin/../lib/gcc/nios2-elf/4.1.2\libgcc.a(_div_df.o)
                0x0100d734                __divdf3
 .text          0x0100d98c       0x88 c:/altera/12.0sp2/nios2eds/bin/gnu/h-i686-mingw32/bin/../lib/gcc/nios2-elf/4.1.2\libgcc.a(_eq_df.o)
                0x0100d98c                __eqdf2
 .text          0x0100da14       0x88 c:/altera/12.0sp2/nios2eds/bin/gnu/h-i686-mingw32/bin/../lib/gcc/nios2-elf/4.1.2\libgcc.a(_ne_df.o)
                0x0100da14                __nedf2
 .text          0x0100da9c       0x88 c:/altera/12.0sp2/nios2eds/bin/gnu/h-i686-mingw32/bin/../lib/gcc/nios2-elf/4.1.2\libgcc.a(_gt_df.o)
                0x0100da9c                __gtdf2
 .text          0x0100db24       0x88 c:/altera/12.0sp2/nios2eds/bin/gnu/h-i686-mingw32/bin/../lib/gcc/nios2-elf/4.1.2\libgcc.a(_ge_df.o)
                0x0100db24                __gedf2
 .text          0x0100dbac       0x88 c:/altera/12.0sp2/nios2eds/bin/gnu/h-i686-mingw32/bin/../lib/gcc/nios2-elf/4.1.2\libgcc.a(_lt_df.o)
                0x0100dbac                __ltdf2
 .text          0x0100dc34       0xf8 c:/altera/12.0sp2/nios2eds/bin/gnu/h-i686-mingw32/bin/../lib/gcc/nios2-elf/4.1.2\libgcc.a(_si_to_df.o)
                0x0100dc34                __floatsidf
 .text          0x0100dd2c       0xd8 c:/altera/12.0sp2/nios2eds/bin/gnu/h-i686-mingw32/bin/../lib/gcc/nios2-elf/4.1.2\libgcc.a(_df_to_si.o)
                0x0100dd2c                __fixdfsi
 .text          0x0100de04        0x0 c:/altera/12.0sp2/nios2eds/bin/gnu/h-i686-mingw32/bin/../lib/gcc/nios2-elf/4.1.2\libgcc.a(_thenan_df.o)
 .text          0x0100de04      0x194 c:/altera/12.0sp2/nios2eds/bin/gnu/h-i686-mingw32/bin/../lib/gcc/nios2-elf/4.1.2\libgcc.a(_usi_to_df.o)
                0x0100de04                __floatunsidf
 .text          0x0100df98      0x14c c:/altera/12.0sp2/nios2eds/bin/gnu/h-i686-mingw32/bin/../lib/gcc/nios2-elf/4.1.2\libgcc.a(lib2-divmod.o)
                0x0100e014                __divsi3
                0x0100e074                __modsi3
                0x0100e0d4                __udivsi3
                0x0100e0dc                __umodsi3
 .text          0x0100e0e4        0x0 c:/altera/12.0sp2/nios2eds/bin/gnu/h-i686-mingw32/bin/../lib/gcc/nios2-elf/4.1.2\libgcc.a(_clz.o)
 .text          0x0100e0e4       0x80 c:/altera/12.0sp2/nios2eds/bin/gnu/h-i686-mingw32/bin/../lib/gcc/nios2-elf/4.1.2\libgcc.a(_clzsi2.o)
                0x0100e0e4                __clzsi2
 .text          0x0100e164      0x314 c:/altera/12.0sp2/nios2eds/bin/gnu/h-i686-mingw32/bin/../lib/gcc/nios2-elf/4.1.2\libgcc.a(_pack_df.o)
                0x0100e164                __pack_d
 .text          0x0100e478      0x138 c:/altera/12.0sp2/nios2eds/bin/gnu/h-i686-mingw32/bin/../lib/gcc/nios2-elf/4.1.2\libgcc.a(_unpack_df.o)
                0x0100e478                __unpack_d
 .text          0x0100e5b0       0xc8 c:/altera/12.0sp2/nios2eds/bin/gnu/h-i686-mingw32/bin/../lib/gcc/nios2-elf/4.1.2\libgcc.a(_fpcmp_parts_df.o)
                0x0100e5b0                __fpcmp_parts_d
 .text          0x0100e678       0x94 ../../../../../Desktop/Workspace\libhal_bsp.a(alt_alarm_start.o)
                0x0100e678                alt_alarm_start
 .text          0x0100e70c       0xf0 ../../../../../Desktop/Workspace\libhal_bsp.a(alt_close.o)
                0x0100e70c                close
 .text          0x0100e7fc        0x8 ../../../../../Desktop/Workspace\libhal_bsp.a(alt_dev.o)
 .text          0x0100e804        0x0 ../../../../../Desktop/Workspace\libhal_bsp.a(alt_errno.o)
 .text          0x0100e804       0x90 ../../../../../Desktop/Workspace\libhal_bsp.a(alt_fstat.o)
                0x0100e804                fstat
 .text          0x0100e894       0xc0 ../../../../../Desktop/Workspace\libhal_bsp.a(alt_irq_register.o)
                0x0100e894                alt_irq_register
 .text          0x0100e954        0x0 ../../../../../Desktop/Workspace\libhal_bsp.a(alt_irq_vars.o)
 .text          0x0100e954       0x84 ../../../../../Desktop/Workspace\libhal_bsp.a(alt_isatty.o)
                0x0100e954                isatty
 .text          0x0100e9d8       0xb4 ../../../../../Desktop/Workspace\libhal_bsp.a(alt_load.o)
                0x0100e9d8                alt_load
 .text          0x0100ea8c       0x9c ../../../../../Desktop/Workspace\libhal_bsp.a(alt_lseek.o)
                0x0100ea8c                lseek
 .text          0x0100eb28       0x60 ../../../../../Desktop/Workspace\libhal_bsp.a(alt_main.o)
                0x0100eb28                alt_main
 .text          0x0100eb88        0x8 ../../../../../Desktop/Workspace\libhal_bsp.a(alt_malloc_lock.o)
                0x0100eb88                __malloc_lock
                0x0100eb8c                __malloc_unlock
 .text          0x0100eb90      0x11c ../../../../../Desktop/Workspace\libhal_bsp.a(alt_read.o)
                0x0100eb90                read
 .text          0x0100ecac       0x24 ../../../../../Desktop/Workspace\libhal_bsp.a(alt_release_fd.o)
                0x0100ecac                alt_release_fd
 .text          0x0100ecd0       0x54 ../../../../../Desktop/Workspace\libhal_bsp.a(alt_sbrk.o)
                0x0100ecd0                sbrk
 .text          0x0100ed24       0xf4 ../../../../../Desktop/Workspace\libhal_bsp.a(alt_tick.o)
                0x0100ed24                alt_alarm_stop
                0x0100ed58                alt_tick
 .text          0x0100ee18      0x118 ../../../../../Desktop/Workspace\libhal_bsp.a(alt_write.o)
                0x0100ee18                write
 .text          0x0100ef30      0x210 ../../../../../Desktop/Workspace\libhal_bsp.a(alt_sys_init.o)
                0x0100ef30                alt_irq_init
                0x0100ef50                alt_sys_init
 .text          0x0100f140       0x3c ../../../../../Desktop/Workspace\libhal_bsp.a(altera_avalon_jtag_uart_fd.o)
                0x0100f140                altera_avalon_jtag_uart_ioctl_fd
                0x0100f14c                altera_avalon_jtag_uart_close_fd
                0x0100f15c                altera_avalon_jtag_uart_write_fd
                0x0100f16c                altera_avalon_jtag_uart_read_fd
 .text          0x0100f17c      0x20c ../../../../../Desktop/Workspace\libhal_bsp.a(altera_avalon_jtag_uart_init.o)
                0x0100f17c                altera_avalon_jtag_uart_close
                0x0100f208                altera_avalon_jtag_uart_init
 .text          0x0100f388       0x88 ../../../../../Desktop/Workspace\libhal_bsp.a(altera_avalon_jtag_uart_ioctl.o)
                0x0100f388                altera_avalon_jtag_uart_ioctl
 .text          0x0100f410      0x16c ../../../../../Desktop/Workspace\libhal_bsp.a(altera_avalon_jtag_uart_read.o)
                0x0100f410                altera_avalon_jtag_uart_read
 .text          0x0100f57c      0x17c ../../../../../Desktop/Workspace\libhal_bsp.a(altera_avalon_jtag_uart_write.o)
                0x0100f57c                altera_avalon_jtag_uart_write
 .text          0x0100f6f8       0x6c ../../../../../Desktop/Workspace\libhal_bsp.a(altera_avalon_timer_sc.o)
                0x0100f6f8                alt_avalon_timer_sc_init
 .text          0x0100f764      0x3b0 ../../../../../Desktop/Workspace\libhal_bsp.a(altera_up_avalon_audio.o)
                0x0100f764                alt_up_audio_write_fifo_head
                0x0100f780                alt_up_audio_read_fifo_head
                0x0100f79c                alt_up_audio_write_fifo
                0x0100f804                alt_up_audio_read_fifo
                0x0100f85c                alt_up_audio_write_fifo_space
                0x0100f878                alt_up_audio_play_l
                0x0100f8ec                alt_up_audio_play_r
                0x0100f960                alt_up_audio_read_fifo_avail
                0x0100f97c                alt_up_audio_record_l
                0x0100f9f0                alt_up_audio_record_r
                0x0100fa64                alt_up_audio_reset_audio_core
                0x0100fa88                alt_up_audio_write_interrupt_pending
                0x0100fa9c                alt_up_audio_read_interrupt_pending
                0x0100fab0                alt_up_audio_disable_write_interrupt
                0x0100fac8                alt_up_audio_enable_write_interrupt
                0x0100fadc                alt_up_audio_disable_read_interrupt
                0x0100faf4                alt_up_audio_enable_read_interrupt
                0x0100fb08                alt_up_audio_open_dev
 .text          0x0100fb14      0x23c ../../../../../Desktop/Workspace\libhal_bsp.a(altera_up_avalon_audio_and_video_config.o)
                0x0100fb14                alt_up_av_config_disable_interrupt
                0x0100fb24                alt_up_av_config_enable_interrupt
                0x0100fb38                alt_up_av_config_reset
                0x0100fb4c                alt_up_av_config_read_ready
                0x0100fb60                alt_up_av_config_read_acknowledge
                0x0100fb88                alt_up_av_config_read_data
                0x0100fbc0                alt_up_av_config_read_LTM_cfg_register
                0x0100fbd8                alt_up_av_config_read_D5M_cfg_register
                0x0100fbf0                alt_up_av_config_read_DC2_cfg_register
                0x0100fc08                alt_up_av_config_read_video_cfg_register
                0x0100fc4c                alt_up_av_config_write_data
                0x0100fc6c                alt_up_av_config_write_LTM_cfg_register
                0x0100fc84                alt_up_av_config_write_D5M_cfg_register
                0x0100fc9c                alt_up_av_config_write_DC2_cfg_register
                0x0100fcb4                alt_up_av_config_write_video_cfg_register
                0x0100fcf8                alt_up_av_config_write_audio_cfg_register
                0x0100fd1c                alt_up_av_config_open_dev
 .text          0x0100fd50      0x284 ../../../../../Desktop/Workspace\libhal_bsp.a(altera_up_avalon_character_lcd.o)
                0x0100fd50                get_DDRAM_addr
                0x0100fd68                alt_up_character_lcd_string
                0x0100fd84                alt_up_character_lcd_write
                0x0100fdac                alt_up_character_lcd_write_fd
                0x0100fdcc                alt_up_character_lcd_init
                0x0100fddc                alt_up_character_lcd_send_cmd
                0x0100fdec                alt_up_character_lcd_cursor_blink_on
                0x0100fdf4                alt_up_character_lcd_cursor_off
                0x0100fdfc                alt_up_character_lcd_erase_pos
                0x0100fe60                alt_up_character_lcd_shift_display
                0x0100fee8                alt_up_character_lcd_shift_cursor
                0x0100ff70                alt_up_character_lcd_set_cursor_pos
                0x0100ffc8                alt_up_character_lcd_open_dev
 .text          0x0100ffd4      0x38c ../../../../../Desktop/Workspace\libhal_bsp.a(altera_up_avalon_ps2.o)
                0x0100ffd4                read_RI_bit
                0x0100ffe0                read_RE_bit
                0x0100ffe8                read_CE_bit
                0x0100fff4                read_num_bytes_available
                0x0100fffc                read_data_valid
                0x01010008                read_data_byte
                0x01010010                alt_up_ps2_open_dev
                0x0101001c                alt_up_ps2_clear_fifo
                0x0101004c                alt_up_ps2_read_data_byte
                0x010100a4                alt_up_ps2_read_data_byte_timeout
                0x01010134                alt_up_ps2_read_fd
                0x0101015c                alt_up_ps2_wait_for_ack
                0x010101ac                alt_up_ps2_write_data_byte
                0x010101ec                alt_up_ps2_write_fd
                0x01010260                alt_up_ps2_write_data_byte_with_ack
                0x010102a0                alt_up_ps2_init
                0x0101032c                alt_up_ps2_disable_read_interrupt
                0x01010348                alt_up_ps2_enable_read_interrupt
 .text          0x01010360      0x134 ../../../../../Desktop/Workspace\libhal_bsp.a(altera_up_avalon_video_character_buffer_with_dma.o)
                0x01010360                alt_up_char_buffer_string
                0x010103bc                alt_up_char_buffer_draw
                0x01010414                alt_up_char_buffer_clear
                0x01010438                alt_up_char_buffer_open_dev
                0x01010444                alt_up_char_buffer_init
 .text          0x01010494      0x9f8 ../../../../../Desktop/Workspace\libhal_bsp.a(altera_up_avalon_video_pixel_buffer_dma.o)
                0x01010494                helper_plot_pixel
                0x010104ec                alt_up_pixel_buffer_dma_draw_line
                0x01010704                alt_up_pixel_buffer_dma_draw_vline
                0x0101087c                alt_up_pixel_buffer_dma_draw_hline
                0x010109e4                alt_up_pixel_buffer_dma_draw_rectangle
                0x01010ab0                alt_up_pixel_buffer_dma_draw_box
                0x01010cbc                alt_up_pixel_buffer_dma_clear_screen
                0x01010d64                alt_up_pixel_buffer_dma_swap_buffers
                0x01010d88                alt_up_pixel_buffer_dma_draw
                0x01010e48                alt_up_pixel_buffer_dma_check_swap_buffers_status
                0x01010e58                alt_up_pixel_buffer_dma_change_back_buffer_address
                0x01010e80                alt_up_pixel_buffer_dma_open_dev
 .text          0x01010e8c      0x430 ../../../../../Desktop/Workspace\libhal_bsp.a(altera_up_ps2_keyboard.o)
                0x01010e8c                get_multi_byte_make_code_index
                0x01010ecc                get_single_byte_make_code_index
                0x01010f0c                get_next_state
                0x010110dc                set_keyboard_rate
                0x01011130                reset_keyboard
                0x0101119c                decode_scancode
                0x01011244                translate_make_code
 .text          0x010112bc     0x24fc ../../../../../Desktop/Workspace\libhal_bsp.a(altera_up_sd_card_avalon_interface.o)
                0x010112bc                match_file_record_to_name_ext
                0x010113cc                convert_filename_to_name_extension
                0x0101147c                copy_file_record_name_to_string
                0x01011504                alt_up_sd_card_set_attributes
                0x0101153c                alt_up_sd_card_get_attributes
                0x0101157c                alt_up_sd_card_is_Present
                0x010115e8                Write_Sector_Data
                0x01011678                Read_Sector_Data_CRC
                0x01011720                Read_Sector_Data
                0x010117c8                Read_Sector_Data_Attempt_CRC
                0x01011850                find_first_empty_cluster
                0x01011944                mark_cluster
                0x010119f4                get_cluster_flag
                0x01011a7c                Save_Modified_Sector
                0x01011a98                alt_up_sd_card_write
                0x01011cec                Write_File_Record_At_Offset
                0x01011e6c                alt_up_sd_card_fclose
                0x01011f74                alt_up_sd_card_read
                0x010120d4                find_first_empty_record_in_root_directory
                0x01012188                find_first_empty_record_in_a_subdirectory
                0x0101230c                Check_for_Master_Boot_Record
                0x010123dc                alt_up_sd_card_open_dev
                0x01012448                get_dir_divider_location
                0x010124c8                create_file
                0x01012674                check_file_name_for_FAT16_compliance
                0x01012780                filename_to_upper_case
                0x010127dc                Check_for_DOS_FAT
                0x01012a7c                Look_for_FAT16
                0x01012b30                alt_up_sd_card_is_FAT16
                0x01012b8c                Read_File_Record_At_Offset
                0x01012ccc                alt_up_sd_card_find_next
                0x01012f64                find_file_in_directory
                0x0101324c                get_home_directory_cluster_for_file
                0x01013564                alt_up_sd_card_fopen
                0x01013708                alt_up_sd_card_find_first
 .text          0x010137b8       0x18 ../../../../../Desktop/Workspace\libhal_bsp.a(alt_dcache_flush_all.o)
                0x010137b8                alt_dcache_flush_all
 .text          0x010137d0       0x7c ../../../../../Desktop/Workspace\libhal_bsp.a(alt_dev_llist_insert.o)
                0x010137d0                alt_dev_llist_insert
 .text          0x0101384c       0x4c ../../../../../Desktop/Workspace\libhal_bsp.a(alt_do_ctors.o)
                0x0101384c                _do_ctors
 .text          0x01013898       0x4c ../../../../../Desktop/Workspace\libhal_bsp.a(alt_do_dtors.o)
                0x01013898                _do_dtors
 .text          0x010138e4       0x94 ../../../../../Desktop/Workspace\libhal_bsp.a(alt_find_dev.o)
                0x010138e4                alt_find_dev
 .text          0x01013978        0xc ../../../../../Desktop/Workspace\libhal_bsp.a(alt_icache_flush_all.o)
                0x01013978                alt_icache_flush_all
 .text          0x01013984       0xfc ../../../../../Desktop/Workspace\libhal_bsp.a(alt_io_redirect.o)
                0x010139f4                alt_io_redirect
 .text          0x01013a80        0x0 ../../../../../Desktop/Workspace\libhal_bsp.a(alt_irq_entry.o)
 .text          0x01013a80        0x0 ../../../../../Desktop/Workspace\libhal_bsp.a(alt_irq_handler.o)
 .text          0x01013a80      0x180 ../../../../../Desktop/Workspace\libhal_bsp.a(alt_open.o)
                0x01013a80                open
 .text          0x01013c00        0x8 ../../../../../Desktop/Workspace\libhal_bsp.a(altera_nios2_qsys_irq.o)
                0x01013c00                altera_nios2_qsys_irq_init
 .text          0x01013c08        0x0 ../../../../../Desktop/Workspace\libhal_bsp.a(alt_exception_entry.o)
 .text          0x01013c08       0xb0 ../../../../../Desktop/Workspace\libhal_bsp.a(alt_find_file.o)
                0x01013c08                alt_find_file
 .text          0x01013cb8       0x60 ../../../../../Desktop/Workspace\libhal_bsp.a(alt_get_fd.o)
                0x01013cb8                alt_get_fd
 .text          0x01013d18       0x38 ../../../../../Desktop/Workspace\libhal_bsp.a(alt_icache_flush.o)
                0x01013d18                alt_icache_flush
 .text          0x01013d50       0x14 c:/altera/12.0sp2/nios2eds/bin/gnu/h-i686-mingw32/bin/../lib/gcc/nios2-elf/4.1.2/../../../../nios2-elf/lib\libc.a(lib_a-atexit.o)
                0x01013d50                atexit
 .text          0x01013d64       0x38 c:/altera/12.0sp2/nios2eds/bin/gnu/h-i686-mingw32/bin/../lib/gcc/nios2-elf/4.1.2/../../../../nios2-elf/lib\libc.a(lib_a-exit.o)
                0x01013d64                exit
 .text          0x01013d9c       0x74 c:/altera/12.0sp2/nios2eds/bin/gnu/h-i686-mingw32/bin/../lib/gcc/nios2-elf/4.1.2/../../../../nios2-elf/lib\libc.a(lib_a-memcmp.o)
                0x01013d9c                memcmp
 .text          0x01013e10      0x134 c:/altera/12.0sp2/nios2eds/bin/gnu/h-i686-mingw32/bin/../lib/gcc/nios2-elf/4.1.2/../../../../nios2-elf/lib\libc.a(lib_a-__atexit.o)
                0x01013e10                __register_exitproc
 .text          0x01013f44      0x1b4 c:/altera/12.0sp2/nios2eds/bin/gnu/h-i686-mingw32/bin/../lib/gcc/nios2-elf/4.1.2/../../../../nios2-elf/lib\libc.a(lib_a-__call_atexit.o)
                0x01013f48                __call_exitprocs
 .text          0x010140f8       0x14 ../../../../../Desktop/Workspace\libhal_bsp.a(alt_exit.o)
                0x010140f8                _exit
 *(.gnu.warning.*)
 *(.fini)
                0x0101410c                PROVIDE (__etext, ABSOLUTE (.))
                0x0101410c                PROVIDE (_etext, ABSOLUTE (.))
                0x0101410c                PROVIDE (etext, ABSOLUTE (.))
 *(.eh_frame_hdr)
                0x0101410c                . = ALIGN (0x4)
                0x0101410c                PROVIDE (__preinit_array_start, ABSOLUTE (.))
 *(.preinit_array)
                0x0101410c                PROVIDE (__preinit_array_end, ABSOLUTE (.))
                0x0101410c                PROVIDE (__init_array_start, ABSOLUTE (.))
 *(.init_array)
                0x0101410c                PROVIDE (__init_array_end, ABSOLUTE (.))
                0x0101410c                PROVIDE (__fini_array_start, ABSOLUTE (.))
 *(.fini_array)
                0x0101410c                PROVIDE (__fini_array_end, ABSOLUTE (.))
 *(.eh_frame)
 .eh_frame      0x0101410c       0x40 c:/altera/12.0sp2/nios2eds/bin/gnu/h-i686-mingw32/bin/../lib/gcc/nios2-elf/4.1.2\libgcc.a(_udivdi3.o)
 .eh_frame      0x0101414c       0x2c c:/altera/12.0sp2/nios2eds/bin/gnu/h-i686-mingw32/bin/../lib/gcc/nios2-elf/4.1.2\libgcc.a(_umoddi3.o)
                                 0x40 (size before relaxing)
 *(.gcc_except_table)
 *(.dynamic)
                0x01014178                PROVIDE (__CTOR_LIST__, ABSOLUTE (.))
 *(.ctors)
 *(SORT(.ctors.*))
 .ctors.65535   0x01014178        0x4 c:/altera/12.0sp2/nios2eds/bin/gnu/h-i686-mingw32/bin/../lib/gcc/nios2-elf/4.1.2/../../../../nios2-elf/lib\libc.a(lib_a-__call_atexit.o)
                0x0101417c                PROVIDE (__CTOR_END__, ABSOLUTE (.))
                0x0101417c                PROVIDE (__DTOR_LIST__, ABSOLUTE (.))
 *(.dtors)
 *(SORT(.dtors.*))
                0x0101417c                PROVIDE (__DTOR_END__, ABSOLUTE (.))
 *(.jcr)
                0x0101417c                . = ALIGN (0x4)

.rodata         0x0101417c      0x77c
                0x0101417c                PROVIDE (__ram_rodata_start, ABSOLUTE (.))
                0x0101417c                . = ALIGN (0x4)
 *(.rodata .rodata.* .gnu.linkonce.r.*)
 .rodata        0x0101417c       0x80 obj/default/DrawMain.o
 .rodata        0x010141fc       0x10 obj/default/audio.o
 .rodata        0x0101420c       0x44 obj/default/drawBg.o
 .rodata        0x01014250       0x18 obj/default/sdcard.o
 .rodata        0x01014268       0x84 obj/default/wk_kb.o
 .rodata        0x010142ec       0x20 obj/default/wk_lcd.o
 .rodata        0x0101430c       0x28 obj/default/wk_video.o
 .rodata.str1.4
                0x01014334        0x2 c:/altera/12.0sp2/nios2eds/bin/gnu/h-i686-mingw32/bin/../lib/gcc/nios2-elf/4.1.2/../../../../nios2-elf/lib\libc.a(lib_a-puts.o)
                                  0x4 (size before relaxing)
 *fill*         0x01014336        0x2 00
 .rodata.str1.4
                0x01014338       0x5e c:/altera/12.0sp2/nios2eds/bin/gnu/h-i686-mingw32/bin/../lib/gcc/nios2-elf/4.1.2/../../../../nios2-elf/lib\libc.a(lib_a-vfprintf.o)
                                 0x60 (size before relaxing)
 .rodata        0x01014396       0x20 c:/altera/12.0sp2/nios2eds/bin/gnu/h-i686-mingw32/bin/../lib/gcc/nios2-elf/4.1.2/../../../../nios2-elf/lib\libc.a(lib_a-vfprintf.o)
 *fill*         0x010143b6        0x2 00
 .rodata.str1.4
                0x010143b8       0x10 c:/altera/12.0sp2/nios2eds/bin/gnu/h-i686-mingw32/bin/../lib/gcc/nios2-elf/4.1.2/../../../../nios2-elf/lib\libc.a(lib_a-dtoa.o)
                                 0x14 (size before relaxing)
 .rodata.str1.4
                0x010143c8        0x2 c:/altera/12.0sp2/nios2eds/bin/gnu/h-i686-mingw32/bin/../lib/gcc/nios2-elf/4.1.2/../../../../nios2-elf/lib\libc.a(lib_a-impure.o)
                                  0x4 (size before relaxing)
 *fill*         0x010143ca        0x2 00
 .rodata.str1.4
                0x010143cc        0xf c:/altera/12.0sp2/nios2eds/bin/gnu/h-i686-mingw32/bin/../lib/gcc/nios2-elf/4.1.2/../../../../nios2-elf/lib\libc.a(lib_a-locale.o)
                                 0x18 (size before relaxing)
 *fill*         0x010143db        0x1 00
 .rodata        0x010143dc       0x30 c:/altera/12.0sp2/nios2eds/bin/gnu/h-i686-mingw32/bin/../lib/gcc/nios2-elf/4.1.2/../../../../nios2-elf/lib\libc.a(lib_a-locale.o)
 .rodata        0x0101440c      0x124 c:/altera/12.0sp2/nios2eds/bin/gnu/h-i686-mingw32/bin/../lib/gcc/nios2-elf/4.1.2/../../../../nios2-elf/lib\libc.a(lib_a-mprec.o)
                0x0101440c                __mprec_tens
                0x010144d4                __mprec_bigtens
                0x010144fc                __mprec_tinytens
 .rodata        0x01014530       0x14 c:/altera/12.0sp2/nios2eds/bin/gnu/h-i686-mingw32/bin/../lib/gcc/nios2-elf/4.1.2\libgcc.a(_thenan_df.o)
                0x01014530                __thenan_df
 .rodata        0x01014544      0x100 c:/altera/12.0sp2/nios2eds/bin/gnu/h-i686-mingw32/bin/../lib/gcc/nios2-elf/4.1.2\libgcc.a(_clz.o)
                0x01014544                __clz_tab
 .rodata.str1.4
                0x01014644        0xa ../../../../../Desktop/Workspace\libhal_bsp.a(alt_dev.o)
                                  0xc (size before relaxing)
 *fill*         0x0101464e        0x2 00
 .rodata.str1.4
                0x01014650        0xf ../../../../../Desktop/Workspace\libhal_bsp.a(alt_main.o)
                                 0x10 (size before relaxing)
 *fill*         0x0101465f        0x1 00
 .rodata.str1.4
                0x01014660       0x81 ../../../../../Desktop/Workspace\libhal_bsp.a(alt_sys_init.o)
                                 0x94 (size before relaxing)
 .rodata.str1.4
                0x00000000       0x81 ../../../../../Desktop/Workspace\libhal_bsp.a(altera_up_avalon_video_character_buffer_with_dma.o)
                                 0x1c (size before relaxing)
 *fill*         0x010146e1        0x3 00
 .rodata.str1.4
                0x010146e4      0x214 ../../../../../Desktop/Workspace\libhal_bsp.a(altera_up_ps2_keyboard.o)
                                0x238 (size before relaxing)
 *(.rodata1)
                0x010148f8                . = ALIGN (0x4)
                0x010148f8                PROVIDE (__ram_rodata_end, ABSOLUTE (.))
                0x0101417c                PROVIDE (__flash_rodata_start, LOADADDR (.rodata))

.rwdata         0x010148f8     0x1ebc load address 0x010167b4
                0x010148f8                PROVIDE (__ram_rwdata_start, ABSOLUTE (.))
                0x010148f8                . = ALIGN (0x4)
 *(.got.plt)
 *(.got)
 *(.data1)
 *(.data .data.* .gnu.linkonce.d.*)
 .data          0x010148f8        0x0 ../../../../../Desktop/Workspace/obj/HAL/src/crt0.o
 .data          0x010148f8        0x0 obj/default/DrawMain.o
 .data          0x010148f8        0x0 obj/default/audio.o
 .data          0x010148f8        0x0 obj/default/bitmap.o
 .data          0x010148f8        0x0 obj/default/drawBg.o
 .data          0x010148f8        0x0 obj/default/sdcard.o
 .data          0x010148f8        0x0 obj/default/wk_io.o
 .data          0x010148f8        0x0 obj/default/wk_kb.o
 .data          0x010148f8        0x0 obj/default/wk_lcd.o
 .data          0x010148f8        0x0 obj/default/wk_video.o
 .data          0x010148f8        0x0 c:/altera/12.0sp2/nios2eds/bin/gnu/h-i686-mingw32/bin/../lib/gcc/nios2-elf/4.1.2/../../../../nios2-elf/lib\libc.a(lib_a-malloc.o)
 .data          0x010148f8      0x408 c:/altera/12.0sp2/nios2eds/bin/gnu/h-i686-mingw32/bin/../lib/gcc/nios2-elf/4.1.2/../../../../nios2-elf/lib\libc.a(lib_a-mallocr.o)
                0x010148f8                __malloc_av_
 .data          0x01014d00        0x0 c:/altera/12.0sp2/nios2eds/bin/gnu/h-i686-mingw32/bin/../lib/gcc/nios2-elf/4.1.2/../../../../nios2-elf/lib\libc.a(lib_a-memcpy.o)
 .data          0x01014d00        0x0 c:/altera/12.0sp2/nios2eds/bin/gnu/h-i686-mingw32/bin/../lib/gcc/nios2-elf/4.1.2/../../../../nios2-elf/lib\libc.a(lib_a-memset.o)
 .data          0x01014d00        0x0 c:/altera/12.0sp2/nios2eds/bin/gnu/h-i686-mingw32/bin/../lib/gcc/nios2-elf/4.1.2/../../../../nios2-elf/lib\libc.a(lib_a-printf.o)
 .data          0x01014d00        0x0 c:/altera/12.0sp2/nios2eds/bin/gnu/h-i686-mingw32/bin/../lib/gcc/nios2-elf/4.1.2/../../../../nios2-elf/lib\libc.a(lib_a-putchar.o)
 .data          0x01014d00        0x0 c:/altera/12.0sp2/nios2eds/bin/gnu/h-i686-mingw32/bin/../lib/gcc/nios2-elf/4.1.2/../../../../nios2-elf/lib\libc.a(lib_a-puts.o)
 .data          0x01014d00        0x0 c:/altera/12.0sp2/nios2eds/bin/gnu/h-i686-mingw32/bin/../lib/gcc/nios2-elf/4.1.2/../../../../nios2-elf/lib\libc.a(lib_a-rand.o)
 .data          0x01014d00        0x0 c:/altera/12.0sp2/nios2eds/bin/gnu/h-i686-mingw32/bin/../lib/gcc/nios2-elf/4.1.2/../../../../nios2-elf/lib\libc.a(lib_a-sbrkr.o)
 .data          0x01014d00        0x0 c:/altera/12.0sp2/nios2eds/bin/gnu/h-i686-mingw32/bin/../lib/gcc/nios2-elf/4.1.2/../../../../nios2-elf/lib\libc.a(lib_a-sprintf.o)
 .data          0x01014d00        0x0 c:/altera/12.0sp2/nios2eds/bin/gnu/h-i686-mingw32/bin/../lib/gcc/nios2-elf/4.1.2/../../../../nios2-elf/lib\libc.a(lib_a-strcat.o)
 .data          0x01014d00        0x0 c:/altera/12.0sp2/nios2eds/bin/gnu/h-i686-mingw32/bin/../lib/gcc/nios2-elf/4.1.2/../../../../nios2-elf/lib\libc.a(lib_a-strcpy.o)
 .data          0x01014d00        0x0 c:/altera/12.0sp2/nios2eds/bin/gnu/h-i686-mingw32/bin/../lib/gcc/nios2-elf/4.1.2/../../../../nios2-elf/lib\libc.a(lib_a-strlen.o)
 .data          0x01014d00        0x0 c:/altera/12.0sp2/nios2eds/bin/gnu/h-i686-mingw32/bin/../lib/gcc/nios2-elf/4.1.2/../../../../nios2-elf/lib\libc.a(lib_a-vfprintf.o)
 .data          0x01014d00        0x0 c:/altera/12.0sp2/nios2eds/bin/gnu/h-i686-mingw32/bin/../lib/gcc/nios2-elf/4.1.2/../../../../nios2-elf/lib\libc.a(lib_a-wsetup.o)
 .data          0x01014d00        0x0 c:/altera/12.0sp2/nios2eds/bin/gnu/h-i686-mingw32/bin/../lib/gcc/nios2-elf/4.1.2/../../../../nios2-elf/lib\libc.a(lib_a-dtoa.o)
 .data          0x01014d00        0x0 c:/altera/12.0sp2/nios2eds/bin/gnu/h-i686-mingw32/bin/../lib/gcc/nios2-elf/4.1.2/../../../../nios2-elf/lib\libc.a(lib_a-fflush.o)
 .data          0x01014d00        0x0 c:/altera/12.0sp2/nios2eds/bin/gnu/h-i686-mingw32/bin/../lib/gcc/nios2-elf/4.1.2/../../../../nios2-elf/lib\libc.a(lib_a-findfp.o)
 .data          0x01014d00        0x0 c:/altera/12.0sp2/nios2eds/bin/gnu/h-i686-mingw32/bin/../lib/gcc/nios2-elf/4.1.2/../../../../nios2-elf/lib\libc.a(lib_a-freer.o)
 .data          0x01014d00        0x0 c:/altera/12.0sp2/nios2eds/bin/gnu/h-i686-mingw32/bin/../lib/gcc/nios2-elf/4.1.2/../../../../nios2-elf/lib\libc.a(lib_a-fvwrite.o)
 .data          0x01014d00        0x0 c:/altera/12.0sp2/nios2eds/bin/gnu/h-i686-mingw32/bin/../lib/gcc/nios2-elf/4.1.2/../../../../nios2-elf/lib\libc.a(lib_a-fwalk.o)
 .data          0x01014d00      0x400 c:/altera/12.0sp2/nios2eds/bin/gnu/h-i686-mingw32/bin/../lib/gcc/nios2-elf/4.1.2/../../../../nios2-elf/lib\libc.a(lib_a-impure.o)
 .data          0x01015100        0x0 c:/altera/12.0sp2/nios2eds/bin/gnu/h-i686-mingw32/bin/../lib/gcc/nios2-elf/4.1.2/../../../../nios2-elf/lib\libc.a(lib_a-int_errno.o)
 .data          0x01015100        0xc c:/altera/12.0sp2/nios2eds/bin/gnu/h-i686-mingw32/bin/../lib/gcc/nios2-elf/4.1.2/../../../../nios2-elf/lib\libc.a(lib_a-locale.o)
                0x01015100                __lc_ctype
 .data          0x0101510c        0x0 c:/altera/12.0sp2/nios2eds/bin/gnu/h-i686-mingw32/bin/../lib/gcc/nios2-elf/4.1.2/../../../../nios2-elf/lib\libc.a(lib_a-makebuf.o)
 .data          0x0101510c        0x0 c:/altera/12.0sp2/nios2eds/bin/gnu/h-i686-mingw32/bin/../lib/gcc/nios2-elf/4.1.2/../../../../nios2-elf/lib\libc.a(lib_a-memchr.o)
 .data          0x0101510c        0x0 c:/altera/12.0sp2/nios2eds/bin/gnu/h-i686-mingw32/bin/../lib/gcc/nios2-elf/4.1.2/../../../../nios2-elf/lib\libc.a(lib_a-memmove.o)
 .data          0x0101510c        0x0 c:/altera/12.0sp2/nios2eds/bin/gnu/h-i686-mingw32/bin/../lib/gcc/nios2-elf/4.1.2/../../../../nios2-elf/lib\libc.a(lib_a-mprec.o)
 .data          0x0101510c        0x0 c:/altera/12.0sp2/nios2eds/bin/gnu/h-i686-mingw32/bin/../lib/gcc/nios2-elf/4.1.2/../../../../nios2-elf/lib\libc.a(lib_a-putc.o)
 .data          0x0101510c        0x0 c:/altera/12.0sp2/nios2eds/bin/gnu/h-i686-mingw32/bin/../lib/gcc/nios2-elf/4.1.2/../../../../nios2-elf/lib\libc.a(lib_a-reallocr.o)
 .data          0x0101510c        0x0 c:/altera/12.0sp2/nios2eds/bin/gnu/h-i686-mingw32/bin/../lib/gcc/nios2-elf/4.1.2/../../../../nios2-elf/lib\libc.a(lib_a-s_isinfd.o)
 .data          0x0101510c        0x0 c:/altera/12.0sp2/nios2eds/bin/gnu/h-i686-mingw32/bin/../lib/gcc/nios2-elf/4.1.2/../../../../nios2-elf/lib\libc.a(lib_a-s_isnand.o)
 .data          0x0101510c        0x0 c:/altera/12.0sp2/nios2eds/bin/gnu/h-i686-mingw32/bin/../lib/gcc/nios2-elf/4.1.2/../../../../nios2-elf/lib\libc.a(lib_a-stdio.o)
 .data          0x0101510c        0x0 c:/altera/12.0sp2/nios2eds/bin/gnu/h-i686-mingw32/bin/../lib/gcc/nios2-elf/4.1.2/../../../../nios2-elf/lib\libc.a(lib_a-strcmp.o)
 .data          0x0101510c        0x0 c:/altera/12.0sp2/nios2eds/bin/gnu/h-i686-mingw32/bin/../lib/gcc/nios2-elf/4.1.2/../../../../nios2-elf/lib\libc.a(lib_a-wbuf.o)
 .data          0x0101510c        0x0 c:/altera/12.0sp2/nios2eds/bin/gnu/h-i686-mingw32/bin/../lib/gcc/nios2-elf/4.1.2/../../../../nios2-elf/lib\libc.a(lib_a-writer.o)
 .data          0x0101510c        0x0 c:/altera/12.0sp2/nios2eds/bin/gnu/h-i686-mingw32/bin/../lib/gcc/nios2-elf/4.1.2/../../../../nios2-elf/lib\libc.a(lib_a-callocr.o)
 .data          0x0101510c        0x0 c:/altera/12.0sp2/nios2eds/bin/gnu/h-i686-mingw32/bin/../lib/gcc/nios2-elf/4.1.2/../../../../nios2-elf/lib\libc.a(lib_a-closer.o)
 .data          0x0101510c        0x0 c:/altera/12.0sp2/nios2eds/bin/gnu/h-i686-mingw32/bin/../lib/gcc/nios2-elf/4.1.2/../../../../nios2-elf/lib\libc.a(lib_a-fclose.o)
 .data          0x0101510c        0x0 c:/altera/12.0sp2/nios2eds/bin/gnu/h-i686-mingw32/bin/../lib/gcc/nios2-elf/4.1.2/../../../../nios2-elf/lib\libc.a(lib_a-fstatr.o)
 .data          0x0101510c        0x0 c:/altera/12.0sp2/nios2eds/bin/gnu/h-i686-mingw32/bin/../lib/gcc/nios2-elf/4.1.2/../../../../nios2-elf/lib\libc.a(lib_a-isattyr.o)
 .data          0x0101510c        0x0 c:/altera/12.0sp2/nios2eds/bin/gnu/h-i686-mingw32/bin/../lib/gcc/nios2-elf/4.1.2/../../../../nios2-elf/lib\libc.a(lib_a-lseekr.o)
 .data          0x0101510c        0x0 c:/altera/12.0sp2/nios2eds/bin/gnu/h-i686-mingw32/bin/../lib/gcc/nios2-elf/4.1.2/../../../../nios2-elf/lib\libc.a(lib_a-readr.o)
 .data          0x0101510c        0x0 c:/altera/12.0sp2/nios2eds/bin/gnu/h-i686-mingw32/bin/../lib/gcc/nios2-elf/4.1.2\libgcc.a(_muldi3.o)
 .data          0x0101510c        0x0 c:/altera/12.0sp2/nios2eds/bin/gnu/h-i686-mingw32/bin/../lib/gcc/nios2-elf/4.1.2\libgcc.a(_udivdi3.o)
 .data          0x0101510c        0x0 c:/altera/12.0sp2/nios2eds/bin/gnu/h-i686-mingw32/bin/../lib/gcc/nios2-elf/4.1.2\libgcc.a(_umoddi3.o)
 .data          0x0101510c        0x0 c:/altera/12.0sp2/nios2eds/bin/gnu/h-i686-mingw32/bin/../lib/gcc/nios2-elf/4.1.2\libgcc.a(_addsub_df.o)
 .data          0x0101510c        0x0 c:/altera/12.0sp2/nios2eds/bin/gnu/h-i686-mingw32/bin/../lib/gcc/nios2-elf/4.1.2\libgcc.a(_mul_df.o)
 .data          0x0101510c        0x0 c:/altera/12.0sp2/nios2eds/bin/gnu/h-i686-mingw32/bin/../lib/gcc/nios2-elf/4.1.2\libgcc.a(_div_df.o)
 .data          0x0101510c        0x0 c:/altera/12.0sp2/nios2eds/bin/gnu/h-i686-mingw32/bin/../lib/gcc/nios2-elf/4.1.2\libgcc.a(_eq_df.o)
 .data          0x0101510c        0x0 c:/altera/12.0sp2/nios2eds/bin/gnu/h-i686-mingw32/bin/../lib/gcc/nios2-elf/4.1.2\libgcc.a(_ne_df.o)
 .data          0x0101510c        0x0 c:/altera/12.0sp2/nios2eds/bin/gnu/h-i686-mingw32/bin/../lib/gcc/nios2-elf/4.1.2\libgcc.a(_gt_df.o)
 .data          0x0101510c        0x0 c:/altera/12.0sp2/nios2eds/bin/gnu/h-i686-mingw32/bin/../lib/gcc/nios2-elf/4.1.2\libgcc.a(_ge_df.o)
 .data          0x0101510c        0x0 c:/altera/12.0sp2/nios2eds/bin/gnu/h-i686-mingw32/bin/../lib/gcc/nios2-elf/4.1.2\libgcc.a(_lt_df.o)
 .data          0x0101510c        0x0 c:/altera/12.0sp2/nios2eds/bin/gnu/h-i686-mingw32/bin/../lib/gcc/nios2-elf/4.1.2\libgcc.a(_si_to_df.o)
 .data          0x0101510c        0x0 c:/altera/12.0sp2/nios2eds/bin/gnu/h-i686-mingw32/bin/../lib/gcc/nios2-elf/4.1.2\libgcc.a(_df_to_si.o)
 .data          0x0101510c        0x0 c:/altera/12.0sp2/nios2eds/bin/gnu/h-i686-mingw32/bin/../lib/gcc/nios2-elf/4.1.2\libgcc.a(_thenan_df.o)
 .data          0x0101510c        0x0 c:/altera/12.0sp2/nios2eds/bin/gnu/h-i686-mingw32/bin/../lib/gcc/nios2-elf/4.1.2\libgcc.a(_usi_to_df.o)
 .data          0x0101510c        0x0 c:/altera/12.0sp2/nios2eds/bin/gnu/h-i686-mingw32/bin/../lib/gcc/nios2-elf/4.1.2\libgcc.a(lib2-divmod.o)
 .data          0x0101510c        0x0 c:/altera/12.0sp2/nios2eds/bin/gnu/h-i686-mingw32/bin/../lib/gcc/nios2-elf/4.1.2\libgcc.a(_clz.o)
 .data          0x0101510c        0x0 c:/altera/12.0sp2/nios2eds/bin/gnu/h-i686-mingw32/bin/../lib/gcc/nios2-elf/4.1.2\libgcc.a(_clzsi2.o)
 .data          0x0101510c        0x0 c:/altera/12.0sp2/nios2eds/bin/gnu/h-i686-mingw32/bin/../lib/gcc/nios2-elf/4.1.2\libgcc.a(_pack_df.o)
 .data          0x0101510c        0x0 c:/altera/12.0sp2/nios2eds/bin/gnu/h-i686-mingw32/bin/../lib/gcc/nios2-elf/4.1.2\libgcc.a(_unpack_df.o)
 .data          0x0101510c        0x0 c:/altera/12.0sp2/nios2eds/bin/gnu/h-i686-mingw32/bin/../lib/gcc/nios2-elf/4.1.2\libgcc.a(_fpcmp_parts_df.o)
 .data          0x0101510c        0x0 ../../../../../Desktop/Workspace\libhal_bsp.a(alt_alarm_start.o)
 .data          0x0101510c        0x0 ../../../../../Desktop/Workspace\libhal_bsp.a(alt_close.o)
 .data          0x0101510c      0x1a8 ../../../../../Desktop/Workspace\libhal_bsp.a(alt_dev.o)
                0x0101510c                alt_dev_null
                0x01015134                alt_fd_list
 .data          0x010152b4        0x0 ../../../../../Desktop/Workspace\libhal_bsp.a(alt_errno.o)
 .data          0x010152b4        0x0 ../../../../../Desktop/Workspace\libhal_bsp.a(alt_fstat.o)
 .data          0x010152b4        0x0 ../../../../../Desktop/Workspace\libhal_bsp.a(alt_irq_register.o)
 .data          0x010152b4        0x0 ../../../../../Desktop/Workspace\libhal_bsp.a(alt_irq_vars.o)
 .data          0x010152b4        0x0 ../../../../../Desktop/Workspace\libhal_bsp.a(alt_isatty.o)
 .data          0x010152b4        0x0 ../../../../../Desktop/Workspace\libhal_bsp.a(alt_load.o)
 .data          0x010152b4        0x0 ../../../../../Desktop/Workspace\libhal_bsp.a(alt_lseek.o)
 .data          0x010152b4        0x0 ../../../../../Desktop/Workspace\libhal_bsp.a(alt_main.o)
 .data          0x010152b4        0x0 ../../../../../Desktop/Workspace\libhal_bsp.a(alt_malloc_lock.o)
 .data          0x010152b4        0x0 ../../../../../Desktop/Workspace\libhal_bsp.a(alt_read.o)
 .data          0x010152b4        0x0 ../../../../../Desktop/Workspace\libhal_bsp.a(alt_release_fd.o)
 .data          0x010152b4        0x0 ../../../../../Desktop/Workspace\libhal_bsp.a(alt_sbrk.o)
 .data          0x010152b4        0x0 ../../../../../Desktop/Workspace\libhal_bsp.a(alt_tick.o)
 .data          0x010152b4        0x0 ../../../../../Desktop/Workspace\libhal_bsp.a(alt_write.o)
 .data          0x010152b4     0x11ec ../../../../../Desktop/Workspace\libhal_bsp.a(alt_sys_init.o)
 .data          0x010164a0        0x0 ../../../../../Desktop/Workspace\libhal_bsp.a(altera_avalon_jtag_uart_fd.o)
 .data          0x010164a0        0x0 ../../../../../Desktop/Workspace\libhal_bsp.a(altera_avalon_jtag_uart_init.o)
 .data          0x010164a0        0x0 ../../../../../Desktop/Workspace\libhal_bsp.a(altera_avalon_jtag_uart_ioctl.o)
 .data          0x010164a0        0x0 ../../../../../Desktop/Workspace\libhal_bsp.a(altera_avalon_jtag_uart_read.o)
 .data          0x010164a0        0x0 ../../../../../Desktop/Workspace\libhal_bsp.a(altera_avalon_jtag_uart_write.o)
 .data          0x010164a0        0x0 ../../../../../Desktop/Workspace\libhal_bsp.a(altera_avalon_timer_sc.o)
 .data          0x010164a0        0x0 ../../../../../Desktop/Workspace\libhal_bsp.a(altera_up_avalon_audio.o)
 .data          0x010164a0        0x0 ../../../../../Desktop/Workspace\libhal_bsp.a(altera_up_avalon_audio_and_video_config.o)
 .data          0x010164a0        0x0 ../../../../../Desktop/Workspace\libhal_bsp.a(altera_up_avalon_character_lcd.o)
 .data          0x010164a0        0x0 ../../../../../Desktop/Workspace\libhal_bsp.a(altera_up_avalon_ps2.o)
 .data          0x010164a0        0x0 ../../../../../Desktop/Workspace\libhal_bsp.a(altera_up_avalon_video_character_buffer_with_dma.o)
 .data          0x010164a0        0x0 ../../../../../Desktop/Workspace\libhal_bsp.a(altera_up_avalon_video_pixel_buffer_dma.o)
 .data          0x010164a0      0x2cc ../../../../../Desktop/Workspace\libhal_bsp.a(altera_up_ps2_keyboard.o)
                0x010164a0                key_table
                0x01016638                ascii_codes
                0x0101669e                single_byte_make_code
                0x01016704                multi_byte_make_code
 .data          0x0101676c        0x0 ../../../../../Desktop/Workspace\libhal_bsp.a(altera_up_sd_card_avalon_interface.o)
 .data          0x0101676c        0x0 ../../../../../Desktop/Workspace\libhal_bsp.a(alt_dcache_flush_all.o)
 .data          0x0101676c        0x0 ../../../../../Desktop/Workspace\libhal_bsp.a(alt_dev_llist_insert.o)
 .data          0x0101676c        0x0 ../../../../../Desktop/Workspace\libhal_bsp.a(alt_do_ctors.o)
 .data          0x0101676c        0x0 ../../../../../Desktop/Workspace\libhal_bsp.a(alt_do_dtors.o)
 .data          0x0101676c        0x0 ../../../../../Desktop/Workspace\libhal_bsp.a(alt_find_dev.o)
 .data          0x0101676c        0x0 ../../../../../Desktop/Workspace\libhal_bsp.a(alt_icache_flush_all.o)
 .data          0x0101676c        0x0 ../../../../../Desktop/Workspace\libhal_bsp.a(alt_io_redirect.o)
 .data          0x0101676c        0x0 ../../../../../Desktop/Workspace\libhal_bsp.a(alt_irq_entry.o)
 .data          0x0101676c        0x0 ../../../../../Desktop/Workspace\libhal_bsp.a(alt_irq_handler.o)
 .data          0x0101676c        0x0 ../../../../../Desktop/Workspace\libhal_bsp.a(alt_open.o)
 .data          0x0101676c        0x0 ../../../../../Desktop/Workspace\libhal_bsp.a(altera_nios2_qsys_irq.o)
 .data          0x0101676c        0x0 ../../../../../Desktop/Workspace\libhal_bsp.a(alt_exception_entry.o)
 .data          0x0101676c        0x0 ../../../../../Desktop/Workspace\libhal_bsp.a(alt_find_file.o)
 .data          0x0101676c        0x0 ../../../../../Desktop/Workspace\libhal_bsp.a(alt_get_fd.o)
 .data          0x0101676c        0x0 ../../../../../Desktop/Workspace\libhal_bsp.a(alt_icache_flush.o)
 .data          0x0101676c        0x0 c:/altera/12.0sp2/nios2eds/bin/gnu/h-i686-mingw32/bin/../lib/gcc/nios2-elf/4.1.2/../../../../nios2-elf/lib\libc.a(lib_a-atexit.o)
 .data          0x0101676c        0x0 c:/altera/12.0sp2/nios2eds/bin/gnu/h-i686-mingw32/bin/../lib/gcc/nios2-elf/4.1.2/../../../../nios2-elf/lib\libc.a(lib_a-exit.o)
 .data          0x0101676c        0x0 c:/altera/12.0sp2/nios2eds/bin/gnu/h-i686-mingw32/bin/../lib/gcc/nios2-elf/4.1.2/../../../../nios2-elf/lib\libc.a(lib_a-memcmp.o)
 .data          0x0101676c        0x0 c:/altera/12.0sp2/nios2eds/bin/gnu/h-i686-mingw32/bin/../lib/gcc/nios2-elf/4.1.2/../../../../nios2-elf/lib\libc.a(lib_a-__atexit.o)
 .data          0x0101676c        0x0 c:/altera/12.0sp2/nios2eds/bin/gnu/h-i686-mingw32/bin/../lib/gcc/nios2-elf/4.1.2/../../../../nios2-elf/lib\libc.a(lib_a-__call_atexit.o)
 .data          0x0101676c        0x0 ../../../../../Desktop/Workspace\libhal_bsp.a(alt_exit.o)
                0x0101e76c                _gp = ABSOLUTE ((. + 0x8000))
                0x0101e76c                PROVIDE (gp, _gp)
 *(.rwdata .rwdata.*)
 *(.sdata .sdata.* .gnu.linkonce.s.*)
 .sdata         0x0101676c        0x8 obj/default/drawBg.o
                0x0101676c                option1
                0x01016770                option2
 .sdata         0x01016774        0x8 c:/altera/12.0sp2/nios2eds/bin/gnu/h-i686-mingw32/bin/../lib/gcc/nios2-elf/4.1.2/../../../../nios2-elf/lib\libc.a(lib_a-mallocr.o)
                0x01016774                __malloc_trim_threshold
                0x01016778                __malloc_sbrk_base
 .sdata         0x0101677c        0x8 c:/altera/12.0sp2/nios2eds/bin/gnu/h-i686-mingw32/bin/../lib/gcc/nios2-elf/4.1.2/../../../../nios2-elf/lib\libc.a(lib_a-impure.o)
                0x0101677c                _impure_ptr
                0x01016780                _global_impure_ptr
 .sdata         0x01016784        0x8 c:/altera/12.0sp2/nios2eds/bin/gnu/h-i686-mingw32/bin/../lib/gcc/nios2-elf/4.1.2/../../../../nios2-elf/lib\libc.a(lib_a-locale.o)
                0x01016784                __mb_cur_max
 .sdata         0x0101678c       0x14 ../../../../../Desktop/Workspace\libhal_bsp.a(alt_dev.o)
                0x0101678c                alt_fs_list
                0x01016794                alt_dev_list
                0x0101679c                alt_max_fd
 .sdata         0x010167a0        0x4 ../../../../../Desktop/Workspace\libhal_bsp.a(alt_errno.o)
                0x010167a0                alt_errno
 .sdata         0x010167a4        0x4 ../../../../../Desktop/Workspace\libhal_bsp.a(alt_irq_vars.o)
                0x010167a4                alt_priority_mask
 .sdata         0x010167a8        0x4 ../../../../../Desktop/Workspace\libhal_bsp.a(alt_sbrk.o)
 .sdata         0x010167ac        0x8 ../../../../../Desktop/Workspace\libhal_bsp.a(alt_tick.o)
                0x010167ac                alt_alarm_list
 *(.sdata2 .sdata2.* .gnu.linkonce.s2.*)
                0x010167b4                . = ALIGN (0x4)
                0x010167b4                _edata = ABSOLUTE (.)
                0x010167b4                PROVIDE (edata, ABSOLUTE (.))
                0x010167b4                PROVIDE (__ram_rwdata_end, ABSOLUTE (.))
                0x010167b4                PROVIDE (__flash_rwdata_start, LOADADDR (.rwdata))

.bss            0x01018670      0x8b4
                0x01018670                __bss_start = ABSOLUTE (.)
                0x01018670                PROVIDE (__sbss_start, ABSOLUTE (.))
                0x01018670                PROVIDE (___sbss_start, ABSOLUTE (.))
 *(.dynsbss)
 *(.sbss .sbss.* .gnu.linkonce.sb.*)
 .sbss          0x01018670        0xc obj/default/DrawMain.o
                0x01018670                movchar
                0x01018674                scrollRate
                0x01018678                kb
 .sbss          0x0101867c        0xc c:/altera/12.0sp2/nios2eds/bin/gnu/h-i686-mingw32/bin/../lib/gcc/nios2-elf/4.1.2/../../../../nios2-elf/lib\libc.a(lib_a-mallocr.o)
                0x0101867c                __malloc_top_pad
                0x01018680                __malloc_max_sbrked_mem
                0x01018684                __malloc_max_total_mem
 .sbss          0x01018688        0x4 c:/altera/12.0sp2/nios2eds/bin/gnu/h-i686-mingw32/bin/../lib/gcc/nios2-elf/4.1.2/../../../../nios2-elf/lib\libc.a(lib_a-int_errno.o)
                0x01018688                errno
 .sbss          0x0101868c        0xc c:/altera/12.0sp2/nios2eds/bin/gnu/h-i686-mingw32/bin/../lib/gcc/nios2-elf/4.1.2/../../../../nios2-elf/lib\libc.a(lib_a-locale.o)
                0x0101868c                __nlocale_changed
                0x01018690                __mlocale_changed
                0x01018694                _PathLocale
 .sbss          0x01018698        0x4 ../../../../../Desktop/Workspace\libhal_bsp.a(alt_irq_vars.o)
                0x01018698                alt_irq_active
 .sbss          0x0101869c        0xc ../../../../../Desktop/Workspace\libhal_bsp.a(alt_main.o)
                0x0101869c                alt_argc
                0x010186a0                alt_argv
                0x010186a4                alt_envp
 .sbss          0x010186a8        0x8 ../../../../../Desktop/Workspace\libhal_bsp.a(alt_tick.o)
                0x010186a8                _alt_tick_rate
                0x010186ac                _alt_nticks
 .sbss          0x010186b0       0x34 ../../../../../Desktop/Workspace\libhal_bsp.a(altera_up_sd_card_avalon_interface.o)
                0x010186b0                initialized
                0x010186b4                is_sd_card_formated_as_FAT16
                0x010186b8                aux_status_register
                0x010186bc                status_register
                0x010186c0                CSD_register_w0
                0x010186c4                command_register
                0x010186c8                command_argument_register
                0x010186cc                buffer_memory
                0x010186d0                fat_partition_offset_in_512_byte_sectors
                0x010186d4                fat_partition_size_in_512_byte_sectors
                0x010186d8                device_pointer
                0x010186dc                current_sector_modified
                0x010186e0                current_sector_index
 *(.sbss2 .sbss2.* .gnu.linkonce.sb2.*)
 *(.scommon)
                0x010186e4                PROVIDE (__sbss_end, ABSOLUTE (.))
                0x010186e4                PROVIDE (___sbss_end, ABSOLUTE (.))
 *(.dynbss)
 *(.bss .bss.* .gnu.linkonce.b.*)
 .bss           0x010186e4        0x0 ../../../../../Desktop/Workspace/obj/HAL/src/crt0.o
 .bss           0x010186e4        0x0 obj/default/DrawMain.o
 .bss           0x010186e4        0x0 obj/default/audio.o
 .bss           0x010186e4        0x0 obj/default/bitmap.o
 .bss           0x010186e4        0x0 obj/default/drawBg.o
 .bss           0x010186e4        0x0 obj/default/sdcard.o
 .bss           0x010186e4        0x0 obj/default/wk_io.o
 .bss           0x010186e4        0x0 obj/default/wk_kb.o
 .bss           0x010186e4        0x0 obj/default/wk_lcd.o
 .bss           0x010186e4        0x0 obj/default/wk_video.o
 .bss           0x010186e4        0x0 c:/altera/12.0sp2/nios2eds/bin/gnu/h-i686-mingw32/bin/../lib/gcc/nios2-elf/4.1.2/../../../../nios2-elf/lib\libc.a(lib_a-malloc.o)
 .bss           0x010186e4       0x28 c:/altera/12.0sp2/nios2eds/bin/gnu/h-i686-mingw32/bin/../lib/gcc/nios2-elf/4.1.2/../../../../nios2-elf/lib\libc.a(lib_a-mallocr.o)
                0x010186e4                __malloc_current_mallinfo
 .bss           0x0101870c        0x0 c:/altera/12.0sp2/nios2eds/bin/gnu/h-i686-mingw32/bin/../lib/gcc/nios2-elf/4.1.2/../../../../nios2-elf/lib\libc.a(lib_a-memcpy.o)
 .bss           0x0101870c        0x0 c:/altera/12.0sp2/nios2eds/bin/gnu/h-i686-mingw32/bin/../lib/gcc/nios2-elf/4.1.2/../../../../nios2-elf/lib\libc.a(lib_a-memset.o)
 .bss           0x0101870c        0x0 c:/altera/12.0sp2/nios2eds/bin/gnu/h-i686-mingw32/bin/../lib/gcc/nios2-elf/4.1.2/../../../../nios2-elf/lib\libc.a(lib_a-printf.o)
 .bss           0x0101870c        0x0 c:/altera/12.0sp2/nios2eds/bin/gnu/h-i686-mingw32/bin/../lib/gcc/nios2-elf/4.1.2/../../../../nios2-elf/lib\libc.a(lib_a-putchar.o)
 .bss           0x0101870c        0x0 c:/altera/12.0sp2/nios2eds/bin/gnu/h-i686-mingw32/bin/../lib/gcc/nios2-elf/4.1.2/../../../../nios2-elf/lib\libc.a(lib_a-puts.o)
 .bss           0x0101870c        0x0 c:/altera/12.0sp2/nios2eds/bin/gnu/h-i686-mingw32/bin/../lib/gcc/nios2-elf/4.1.2/../../../../nios2-elf/lib\libc.a(lib_a-rand.o)
 .bss           0x0101870c        0x0 c:/altera/12.0sp2/nios2eds/bin/gnu/h-i686-mingw32/bin/../lib/gcc/nios2-elf/4.1.2/../../../../nios2-elf/lib\libc.a(lib_a-sbrkr.o)
 .bss           0x0101870c        0x0 c:/altera/12.0sp2/nios2eds/bin/gnu/h-i686-mingw32/bin/../lib/gcc/nios2-elf/4.1.2/../../../../nios2-elf/lib\libc.a(lib_a-sprintf.o)
 .bss           0x0101870c        0x0 c:/altera/12.0sp2/nios2eds/bin/gnu/h-i686-mingw32/bin/../lib/gcc/nios2-elf/4.1.2/../../../../nios2-elf/lib\libc.a(lib_a-strcat.o)
 .bss           0x0101870c        0x0 c:/altera/12.0sp2/nios2eds/bin/gnu/h-i686-mingw32/bin/../lib/gcc/nios2-elf/4.1.2/../../../../nios2-elf/lib\libc.a(lib_a-strcpy.o)
 .bss           0x0101870c        0x0 c:/altera/12.0sp2/nios2eds/bin/gnu/h-i686-mingw32/bin/../lib/gcc/nios2-elf/4.1.2/../../../../nios2-elf/lib\libc.a(lib_a-strlen.o)
 .bss           0x0101870c        0x0 c:/altera/12.0sp2/nios2eds/bin/gnu/h-i686-mingw32/bin/../lib/gcc/nios2-elf/4.1.2/../../../../nios2-elf/lib\libc.a(lib_a-vfprintf.o)
 .bss           0x0101870c        0x0 c:/altera/12.0sp2/nios2eds/bin/gnu/h-i686-mingw32/bin/../lib/gcc/nios2-elf/4.1.2/../../../../nios2-elf/lib\libc.a(lib_a-wsetup.o)
 .bss           0x0101870c        0x0 c:/altera/12.0sp2/nios2eds/bin/gnu/h-i686-mingw32/bin/../lib/gcc/nios2-elf/4.1.2/../../../../nios2-elf/lib\libc.a(lib_a-dtoa.o)
 .bss           0x0101870c        0x0 c:/altera/12.0sp2/nios2eds/bin/gnu/h-i686-mingw32/bin/../lib/gcc/nios2-elf/4.1.2/../../../../nios2-elf/lib\libc.a(lib_a-fflush.o)
 .bss           0x0101870c        0x0 c:/altera/12.0sp2/nios2eds/bin/gnu/h-i686-mingw32/bin/../lib/gcc/nios2-elf/4.1.2/../../../../nios2-elf/lib\libc.a(lib_a-findfp.o)
 .bss           0x0101870c        0x0 c:/altera/12.0sp2/nios2eds/bin/gnu/h-i686-mingw32/bin/../lib/gcc/nios2-elf/4.1.2/../../../../nios2-elf/lib\libc.a(lib_a-freer.o)
 .bss           0x0101870c        0x0 c:/altera/12.0sp2/nios2eds/bin/gnu/h-i686-mingw32/bin/../lib/gcc/nios2-elf/4.1.2/../../../../nios2-elf/lib\libc.a(lib_a-fvwrite.o)
 .bss           0x0101870c        0x0 c:/altera/12.0sp2/nios2eds/bin/gnu/h-i686-mingw32/bin/../lib/gcc/nios2-elf/4.1.2/../../../../nios2-elf/lib\libc.a(lib_a-fwalk.o)
 .bss           0x0101870c        0x0 c:/altera/12.0sp2/nios2eds/bin/gnu/h-i686-mingw32/bin/../lib/gcc/nios2-elf/4.1.2/../../../../nios2-elf/lib\libc.a(lib_a-impure.o)
 .bss           0x0101870c        0x0 c:/altera/12.0sp2/nios2eds/bin/gnu/h-i686-mingw32/bin/../lib/gcc/nios2-elf/4.1.2/../../../../nios2-elf/lib\libc.a(lib_a-int_errno.o)
 .bss           0x0101870c        0x0 c:/altera/12.0sp2/nios2eds/bin/gnu/h-i686-mingw32/bin/../lib/gcc/nios2-elf/4.1.2/../../../../nios2-elf/lib\libc.a(lib_a-locale.o)
 .bss           0x0101870c        0x0 c:/altera/12.0sp2/nios2eds/bin/gnu/h-i686-mingw32/bin/../lib/gcc/nios2-elf/4.1.2/../../../../nios2-elf/lib\libc.a(lib_a-makebuf.o)
 .bss           0x0101870c        0x0 c:/altera/12.0sp2/nios2eds/bin/gnu/h-i686-mingw32/bin/../lib/gcc/nios2-elf/4.1.2/../../../../nios2-elf/lib\libc.a(lib_a-memchr.o)
 .bss           0x0101870c        0x0 c:/altera/12.0sp2/nios2eds/bin/gnu/h-i686-mingw32/bin/../lib/gcc/nios2-elf/4.1.2/../../../../nios2-elf/lib\libc.a(lib_a-memmove.o)
 .bss           0x0101870c        0x0 c:/altera/12.0sp2/nios2eds/bin/gnu/h-i686-mingw32/bin/../lib/gcc/nios2-elf/4.1.2/../../../../nios2-elf/lib\libc.a(lib_a-mprec.o)
 .bss           0x0101870c        0x0 c:/altera/12.0sp2/nios2eds/bin/gnu/h-i686-mingw32/bin/../lib/gcc/nios2-elf/4.1.2/../../../../nios2-elf/lib\libc.a(lib_a-putc.o)
 .bss           0x0101870c        0x0 c:/altera/12.0sp2/nios2eds/bin/gnu/h-i686-mingw32/bin/../lib/gcc/nios2-elf/4.1.2/../../../../nios2-elf/lib\libc.a(lib_a-reallocr.o)
 .bss           0x0101870c        0x0 c:/altera/12.0sp2/nios2eds/bin/gnu/h-i686-mingw32/bin/../lib/gcc/nios2-elf/4.1.2/../../../../nios2-elf/lib\libc.a(lib_a-s_isinfd.o)
 .bss           0x0101870c        0x0 c:/altera/12.0sp2/nios2eds/bin/gnu/h-i686-mingw32/bin/../lib/gcc/nios2-elf/4.1.2/../../../../nios2-elf/lib\libc.a(lib_a-s_isnand.o)
 .bss           0x0101870c        0x0 c:/altera/12.0sp2/nios2eds/bin/gnu/h-i686-mingw32/bin/../lib/gcc/nios2-elf/4.1.2/../../../../nios2-elf/lib\libc.a(lib_a-stdio.o)
 .bss           0x0101870c        0x0 c:/altera/12.0sp2/nios2eds/bin/gnu/h-i686-mingw32/bin/../lib/gcc/nios2-elf/4.1.2/../../../../nios2-elf/lib\libc.a(lib_a-strcmp.o)
 .bss           0x0101870c        0x0 c:/altera/12.0sp2/nios2eds/bin/gnu/h-i686-mingw32/bin/../lib/gcc/nios2-elf/4.1.2/../../../../nios2-elf/lib\libc.a(lib_a-wbuf.o)
 .bss           0x0101870c        0x0 c:/altera/12.0sp2/nios2eds/bin/gnu/h-i686-mingw32/bin/../lib/gcc/nios2-elf/4.1.2/../../../../nios2-elf/lib\libc.a(lib_a-writer.o)
 .bss           0x0101870c        0x0 c:/altera/12.0sp2/nios2eds/bin/gnu/h-i686-mingw32/bin/../lib/gcc/nios2-elf/4.1.2/../../../../nios2-elf/lib\libc.a(lib_a-callocr.o)
 .bss           0x0101870c        0x0 c:/altera/12.0sp2/nios2eds/bin/gnu/h-i686-mingw32/bin/../lib/gcc/nios2-elf/4.1.2/../../../../nios2-elf/lib\libc.a(lib_a-closer.o)
 .bss           0x0101870c        0x0 c:/altera/12.0sp2/nios2eds/bin/gnu/h-i686-mingw32/bin/../lib/gcc/nios2-elf/4.1.2/../../../../nios2-elf/lib\libc.a(lib_a-fclose.o)
 .bss           0x0101870c        0x0 c:/altera/12.0sp2/nios2eds/bin/gnu/h-i686-mingw32/bin/../lib/gcc/nios2-elf/4.1.2/../../../../nios2-elf/lib\libc.a(lib_a-fstatr.o)
 .bss           0x0101870c        0x0 c:/altera/12.0sp2/nios2eds/bin/gnu/h-i686-mingw32/bin/../lib/gcc/nios2-elf/4.1.2/../../../../nios2-elf/lib\libc.a(lib_a-isattyr.o)
 .bss           0x0101870c        0x0 c:/altera/12.0sp2/nios2eds/bin/gnu/h-i686-mingw32/bin/../lib/gcc/nios2-elf/4.1.2/../../../../nios2-elf/lib\libc.a(lib_a-lseekr.o)
 .bss           0x0101870c        0x0 c:/altera/12.0sp2/nios2eds/bin/gnu/h-i686-mingw32/bin/../lib/gcc/nios2-elf/4.1.2/../../../../nios2-elf/lib\libc.a(lib_a-readr.o)
 .bss           0x0101870c        0x0 c:/altera/12.0sp2/nios2eds/bin/gnu/h-i686-mingw32/bin/../lib/gcc/nios2-elf/4.1.2\libgcc.a(_muldi3.o)
 .bss           0x0101870c        0x0 c:/altera/12.0sp2/nios2eds/bin/gnu/h-i686-mingw32/bin/../lib/gcc/nios2-elf/4.1.2\libgcc.a(_udivdi3.o)
 .bss           0x0101870c        0x0 c:/altera/12.0sp2/nios2eds/bin/gnu/h-i686-mingw32/bin/../lib/gcc/nios2-elf/4.1.2\libgcc.a(_umoddi3.o)
 .bss           0x0101870c        0x0 c:/altera/12.0sp2/nios2eds/bin/gnu/h-i686-mingw32/bin/../lib/gcc/nios2-elf/4.1.2\libgcc.a(_addsub_df.o)
 .bss           0x0101870c        0x0 c:/altera/12.0sp2/nios2eds/bin/gnu/h-i686-mingw32/bin/../lib/gcc/nios2-elf/4.1.2\libgcc.a(_mul_df.o)
 .bss           0x0101870c        0x0 c:/altera/12.0sp2/nios2eds/bin/gnu/h-i686-mingw32/bin/../lib/gcc/nios2-elf/4.1.2\libgcc.a(_div_df.o)
 .bss           0x0101870c        0x0 c:/altera/12.0sp2/nios2eds/bin/gnu/h-i686-mingw32/bin/../lib/gcc/nios2-elf/4.1.2\libgcc.a(_eq_df.o)
 .bss           0x0101870c        0x0 c:/altera/12.0sp2/nios2eds/bin/gnu/h-i686-mingw32/bin/../lib/gcc/nios2-elf/4.1.2\libgcc.a(_ne_df.o)
 .bss           0x0101870c        0x0 c:/altera/12.0sp2/nios2eds/bin/gnu/h-i686-mingw32/bin/../lib/gcc/nios2-elf/4.1.2\libgcc.a(_gt_df.o)
 .bss           0x0101870c        0x0 c:/altera/12.0sp2/nios2eds/bin/gnu/h-i686-mingw32/bin/../lib/gcc/nios2-elf/4.1.2\libgcc.a(_ge_df.o)
 .bss           0x0101870c        0x0 c:/altera/12.0sp2/nios2eds/bin/gnu/h-i686-mingw32/bin/../lib/gcc/nios2-elf/4.1.2\libgcc.a(_lt_df.o)
 .bss           0x0101870c        0x0 c:/altera/12.0sp2/nios2eds/bin/gnu/h-i686-mingw32/bin/../lib/gcc/nios2-elf/4.1.2\libgcc.a(_si_to_df.o)
 .bss           0x0101870c        0x0 c:/altera/12.0sp2/nios2eds/bin/gnu/h-i686-mingw32/bin/../lib/gcc/nios2-elf/4.1.2\libgcc.a(_df_to_si.o)
 .bss           0x0101870c        0x0 c:/altera/12.0sp2/nios2eds/bin/gnu/h-i686-mingw32/bin/../lib/gcc/nios2-elf/4.1.2\libgcc.a(_thenan_df.o)
 .bss           0x0101870c        0x0 c:/altera/12.0sp2/nios2eds/bin/gnu/h-i686-mingw32/bin/../lib/gcc/nios2-elf/4.1.2\libgcc.a(_usi_to_df.o)
 .bss           0x0101870c        0x0 c:/altera/12.0sp2/nios2eds/bin/gnu/h-i686-mingw32/bin/../lib/gcc/nios2-elf/4.1.2\libgcc.a(lib2-divmod.o)
 .bss           0x0101870c        0x0 c:/altera/12.0sp2/nios2eds/bin/gnu/h-i686-mingw32/bin/../lib/gcc/nios2-elf/4.1.2\libgcc.a(_clz.o)
 .bss           0x0101870c        0x0 c:/altera/12.0sp2/nios2eds/bin/gnu/h-i686-mingw32/bin/../lib/gcc/nios2-elf/4.1.2\libgcc.a(_clzsi2.o)
 .bss           0x0101870c        0x0 c:/altera/12.0sp2/nios2eds/bin/gnu/h-i686-mingw32/bin/../lib/gcc/nios2-elf/4.1.2\libgcc.a(_pack_df.o)
 .bss           0x0101870c        0x0 c:/altera/12.0sp2/nios2eds/bin/gnu/h-i686-mingw32/bin/../lib/gcc/nios2-elf/4.1.2\libgcc.a(_unpack_df.o)
 .bss           0x0101870c        0x0 c:/altera/12.0sp2/nios2eds/bin/gnu/h-i686-mingw32/bin/../lib/gcc/nios2-elf/4.1.2\libgcc.a(_fpcmp_parts_df.o)
 .bss           0x0101870c        0x0 ../../../../../Desktop/Workspace\libhal_bsp.a(alt_alarm_start.o)
 .bss           0x0101870c        0x0 ../../../../../Desktop/Workspace\libhal_bsp.a(alt_close.o)
 .bss           0x0101870c        0x0 ../../../../../Desktop/Workspace\libhal_bsp.a(alt_dev.o)
 .bss           0x0101870c        0x0 ../../../../../Desktop/Workspace\libhal_bsp.a(alt_errno.o)
 .bss           0x0101870c        0x0 ../../../../../Desktop/Workspace\libhal_bsp.a(alt_fstat.o)
 .bss           0x0101870c        0x0 ../../../../../Desktop/Workspace\libhal_bsp.a(alt_irq_register.o)
 .bss           0x0101870c        0x0 ../../../../../Desktop/Workspace\libhal_bsp.a(alt_irq_vars.o)
 .bss           0x0101870c        0x0 ../../../../../Desktop/Workspace\libhal_bsp.a(alt_isatty.o)
 .bss           0x0101870c        0x0 ../../../../../Desktop/Workspace\libhal_bsp.a(alt_load.o)
 .bss           0x0101870c        0x0 ../../../../../Desktop/Workspace\libhal_bsp.a(alt_lseek.o)
 .bss           0x0101870c        0x0 ../../../../../Desktop/Workspace\libhal_bsp.a(alt_main.o)
 .bss           0x0101870c        0x0 ../../../../../Desktop/Workspace\libhal_bsp.a(alt_malloc_lock.o)
 .bss           0x0101870c        0x0 ../../../../../Desktop/Workspace\libhal_bsp.a(alt_read.o)
 .bss           0x0101870c        0x0 ../../../../../Desktop/Workspace\libhal_bsp.a(alt_release_fd.o)
 .bss           0x0101870c        0x0 ../../../../../Desktop/Workspace\libhal_bsp.a(alt_sbrk.o)
 .bss           0x0101870c        0x0 ../../../../../Desktop/Workspace\libhal_bsp.a(alt_tick.o)
 .bss           0x0101870c        0x0 ../../../../../Desktop/Workspace\libhal_bsp.a(alt_write.o)
 .bss           0x0101870c        0x0 ../../../../../Desktop/Workspace\libhal_bsp.a(alt_sys_init.o)
 .bss           0x0101870c        0x0 ../../../../../Desktop/Workspace\libhal_bsp.a(altera_avalon_jtag_uart_fd.o)
 .bss           0x0101870c        0x0 ../../../../../Desktop/Workspace\libhal_bsp.a(altera_avalon_jtag_uart_init.o)
 .bss           0x0101870c        0x0 ../../../../../Desktop/Workspace\libhal_bsp.a(altera_avalon_jtag_uart_ioctl.o)
 .bss           0x0101870c        0x0 ../../../../../Desktop/Workspace\libhal_bsp.a(altera_avalon_jtag_uart_read.o)
 .bss           0x0101870c        0x0 ../../../../../Desktop/Workspace\libhal_bsp.a(altera_avalon_jtag_uart_write.o)
 .bss           0x0101870c        0x0 ../../../../../Desktop/Workspace\libhal_bsp.a(altera_avalon_timer_sc.o)
 .bss           0x0101870c        0x0 ../../../../../Desktop/Workspace\libhal_bsp.a(altera_up_avalon_audio.o)
 .bss           0x0101870c        0x0 ../../../../../Desktop/Workspace\libhal_bsp.a(altera_up_avalon_audio_and_video_config.o)
 .bss           0x0101870c        0x0 ../../../../../Desktop/Workspace\libhal_bsp.a(altera_up_avalon_character_lcd.o)
 .bss           0x0101870c        0x0 ../../../../../Desktop/Workspace\libhal_bsp.a(altera_up_avalon_ps2.o)
 .bss           0x0101870c        0x0 ../../../../../Desktop/Workspace\libhal_bsp.a(altera_up_avalon_video_character_buffer_with_dma.o)
 .bss           0x0101870c        0x0 ../../../../../Desktop/Workspace\libhal_bsp.a(altera_up_avalon_video_pixel_buffer_dma.o)
 .bss           0x0101870c        0x0 ../../../../../Desktop/Workspace\libhal_bsp.a(altera_up_ps2_keyboard.o)
 .bss           0x0101870c        0x0 ../../../../../Desktop/Workspace\libhal_bsp.a(altera_up_sd_card_avalon_interface.o)
 .bss           0x0101870c        0x0 ../../../../../Desktop/Workspace\libhal_bsp.a(alt_dcache_flush_all.o)
 .bss           0x0101870c        0x0 ../../../../../Desktop/Workspace\libhal_bsp.a(alt_dev_llist_insert.o)
 .bss           0x0101870c        0x0 ../../../../../Desktop/Workspace\libhal_bsp.a(alt_do_ctors.o)
 .bss           0x0101870c        0x0 ../../../../../Desktop/Workspace\libhal_bsp.a(alt_do_dtors.o)
 .bss           0x0101870c        0x0 ../../../../../Desktop/Workspace\libhal_bsp.a(alt_find_dev.o)
 .bss           0x0101870c        0x0 ../../../../../Desktop/Workspace\libhal_bsp.a(alt_icache_flush_all.o)
 .bss           0x0101870c        0x0 ../../../../../Desktop/Workspace\libhal_bsp.a(alt_io_redirect.o)
 .bss           0x0101870c        0x0 ../../../../../Desktop/Workspace\libhal_bsp.a(alt_irq_entry.o)
 .bss           0x0101870c        0x0 ../../../../../Desktop/Workspace\libhal_bsp.a(alt_irq_handler.o)
 .bss           0x0101870c        0x0 ../../../../../Desktop/Workspace\libhal_bsp.a(alt_open.o)
 .bss           0x0101870c        0x0 ../../../../../Desktop/Workspace\libhal_bsp.a(altera_nios2_qsys_irq.o)
 .bss           0x0101870c        0x0 ../../../../../Desktop/Workspace\libhal_bsp.a(alt_exception_entry.o)
 .bss           0x0101870c        0x0 ../../../../../Desktop/Workspace\libhal_bsp.a(alt_find_file.o)
 .bss           0x0101870c        0x0 ../../../../../Desktop/Workspace\libhal_bsp.a(alt_get_fd.o)
 .bss           0x0101870c        0x0 ../../../../../Desktop/Workspace\libhal_bsp.a(alt_icache_flush.o)
 .bss           0x0101870c        0x0 c:/altera/12.0sp2/nios2eds/bin/gnu/h-i686-mingw32/bin/../lib/gcc/nios2-elf/4.1.2/../../../../nios2-elf/lib\libc.a(lib_a-atexit.o)
 .bss           0x0101870c        0x0 c:/altera/12.0sp2/nios2eds/bin/gnu/h-i686-mingw32/bin/../lib/gcc/nios2-elf/4.1.2/../../../../nios2-elf/lib\libc.a(lib_a-exit.o)
 .bss           0x0101870c        0x0 c:/altera/12.0sp2/nios2eds/bin/gnu/h-i686-mingw32/bin/../lib/gcc/nios2-elf/4.1.2/../../../../nios2-elf/lib\libc.a(lib_a-memcmp.o)
 .bss           0x0101870c        0x0 c:/altera/12.0sp2/nios2eds/bin/gnu/h-i686-mingw32/bin/../lib/gcc/nios2-elf/4.1.2/../../../../nios2-elf/lib\libc.a(lib_a-__atexit.o)
 .bss           0x0101870c        0x0 c:/altera/12.0sp2/nios2eds/bin/gnu/h-i686-mingw32/bin/../lib/gcc/nios2-elf/4.1.2/../../../../nios2-elf/lib\libc.a(lib_a-__call_atexit.o)
 .bss           0x0101870c        0x0 ../../../../../Desktop/Workspace\libhal_bsp.a(alt_exit.o)
 *(COMMON)
 COMMON         0x0101870c       0x20 obj/default/DrawMain.o
                0x0101870c                Hex
 COMMON         0x0101872c      0x568 ../../../../../Desktop/Workspace\libhal_bsp.a(altera_up_sd_card_avalon_interface.o)
                0x0101872c                search_data
                0x01018740                boot_sector_data
                0x01018794                active_files
 COMMON         0x01018c94      0x100 ../../../../../Desktop/Workspace\libhal_bsp.a(alt_irq_handler.o)
                0x01018c94                alt_irq
 COMMON         0x01018d94      0x190 c:/altera/12.0sp2/nios2eds/bin/gnu/h-i686-mingw32/bin/../lib/gcc/nios2-elf/4.1.2/../../../../nios2-elf/lib\libc.a(lib_a-atexit.o)
                0x01018d94                _atexit0
                0x01018f24                . = ALIGN (0x4)
                0x01018f24                __bss_end = ABSOLUTE (.)

.sdram          0x01018f24        0x0
                0x01018f24                PROVIDE (_alt_partition_sdram_start, ABSOLUTE (.))
 *(.sdram. sdram.*)
                0x01018f24                . = ALIGN (0x4)
                0x01018f24                PROVIDE (_alt_partition_sdram_end, ABSOLUTE (.))
                0x01018f24                _end = ABSOLUTE (.)
                0x01018f24                end = ABSOLUTE (.)
                0x01018f24                __alt_stack_base = ABSOLUTE (.)
                0x01018f24                PROVIDE (_alt_partition_sdram_load_addr, LOADADDR (.sdram))

.stab
 *(.stab)

.stabstr
 *(.stabstr)

.stab.excl
 *(.stab.excl)

.stab.exclstr
 *(.stab.exclstr)

.stab.index
 *(.stab.index)

.stab.indexstr
 *(.stab.indexstr)

.comment        0x00000000       0x26
 *(.comment)
 .comment       0x00000000       0x26 obj/default/DrawMain.o
                                 0x27 (size before relaxing)
 .comment       0x00000000       0x27 obj/default/audio.o
 .comment       0x00000000       0x27 obj/default/bitmap.o
 .comment       0x00000000       0x27 obj/default/drawBg.o
 .comment       0x00000000       0x27 obj/default/sdcard.o
 .comment       0x00000000       0x27 obj/default/wk_io.o
 .comment       0x00000000       0x27 obj/default/wk_kb.o
 .comment       0x00000000       0x27 obj/default/wk_lcd.o
 .comment       0x00000000       0x27 obj/default/wk_video.o
 .comment       0x00000000       0x27 c:/altera/12.0sp2/nios2eds/bin/gnu/h-i686-mingw32/bin/../lib/gcc/nios2-elf/4.1.2/../../../../nios2-elf/lib\libc.a(lib_a-malloc.o)
 .comment       0x00000000       0x27 c:/altera/12.0sp2/nios2eds/bin/gnu/h-i686-mingw32/bin/../lib/gcc/nios2-elf/4.1.2/../../../../nios2-elf/lib\libc.a(lib_a-mallocr.o)
 .comment       0x00000000       0x27 c:/altera/12.0sp2/nios2eds/bin/gnu/h-i686-mingw32/bin/../lib/gcc/nios2-elf/4.1.2/../../../../nios2-elf/lib\libc.a(lib_a-memcpy.o)
 .comment       0x00000000       0x27 c:/altera/12.0sp2/nios2eds/bin/gnu/h-i686-mingw32/bin/../lib/gcc/nios2-elf/4.1.2/../../../../nios2-elf/lib\libc.a(lib_a-memset.o)
 .comment       0x00000000       0x27 c:/altera/12.0sp2/nios2eds/bin/gnu/h-i686-mingw32/bin/../lib/gcc/nios2-elf/4.1.2/../../../../nios2-elf/lib\libc.a(lib_a-printf.o)
 .comment       0x00000000       0x27 c:/altera/12.0sp2/nios2eds/bin/gnu/h-i686-mingw32/bin/../lib/gcc/nios2-elf/4.1.2/../../../../nios2-elf/lib\libc.a(lib_a-putchar.o)
 .comment       0x00000000       0x27 c:/altera/12.0sp2/nios2eds/bin/gnu/h-i686-mingw32/bin/../lib/gcc/nios2-elf/4.1.2/../../../../nios2-elf/lib\libc.a(lib_a-puts.o)
 .comment       0x00000000       0x27 c:/altera/12.0sp2/nios2eds/bin/gnu/h-i686-mingw32/bin/../lib/gcc/nios2-elf/4.1.2/../../../../nios2-elf/lib\libc.a(lib_a-rand.o)
 .comment       0x00000000       0x27 c:/altera/12.0sp2/nios2eds/bin/gnu/h-i686-mingw32/bin/../lib/gcc/nios2-elf/4.1.2/../../../../nios2-elf/lib\libc.a(lib_a-sbrkr.o)
 .comment       0x00000000       0x27 c:/altera/12.0sp2/nios2eds/bin/gnu/h-i686-mingw32/bin/../lib/gcc/nios2-elf/4.1.2/../../../../nios2-elf/lib\libc.a(lib_a-sprintf.o)
 .comment       0x00000000       0x27 c:/altera/12.0sp2/nios2eds/bin/gnu/h-i686-mingw32/bin/../lib/gcc/nios2-elf/4.1.2/../../../../nios2-elf/lib\libc.a(lib_a-strcat.o)
 .comment       0x00000000       0x27 c:/altera/12.0sp2/nios2eds/bin/gnu/h-i686-mingw32/bin/../lib/gcc/nios2-elf/4.1.2/../../../../nios2-elf/lib\libc.a(lib_a-strcpy.o)
 .comment       0x00000000       0x27 c:/altera/12.0sp2/nios2eds/bin/gnu/h-i686-mingw32/bin/../lib/gcc/nios2-elf/4.1.2/../../../../nios2-elf/lib\libc.a(lib_a-strlen.o)
 .comment       0x00000000       0x27 c:/altera/12.0sp2/nios2eds/bin/gnu/h-i686-mingw32/bin/../lib/gcc/nios2-elf/4.1.2/../../../../nios2-elf/lib\libc.a(lib_a-vfprintf.o)
 .comment       0x00000000       0x27 c:/altera/12.0sp2/nios2eds/bin/gnu/h-i686-mingw32/bin/../lib/gcc/nios2-elf/4.1.2/../../../../nios2-elf/lib\libc.a(lib_a-wsetup.o)
 .comment       0x00000000       0x27 c:/altera/12.0sp2/nios2eds/bin/gnu/h-i686-mingw32/bin/../lib/gcc/nios2-elf/4.1.2/../../../../nios2-elf/lib\libc.a(lib_a-dtoa.o)
 .comment       0x00000000       0x27 c:/altera/12.0sp2/nios2eds/bin/gnu/h-i686-mingw32/bin/../lib/gcc/nios2-elf/4.1.2/../../../../nios2-elf/lib\libc.a(lib_a-fflush.o)
 .comment       0x00000000       0x27 c:/altera/12.0sp2/nios2eds/bin/gnu/h-i686-mingw32/bin/../lib/gcc/nios2-elf/4.1.2/../../../../nios2-elf/lib\libc.a(lib_a-findfp.o)
 .comment       0x00000000       0x27 c:/altera/12.0sp2/nios2eds/bin/gnu/h-i686-mingw32/bin/../lib/gcc/nios2-elf/4.1.2/../../../../nios2-elf/lib\libc.a(lib_a-freer.o)
 .comment       0x00000000       0x27 c:/altera/12.0sp2/nios2eds/bin/gnu/h-i686-mingw32/bin/../lib/gcc/nios2-elf/4.1.2/../../../../nios2-elf/lib\libc.a(lib_a-fvwrite.o)
 .comment       0x00000000       0x27 c:/altera/12.0sp2/nios2eds/bin/gnu/h-i686-mingw32/bin/../lib/gcc/nios2-elf/4.1.2/../../../../nios2-elf/lib\libc.a(lib_a-fwalk.o)
 .comment       0x00000000       0x27 c:/altera/12.0sp2/nios2eds/bin/gnu/h-i686-mingw32/bin/../lib/gcc/nios2-elf/4.1.2/../../../../nios2-elf/lib\libc.a(lib_a-impure.o)