Archive member included because of file (symbol)

c:/altera/12.0sp2/nios2eds/bin/gnu/h-i686-mingw32/bin/../lib/gcc/nios2-elf/4.1.2/../../../../nios2-elf/lib\libc.a(lib_a-malloc.o)
                              obj/default/wk_lcd.o (malloc)
c:/altera/12.0sp2/nios2eds/bin/gnu/h-i686-mingw32/bin/../lib/gcc/nios2-elf/4.1.2/../../../../nios2-elf/lib\libc.a(lib_a-mallocr.o)
                              c:/altera/12.0sp2/nios2eds/bin/gnu/h-i686-mingw32/bin/../lib/gcc/nios2-elf/4.1.2/../../../../nios2-elf/lib\libc.a(lib_a-malloc.o) (_malloc_r)
c:/altera/12.0sp2/nios2eds/bin/gnu/h-i686-mingw32/bin/../lib/gcc/nios2-elf/4.1.2/../../../../nios2-elf/lib\libc.a(lib_a-memcpy.o)
                              obj/default/wk_lcd.o (memcpy)
c:/altera/12.0sp2/nios2eds/bin/gnu/h-i686-mingw32/bin/../lib/gcc/nios2-elf/4.1.2/../../../../nios2-elf/lib\libc.a(lib_a-memset.o)
                              obj/default/DrawMain.o (memset)
c:/altera/12.0sp2/nios2eds/bin/gnu/h-i686-mingw32/bin/../lib/gcc/nios2-elf/4.1.2/../../../../nios2-elf/lib\libc.a(lib_a-printf.o)
                              obj/default/DrawMain.o (printf)
c:/altera/12.0sp2/nios2eds/bin/gnu/h-i686-mingw32/bin/../lib/gcc/nios2-elf/4.1.2/../../../../nios2-elf/lib\libc.a(lib_a-puts.o)
                              obj/default/DrawMain.o (puts)
c:/altera/12.0sp2/nios2eds/bin/gnu/h-i686-mingw32/bin/../lib/gcc/nios2-elf/4.1.2/../../../../nios2-elf/lib\libc.a(lib_a-rand.o)
                              obj/default/DrawMain.o (srand)
c:/altera/12.0sp2/nios2eds/bin/gnu/h-i686-mingw32/bin/../lib/gcc/nios2-elf/4.1.2/../../../../nios2-elf/lib\libc.a(lib_a-sbrkr.o)
                              c:/altera/12.0sp2/nios2eds/bin/gnu/h-i686-mingw32/bin/../lib/gcc/nios2-elf/4.1.2/../../../../nios2-elf/lib\libc.a(lib_a-mallocr.o) (_sbrk_r)
c:/altera/12.0sp2/nios2eds/bin/gnu/h-i686-mingw32/bin/../lib/gcc/nios2-elf/4.1.2/../../../../nios2-elf/lib\libc.a(lib_a-sprintf.o)
                              obj/default/DrawMain.o (sprintf)
c:/altera/12.0sp2/nios2eds/bin/gnu/h-i686-mingw32/bin/../lib/gcc/nios2-elf/4.1.2/../../../../nios2-elf/lib\libc.a(lib_a-strcat.o)
                              obj/default/DrawMain.o (strcat)
c:/altera/12.0sp2/nios2eds/bin/gnu/h-i686-mingw32/bin/../lib/gcc/nios2-elf/4.1.2/../../../../nios2-elf/lib\libc.a(lib_a-strcpy.o)
                              obj/default/wk_lcd.o (strcpy)
c:/altera/12.0sp2/nios2eds/bin/gnu/h-i686-mingw32/bin/../lib/gcc/nios2-elf/4.1.2/../../../../nios2-elf/lib\libc.a(lib_a-strlen.o)
                              obj/default/wk_lcd.o (strlen)
c:/altera/12.0sp2/nios2eds/bin/gnu/h-i686-mingw32/bin/../lib/gcc/nios2-elf/4.1.2/../../../../nios2-elf/lib\libc.a(lib_a-vfprintf.o)
                              c:/altera/12.0sp2/nios2eds/bin/gnu/h-i686-mingw32/bin/../lib/gcc/nios2-elf/4.1.2/../../../../nios2-elf/lib\libc.a(lib_a-printf.o) (___vfprintf_internal_r)
c:/altera/12.0sp2/nios2eds/bin/gnu/h-i686-mingw32/bin/../lib/gcc/nios2-elf/4.1.2/../../../../nios2-elf/lib\libc.a(lib_a-wsetup.o)
                              c:/altera/12.0sp2/nios2eds/bin/gnu/h-i686-mingw32/bin/../lib/gcc/nios2-elf/4.1.2/../../../../nios2-elf/lib\libc.a(lib_a-vfprintf.o) (__swsetup_r)
c:/altera/12.0sp2/nios2eds/bin/gnu/h-i686-mingw32/bin/../lib/gcc/nios2-elf/4.1.2/../../../../nios2-elf/lib\libc.a(lib_a-dtoa.o)
                              c:/altera/12.0sp2/nios2eds/bin/gnu/h-i686-mingw32/bin/../lib/gcc/nios2-elf/4.1.2/../../../../nios2-elf/lib\libc.a(lib_a-vfprintf.o) (_dtoa_r)
c:/altera/12.0sp2/nios2eds/bin/gnu/h-i686-mingw32/bin/../lib/gcc/nios2-elf/4.1.2/../../../../nios2-elf/lib\libc.a(lib_a-fflush.o)
                              c:/altera/12.0sp2/nios2eds/bin/gnu/h-i686-mingw32/bin/../lib/gcc/nios2-elf/4.1.2/../../../../nios2-elf/lib\libc.a(lib_a-vfprintf.o) (_fflush_r)
c:/altera/12.0sp2/nios2eds/bin/gnu/h-i686-mingw32/bin/../lib/gcc/nios2-elf/4.1.2/../../../../nios2-elf/lib\libc.a(lib_a-findfp.o)
                              c:/altera/12.0sp2/nios2eds/bin/gnu/h-i686-mingw32/bin/../lib/gcc/nios2-elf/4.1.2/../../../../nios2-elf/lib\libc.a(lib_a-vfprintf.o) (__sinit)
c:/altera/12.0sp2/nios2eds/bin/gnu/h-i686-mingw32/bin/../lib/gcc/nios2-elf/4.1.2/../../../../nios2-elf/lib\libc.a(lib_a-freer.o)
                              c:/altera/12.0sp2/nios2eds/bin/gnu/h-i686-mingw32/bin/../lib/gcc/nios2-elf/4.1.2/../../../../nios2-elf/lib\libc.a(lib_a-malloc.o) (_free_r)
c:/altera/12.0sp2/nios2eds/bin/gnu/h-i686-mingw32/bin/../lib/gcc/nios2-elf/4.1.2/../../../../nios2-elf/lib\libc.a(lib_a-fvwrite.o)
                              c:/altera/12.0sp2/nios2eds/bin/gnu/h-i686-mingw32/bin/../lib/gcc/nios2-elf/4.1.2/../../../../nios2-elf/lib\libc.a(lib_a-puts.o) (__sfvwrite_r)
c:/altera/12.0sp2/nios2eds/bin/gnu/h-i686-mingw32/bin/../lib/gcc/nios2-elf/4.1.2/../../../../nios2-elf/lib\libc.a(lib_a-fwalk.o)
                              c:/altera/12.0sp2/nios2eds/bin/gnu/h-i686-mingw32/bin/../lib/gcc/nios2-elf/4.1.2/../../../../nios2-elf/lib\libc.a(lib_a-fflush.o) (_fwalk_reent)
[...]
Memory Configuration

Name             Origin             Length             Attributes
reset            0x01000000         0x00000020
sdram            0x01000020         0x007fffe0
*default*        0x00000000         0xffffffff

Linker script and memory map

LOAD ../../../../../Desktop/310project/obj/HAL/src/crt0.o
LOAD obj/default/DrawMain.o
LOAD obj/default/drawBg.o
LOAD obj/default/wk_io.o
LOAD obj/default/wk_lcd.o
LOAD obj/default/wk_video.o
LOAD c:/altera/12.0sp2/nios2eds/bin/gnu/h-i686-mingw32/bin/../lib/gcc/nios2-elf/4.1.2/../../../../nios2-elf/lib\libstdc++.a
LOAD c:/altera/12.0sp2/nios2eds/bin/gnu/h-i686-mingw32/bin/../lib/gcc/nios2-elf/4.1.2/../../../../nios2-elf/lib\libm.a
LOAD c:/altera/12.0sp2/nios2eds/bin/gnu/h-i686-mingw32/bin/../lib/gcc/nios2-elf/4.1.2\libgcc.a
START GROUP
LOAD c:/altera/12.0sp2/nios2eds/bin/gnu/h-i686-mingw32/bin/../lib/gcc/nios2-elf/4.1.2/../../../../nios2-elf/lib\libc.a
LOAD c:/altera/12.0sp2/nios2eds/bin/gnu/h-i686-mingw32/bin/../lib/gcc/nios2-elf/4.1.2\libgcc.a
LOAD ../../../../../Desktop/310project\libhal_bsp.a
END GROUP
LOAD c:/altera/12.0sp2/nios2eds/bin/gnu/h-i686-mingw32/bin/../lib/gcc/nios2-elf/4.1.2\libgcc.a
                0x01000000                __alt_mem_sdram = 0x1000000

.entry          0x01000000       0x20
 *(.entry)
 .entry         0x01000000       0x20 ../../../../../Desktop/310project/obj/HAL/src/crt0.o
                0x01000000                __reset

.exceptions     0x01000020      0x198
                0x01000020                PROVIDE (__ram_exceptions_start, ABSOLUTE (.))
                0x01000020                . = ALIGN (0x20)
 *(.irq)
 *(.exceptions.entry.label)
 .exceptions.entry.label
                0x01000020        0x0 ../../../../../Desktop/310project\libhal_bsp.a(alt_irq_entry.o)
                0x01000020                alt_irq_entry
 .exceptions.entry.label
                0x01000020        0x0 ../../../../../Desktop/310project\libhal_bsp.a(alt_exception_entry.o)
                0x01000020                alt_exception
 *(.exceptions.entry.user)
 *(.exceptions.entry)
 .exceptions.entry
                0x01000020       0x54 ../../../../../Desktop/310project\libhal_bsp.a(alt_exception_entry.o)
 *(.exceptions.irqtest.user)
 *(.exceptions.irqtest)
 .exceptions.irqtest
                0x01000074       0x10 ../../../../../Desktop/310project\libhal_bsp.a(alt_irq_entry.o)
 *(.exceptions.irqhandler.user)
 *(.exceptions.irqhandler)
 .exceptions.irqhandler
                0x01000084        0x4 ../../../../../Desktop/310project\libhal_bsp.a(alt_irq_entry.o)
 *(.exceptions.irqreturn.user)
 *(.exceptions.irqreturn)
 .exceptions.irqreturn
                0x01000088        0x4 ../../../../../Desktop/310project\libhal_bsp.a(alt_irq_entry.o)
 *(.exceptions.notirq.label)
 .exceptions.notirq.label
                0x0100008c        0x0 ../../../../../Desktop/310project\libhal_bsp.a(alt_irq_entry.o)
 *(.exceptions.notirq.user)
 *(.exceptions.notirq)
 .exceptions.notirq
                0x0100008c        0x8 ../../../../../Desktop/310project\libhal_bsp.a(alt_exception_entry.o)
 *(.exceptions.soft.user)
 *(.exceptions.soft)
 *(.exceptions.unknown.user)
 *(.exceptions.unknown)
 .exceptions.unknown
                0x01000094        0x4 ../../../../../Desktop/310project\libhal_bsp.a(alt_exception_entry.o)
 *(.exceptions.exit.label)
 .exceptions.exit.label
                0x01000098        0x0 ../../../../../Desktop/310project\libhal_bsp.a(alt_irq_entry.o)
 .exceptions.exit.label
                0x01000098        0x0 ../../../../../Desktop/310project\libhal_bsp.a(alt_exception_entry.o)
 *(.exceptions.exit.user)
 *(.exceptions.exit)
 .exceptions.exit
                0x01000098       0x54 ../../../../../Desktop/310project\libhal_bsp.a(alt_exception_entry.o)
 *(.exceptions)
 .exceptions    0x010000ec       0xcc ../../../../../Desktop/310project\libhal_bsp.a(alt_irq_handler.o)
                0x010000ec                alt_irq_handler
                0x010001b8                PROVIDE (__ram_exceptions_end, ABSOLUTE (.))
                0x01000020                PROVIDE (__flash_exceptions_start, LOADADDR (.exceptions))

.text           0x010001b8    0x1046c
                0x010001b8                PROVIDE (stext, ABSOLUTE (.))
 *(.interp)
 *(.hash)
 *(.dynsym)
 *(.dynstr)
 *(.gnu.version)
 *(.gnu.version_d)
 *(.gnu.version_r)
 *(.rel.init)
 *(.rela.init)
 *(.rel.text .rel.text.* .rel.gnu.linkonce.t.*)
 *(.rela.text .rela.text.* .rela.gnu.linkonce.t.*)
 *(.rel.fini)
 *(.rela.fini)
 *(.rel.rodata .rel.rodata.* .rel.gnu.linkonce.r.*)
 *(.rela.rodata .rela.rodata.* .rela.gnu.linkonce.r.*)
 *(.rel.data .rel.data.* .rel.gnu.linkonce.d.*)
 *(.rela.data .rela.data.* .rela.gnu.linkonce.d.*)
 *(.rel.tdata .rel.tdata.* .rel.gnu.linkonce.td.*)
 *(.rela.tdata .rela.tdata.* .rela.gnu.linkonce.td.*)
 *(.rel.tbss .rel.tbss.* .rel.gnu.linkonce.tb.*)
 *(.rela.tbss .rela.tbss.* .rela.gnu.linkonce.tb.*)
 *(.rel.ctors)
 *(.rela.ctors)
 *(.rel.dtors)
 *(.rela.dtors)
 *(.rel.got)
 *(.rela.got)
 *(.rel.sdata .rel.sdata.* .rel.gnu.linkonce.s.*)
 *(.rela.sdata .rela.sdata.* .rela.gnu.linkonce.s.*)
 *(.rel.sbss .rel.sbss.* .rel.gnu.linkonce.sb.*)
 *(.rela.sbss .rela.sbss.* .rela.gnu.linkonce.sb.*)
 *(.rel.sdata2 .rel.sdata2.* .rel.gnu.linkonce.s2.*)
 *(.rela.sdata2 .rela.sdata2.* .rela.gnu.linkonce.s2.*)
 *(.rel.sbss2 .rel.sbss2.* .rel.gnu.linkonce.sb2.*)
 *(.rela.sbss2 .rela.sbss2.* .rela.gnu.linkonce.sb2.*)
 *(.rel.bss .rel.bss.* .rel.gnu.linkonce.b.*)
 *(.rela.bss .rela.bss.* .rela.gnu.linkonce.b.*)
 *(.rel.plt)
 *(.rela.plt)
 *(.rel.dyn)
 *(.init)
 *(.plt)
 *(.text .stub .text.* .gnu.linkonce.t.*)
 .text          0x010001b8       0x4c ../../../../../Desktop/310project/obj/HAL/src/crt0.o
                0x010001b8                _start
 .text          0x01000204      0x618 obj/default/DrawMain.o
                0x01000204                draw
                0x0100022c                key_hit
                0x010002b4                main
 .text          0x0100081c      0x5e4 obj/default/drawBg.o
                0x0100081c                drawBg
                0x010008a4                drawSprite
                0x01000b04                makeNPC
                0x01000d00                drawNPCs
 .text          0x01000e00      0x5b4 obj/default/wk_io.o
                0x01000e00                initHex
                0x01000ea8                hexPrintNum
                0x01001350                clrHex
 .text          0x010013b4      0x2bc obj/default/wk_lcd.o
                0x010013b4                lcdInit
                0x01001438                lcdPrint
                0x01001500                lcdLineSet
                0x010015f0                lcdClrScr
 .text          0x01001670      0x450 obj/default/wk_video.o
                0x01001670                charInit
                0x010016b0                pixelInit
                0x01001718                clrScr
                0x01001758                fillScr
                0x010017b0                drawLine
                0x01001878                drawBox
                0x01001914                drawPoly
                0x01001a0c                swapBuffer
                0x01001a4c                mkColor
 .text          0x01001ac0       0x28 c:/altera/12.0sp2/nios2eds/bin/gnu/h-i686-mingw32/bin/../lib/gcc/nios2-elf/4.1.2/../../../../nios2-elf/lib\libc.a(lib_a-malloc.o)
                0x01001ac0                free
                0x01001ad4                malloc
 .text          0x01001ae8      0x740 c:/altera/12.0sp2/nios2eds/bin/gnu/h-i686-mingw32/bin/../lib/gcc/nios2-elf/4.1.2/../../../../nios2-elf/lib\libc.a(lib_a-mallocr.o)
                0x01001ae8                _malloc_r
 .text          0x01002228       0xa0 c:/altera/12.0sp2/nios2eds/bin/gnu/h-i686-mingw32/bin/../lib/gcc/nios2-elf/4.1.2/../../../../nios2-elf/lib\libc.a(lib_a-memcpy.o)
                0x01002228                memcpy
 .text          0x010022c8       0x98 c:/altera/12.0sp2/nios2eds/bin/gnu/h-i686-mingw32/bin/../lib/gcc/nios2-elf/4.1.2/../../../../nios2-elf/lib\libc.a(lib_a-memset.o)
                0x010022c8                memset
 .text          0x01002360       0x78 c:/altera/12.0sp2/nios2eds/bin/gnu/h-i686-mingw32/bin/../lib/gcc/nios2-elf/4.1.2/../../../../nios2-elf/lib\libc.a(lib_a-printf.o)
                0x01002360                printf
                0x010023a4                _printf_r
 .text          0x010023d8       0xb4 c:/altera/12.0sp2/nios2eds/bin/gnu/h-i686-mingw32/bin/../lib/gcc/nios2-elf/4.1.2/../../../../nios2-elf/lib\libc.a(lib_a-puts.o)
                0x010023d8                _puts_r
                0x01002478                puts
 .text          0x0100248c       0x94 c:/altera/12.0sp2/nios2eds/bin/gnu/h-i686-mingw32/bin/../lib/gcc/nios2-elf/4.1.2/../../../../nios2-elf/lib\libc.a(lib_a-rand.o)
                0x0100248c                srand
                0x010024a8                rand
 .text          0x01002520       0x70 c:/altera/12.0sp2/nios2eds/bin/gnu/h-i686-mingw32/bin/../lib/gcc/nios2-elf/4.1.2/../../../../nios2-elf/lib\libc.a(lib_a-sbrkr.o)
                0x01002520                _sbrk_r
 .text          0x01002590       0xd4 c:/altera/12.0sp2/nios2eds/bin/gnu/h-i686-mingw32/bin/../lib/gcc/nios2-elf/4.1.2/../../../../nios2-elf/lib\libc.a(lib_a-sprintf.o)
                0x01002590                sprintf
                0x01002604                _sprintf_r
 .text          0x01002664       0x90 c:/altera/12.0sp2/nios2eds/bin/gnu/h-i686-mingw32/bin/../lib/gcc/nios2-elf/4.1.2/../../../../nios2-elf/lib\libc.a(lib_a-strcat.o)
                0x01002664                strcat
 .text          0x010026f4       0x8c c:/altera/12.0sp2/nios2eds/bin/gnu/h-i686-mingw32/bin/../lib/gcc/nios2-elf/4.1.2/../../../../nios2-elf/lib\libc.a(lib_a-strcpy.o)
                0x010026f4                strcpy
 .text          0x01002780       0x74 c:/altera/12.0sp2/nios2eds/bin/gnu/h-i686-mingw32/bin/../lib/gcc/nios2-elf/4.1.2/../../../../nios2-elf/lib\libc.a(lib_a-strlen.o)
                0x01002780                strlen
 .text          0x010027f4     0x1f28 c:/altera/12.0sp2/nios2eds/bin/gnu/h-i686-mingw32/bin/../lib/gcc/nios2-elf/4.1.2/../../../../nios2-elf/lib\libc.a(lib_a-vfprintf.o)
                0x0100284c                ___vfprintf_internal_r
                0x010046f8                __vfprintf_internal
 .text          0x0100471c      0x13c c:/altera/12.0sp2/nios2eds/bin/gnu/h-i686-mingw32/bin/../lib/gcc/nios2-elf/4.1.2/../../../../nios2-elf/lib\libc.a(lib_a-wsetup.o)
                0x0100471c                __swsetup_r
 .text          0x01004858     0x17cc c:/altera/12.0sp2/nios2eds/bin/gnu/h-i686-mingw32/bin/../lib/gcc/nios2-elf/4.1.2/../../../../nios2-elf/lib\libc.a(lib_a-dtoa.o)
                0x01004a70                _dtoa_r
 .text          0x01006024      0x230 c:/altera/12.0sp2/nios2eds/bin/gnu/h-i686-mingw32/bin/../lib/gcc/nios2-elf/4.1.2/../../../../nios2-elf/lib\libc.a(lib_a-fflush.o)
                0x01006024                _fflush_r
                0x01006220                fflush
 .text          0x01006254      0x2c0 c:/altera/12.0sp2/nios2eds/bin/gnu/h-i686-mingw32/bin/../lib/gcc/nios2-elf/4.1.2/../../../../nios2-elf/lib\libc.a(lib_a-findfp.o)
                0x010062ac                __sfp_lock_acquire
                0x010062b0                __sfp_lock_release
                0x010062b4                __sinit_lock_acquire
                0x010062b8                __sinit_lock_release
                0x010062bc                __sinit
                0x01006370                __fp_unlock_all
                0x01006388                __fp_lock_all
                0x010063a0                _cleanup_r
                0x010063ac                _cleanup
                0x010063bc                __sfmoreglue
                0x01006424                __sfp
 .text          0x01006514      0x440 c:/altera/12.0sp2/nios2eds/bin/gnu/h-i686-mingw32/bin/../lib/gcc/nios2-elf/4.1.2/../../../../nios2-elf/lib\libc.a(lib_a-freer.o)
                0x01006514                _malloc_trim_r
                0x01006640                _free_r
 .text          0x01006954      0x49c c:/altera/12.0sp2/nios2eds/bin/gnu/h-i686-mingw32/bin/../lib/gcc/nios2-elf/4.1.2/../../../../nios2-elf/lib\libc.a(lib_a-fvwrite.o)
                0x01006954                __sfvwrite_r
 .text          0x01006df0      0x180 c:/altera/12.0sp2/nios2eds/bin/gnu/h-i686-mingw32/bin/../lib/gcc/nios2-elf/4.1.2/../../../../nios2-elf/lib\libc.a(lib_a-fwalk.o)
                0x01006df0                _fwalk_reent
                0x01006eb8                _fwalk
 .text          0x01006f70        0x0 c:/altera/12.0sp2/nios2eds/bin/gnu/h-i686-mingw32/bin/../lib/gcc/nios2-elf/4.1.2/../../../../nios2-elf/lib\libc.a(lib_a-impure.o)
 .text          0x01006f70        0x0 c:/altera/12.0sp2/nios2eds/bin/gnu/h-i686-mingw32/bin/../lib/gcc/nios2-elf/4.1.2/../../../../nios2-elf/lib\libc.a(lib_a-int_errno.o)
 .text          0x01006f70       0xc4 c:/altera/12.0sp2/nios2eds/bin/gnu/h-i686-mingw32/bin/../lib/gcc/nios2-elf/4.1.2/../../../../nios2-elf/lib\libc.a(lib_a-locale.o)
                0x01006f70                __locale_charset
                0x01006f78                _localeconv_r
                0x01006f84                localeconv
                0x01006f94                _setlocale_r
                0x01007018                setlocale
 .text          0x01007034      0x194 c:/altera/12.0sp2/nios2eds/bin/gnu/h-i686-mingw32/bin/../lib/gcc/nios2-elf/4.1.2/../../../../nios2-elf/lib\libc.a(lib_a-makebuf.o)
                0x01007034                __smakebuf_r
 .text          0x010071c8       0xe4 c:/altera/12.0sp2/nios2eds/bin/gnu/h-i686-mingw32/bin/../lib/gcc/nios2-elf/4.1.2/../../../../nios2-elf/lib\libc.a(lib_a-memchr.o)
                0x010071c8                memchr
 .text          0x010072ac       0xe0 c:/altera/12.0sp2/nios2eds/bin/gnu/h-i686-mingw32/bin/../lib/gcc/nios2-elf/4.1.2/../../../../nios2-elf/lib\libc.a(lib_a-memmove.o)
                0x010072ac                memmove
 .text          0x0100738c      0xff4 c:/altera/12.0sp2/nios2eds/bin/gnu/h-i686-mingw32/bin/../lib/gcc/nios2-elf/4.1.2/../../../../nios2-elf/lib\libc.a(lib_a-mprec.o)
                0x0100738c                _Bfree
                0x010073b4                __hi0bits
                0x01007424                __lo0bits
                0x010074e8                __mcmp
                0x01007548                __ulp
                0x010075c8                __b2d
                0x010076e8                __ratio
                0x01007798                _mprec_log10
                0x0100782c                __copybits
                0x01007884                __any_on
                0x0100790c                _Balloc
                0x010079c8                __d2b
                0x01007b44                __mdiff
                0x01007cd0                __lshift
                0x01007e1c                __multiply
                0x01008004                __i2b
                0x01008040                __multadd
                0x01008140                __pow5mult
                0x01008260                __s2b
 .text          0x01008380      0x5f4 c:/altera/12.0sp2/nios2eds/bin/gnu/h-i686-mingw32/bin/../lib/gcc/nios2-elf/4.1.2/../../../../nios2-elf/lib\libc.a(lib_a-reallocr.o)
                0x01008380                _realloc_r
 .text          0x01008974       0x40 c:/altera/12.0sp2/nios2eds/bin/gnu/h-i686-mingw32/bin/../lib/gcc/nios2-elf/4.1.2/../../../../nios2-elf/lib\libc.a(lib_a-s_isinfd.o)
                0x01008974                __isinfd
 .text          0x010089b4       0x30 c:/altera/12.0sp2/nios2eds/bin/gnu/h-i686-mingw32/bin/../lib/gcc/nios2-elf/4.1.2/../../../../nios2-elf/lib\libc.a(lib_a-s_isnand.o)
                0x010089b4                __isnand
 .text          0x010089e4      0x14c c:/altera/12.0sp2/nios2eds/bin/gnu/h-i686-mingw32/bin/../lib/gcc/nios2-elf/4.1.2/../../../../nios2-elf/lib\libc.a(lib_a-stdio.o)
                0x010089e4                __sclose
                0x010089ec                __sseek
                0x01008a54                __swrite
                0x01008ad0                __sread
 .text          0x01008b30       0xbc c:/altera/12.0sp2/nios2eds/bin/gnu/h-i686-mingw32/bin/../lib/gcc/nios2-elf/4.1.2/../../../../nios2-elf/lib\libc.a(lib_a-strcmp.o)
                0x01008b30                strcmp
 .text          0x01008bec       0x78 c:/altera/12.0sp2/nios2eds/bin/gnu/h-i686-mingw32/bin/../lib/gcc/nios2-elf/4.1.2/../../../../nios2-elf/lib\libc.a(lib_a-writer.o)
                0x01008bec                _write_r
 .text          0x01008c64       0xb4 c:/altera/12.0sp2/nios2eds/bin/gnu/h-i686-mingw32/bin/../lib/gcc/nios2-elf/4.1.2/../../../../nios2-elf/lib\libc.a(lib_a-callocr.o)
                0x01008c64                _calloc_r
 .text          0x01008d18       0x70 c:/altera/12.0sp2/nios2eds/bin/gnu/h-i686-mingw32/bin/../lib/gcc/nios2-elf/4.1.2/../../../../nios2-elf/lib\libc.a(lib_a-closer.o)
                0x01008d18                _close_r
 .text          0x01008d88      0x124 c:/altera/12.0sp2/nios2eds/bin/gnu/h-i686-mingw32/bin/../lib/gcc/nios2-elf/4.1.2/../../../../nios2-elf/lib\libc.a(lib_a-fclose.o)
                0x01008d88                _fclose_r
                0x01008e98                fclose
 .text          0x01008eac       0x74 c:/altera/12.0sp2/nios2eds/bin/gnu/h-i686-mingw32/bin/../lib/gcc/nios2-elf/4.1.2/../../../../nios2-elf/lib\libc.a(lib_a-fstatr.o)
                0x01008eac                _fstat_r
 .text          0x01008f20       0x70 c:/altera/12.0sp2/nios2eds/bin/gnu/h-i686-mingw32/bin/../lib/gcc/nios2-elf/4.1.2/../../../../nios2-elf/lib\libc.a(lib_a-isattyr.o)
                0x01008f20                _isatty_r
 .text          0x01008f90       0x78 c:/altera/12.0sp2/nios2eds/bin/gnu/h-i686-mingw32/bin/../lib/gcc/nios2-elf/4.1.2/../../../../nios2-elf/lib\libc.a(lib_a-lseekr.o)
                0x01008f90                _lseek_r
 .text          0x01009008       0x78 c:/altera/12.0sp2/nios2eds/bin/gnu/h-i686-mingw32/bin/../lib/gcc/nios2-elf/4.1.2/../../../../nios2-elf/lib\libc.a(lib_a-readr.o)
                0x01009008                _read_r
 .text          0x01009080       0x98 c:/altera/12.0sp2/nios2eds/bin/gnu/h-i686-mingw32/bin/../lib/gcc/nios2-elf/4.1.2\libgcc.a(_muldi3.o)
                0x01009080                __muldi3
 .text          0x01009118      0x5dc c:/altera/12.0sp2/nios2eds/bin/gnu/h-i686-mingw32/bin/../lib/gcc/nios2-elf/4.1.2\libgcc.a(_udivdi3.o)
                0x01009118                __udivdi3
 .text          0x010096f4      0x5b0 c:/altera/12.0sp2/nios2eds/bin/gnu/h-i686-mingw32/bin/../lib/gcc/nios2-elf/4.1.2\libgcc.a(_umoddi3.o)
                0x010096f4                __umoddi3
 .text          0x01009ca4      0x504 c:/altera/12.0sp2/nios2eds/bin/gnu/h-i686-mingw32/bin/../lib/gcc/nios2-elf/4.1.2\libgcc.a(_addsub_df.o)
                0x0100a0b4                __subdf3
                0x0100a134                __adddf3
 .text          0x0100a1a8      0x3c4 c:/altera/12.0sp2/nios2eds/bin/gnu/h-i686-mingw32/bin/../lib/gcc/nios2-elf/4.1.2\libgcc.a(_mul_df.o)
                0x0100a1a8                __muldf3
 .text          0x0100a56c      0x258 c:/altera/12.0sp2/nios2eds/bin/gnu/h-i686-mingw32/bin/../lib/gcc/nios2-elf/4.1.2\libgcc.a(_div_df.o)
                0x0100a56c                __divdf3
 .text          0x0100a7c4       0x88 c:/altera/12.0sp2/nios2eds/bin/gnu/h-i686-mingw32/bin/../lib/gcc/nios2-elf/4.1.2\libgcc.a(_eq_df.o)
                0x0100a7c4                __eqdf2
 .text          0x0100a84c       0x88 c:/altera/12.0sp2/nios2eds/bin/gnu/h-i686-mingw32/bin/../lib/gcc/nios2-elf/4.1.2\libgcc.a(_ne_df.o)
                0x0100a84c                __nedf2
 .text          0x0100a8d4       0x88 c:/altera/12.0sp2/nios2eds/bin/gnu/h-i686-mingw32/bin/../lib/gcc/nios2-elf/4.1.2\libgcc.a(_gt_df.o)
                0x0100a8d4                __gtdf2
 .text          0x0100a95c       0x88 c:/altera/12.0sp2/nios2eds/bin/gnu/h-i686-mingw32/bin/../lib/gcc/nios2-elf/4.1.2\libgcc.a(_ge_df.o)
                0x0100a95c                __gedf2
 .text          0x0100a9e4       0x88 c:/altera/12.0sp2/nios2eds/bin/gnu/h-i686-mingw32/bin/../lib/gcc/nios2-elf/4.1.2\libgcc.a(_lt_df.o)
                0x0100a9e4                __ltdf2
 .text          0x0100aa6c       0xf8 c:/altera/12.0sp2/nios2eds/bin/gnu/h-i686-mingw32/bin/../lib/gcc/nios2-elf/4.1.2\libgcc.a(_si_to_df.o)
                0x0100aa6c                __floatsidf
 .text          0x0100ab64       0xd8 c:/altera/12.0sp2/nios2eds/bin/gnu/h-i686-mingw32/bin/../lib/gcc/nios2-elf/4.1.2\libgcc.a(_df_to_si.o)
                0x0100ab64                __fixdfsi
 .text          0x0100ac3c        0x0 c:/altera/12.0sp2/nios2eds/bin/gnu/h-i686-mingw32/bin/../lib/gcc/nios2-elf/4.1.2\libgcc.a(_thenan_df.o)
 .text          0x0100ac3c      0x194 c:/altera/12.0sp2/nios2eds/bin/gnu/h-i686-mingw32/bin/../lib/gcc/nios2-elf/4.1.2\libgcc.a(_usi_to_df.o)
                0x0100ac3c                __floatunsidf
 .text          0x0100add0      0x14c c:/altera/12.0sp2/nios2eds/bin/gnu/h-i686-mingw32/bin/../lib/gcc/nios2-elf/4.1.2\libgcc.a(lib2-divmod.o)
                0x0100ae4c                __divsi3
                0x0100aeac                __modsi3
                0x0100af0c                __udivsi3
                0x0100af14                __umodsi3
 .text          0x0100af1c        0x0 c:/altera/12.0sp2/nios2eds/bin/gnu/h-i686-mingw32/bin/../lib/gcc/nios2-elf/4.1.2\libgcc.a(_clz.o)
 .text          0x0100af1c       0x80 c:/altera/12.0sp2/nios2eds/bin/gnu/h-i686-mingw32/bin/../lib/gcc/nios2-elf/4.1.2\libgcc.a(_clzsi2.o)
                0x0100af1c                __clzsi2
 .text          0x0100af9c      0x314 c:/altera/12.0sp2/nios2eds/bin/gnu/h-i686-mingw32/bin/../lib/gcc/nios2-elf/4.1.2\libgcc.a(_pack_df.o)
                0x0100af9c                __pack_d
 .text          0x0100b2b0      0x138 c:/altera/12.0sp2/nios2eds/bin/gnu/h-i686-mingw32/bin/../lib/gcc/nios2-elf/4.1.2\libgcc.a(_unpack_df.o)
                0x0100b2b0                __unpack_d
 .text          0x0100b3e8       0xc8 c:/altera/12.0sp2/nios2eds/bin/gnu/h-i686-mingw32/bin/../lib/gcc/nios2-elf/4.1.2\libgcc.a(_fpcmp_parts_df.o)
                0x0100b3e8                __fpcmp_parts_d
 .text          0x0100b4b0      0x154 ../../../../../Desktop/310project\libhal_bsp.a(alt_alarm_start.o)
                0x0100b4b0                alt_alarm_start
 .text          0x0100b604      0x15c ../../../../../Desktop/310project\libhal_bsp.a(alt_close.o)
                0x0100b604                close
 .text          0x0100b760       0x2c ../../../../../Desktop/310project\libhal_bsp.a(alt_dev.o)
 .text          0x0100b78c        0x0 ../../../../../Desktop/310project\libhal_bsp.a(alt_errno.o)
 .text          0x0100b78c      0x134 ../../../../../Desktop/310project\libhal_bsp.a(alt_fstat.o)
                0x0100b78c                fstat
 .text          0x0100b8c0      0x1c0 ../../../../../Desktop/310project\libhal_bsp.a(alt_irq_register.o)
                0x0100b8c0                alt_irq_register
 .text          0x0100ba80        0x0 ../../../../../Desktop/310project\libhal_bsp.a(alt_irq_vars.o)
 .text          0x0100ba80      0x120 ../../../../../Desktop/310project\libhal_bsp.a(alt_isatty.o)
                0x0100ba80                isatty
 .text          0x0100bba0       0xec ../../../../../Desktop/310project\libhal_bsp.a(alt_load.o)
                0x0100bba0                alt_load
 .text          0x0100bc8c      0x150 ../../../../../Desktop/310project\libhal_bsp.a(alt_lseek.o)
                0x0100bc8c                lseek
 .text          0x0100bddc       0x6c ../../../../../Desktop/310project\libhal_bsp.a(alt_main.o)
                0x0100bddc                alt_main
 .text          0x0100be48       0x40 ../../../../../Desktop/310project\libhal_bsp.a(alt_malloc_lock.o)
                0x0100be48                __malloc_lock
                0x0100be68                __malloc_unlock
 .text          0x0100be88      0x180 ../../../../../Desktop/310project\libhal_bsp.a(alt_read.o)
                0x0100be88                read
 .text          0x0100c008       0x60 ../../../../../Desktop/310project\libhal_bsp.a(alt_release_fd.o)
                0x0100c008                alt_release_fd
 .text          0x0100c068       0xbc ../../../../../Desktop/310project\libhal_bsp.a(alt_sbrk.o)
                0x0100c068                sbrk
 .text          0x0100c124      0x1a4 ../../../../../Desktop/310project\libhal_bsp.a(alt_tick.o)
                0x0100c124                alt_alarm_stop
                0x0100c1bc                alt_tick
 .text          0x0100c2c8      0x180 ../../../../../Desktop/310project\libhal_bsp.a(alt_write.o)
                0x0100c2c8                write
 .text          0x0100c448      0x3b4 ../../../../../Desktop/310project\libhal_bsp.a(alt_sys_init.o)
                0x0100c448                alt_irq_init
                0x0100c47c                alt_sys_init
 .text          0x0100c7fc      0x148 ../../../../../Desktop/310project\libhal_bsp.a(altera_avalon_jtag_uart_fd.o)
                0x0100c7fc                altera_avalon_jtag_uart_read_fd
                0x0100c854                altera_avalon_jtag_uart_write_fd
                0x0100c8ac                altera_avalon_jtag_uart_close_fd
                0x0100c8f4                altera_avalon_jtag_uart_ioctl_fd
 .text          0x0100c944      0x408 ../../../../../Desktop/310project\libhal_bsp.a(altera_avalon_jtag_uart_init.o)
                0x0100c944                altera_avalon_jtag_uart_init
                0x0100ccd8                altera_avalon_jtag_uart_close
 .text          0x0100cd4c       0xf4 ../../../../../Desktop/310project\libhal_bsp.a(altera_avalon_jtag_uart_ioctl.o)
                0x0100cd4c                altera_avalon_jtag_uart_ioctl
 .text          0x0100ce40      0x224 ../../../../../Desktop/310project\libhal_bsp.a(altera_avalon_jtag_uart_read.o)
                0x0100ce40                altera_avalon_jtag_uart_read
 .text          0x0100d064      0x240 ../../../../../Desktop/310project\libhal_bsp.a(altera_avalon_jtag_uart_write.o)
                0x0100d064                altera_avalon_jtag_uart_write
 .text          0x0100d2a4       0xfc ../../../../../Desktop/310project\libhal_bsp.a(altera_avalon_timer_sc.o)
                0x0100d318                alt_avalon_timer_sc_init
 .text          0x0100d3a0      0x530 ../../../../../Desktop/310project\libhal_bsp.a(altera_up_avalon_character_lcd.o)
                0x0100d3a0                get_DDRAM_addr
                0x0100d41c                alt_up_character_lcd_send_cmd
                0x0100d450                alt_up_character_lcd_init
                0x0100d484                alt_up_character_lcd_open_dev
                0x0100d4c4                alt_up_character_lcd_write
                0x0100d53c                alt_up_character_lcd_string
                0x0100d5b4                alt_up_character_lcd_write_fd
                0x0100d600                alt_up_character_lcd_set_cursor_pos
                0x0100d678                alt_up_character_lcd_shift_cursor
                0x0100d728                alt_up_character_lcd_shift_display
                0x0100d7d8                alt_up_character_lcd_erase_pos
                0x0100d868                alt_up_character_lcd_cursor_off
                0x0100d89c                alt_up_character_lcd_cursor_blink_on
 .text          0x0100d8d0      0x700 ../../../../../Desktop/310project\libhal_bsp.a(altera_up_avalon_ps2.o)
                0x0100d8d0                read_RI_bit
                0x0100d904                read_RE_bit
                0x0100d934                read_CE_bit
                0x0100d968                read_num_bytes_available
                0x0100d99c                read_data_valid
                0x0100d9d0                read_data_byte
                0x0100d9fc                alt_up_ps2_init
                0x0100dac8                alt_up_ps2_enable_read_interrupt
                0x0100db1c                alt_up_ps2_disable_read_interrupt
                0x0100db74                alt_up_ps2_write_data_byte
                0x0100dbec                alt_up_ps2_wait_for_ack
                0x0100dc5c                alt_up_ps2_write_data_byte_with_ack
                0x0100dcc8                alt_up_ps2_read_data_byte_timeout
                0x0100dd78                alt_up_ps2_read_data_byte
                0x0100ddf4                alt_up_ps2_clear_fifo
                0x0100de4c                alt_up_ps2_read_fd
                0x0100dee8                alt_up_ps2_write_fd
                0x0100df90                alt_up_ps2_open_dev
 .text          0x0100dfd0      0x304 ../../../../../Desktop/310project\libhal_bsp.a(altera_up_avalon_video_character_buffer_with_dma.o)
                0x0100dfd0                alt_up_char_buffer_init
                0x0100e054                alt_up_char_buffer_open_dev
                0x0100e094                alt_up_char_buffer_draw
                0x0100e164                alt_up_char_buffer_string
                0x0100e278                alt_up_char_buffer_clear
 .text          0x0100e2d4     0x156c ../../../../../Desktop/310project\libhal_bsp.a(altera_up_avalon_video_pixel_buffer_dma.o)
                0x0100e2d4                alt_up_pixel_buffer_dma_open_dev
                0x0100e314                alt_up_pixel_buffer_dma_draw
                0x0100e4b4                alt_up_pixel_buffer_dma_change_back_buffer_address
                0x0100e50c                alt_up_pixel_buffer_dma_swap_buffers
                0x0100e564                alt_up_pixel_buffer_dma_check_swap_buffers_status
                0x0100e598                alt_up_pixel_buffer_dma_clear_screen
                0x0100e6fc                alt_up_pixel_buffer_dma_draw_box
                0x0100ebf0                alt_up_pixel_buffer_dma_draw_hline
                0x0100ef40                alt_up_pixel_buffer_dma_draw_vline
                0x0100f310                alt_up_pixel_buffer_dma_draw_rectangle
                0x0100f3d4                helper_plot_pixel
                0x0100f4a4                alt_up_pixel_buffer_dma_draw_line
 .text          0x0100f840       0x44 ../../../../../Desktop/310project\libhal_bsp.a(alt_dcache_flush_all.o)
                0x0100f840                alt_dcache_flush_all
 .text          0x0100f884      0x114 ../../../../../Desktop/310project\libhal_bsp.a(alt_dev_llist_insert.o)
                0x0100f884                alt_dev_llist_insert
 .text          0x0100f998       0x64 ../../../../../Desktop/310project\libhal_bsp.a(alt_do_ctors.o)
                0x0100f998                _do_ctors
 .text          0x0100f9fc       0x64 ../../../../../Desktop/310project\libhal_bsp.a(alt_do_dtors.o)
                0x0100f9fc                _do_dtors
 .text          0x0100fa60       0x94 ../../../../../Desktop/310project\libhal_bsp.a(alt_find_dev.o)
                0x0100fa60                alt_find_dev
 .text          0x0100faf4       0x30 ../../../../../Desktop/310project\libhal_bsp.a(alt_icache_flush_all.o)
                0x0100faf4                alt_icache_flush_all
 .text          0x0100fb24      0x13c ../../../../../Desktop/310project\libhal_bsp.a(alt_io_redirect.o)
                0x0100fbe8                alt_io_redirect
 .text          0x0100fc60        0x0 ../../../../../Desktop/310project\libhal_bsp.a(alt_irq_entry.o)
 .text          0x0100fc60        0x0 ../../../../../Desktop/310project\libhal_bsp.a(alt_irq_handler.o)
 .text          0x0100fc60      0x2c4 ../../../../../Desktop/310project\libhal_bsp.a(alt_open.o)
                0x0100fd3c                open
 .text          0x0100ff24       0x20 ../../../../../Desktop/310project\libhal_bsp.a(altera_nios2_qsys_irq.o)
                0x0100ff24                altera_nios2_qsys_irq_init
 .text          0x0100ff44        0x0 ../../../../../Desktop/310project\libhal_bsp.a(alt_exception_entry.o)
 .text          0x0100ff44      0x120 ../../../../../Desktop/310project\libhal_bsp.a(alt_find_file.o)
                0x0100ff44                alt_find_file
 .text          0x01010064       0xb8 ../../../../../Desktop/310project\libhal_bsp.a(alt_get_fd.o)
                0x01010064                alt_get_fd
 .text          0x0101011c       0x90 ../../../../../Desktop/310project\libhal_bsp.a(alt_icache_flush.o)
                0x0101011c                alt_icache_flush
 .text          0x010101ac       0x14 c:/altera/12.0sp2/nios2eds/bin/gnu/h-i686-mingw32/bin/../lib/gcc/nios2-elf/4.1.2/../../../../nios2-elf/lib\libc.a(lib_a-atexit.o)
                0x010101ac                atexit
 .text          0x010101c0       0x38 c:/altera/12.0sp2/nios2eds/bin/gnu/h-i686-mingw32/bin/../lib/gcc/nios2-elf/4.1.2/../../../../nios2-elf/lib\libc.a(lib_a-exit.o)
                0x010101c0                exit
 .text          0x010101f8       0x74 c:/altera/12.0sp2/nios2eds/bin/gnu/h-i686-mingw32/bin/../lib/gcc/nios2-elf/4.1.2/../../../../nios2-elf/lib\libc.a(lib_a-memcmp.o)
                0x010101f8                memcmp
 .text          0x0101026c      0x134 c:/altera/12.0sp2/nios2eds/bin/gnu/h-i686-mingw32/bin/../lib/gcc/nios2-elf/4.1.2/../../../../nios2-elf/lib\libc.a(lib_a-__atexit.o)
                0x0101026c                __register_exitproc
 .text          0x010103a0      0x1b4 c:/altera/12.0sp2/nios2eds/bin/gnu/h-i686-mingw32/bin/../lib/gcc/nios2-elf/4.1.2/../../../../nios2-elf/lib\libc.a(lib_a-__call_atexit.o)
                0x010103a4                __call_exitprocs
 .text          0x01010554       0x60 ../../../../../Desktop/310project\libhal_bsp.a(alt_exit.o)
                0x01010594                _exit
 *(.gnu.warning.*)
 *(.fini)
                0x010105b4                PROVIDE (__etext, ABSOLUTE (.))
                0x010105b4                PROVIDE (_etext, ABSOLUTE (.))
                0x010105b4                PROVIDE (etext, ABSOLUTE (.))
 *(.eh_frame_hdr)
                0x010105b4                . = ALIGN (0x4)
                0x010105b4                PROVIDE (__preinit_array_start, ABSOLUTE (.))
 *(.preinit_array)
                0x010105b4                PROVIDE (__preinit_array_end, ABSOLUTE (.))
                0x010105b4                PROVIDE (__init_array_start, ABSOLUTE (.))
 *(.init_array)
                0x010105b4                PROVIDE (__init_array_end, ABSOLUTE (.))
                0x010105b4                PROVIDE (__fini_array_start, ABSOLUTE (.))
 *(.fini_array)
                0x010105b4                PROVIDE (__fini_array_end, ABSOLUTE (.))
 *(.eh_frame)
 .eh_frame      0x010105b4       0x40 c:/altera/12.0sp2/nios2eds/bin/gnu/h-i686-mingw32/bin/../lib/gcc/nios2-elf/4.1.2\libgcc.a(_udivdi3.o)
 .eh_frame      0x010105f4       0x2c c:/altera/12.0sp2/nios2eds/bin/gnu/h-i686-mingw32/bin/../lib/gcc/nios2-elf/4.1.2\libgcc.a(_umoddi3.o)
                                 0x40 (size before relaxing)
 *(.gcc_except_table)
 *(.dynamic)
                0x01010620                PROVIDE (__CTOR_LIST__, ABSOLUTE (.))
 *(.ctors)
 *(SORT(.ctors.*))
 .ctors.65535   0x01010620        0x4 c:/altera/12.0sp2/nios2eds/bin/gnu/h-i686-mingw32/bin/../lib/gcc/nios2-elf/4.1.2/../../../../nios2-elf/lib\libc.a(lib_a-__call_atexit.o)
                0x01010624                PROVIDE (__CTOR_END__, ABSOLUTE (.))
                0x01010624                PROVIDE (__DTOR_LIST__, ABSOLUTE (.))
 *(.dtors)
 *(SORT(.dtors.*))
                0x01010624                PROVIDE (__DTOR_END__, ABSOLUTE (.))
 *(.jcr)
                0x01010624                . = ALIGN (0x4)

.rodata         0x01010624      0x450
                0x01010624                PROVIDE (__ram_rodata_start, ABSOLUTE (.))
                0x01010624                . = ALIGN (0x4)
 *(.rodata .rodata.* .gnu.linkonce.r.*)
 .rodata        0x01010624       0x48 obj/default/DrawMain.o
 .rodata        0x0101066c       0x20 obj/default/wk_lcd.o
 .rodata        0x0101068c       0x28 obj/default/wk_video.o
 .rodata.str1.4
                0x010106b4        0x2 c:/altera/12.0sp2/nios2eds/bin/gnu/h-i686-mingw32/bin/../lib/gcc/nios2-elf/4.1.2/../../../../nios2-elf/lib\libc.a(lib_a-puts.o)
                                  0x4 (size before relaxing)
 *fill*         0x010106b6        0x2 00
 .rodata.str1.4
                0x010106b8       0x5e c:/altera/12.0sp2/nios2eds/bin/gnu/h-i686-mingw32/bin/../lib/gcc/nios2-elf/4.1.2/../../../../nios2-elf/lib\libc.a(lib_a-vfprintf.o)
                                 0x60 (size before relaxing)
 .rodata        0x01010716       0x20 c:/altera/12.0sp2/nios2eds/bin/gnu/h-i686-mingw32/bin/../lib/gcc/nios2-elf/4.1.2/../../../../nios2-elf/lib\libc.a(lib_a-vfprintf.o)
 *fill*         0x01010736        0x2 00
 .rodata.str1.4
                0x01010738       0x10 c:/altera/12.0sp2/nios2eds/bin/gnu/h-i686-mingw32/bin/../lib/gcc/nios2-elf/4.1.2/../../../../nios2-elf/lib\libc.a(lib_a-dtoa.o)
                                 0x14 (size before relaxing)
 .rodata.str1.4
                0x01010748        0x2 c:/altera/12.0sp2/nios2eds/bin/gnu/h-i686-mingw32/bin/../lib/gcc/nios2-elf/4.1.2/../../../../nios2-elf/lib\libc.a(lib_a-impure.o)
                                  0x4 (size before relaxing)
 *fill*         0x0101074a        0x2 00
 .rodata.str1.4
                0x0101074c       0x10 c:/altera/12.0sp2/nios2eds/bin/gnu/h-i686-mingw32/bin/../lib/gcc/nios2-elf/4.1.2/../../../../nios2-elf/lib\libc.a(lib_a-locale.o)
                                 0x18 (size before relaxing)
 .rodata        0x0101075c       0x30 c:/altera/12.0sp2/nios2eds/bin/gnu/h-i686-mingw32/bin/../lib/gcc/nios2-elf/4.1.2/../../../../nios2-elf/lib\libc.a(lib_a-locale.o)
 .rodata        0x0101078c      0x124 c:/altera/12.0sp2/nios2eds/bin/gnu/h-i686-mingw32/bin/../lib/gcc/nios2-elf/4.1.2/../../../../nios2-elf/lib\libc.a(lib_a-mprec.o)
                0x0101078c                __mprec_tens
                0x01010854                __mprec_bigtens
                0x0101087c                __mprec_tinytens
 .rodata        0x010108b0       0x14 c:/altera/12.0sp2/nios2eds/bin/gnu/h-i686-mingw32/bin/../lib/gcc/nios2-elf/4.1.2\libgcc.a(_thenan_df.o)
                0x010108b0                __thenan_df
 .rodata        0x010108c4      0x100 c:/altera/12.0sp2/nios2eds/bin/gnu/h-i686-mingw32/bin/../lib/gcc/nios2-elf/4.1.2\libgcc.a(_clz.o)
                0x010108c4                __clz_tab
 .rodata        0x010109c4        0xc ../../../../../Desktop/310project\libhal_bsp.a(alt_dev.o)
 .rodata        0x010109d0       0x10 ../../../../../Desktop/310project\libhal_bsp.a(alt_main.o)
 .rodata        0x010109e0       0x78 ../../../../../Desktop/310project\libhal_bsp.a(alt_sys_init.o)
 .rodata        0x01010a58       0x1c ../../../../../Desktop/310project\libhal_bsp.a(altera_up_avalon_video_character_buffer_with_dma.o)
 *(.rodata1)
                0x01010a74                . = ALIGN (0x4)
                0x01010a74                PROVIDE (__ram_rodata_end, ABSOLUTE (.))
                0x01010624                PROVIDE (__flash_rodata_start, LOADADDR (.rodata))

.rwdata         0x01010a74     0x1b88 load address 0x010125fc
                0x01010a74                PROVIDE (__ram_rwdata_start, ABSOLUTE (.))
                0x01010a74                . = ALIGN (0x4)
 *(.got.plt)
 *(.got)
 *(.data1)
 *(.data .data.* .gnu.linkonce.d.*)
 .data          0x01010a74        0x0 ../../../../../Desktop/310project/obj/HAL/src/crt0.o
 .data          0x01010a74        0x0 obj/default/DrawMain.o
 .data          0x01010a74        0x0 obj/default/drawBg.o
 .data          0x01010a74        0x0 obj/default/wk_io.o
 .data          0x01010a74        0x0 obj/default/wk_lcd.o
 .data          0x01010a74        0x0 obj/default/wk_video.o
 .data          0x01010a74        0x0 c:/altera/12.0sp2/nios2eds/bin/gnu/h-i686-mingw32/bin/../lib/gcc/nios2-elf/4.1.2/../../../../nios2-elf/lib\libc.a(lib_a-malloc.o)
 .data          0x01010a74      0x408 c:/altera/12.0sp2/nios2eds/bin/gnu/h-i686-mingw32/bin/../lib/gcc/nios2-elf/4.1.2/../../../../nios2-elf/lib\libc.a(lib_a-mallocr.o)
                0x01010a74                __malloc_av_
 .data          0x01010e7c        0x0 c:/altera/12.0sp2/nios2eds/bin/gnu/h-i686-mingw32/bin/../lib/gcc/nios2-elf/4.1.2/../../../../nios2-elf/lib\libc.a(lib_a-memcpy.o)
 .data          0x01010e7c        0x0 c:/altera/12.0sp2/nios2eds/bin/gnu/h-i686-mingw32/bin/../lib/gcc/nios2-elf/4.1.2/../../../../nios2-elf/lib\libc.a(lib_a-memset.o)
 .data          0x01010e7c        0x0 c:/altera/12.0sp2/nios2eds/bin/gnu/h-i686-mingw32/bin/../lib/gcc/nios2-elf/4.1.2/../../../../nios2-elf/lib\libc.a(lib_a-printf.o)
 .data          0x01010e7c        0x0 c:/altera/12.0sp2/nios2eds/bin/gnu/h-i686-mingw32/bin/../lib/gcc/nios2-elf/4.1.2/../../../../nios2-elf/lib\libc.a(lib_a-puts.o)
 .data          0x01010e7c        0x0 c:/altera/12.0sp2/nios2eds/bin/gnu/h-i686-mingw32/bin/../lib/gcc/nios2-elf/4.1.2/../../../../nios2-elf/lib\libc.a(lib_a-rand.o)
 .data          0x01010e7c        0x0 c:/altera/12.0sp2/nios2eds/bin/gnu/h-i686-mingw32/bin/../lib/gcc/nios2-elf/4.1.2/../../../../nios2-elf/lib\libc.a(lib_a-sbrkr.o)
 .data          0x01010e7c        0x0 c:/altera/12.0sp2/nios2eds/bin/gnu/h-i686-mingw32/bin/../lib/gcc/nios2-elf/4.1.2/../../../../nios2-elf/lib\libc.a(lib_a-sprintf.o)
 .data          0x01010e7c        0x0 c:/altera/12.0sp2/nios2eds/bin/gnu/h-i686-mingw32/bin/../lib/gcc/nios2-elf/4.1.2/../../../../nios2-elf/lib\libc.a(lib_a-strcat.o)
 .data          0x01010e7c        0x0 c:/altera/12.0sp2/nios2eds/bin/gnu/h-i686-mingw32/bin/../lib/gcc/nios2-elf/4.1.2/../../../../nios2-elf/lib\libc.a(lib_a-strcpy.o)
 .data          0x01010e7c        0x0 c:/altera/12.0sp2/nios2eds/bin/gnu/h-i686-mingw32/bin/../lib/gcc/nios2-elf/4.1.2/../../../../nios2-elf/lib\libc.a(lib_a-strlen.o)
 .data          0x01010e7c        0x0 c:/altera/12.0sp2/nios2eds/bin/gnu/h-i686-mingw32/bin/../lib/gcc/nios2-elf/4.1.2/../../../../nios2-elf/lib\libc.a(lib_a-vfprintf.o)
 .data          0x01010e7c        0x0 c:/altera/12.0sp2/nios2eds/bin/gnu/h-i686-mingw32/bin/../lib/gcc/nios2-elf/4.1.2/../../../../nios2-elf/lib\libc.a(lib_a-wsetup.o)
 .data          0x01010e7c        0x0 c:/altera/12.0sp2/nios2eds/bin/gnu/h-i686-mingw32/bin/../lib/gcc/nios2-elf/4.1.2/../../../../nios2-elf/lib\libc.a(lib_a-dtoa.o)
 .data          0x01010e7c        0x0 c:/altera/12.0sp2/nios2eds/bin/gnu/h-i686-mingw32/bin/../lib/gcc/nios2-elf/4.1.2/../../../../nios2-elf/lib\libc.a(lib_a-fflush.o)
 .data          0x01010e7c        0x0 c:/altera/12.0sp2/nios2eds/bin/gnu/h-i686-mingw32/bin/../lib/gcc/nios2-elf/4.1.2/../../../../nios2-elf/lib\libc.a(lib_a-findfp.o)
 .data          0x01010e7c        0x0 c:/altera/12.0sp2/nios2eds/bin/gnu/h-i686-mingw32/bin/../lib/gcc/nios2-elf/4.1.2/../../../../nios2-elf/lib\libc.a(lib_a-freer.o)
 .data          0x01010e7c        0x0 c:/altera/12.0sp2/nios2eds/bin/gnu/h-i686-mingw32/bin/../lib/gcc/nios2-elf/4.1.2/../../../../nios2-elf/lib\libc.a(lib_a-fvwrite.o)
 .data          0x01010e7c        0x0 c:/altera/12.0sp2/nios2eds/bin/gnu/h-i686-mingw32/bin/../lib/gcc/nios2-elf/4.1.2/../../../../nios2-elf/lib\libc.a(lib_a-fwalk.o)
 .data          0x01010e7c      0x400 c:/altera/12.0sp2/nios2eds/bin/gnu/h-i686-mingw32/bin/../lib/gcc/nios2-elf/4.1.2/../../../../nios2-elf/lib\libc.a(lib_a-impure.o)
 .data          0x0101127c        0x0 c:/altera/12.0sp2/nios2eds/bin/gnu/h-i686-mingw32/bin/../lib/gcc/nios2-elf/4.1.2/../../../../nios2-elf/lib\libc.a(lib_a-int_errno.o)
 .data          0x0101127c        0xc c:/altera/12.0sp2/nios2eds/bin/gnu/h-i686-mingw32/bin/../lib/gcc/nios2-elf/4.1.2/../../../../nios2-elf/lib\libc.a(lib_a-locale.o)
                0x0101127c                __lc_ctype
 .data          0x01011288        0x0 c:/altera/12.0sp2/nios2eds/bin/gnu/h-i686-mingw32/bin/../lib/gcc/nios2-elf/4.1.2/../../../../nios2-elf/lib\libc.a(lib_a-makebuf.o)
 .data          0x01011288        0x0 c:/altera/12.0sp2/nios2eds/bin/gnu/h-i686-mingw32/bin/../lib/gcc/nios2-elf/4.1.2/../../../../nios2-elf/lib\libc.a(lib_a-memchr.o)
 .data          0x01011288        0x0 c:/altera/12.0sp2/nios2eds/bin/gnu/h-i686-mingw32/bin/../lib/gcc/nios2-elf/4.1.2/../../../../nios2-elf/lib\libc.a(lib_a-memmove.o)
 .data          0x01011288        0x0 c:/altera/12.0sp2/nios2eds/bin/gnu/h-i686-mingw32/bin/../lib/gcc/nios2-elf/4.1.2/../../../../nios2-elf/lib\libc.a(lib_a-mprec.o)
 .data          0x01011288        0x0 c:/altera/12.0sp2/nios2eds/bin/gnu/h-i686-mingw32/bin/../lib/gcc/nios2-elf/4.1.2/../../../../nios2-elf/lib\libc.a(lib_a-reallocr.o)
 .data          0x01011288        0x0 c:/altera/12.0sp2/nios2eds/bin/gnu/h-i686-mingw32/bin/../lib/gcc/nios2-elf/4.1.2/../../../../nios2-elf/lib\libc.a(lib_a-s_isinfd.o)
 .data          0x01011288        0x0 c:/altera/12.0sp2/nios2eds/bin/gnu/h-i686-mingw32/bin/../lib/gcc/nios2-elf/4.1.2/../../../../nios2-elf/lib\libc.a(lib_a-s_isnand.o)
 .data          0x01011288        0x0 c:/altera/12.0sp2/nios2eds/bin/gnu/h-i686-mingw32/bin/../lib/gcc/nios2-elf/4.1.2/../../../../nios2-elf/lib\libc.a(lib_a-stdio.o)
 .data          0x01011288        0x0 c:/altera/12.0sp2/nios2eds/bin/gnu/h-i686-mingw32/bin/../lib/gcc/nios2-elf/4.1.2/../../../../nios2-elf/lib\libc.a(lib_a-strcmp.o)
 .data          0x01011288        0x0 c:/altera/12.0sp2/nios2eds/bin/gnu/h-i686-mingw32/bin/../lib/gcc/nios2-elf/4.1.2/../../../../nios2-elf/lib\libc.a(lib_a-writer.o)
 .data          0x01011288        0x0 c:/altera/12.0sp2/nios2eds/bin/gnu/h-i686-mingw32/bin/../lib/gcc/nios2-elf/4.1.2/../../../../nios2-elf/lib\libc.a(lib_a-callocr.o)
 .data          0x01011288        0x0 c:/altera/12.0sp2/nios2eds/bin/gnu/h-i686-mingw32/bin/../lib/gcc/nios2-elf/4.1.2/../../../../nios2-elf/lib\libc.a(lib_a-closer.o)
 .data          0x01011288        0x0 c:/altera/12.0sp2/nios2eds/bin/gnu/h-i686-mingw32/bin/../lib/gcc/nios2-elf/4.1.2/../../../../nios2-elf/lib\libc.a(lib_a-fclose.o)
 .data          0x01011288        0x0 c:/altera/12.0sp2/nios2eds/bin/gnu/h-i686-mingw32/bin/../lib/gcc/nios2-elf/4.1.2/../../../../nios2-elf/lib\libc.a(lib_a-fstatr.o)
 .data          0x01011288        0x0 c:/altera/12.0sp2/nios2eds/bin/gnu/h-i686-mingw32/bin/../lib/gcc/nios2-elf/4.1.2/../../../../nios2-elf/lib\libc.a(lib_a-isattyr.o)
 .data          0x01011288        0x0 c:/altera/12.0sp2/nios2eds/bin/gnu/h-i686-mingw32/bin/../lib/gcc/nios2-elf/4.1.2/../../../../nios2-elf/lib\libc.a(lib_a-lseekr.o)
 .data          0x01011288        0x0 c:/altera/12.0sp2/nios2eds/bin/gnu/h-i686-mingw32/bin/../lib/gcc/nios2-elf/4.1.2/../../../../nios2-elf/lib\libc.a(lib_a-readr.o)
 .data          0x01011288        0x0 c:/altera/12.0sp2/nios2eds/bin/gnu/h-i686-mingw32/bin/../lib/gcc/nios2-elf/4.1.2\libgcc.a(_muldi3.o)
 .data          0x01011288        0x0 c:/altera/12.0sp2/nios2eds/bin/gnu/h-i686-mingw32/bin/../lib/gcc/nios2-elf/4.1.2\libgcc.a(_udivdi3.o)
 .data          0x01011288        0x0 c:/altera/12.0sp2/nios2eds/bin/gnu/h-i686-mingw32/bin/../lib/gcc/nios2-elf/4.1.2\libgcc.a(_umoddi3.o)
 .data          0x01011288        0x0 c:/altera/12.0sp2/nios2eds/bin/gnu/h-i686-mingw32/bin/../lib/gcc/nios2-elf/4.1.2\libgcc.a(_addsub_df.o)
 .data          0x01011288        0x0 c:/altera/12.0sp2/nios2eds/bin/gnu/h-i686-mingw32/bin/../lib/gcc/nios2-elf/4.1.2\libgcc.a(_mul_df.o)
 .data          0x01011288        0x0 c:/altera/12.0sp2/nios2eds/bin/gnu/h-i686-mingw32/bin/../lib/gcc/nios2-elf/4.1.2\libgcc.a(_div_df.o)
 .data          0x01011288        0x0 c:/altera/12.0sp2/nios2eds/bin/gnu/h-i686-mingw32/bin/../lib/gcc/nios2-elf/4.1.2\libgcc.a(_eq_df.o)
 .data          0x01011288        0x0 c:/altera/12.0sp2/nios2eds/bin/gnu/h-i686-mingw32/bin/../lib/gcc/nios2-elf/4.1.2\libgcc.a(_ne_df.o)
 .data          0x01011288        0x0 c:/altera/12.0sp2/nios2eds/bin/gnu/h-i686-mingw32/bin/../lib/gcc/nios2-elf/4.1.2\libgcc.a(_gt_df.o)
 .data          0x01011288        0x0 c:/altera/12.0sp2/nios2eds/bin/gnu/h-i686-mingw32/bin/../lib/gcc/nios2-elf/4.1.2\libgcc.a(_ge_df.o)
 .data          0x01011288        0x0 c:/altera/12.0sp2/nios2eds/bin/gnu/h-i686-mingw32/bin/../lib/gcc/nios2-elf/4.1.2\libgcc.a(_lt_df.o)
 .data          0x01011288        0x0 c:/altera/12.0sp2/nios2eds/bin/gnu/h-i686-mingw32/bin/../lib/gcc/nios2-elf/4.1.2\libgcc.a(_si_to_df.o)
 .data          0x01011288        0x0 c:/altera/12.0sp2/nios2eds/bin/gnu/h-i686-mingw32/bin/../lib/gcc/nios2-elf/4.1.2\libgcc.a(_df_to_si.o)
 .data          0x01011288        0x0 c:/altera/12.0sp2/nios2eds/bin/gnu/h-i686-mingw32/bin/../lib/gcc/nios2-elf/4.1.2\libgcc.a(_thenan_df.o)
 .data          0x01011288        0x0 c:/altera/12.0sp2/nios2eds/bin/gnu/h-i686-mingw32/bin/../lib/gcc/nios2-elf/4.1.2\libgcc.a(_usi_to_df.o)
 .data          0x01011288        0x0 c:/altera/12.0sp2/nios2eds/bin/gnu/h-i686-mingw32/bin/../lib/gcc/nios2-elf/4.1.2\libgcc.a(lib2-divmod.o)
 .data          0x01011288        0x0 c:/altera/12.0sp2/nios2eds/bin/gnu/h-i686-mingw32/bin/../lib/gcc/nios2-elf/4.1.2\libgcc.a(_clz.o)
 .data          0x01011288        0x0 c:/altera/12.0sp2/nios2eds/bin/gnu/h-i686-mingw32/bin/../lib/gcc/nios2-elf/4.1.2\libgcc.a(_clzsi2.o)
 .data          0x01011288        0x0 c:/altera/12.0sp2/nios2eds/bin/gnu/h-i686-mingw32/bin/../lib/gcc/nios2-elf/4.1.2\libgcc.a(_pack_df.o)
 .data          0x01011288        0x0 c:/altera/12.0sp2/nios2eds/bin/gnu/h-i686-mingw32/bin/../lib/gcc/nios2-elf/4.1.2\libgcc.a(_unpack_df.o)
 .data          0x01011288        0x0 c:/altera/12.0sp2/nios2eds/bin/gnu/h-i686-mingw32/bin/../lib/gcc/nios2-elf/4.1.2\libgcc.a(_fpcmp_parts_df.o)
 .data          0x01011288        0x0 ../../../../../Desktop/310project\libhal_bsp.a(alt_alarm_start.o)
 .data          0x01011288        0x0 ../../../../../Desktop/310project\libhal_bsp.a(alt_close.o)
 .data          0x01011288      0x1a8 ../../../../../Desktop/310project\libhal_bsp.a(alt_dev.o)
                0x01011288                alt_dev_null
                0x010112b0                alt_fd_list
 .data          0x01011430        0x0 ../../../../../Desktop/310project\libhal_bsp.a(alt_errno.o)
 .data          0x01011430        0x0 ../../../../../Desktop/310project\libhal_bsp.a(alt_fstat.o)
 .data          0x01011430        0x0 ../../../../../Desktop/310project\libhal_bsp.a(alt_irq_register.o)
 .data          0x01011430        0x0 ../../../../../Desktop/310project\libhal_bsp.a(alt_irq_vars.o)
 .data          0x01011430        0x0 ../../../../../Desktop/310project\libhal_bsp.a(alt_isatty.o)
 .data          0x01011430        0x0 ../../../../../Desktop/310project\libhal_bsp.a(alt_load.o)
 .data          0x01011430        0x0 ../../../../../Desktop/310project\libhal_bsp.a(alt_lseek.o)
 .data          0x01011430        0x0 ../../../../../Desktop/310project\libhal_bsp.a(alt_main.o)
 .data          0x01011430        0x0 ../../../../../Desktop/310project\libhal_bsp.a(alt_malloc_lock.o)
 .data          0x01011430        0x0 ../../../../../Desktop/310project\libhal_bsp.a(alt_read.o)
 .data          0x01011430        0x0 ../../../../../Desktop/310project\libhal_bsp.a(alt_release_fd.o)
 .data          0x01011430        0x0 ../../../../../Desktop/310project\libhal_bsp.a(alt_sbrk.o)
 .data          0x01011430        0x0 ../../../../../Desktop/310project\libhal_bsp.a(alt_tick.o)
 .data          0x01011430        0x0 ../../../../../Desktop/310project\libhal_bsp.a(alt_write.o)
 .data          0x01011430     0x118c ../../../../../Desktop/310project\libhal_bsp.a(alt_sys_init.o)
 .data          0x010125bc        0x0 ../../../../../Desktop/310project\libhal_bsp.a(altera_avalon_jtag_uart_fd.o)
 .data          0x010125bc        0x0 ../../../../../Desktop/310project\libhal_bsp.a(altera_avalon_jtag_uart_init.o)
 .data          0x010125bc        0x0 ../../../../../Desktop/310project\libhal_bsp.a(altera_avalon_jtag_uart_ioctl.o)
 .data          0x010125bc        0x0 ../../../../../Desktop/310project\libhal_bsp.a(altera_avalon_jtag_uart_read.o)
 .data          0x010125bc        0x0 ../../../../../Desktop/310project\libhal_bsp.a(altera_avalon_jtag_uart_write.o)
 .data          0x010125bc        0x0 ../../../../../Desktop/310project\libhal_bsp.a(altera_avalon_timer_sc.o)
 .data          0x010125bc        0x0 ../../../../../Desktop/310project\libhal_bsp.a(altera_up_avalon_character_lcd.o)
 .data          0x010125bc        0x0 ../../../../../Desktop/310project\libhal_bsp.a(altera_up_avalon_ps2.o)
 .data          0x010125bc        0x0 ../../../../../Desktop/310project\libhal_bsp.a(altera_up_avalon_video_character_buffer_with_dma.o)
 .data          0x010125bc        0x0 ../../../../../Desktop/310project\libhal_bsp.a(altera_up_avalon_video_pixel_buffer_dma.o)
 .data          0x010125bc        0x0 ../../../../../Desktop/310project\libhal_bsp.a(alt_dcache_flush_all.o)
 .data          0x010125bc        0x0 ../../../../../Desktop/310project\libhal_bsp.a(alt_dev_llist_insert.o)
 .data          0x010125bc        0x0 ../../../../../Desktop/310project\libhal_bsp.a(alt_do_ctors.o)
 .data          0x010125bc        0x0 ../../../../../Desktop/310project\libhal_bsp.a(alt_do_dtors.o)
 .data          0x010125bc        0x0 ../../../../../Desktop/310project\libhal_bsp.a(alt_find_dev.o)
 .data          0x010125bc        0x0 ../../../../../Desktop/310project\libhal_bsp.a(alt_icache_flush_all.o)
 .data          0x010125bc        0x0 ../../../../../Desktop/310project\libhal_bsp.a(alt_io_redirect.o)
 .data          0x010125bc        0x0 ../../../../../Desktop/310project\libhal_bsp.a(alt_irq_entry.o)
 .data          0x010125bc        0x0 ../../../../../Desktop/310project\libhal_bsp.a(alt_irq_handler.o)
 .data          0x010125bc        0x0 ../../../../../Desktop/310project\libhal_bsp.a(alt_open.o)
 .data          0x010125bc        0x0 ../../../../../Desktop/310project\libhal_bsp.a(altera_nios2_qsys_irq.o)
 .data          0x010125bc        0x0 ../../../../../Desktop/310project\libhal_bsp.a(alt_exception_entry.o)
 .data          0x010125bc        0x0 ../../../../../Desktop/310project\libhal_bsp.a(alt_find_file.o)
 .data          0x010125bc        0x0 ../../../../../Desktop/310project\libhal_bsp.a(alt_get_fd.o)
 .data          0x010125bc        0x0 ../../../../../Desktop/310project\libhal_bsp.a(alt_icache_flush.o)
 .data          0x010125bc        0x0 c:/altera/12.0sp2/nios2eds/bin/gnu/h-i686-mingw32/bin/../lib/gcc/nios2-elf/4.1.2/../../../../nios2-elf/lib\libc.a(lib_a-atexit.o)
 .data          0x010125bc        0x0 c:/altera/12.0sp2/nios2eds/bin/gnu/h-i686-mingw32/bin/../lib/gcc/nios2-elf/4.1.2/../../../../nios2-elf/lib\libc.a(lib_a-exit.o)
 .data          0x010125bc        0x0 c:/altera/12.0sp2/nios2eds/bin/gnu/h-i686-mingw32/bin/../lib/gcc/nios2-elf/4.1.2/../../../../nios2-elf/lib\libc.a(lib_a-memcmp.o)
 .data          0x010125bc        0x0 c:/altera/12.0sp2/nios2eds/bin/gnu/h-i686-mingw32/bin/../lib/gcc/nios2-elf/4.1.2/../../../../nios2-elf/lib\libc.a(lib_a-__atexit.o)
 .data          0x010125bc        0x0 c:/altera/12.0sp2/nios2eds/bin/gnu/h-i686-mingw32/bin/../lib/gcc/nios2-elf/4.1.2/../../../../nios2-elf/lib\libc.a(lib_a-__call_atexit.o)
 .data          0x010125bc        0x0 ../../../../../Desktop/310project\libhal_bsp.a(alt_exit.o)
                0x0101a5bc                _gp = ABSOLUTE ((. + 0x8000))
                0x0101a5bc                PROVIDE (gp, _gp)
 *(.rwdata .rwdata.*)
 *(.sdata .sdata.* .gnu.linkonce.s.*)
 .sdata         0x010125bc        0x8 c:/altera/12.0sp2/nios2eds/bin/gnu/h-i686-mingw32/bin/../lib/gcc/nios2-elf/4.1.2/../../../../nios2-elf/lib\libc.a(lib_a-mallocr.o)
                0x010125bc                __malloc_trim_threshold
                0x010125c0                __malloc_sbrk_base
 .sdata         0x010125c4        0x8 c:/altera/12.0sp2/nios2eds/bin/gnu/h-i686-mingw32/bin/../lib/gcc/nios2-elf/4.1.2/../../../../nios2-elf/lib\libc.a(lib_a-impure.o)
                0x010125c4                _impure_ptr
                0x010125c8                _global_impure_ptr
 .sdata         0x010125cc        0x8 c:/altera/12.0sp2/nios2eds/bin/gnu/h-i686-mingw32/bin/../lib/gcc/nios2-elf/4.1.2/../../../../nios2-elf/lib\libc.a(lib_a-locale.o)
                0x010125cc                __mb_cur_max
 .sdata         0x010125d4       0x14 ../../../../../Desktop/310project\libhal_bsp.a(alt_dev.o)
                0x010125d4                alt_fs_list
                0x010125dc                alt_dev_list
                0x010125e4                alt_max_fd
 .sdata         0x010125e8        0x4 ../../../../../Desktop/310project\libhal_bsp.a(alt_errno.o)
                0x010125e8                alt_errno
 .sdata         0x010125ec        0x4 ../../../../../Desktop/310project\libhal_bsp.a(alt_irq_vars.o)
                0x010125ec                alt_priority_mask
 .sdata         0x010125f0        0x4 ../../../../../Desktop/310project\libhal_bsp.a(alt_sbrk.o)
 .sdata         0x010125f4        0x8 ../../../../../Desktop/310project\libhal_bsp.a(alt_tick.o)
                0x010125f4                alt_alarm_list
 *(.sdata2 .sdata2.* .gnu.linkonce.s2.*)
                0x010125fc                . = ALIGN (0x4)
                0x010125fc                _edata = ABSOLUTE (.)
                0x010125fc                PROVIDE (edata, ABSOLUTE (.))
                0x010125fc                PROVIDE (__ram_rwdata_end, ABSOLUTE (.))
                0x010125fc                PROVIDE (__flash_rwdata_start, LOADADDR (.rwdata))

.bss            0x01014184      0x318
                0x01014184                __bss_start = ABSOLUTE (.)
                0x01014184                PROVIDE (__sbss_start, ABSOLUTE (.))
                0x01014184                PROVIDE (___sbss_start, ABSOLUTE (.))
 *(.dynsbss)
 *(.sbss .sbss.* .gnu.linkonce.sb.*)
 .sbss          0x01014184        0xa obj/default/DrawMain.o
                0x01014184                movchar
                0x01014188                scrollRate
                0x0101418c                keysval
                0x0101418d                keyhit
 *fill*         0x0101418e        0x2 00
 .sbss          0x01014190        0xc c:/altera/12.0sp2/nios2eds/bin/gnu/h-i686-mingw32/bin/../lib/gcc/nios2-elf/4.1.2/../../../../nios2-elf/lib\libc.a(lib_a-mallocr.o)
                0x01014190                __malloc_top_pad
                0x01014194                __malloc_max_sbrked_mem
                0x01014198                __malloc_max_total_mem
 .sbss          0x0101419c        0x4 c:/altera/12.0sp2/nios2eds/bin/gnu/h-i686-mingw32/bin/../lib/gcc/nios2-elf/4.1.2/../../../../nios2-elf/lib\libc.a(lib_a-int_errno.o)
                0x0101419c                errno
 .sbss          0x010141a0        0xc c:/altera/12.0sp2/nios2eds/bin/gnu/h-i686-mingw32/bin/../lib/gcc/nios2-elf/4.1.2/../../../../nios2-elf/lib\libc.a(lib_a-locale.o)
                0x010141a0                __nlocale_changed
                0x010141a4                __mlocale_changed
                0x010141a8                _PathLocale
 .sbss          0x010141ac        0x4 ../../../../../Desktop/310project\libhal_bsp.a(alt_irq_vars.o)
                0x010141ac                alt_irq_active
 .sbss          0x010141b0        0xc ../../../../../Desktop/310project\libhal_bsp.a(alt_main.o)
                0x010141b0                alt_argc
                0x010141b4                alt_argv
                0x010141b8                alt_envp
 .sbss          0x010141bc        0x8 ../../../../../Desktop/310project\libhal_bsp.a(alt_tick.o)
                0x010141bc                _alt_tick_rate
                0x010141c0                _alt_nticks
 *(.sbss2 .sbss2.* .gnu.linkonce.sb2.*)
 *(.scommon)
                0x010141c4                PROVIDE (__sbss_end, ABSOLUTE (.))
                0x010141c4                PROVIDE (___sbss_end, ABSOLUTE (.))
 *(.dynbss)
 *(.bss .bss.* .gnu.linkonce.b.*)
 .bss           0x010141c4        0x0 ../../../../../Desktop/310project/obj/HAL/src/crt0.o
 .bss           0x010141c4        0x0 obj/default/DrawMain.o
 .bss           0x010141c4        0x0 obj/default/drawBg.o
 .bss           0x010141c4        0x0 obj/default/wk_io.o
 .bss           0x010141c4        0x0 obj/default/wk_lcd.o
 .bss           0x010141c4        0x0 obj/default/wk_video.o
 .bss           0x010141c4        0x0 c:/altera/12.0sp2/nios2eds/bin/gnu/h-i686-mingw32/bin/../lib/gcc/nios2-elf/4.1.2/../../../../nios2-elf/lib\libc.a(lib_a-malloc.o)
 .bss           0x010141c4       0x28 c:/altera/12.0sp2/nios2eds/bin/gnu/h-i686-mingw32/bin/../lib/gcc/nios2-elf/4.1.2/../../../../nios2-elf/lib\libc.a(lib_a-mallocr.o)
                0x010141c4                __malloc_current_mallinfo
 .bss           0x010141ec        0x0 c:/altera/12.0sp2/nios2eds/bin/gnu/h-i686-mingw32/bin/../lib/gcc/nios2-elf/4.1.2/../../../../nios2-elf/lib\libc.a(lib_a-memcpy.o)
 .bss           0x010141ec        0x0 c:/altera/12.0sp2/nios2eds/bin/gnu/h-i686-mingw32/bin/../lib/gcc/nios2-elf/4.1.2/../../../../nios2-elf/lib\libc.a(lib_a-memset.o)
 .bss           0x010141ec        0x0 c:/altera/12.0sp2/nios2eds/bin/gnu/h-i686-mingw32/bin/../lib/gcc/nios2-elf/4.1.2/../../../../nios2-elf/lib\libc.a(lib_a-printf.o)
 .bss           0x010141ec        0x0 c:/altera/12.0sp2/nios2eds/bin/gnu/h-i686-mingw32/bin/../lib/gcc/nios2-elf/4.1.2/../../../../nios2-elf/lib\libc.a(lib_a-puts.o)
 .bss           0x010141ec        0x0 c:/altera/12.0sp2/nios2eds/bin/gnu/h-i686-mingw32/bin/../lib/gcc/nios2-elf/4.1.2/../../../../nios2-elf/lib\libc.a(lib_a-rand.o)
 .bss           0x010141ec        0x0 c:/altera/12.0sp2/nios2eds/bin/gnu/h-i686-mingw32/bin/../lib/gcc/nios2-elf/4.1.2/../../../../nios2-elf/lib\libc.a(lib_a-sbrkr.o)
 .bss           0x010141ec        0x0 c:/altera/12.0sp2/nios2eds/bin/gnu/h-i686-mingw32/bin/../lib/gcc/nios2-elf/4.1.2/../../../../nios2-elf/lib\libc.a(lib_a-sprintf.o)
 .bss           0x010141ec        0x0 c:/altera/12.0sp2/nios2eds/bin/gnu/h-i686-mingw32/bin/../lib/gcc/nios2-elf/4.1.2/../../../../nios2-elf/lib\libc.a(lib_a-strcat.o)
 .bss           0x010141ec        0x0 c:/altera/12.0sp2/nios2eds/bin/gnu/h-i686-mingw32/bin/../lib/gcc/nios2-elf/4.1.2/../../../../nios2-elf/lib\libc.a(lib_a-strcpy.o)
 .bss           0x010141ec        0x0 c:/altera/12.0sp2/nios2eds/bin/gnu/h-i686-mingw32/bin/../lib/gcc/nios2-elf/4.1.2/../../../../nios2-elf/lib\libc.a(lib_a-strlen.o)
 .bss           0x010141ec        0x0 c:/altera/12.0sp2/nios2eds/bin/gnu/h-i686-mingw32/bin/../lib/gcc/nios2-elf/4.1.2/../../../../nios2-elf/lib\libc.a(lib_a-vfprintf.o)
 .bss           0x010141ec        0x0 c:/altera/12.0sp2/nios2eds/bin/gnu/h-i686-mingw32/bin/../lib/gcc/nios2-elf/4.1.2/../../../../nios2-elf/lib\libc.a(lib_a-wsetup.o)
 .bss           0x010141ec        0x0 c:/altera/12.0sp2/nios2eds/bin/gnu/h-i686-mingw32/bin/../lib/gcc/nios2-elf/4.1.2/../../../../nios2-elf/lib\libc.a(lib_a-dtoa.o)
 .bss           0x010141ec        0x0 c:/altera/12.0sp2/nios2eds/bin/gnu/h-i686-mingw32/bin/../lib/gcc/nios2-elf/4.1.2/../../../../nios2-elf/lib\libc.a(lib_a-fflush.o)
 .bss           0x010141ec        0x0 c:/altera/12.0sp2/nios2eds/bin/gnu/h-i686-mingw32/bin/../lib/gcc/nios2-elf/4.1.2/../../../../nios2-elf/lib\libc.a(lib_a-findfp.o)
 .bss           0x010141ec        0x0 c:/altera/12.0sp2/nios2eds/bin/gnu/h-i686-mingw32/bin/../lib/gcc/nios2-elf/4.1.2/../../../../nios2-elf/lib\libc.a(lib_a-freer.o)
 .bss           0x010141ec        0x0 c:/altera/12.0sp2/nios2eds/bin/gnu/h-i686-mingw32/bin/../lib/gcc/nios2-elf/4.1.2/../../../../nios2-elf/lib\libc.a(lib_a-fvwrite.o)
 .bss           0x010141ec        0x0 c:/altera/12.0sp2/nios2eds/bin/gnu/h-i686-mingw32/bin/../lib/gcc/nios2-elf/4.1.2/../../../../nios2-elf/lib\libc.a(lib_a-fwalk.o)
 .bss           0x010141ec        0x0 c:/altera/12.0sp2/nios2eds/bin/gnu/h-i686-mingw32/bin/../lib/gcc/nios2-elf/4.1.2/../../../../nios2-elf/lib\libc.a(lib_a-impure.o)
 .bss           0x010141ec        0x0 c:/altera/12.0sp2/nios2eds/bin/gnu/h-i686-mingw32/bin/../lib/gcc/nios2-elf/4.1.2/../../../../nios2-elf/lib\libc.a(lib_a-int_errno.o)
 .bss           0x010141ec        0x0 c:/altera/12.0sp2/nios2eds/bin/gnu/h-i686-mingw32/bin/../lib/gcc/nios2-elf/4.1.2/../../../../nios2-elf/lib\libc.a(lib_a-locale.o)
 .bss           0x010141ec        0x0 c:/altera/12.0sp2/nios2eds/bin/gnu/h-i686-mingw32/bin/../lib/gcc/nios2-elf/4.1.2/../../../../nios2-elf/lib\libc.a(lib_a-makebuf.o)
 .bss           0x010141ec        0x0 c:/altera/12.0sp2/nios2eds/bin/gnu/h-i686-mingw32/bin/../lib/gcc/nios2-elf/4.1.2/../../../../nios2-elf/lib\libc.a(lib_a-memchr.o)
 .bss           0x010141ec        0x0 c:/altera/12.0sp2/nios2eds/bin/gnu/h-i686-mingw32/bin/../lib/gcc/nios2-elf/4.1.2/../../../../nios2-elf/lib\libc.a(lib_a-memmove.o)
 .bss           0x010141ec        0x0 c:/altera/12.0sp2/nios2eds/bin/gnu/h-i686-mingw32/bin/../lib/gcc/nios2-elf/4.1.2/../../../../nios2-elf/lib\libc.a(lib_a-mprec.o)
 .bss           0x010141ec        0x0 c:/altera/12.0sp2/nios2eds/bin/gnu/h-i686-mingw32/bin/../lib/gcc/nios2-elf/4.1.2/../../../../nios2-elf/lib\libc.a(lib_a-reallocr.o)
 .bss           0x010141ec        0x0 c:/altera/12.0sp2/nios2eds/bin/gnu/h-i686-mingw32/bin/../lib/gcc/nios2-elf/4.1.2/../../../../nios2-elf/lib\libc.a(lib_a-s_isinfd.o)
 .bss           0x010141ec        0x0 c:/altera/12.0sp2/nios2eds/bin/gnu/h-i686-mingw32/bin/../lib/gcc/nios2-elf/4.1.2/../../../../nios2-elf/lib\libc.a(lib_a-s_isnand.o)
 .bss           0x010141ec        0x0 c:/altera/12.0sp2/nios2eds/bin/gnu/h-i686-mingw32/bin/../lib/gcc/nios2-elf/4.1.2/../../../../nios2-elf/lib\libc.a(lib_a-stdio.o)
 .bss           0x010141ec        0x0 c:/altera/12.0sp2/nios2eds/bin/gnu/h-i686-mingw32/bin/../lib/gcc/nios2-elf/4.1.2/../../../../nios2-elf/lib\libc.a(lib_a-strcmp.o)
 .bss           0x010141ec        0x0 c:/altera/12.0sp2/nios2eds/bin/gnu/h-i686-mingw32/bin/../lib/gcc/nios2-elf/4.1.2/../../../../nios2-elf/lib\libc.a(lib_a-writer.o)
 .bss           0x010141ec        0x0 c:/altera/12.0sp2/nios2eds/bin/gnu/h-i686-mingw32/bin/../lib/gcc/nios2-elf/4.1.2/../../../../nios2-elf/lib\libc.a(lib_a-callocr.o)
 .bss           0x010141ec        0x0 c:/altera/12.0sp2/nios2eds/bin/gnu/h-i686-mingw32/bin/../lib/gcc/nios2-elf/4.1.2/../../../../nios2-elf/lib\libc.a(lib_a-closer.o)
 .bss           0x010141ec        0x0 c:/altera/12.0sp2/nios2eds/bin/gnu/h-i686-mingw32/bin/../lib/gcc/nios2-elf/4.1.2/../../../../nios2-elf/lib\libc.a(lib_a-fclose.o)
 .bss           0x010141ec        0x0 c:/altera/12.0sp2/nios2eds/bin/gnu/h-i686-mingw32/bin/../lib/gcc/nios2-elf/4.1.2/../../../../nios2-elf/lib\libc.a(lib_a-fstatr.o)
 .bss           0x010141ec        0x0 c:/altera/12.0sp2/nios2eds/bin/gnu/h-i686-mingw32/bin/../lib/gcc/nios2-elf/4.1.2/../../../../nios2-elf/lib\libc.a(lib_a-isattyr.o)
 .bss           0x010141ec        0x0 c:/altera/12.0sp2/nios2eds/bin/gnu/h-i686-mingw32/bin/../lib/gcc/nios2-elf/4.1.2/../../../../nios2-elf/lib\libc.a(lib_a-lseekr.o)
 .bss           0x010141ec        0x0 c:/altera/12.0sp2/nios2eds/bin/gnu/h-i686-mingw32/bin/../lib/gcc/nios2-elf/4.1.2/../../../../nios2-elf/lib\libc.a(lib_a-readr.o)
 .bss           0x010141ec        0x0 c:/altera/12.0sp2/nios2eds/bin/gnu/h-i686-mingw32/bin/../lib/gcc/nios2-elf/4.1.2\libgcc.a(_muldi3.o)
 .bss           0x010141ec        0x0 c:/altera/12.0sp2/nios2eds/bin/gnu/h-i686-mingw32/bin/../lib/gcc/nios2-elf/4.1.2\libgcc.a(_udivdi3.o)
 .bss           0x010141ec        0x0 c:/altera/12.0sp2/nios2eds/bin/gnu/h-i686-mingw32/bin/../lib/gcc/nios2-elf/4.1.2\libgcc.a(_umoddi3.o)
 .bss           0x010141ec        0x0 c:/altera/12.0sp2/nios2eds/bin/gnu/h-i686-mingw32/bin/../lib/gcc/nios2-elf/4.1.2\libgcc.a(_addsub_df.o)
 .bss           0x010141ec        0x0 c:/altera/12.0sp2/nios2eds/bin/gnu/h-i686-mingw32/bin/../lib/gcc/nios2-elf/4.1.2\libgcc.a(_mul_df.o)
 .bss           0x010141ec        0x0 c:/altera/12.0sp2/nios2eds/bin/gnu/h-i686-mingw32/bin/../lib/gcc/nios2-elf/4.1.2\libgcc.a(_div_df.o)
 .bss           0x010141ec        0x0 c:/altera/12.0sp2/nios2eds/bin/gnu/h-i686-mingw32/bin/../lib/gcc/nios2-elf/4.1.2\libgcc.a(_eq_df.o)
 .bss           0x010141ec        0x0 c:/altera/12.0sp2/nios2eds/bin/gnu/h-i686-mingw32/bin/../lib/gcc/nios2-elf/4.1.2\libgcc.a(_ne_df.o)
 .bss           0x010141ec        0x0 c:/altera/12.0sp2/nios2eds/bin/gnu/h-i686-mingw32/bin/../lib/gcc/nios2-elf/4.1.2\libgcc.a(_gt_df.o)
 .bss           0x010141ec        0x0 c:/altera/12.0sp2/nios2eds/bin/gnu/h-i686-mingw32/bin/../lib/gcc/nios2-elf/4.1.2\libgcc.a(_ge_df.o)
 .bss           0x010141ec        0x0 c:/altera/12.0sp2/nios2eds/bin/gnu/h-i686-mingw32/bin/../lib/gcc/nios2-elf/4.1.2\libgcc.a(_lt_df.o)
 .bss           0x010141ec        0x0 c:/altera/12.0sp2/nios2eds/bin/gnu/h-i686-mingw32/bin/../lib/gcc/nios2-elf/4.1.2\libgcc.a(_si_to_df.o)
 .bss           0x010141ec        0x0 c:/altera/12.0sp2/nios2eds/bin/gnu/h-i686-mingw32/bin/../lib/gcc/nios2-elf/4.1.2\libgcc.a(_df_to_si.o)
 .bss           0x010141ec        0x0 c:/altera/12.0sp2/nios2eds/bin/gnu/h-i686-mingw32/bin/../lib/gcc/nios2-elf/4.1.2\libgcc.a(_thenan_df.o)
 .bss           0x010141ec        0x0 c:/altera/12.0sp2/nios2eds/bin/gnu/h-i686-mingw32/bin/../lib/gcc/nios2-elf/4.1.2\libgcc.a(_usi_to_df.o)
 .bss           0x010141ec        0x0 c:/altera/12.0sp2/nios2eds/bin/gnu/h-i686-mingw32/bin/../lib/gcc/nios2-elf/4.1.2\libgcc.a(lib2-divmod.o)
 .bss           0x010141ec        0x0 c:/altera/12.0sp2/nios2eds/bin/gnu/h-i686-mingw32/bin/../lib/gcc/nios2-elf/4.1.2\libgcc.a(_clz.o)
 .bss           0x010141ec        0x0 c:/altera/12.0sp2/nios2eds/bin/gnu/h-i686-mingw32/bin/../lib/gcc/nios2-elf/4.1.2\libgcc.a(_clzsi2.o)
 .bss           0x010141ec        0x0 c:/altera/12.0sp2/nios2eds/bin/gnu/h-i686-mingw32/bin/../lib/gcc/nios2-elf/4.1.2\libgcc.a(_pack_df.o)
 .bss           0x010141ec        0x0 c:/altera/12.0sp2/nios2eds/bin/gnu/h-i686-mingw32/bin/../lib/gcc/nios2-elf/4.1.2\libgcc.a(_unpack_df.o)
 .bss           0x010141ec        0x0 c:/altera/12.0sp2/nios2eds/bin/gnu/h-i686-mingw32/bin/../lib/gcc/nios2-elf/4.1.2\libgcc.a(_fpcmp_parts_df.o)
 .bss           0x010141ec        0x0 ../../../../../Desktop/310project\libhal_bsp.a(alt_alarm_start.o)
 .bss           0x010141ec        0x0 ../../../../../Desktop/310project\libhal_bsp.a(alt_close.o)
 .bss           0x010141ec        0x0 ../../../../../Desktop/310project\libhal_bsp.a(alt_dev.o)
 .bss           0x010141ec        0x0 ../../../../../Desktop/310project\libhal_bsp.a(alt_errno.o)
 .bss           0x010141ec        0x0 ../../../../../Desktop/310project\libhal_bsp.a(alt_fstat.o)
 .bss           0x010141ec        0x0 ../../../../../Desktop/310project\libhal_bsp.a(alt_irq_register.o)
 .bss           0x010141ec        0x0 ../../../../../Desktop/310project\libhal_bsp.a(alt_irq_vars.o)
 .bss           0x010141ec        0x0 ../../../../../Desktop/310project\libhal_bsp.a(alt_isatty.o)
 .bss           0x010141ec        0x0 ../../../../../Desktop/310project\libhal_bsp.a(alt_load.o)
 .bss           0x010141ec        0x0 ../../../../../Desktop/310project\libhal_bsp.a(alt_lseek.o)
 .bss           0x010141ec        0x0 ../../../../../Desktop/310project\libhal_bsp.a(alt_main.o)
 .bss           0x010141ec        0x0 ../../../../../Desktop/310project\libhal_bsp.a(alt_malloc_lock.o)
 .bss           0x010141ec        0x0 ../../../../../Desktop/310project\libhal_bsp.a(alt_read.o)
 .bss           0x010141ec        0x0 ../../../../../Desktop/310project\libhal_bsp.a(alt_release_fd.o)
 .bss           0x010141ec        0x0 ../../../../../Desktop/310project\libhal_bsp.a(alt_sbrk.o)
 .bss           0x010141ec        0x0 ../../../../../Desktop/310project\libhal_bsp.a(alt_tick.o)
 .bss           0x010141ec        0x0 ../../../../../Desktop/310project\libhal_bsp.a(alt_write.o)
 .bss           0x010141ec        0x0 ../../../../../Desktop/310project\libhal_bsp.a(alt_sys_init.o)
 .bss           0x010141ec        0x0 ../../../../../Desktop/310project\libhal_bsp.a(altera_avalon_jtag_uart_fd.o)
 .bss           0x010141ec        0x0 ../../../../../Desktop/310project\libhal_bsp.a(altera_avalon_jtag_uart_init.o)
 .bss           0x010141ec        0x0 ../../../../../Desktop/310project\libhal_bsp.a(altera_avalon_jtag_uart_ioctl.o)
 .bss           0x010141ec        0x0 ../../../../../Desktop/310project\libhal_bsp.a(altera_avalon_jtag_uart_read.o)
 .bss           0x010141ec        0x0 ../../../../../Desktop/310project\libhal_bsp.a(altera_avalon_jtag_uart_write.o)
 .bss           0x010141ec        0x0 ../../../../../Desktop/310project\libhal_bsp.a(altera_avalon_timer_sc.o)
 .bss           0x010141ec        0x0 ../../../../../Desktop/310project\libhal_bsp.a(altera_up_avalon_character_lcd.o)
 .bss           0x010141ec        0x0 ../../../../../Desktop/310project\libhal_bsp.a(altera_up_avalon_ps2.o)
 .bss           0x010141ec        0x0 ../../../../../Desktop/310project\libhal_bsp.a(altera_up_avalon_video_character_buffer_with_dma.o)
 .bss           0x010141ec        0x0 ../../../../../Desktop/310project\libhal_bsp.a(altera_up_avalon_video_pixel_buffer_dma.o)
 .bss           0x010141ec        0x0 ../../../../../Desktop/310project\libhal_bsp.a(alt_dcache_flush_all.o)
 .bss           0x010141ec        0x0 ../../../../../Desktop/310project\libhal_bsp.a(alt_dev_llist_insert.o)
 .bss           0x010141ec        0x0 ../../../../../Desktop/310project\libhal_bsp.a(alt_do_ctors.o)
 .bss           0x010141ec        0x0 ../../../../../Desktop/310project\libhal_bsp.a(alt_do_dtors.o)
 .bss           0x010141ec        0x0 ../../../../../Desktop/310project\libhal_bsp.a(alt_find_dev.o)
 .bss           0x010141ec        0x0 ../../../../../Desktop/310project\libhal_bsp.a(alt_icache_flush_all.o)
 .bss           0x010141ec        0x0 ../../../../../Desktop/310project\libhal_bsp.a(alt_io_redirect.o)
 .bss           0x010141ec        0x0 ../../../../../Desktop/310project\libhal_bsp.a(alt_irq_entry.o)
 .bss           0x010141ec        0x0 ../../../../../Desktop/310project\libhal_bsp.a(alt_irq_handler.o)
 .bss           0x010141ec        0x0 ../../../../../Desktop/310project\libhal_bsp.a(alt_open.o)
 .bss           0x010141ec        0x0 ../../../../../Desktop/310project\libhal_bsp.a(altera_nios2_qsys_irq.o)
 .bss           0x010141ec        0x0 ../../../../../Desktop/310project\libhal_bsp.a(alt_exception_entry.o)
 .bss           0x010141ec        0x0 ../../../../../Desktop/310project\libhal_bsp.a(alt_find_file.o)
 .bss           0x010141ec        0x0 ../../../../../Desktop/310project\libhal_bsp.a(alt_get_fd.o)
 .bss           0x010141ec        0x0 ../../../../../Desktop/310project\libhal_bsp.a(alt_icache_flush.o)
 .bss           0x010141ec        0x0 c:/altera/12.0sp2/nios2eds/bin/gnu/h-i686-mingw32/bin/../lib/gcc/nios2-elf/4.1.2/../../../../nios2-elf/lib\libc.a(lib_a-atexit.o)
 .bss           0x010141ec        0x0 c:/altera/12.0sp2/nios2eds/bin/gnu/h-i686-mingw32/bin/../lib/gcc/nios2-elf/4.1.2/../../../../nios2-elf/lib\libc.a(lib_a-exit.o)
 .bss           0x010141ec        0x0 c:/altera/12.0sp2/nios2eds/bin/gnu/h-i686-mingw32/bin/../lib/gcc/nios2-elf/4.1.2/../../../../nios2-elf/lib\libc.a(lib_a-memcmp.o)
 .bss           0x010141ec        0x0 c:/altera/12.0sp2/nios2eds/bin/gnu/h-i686-mingw32/bin/../lib/gcc/nios2-elf/4.1.2/../../../../nios2-elf/lib\libc.a(lib_a-__atexit.o)
 .bss           0x010141ec        0x0 c:/altera/12.0sp2/nios2eds/bin/gnu/h-i686-mingw32/bin/../lib/gcc/nios2-elf/4.1.2/../../../../nios2-elf/lib\libc.a(lib_a-__call_atexit.o)
 .bss           0x010141ec        0x0 ../../../../../Desktop/310project\libhal_bsp.a(alt_exit.o)
 *(COMMON)
 COMMON         0x010141ec       0x20 obj/default/DrawMain.o
                0x010141ec                Hex
 COMMON         0x0101420c      0x100 ../../../../../Desktop/310project\libhal_bsp.a(alt_irq_handler.o)
                0x0101420c                alt_irq
 COMMON         0x0101430c      0x190 c:/altera/12.0sp2/nios2eds/bin/gnu/h-i686-mingw32/bin/../lib/gcc/nios2-elf/4.1.2/../../../../nios2-elf/lib\libc.a(lib_a-atexit.o)
                0x0101430c                _atexit0
                0x0101449c                . = ALIGN (0x4)
                0x0101449c                __bss_end = ABSOLUTE (.)

.sdram          0x0101449c        0x0
                0x0101449c                PROVIDE (_alt_partition_sdram_start, ABSOLUTE (.))
 *(.sdram. sdram.*)
                0x0101449c                . = ALIGN (0x4)
                0x0101449c                PROVIDE (_alt_partition_sdram_end, ABSOLUTE (.))
                0x0101449c                _end = ABSOLUTE (.)
                0x0101449c                end = ABSOLUTE (.)
                0x0101449c                __alt_stack_base = ABSOLUTE (.)
                0x0101449c                PROVIDE (_alt_partition_sdram_load_addr, LOADADDR (.sdram))

.stab
 *(.stab)

.stabstr
 *(.stabstr)

.stab.excl
 *(.stab.excl)

.stab.exclstr
 *(.stab.exclstr)

.stab.index
 *(.stab.index)

.stab.indexstr
 *(.stab.indexstr)

.comment        0x00000000       0x26
 *(.comment)
 .comment       0x00000000       0x26 obj/default/DrawMain.o
                                 0x27 (size before relaxing)
 .comment       0x00000000       0x27 obj/default/drawBg.o
 .comment       0x00000000       0x27 obj/default/wk_io.o
 .comment       0x00000000       0x27 obj/default/wk_lcd.o
 .comment       0x00000000       0x27 obj/default/wk_video.o
 .comment       0x00000000       0x27 c:/altera/12.0sp2/nios2eds/bin/gnu/h-i686-mingw32/bin/../lib/gcc/nios2-elf/4.1.2/../../../../nios2-elf/lib\libc.a(lib_a-malloc.o)
 .comment       0x00000000       0x27 c:/altera/12.0sp2/nios2eds/bin/gnu/h-i686-mingw32/bin/../lib/gcc/nios2-elf/4.1.2/../../../../nios2-elf/lib\libc.a(lib_a-mallocr.o)
 .comment       0x00000000       0x27 c:/altera/12.0sp2/nios2eds/bin/gnu/h-i686-mingw32/bin/../lib/gcc/nios2-elf/4.1.2/../../../../nios2-elf/lib\libc.a(lib_a-memcpy.o)
 .comment       0x00000000       0x27 c:/altera/12.0sp2/nios2eds/bin/gnu/h-i686-mingw32/bin/../lib/gcc/nios2-elf/4.1.2/../../../../nios2-elf/lib\libc.a(lib_a-memset.o)
 .comment       0x00000000       0x27 c:/altera/12.0sp2/nios2eds/bin/gnu/h-i686-mingw32/bin/../lib/gcc/nios2-elf/4.1.2/../../../../nios2-elf/lib\libc.a(lib_a-printf.o)
 .comment       0x00000000       0x27 c:/altera/12.0sp2/nios2eds/bin/gnu/h-i686-mingw32/bin/../lib/gcc/nios2-elf/4.1.2/../../../../nios2-elf/lib\libc.a(lib_a-puts.o)
 .comment       0x00000000       0x27 c:/altera/12.0sp2/nios2eds/bin/gnu/h-i686-mingw32/bin/../lib/gcc/nios2-elf/4.1.2/../../../../nios2-elf/lib\libc.a(lib_a-rand.o)
 .comment       0x00000000       0x27 c:/altera/12.0sp2/nios2eds/bin/gnu/h-i686-mingw32/bin/../lib/gcc/nios2-elf/4.1.2/../../../../nios2-elf/lib\libc.a(lib_a-sbrkr.o)
 .comment       0x00000000       0x27 c:/altera/12.0sp2/nios2eds/bin/gnu/h-i686-mingw32/bin/../lib/gcc/nios2-elf/4.1.2/../../../../nios2-elf/lib\libc.a(lib_a-sprintf.o)
 .comment       0x00000000       0x27 c:/altera/12.0sp2/nios2eds/bin/gnu/h-i686-mingw32/bin/../lib/gcc/nios2-elf/4.1.2/../../../../nios2-elf/lib\libc.a(lib_a-strcat.o)
 .comment       0x00000000       0x27 c:/altera/12.0sp2/nios2eds/bin/gnu/h-i686-mingw32/bin/../lib/gcc/nios2-elf/4.1.2/../../../../nios2-elf/lib\libc.a(lib_a-strcpy.o)
 .comment       0x00000000       0x27 c:/altera/12.0sp2/nios2eds/bin/gnu/h-i686-mingw32/bin/../lib/gcc/nios2-elf/4.1.2/../../../../nios2-elf/lib\libc.a(lib_a-strlen.o)
 .comment       0x00000000       0x27 c:/altera/12.0sp2/nios2eds/bin/gnu/h-i686-mingw32/bin/../lib/gcc/nios2-elf/4.1.2/../../../../nios2-elf/lib\libc.a(lib_a-vfprintf.o)
 .comment       0x00000000       0x27 c:/altera/12.0sp2/nios2eds/bin/gnu/h-i686-mingw32/bin/../lib/gcc/nios2-elf/4.1.2/../../../../nios2-elf/lib\libc.a(lib_a-wsetup.o)
 .comment       0x00000000       0x27 c:/altera/12.0sp2/nios2eds/bin/gnu/h-i686-mingw32/bin/../lib/gcc/nios2-elf/4.1.2/../../../../nios2-elf/lib\libc.a(lib_a-dtoa.o)
 .comment       0x00000000       0x27 c:/altera/12.0sp2/nios2eds/bin/gnu/h-i686-mingw32/bin/../lib/gcc/nios2-elf/4.1.2/../../../../nios2-elf/lib\libc.a(lib_a-fflush.o)
 .comment       0x00000000       0x27 c:/altera/12.0sp2/nios2eds/bin/gnu/h-i686-mingw32/bin/../lib/gcc/nios2-elf/4.1.2/../../../../nios2-elf/lib\libc.a(lib_a-findfp.o)
 .comment       0x00000000       0x27 c:/altera/12.0sp2/nios2eds/bin/gnu/h-i686-mingw32/bin/../lib/gcc/nios2-elf/4.1.2/../../../../nios2-elf/lib\libc.a(lib_a-freer.o)
 .comment       0x00000000       0x27 c:/altera/12.0sp2/nios2eds/bin/gnu/h-i686-mingw32/bin/../lib/gcc/nios2-elf/4.1.2/../../../../nios2-elf/lib\libc.a(lib_a-fvwrite.o)
 .comment       0x00000000       0x27 c:/altera/12.0sp2/nios2eds/bin/gnu/h-i686-mingw32/bin/../lib/gcc/nios2-elf/4.1.2/../../../../nios2-elf/lib\libc.a(lib_a-fwalk.o)
 .comment       0x00000000       0x27 c:/altera/12.0sp2/nios2eds/bin/gnu/h-i686-mingw32/bin/../lib/gcc/nios2-elf/4.1.2/../../../../nios2-elf/lib\libc.a(lib_a-impure.o)
 .comment       0x00000000       0x27 c:/altera/12.0sp2/nios2eds/bin/gnu/h-i686-mingw32/bin/../lib/gcc/nios2-elf/4.1.2/../../../../nios2-elf/lib\libc.a(lib_a-int_errno.o)
 .comment       0x00000000       0x27 c:/altera/12.0sp2/nios2eds/bin/gnu/h-i686-mingw32/bin/../lib/gcc/nios2-elf/4.1.2/../../../../nios2-elf/lib\libc.a(lib_a-locale.o)
 .comment       0x00000000       0x27 c:/altera/12.0sp2/nios2eds/bin/gnu/h-i686-mingw32/bin/../lib/gcc/nios2-elf/4.1.2/../../../../nios2-elf/lib\libc.a(lib_a-makebuf.o)
 .comment       0x00000000       0x27 c:/altera/12.0sp2/nios2eds/bin/gnu/h-i686-mingw32/bin/../lib/gcc/nios2-elf/4.1.2/../../../../nios2-elf/lib\libc.a(lib_a-memchr.o)
 .comment       0x00000000       0x27 c:/altera/12.0sp2/nios2eds/bin/gnu/h-i686-mingw32/bin/../lib/gcc/nios2-elf/4.1.2/../../../../nios2-elf/lib\libc.a(lib_a-memmove.o)
 .comment       0x00000000       0x27 c:/altera/12.0sp2/nios2eds/bin/gnu/h-i686-mingw32/bin/../lib/gcc/nios2-elf/4.1.2/../../../../nios2-elf/lib\libc.a(lib_a-mprec.o)
 .comment       0x00000000       0x27 c:/altera/12.0sp2/nios2eds/bin/gnu/h-i686-mingw32/bin/../lib/gcc/nios2-elf/4.1.2/../../../../nios2-elf/lib\libc.a(lib_a-reallocr.o)
 .comment       0x00000000       0x27 c:/altera/12.0sp2/nios2eds/bin/gnu/h-i686-mingw32/bin/../lib/gcc/nios2-elf/4.1.2/../../../../nios2-elf/lib\libc.a(lib_a-s_isinfd.o)
 .comment       0x00000000       0x27 c:/altera/12.0sp2/nios2eds/bin/gnu/h-i686-mingw32/bin/../lib/gcc/nios2-elf/4.1.2/../../../../nios2-elf/lib\libc.a(lib_a-s_isnand.o)
 .comment       0x00000000       0x27 c:/altera/12.0sp2/nios2eds/bin/gnu/h-i686-mingw32/bin/../lib/gcc/nios2-elf/4.1.2/../../../../nios2-elf/lib\libc.a(lib_a-stdio.o)
 .comment       0x00000000       0x27 c:/altera/12.0sp2/nios2eds/bin/gnu/h-i686-mingw32/bin/../lib/gcc/nios2-elf/4.1.2/../../../../nios2-elf/lib\libc.a(lib_a-strcmp.o)
 .comment       0x00000000       0x27 c:/altera/12.0sp2/nios2eds/bin/gnu/h-i686-mingw32/bin/../lib/gcc/nios2-elf/4.1.2/../../../../nios2-elf/lib\libc.a(lib_a-writer.o)
 .comment       0x00000000       0x27 c:/altera/12.0sp2/nios2eds/bin/gnu/h-i686-mingw32/bin/../lib/gcc/nios2-elf/4.1.2/../../../../nios2-elf/lib\libc.a(lib_a-callocr.o)
 .comment       0x00000000       0x27 c:/altera/12.0sp2/nios2eds/bin/gnu/h-i686-mingw32/bin/../lib/gcc/nios2-elf/4.1.2/../../../../nios2-elf/lib\libc.a(lib_a-closer.o)
 .comment       0x00000000       0x27 c:/altera/12.0sp2/nios2eds/bin/gnu/h-i686-mingw32/bin/../lib/gcc/nios2-elf/4.1.2/../../../../nios2-elf/lib\libc.a(lib_a-fclose.o)
 .comment       0x00000000       0x27 c:/altera/12.0sp2/nios2eds/bin/gnu/h-i686-mingw32/bin/../lib/gcc/nios2-elf/4.1.2/../../../../nios2-elf/lib\libc.a(lib_a-fstatr.o)
 .comment       0x00000000       0x27 c:/altera/12.0sp2/nios2eds/bin/gnu/h-i686-mingw32/bin/../lib/gcc/nios2-elf/4.1.2/../../../../nios2-elf/lib\libc.a(lib_a-isattyr.o)
 .comment       0x00000000       0x27 c:/altera/12.0sp2/nios2eds/bin/gnu/h-i686-mingw32/bin/../lib/gcc/nios2-elf/4.1.2/../../../../nios2-elf/lib\libc.a(lib_a-lseekr.o)
 .comment       0x00000000       0x27 c:/altera/12.0sp2/nios2eds/bin/gnu/h-i686-mingw32/bin/../lib/gcc/nios2-elf/4.1.2/../../../../nios2-elf/lib\libc.a(lib_a-readr.o)
 .comment       0x00000000       0x27 c:/altera/12.0sp2/nios2eds/bin/gnu/h-i686-mingw32/bin/../lib/gcc/nios2-elf/4.1.2\libgcc.a(_muldi3.o)
 .comment       0x00000000       0x27 c:/altera/12.0sp2/nios2eds/bin/gnu/h-i686-mingw32/bin/../lib/gcc/nios2-elf/4.1.2\libgcc.a(_udivdi3.o)
 .comment       0x00000000       0x27 c:/altera/12.0sp2/nios2eds/bin/gnu/h-i686-mingw32/bin/../lib/gcc/nios2-elf/4.1.2\libgcc.a(_umoddi3.o)
 .comment       0x00000000       0x27 c:/altera/12.0sp2/nios2eds/bin/gnu/h-i686-mingw32/bin/../lib/gcc/nios2-elf/4.1.2\libgcc.a(_addsub_df.o)
 .comment       0x00000000       0x27 c:/altera/12.0sp2/nios2eds/bin/gnu/h-i686-mingw32/bin/../lib/gcc/nios2-elf/4.1.2\libgcc.a(_mul_df.o)
 .comment       0x00000000       0x27 c:/altera/12.0sp2/nios2eds/bin/gnu/h-i686-mingw32/bin/../lib/gcc/nios2-elf/4.1.2\libgcc.a(_div_df.o)
 .comment       0x00000000       0x27 c:/altera/12.0sp2/nios2eds/bin/gnu/h-i686-mingw32/bin/../lib/gcc/nios2-elf/4.1.2\libgcc.a(_eq_df.o)
 .comment       0x00000000       0x27 c:/altera/12.0sp2/nios2eds/bin/gnu/h-i686-mingw32/bin/../lib/gcc/nios2-elf/4.1.2\libgcc.a(_ne_df.o)
 .comment       0x00000000       0x27 c:/altera/12.0sp2/nios2eds/bin/gnu/h-i686-mingw32/bin/../lib/gcc/nios2-elf/4.1.2\libgcc.a(_gt_df.o)
 .comment       0x00000000       0x27 c:/altera/12.0sp2/nios2eds/bin/gnu/h-i686-mingw32/bin/../lib/gcc/nios2-elf/4.1.2\libgcc.a(_ge_df.o)
 .comment       0x00000000       0x27 c:/altera/12.0sp2/nios2eds/bin/gnu/h-i686-mingw32/bin/../lib/gcc/nios2-elf/4.1.2\libgcc.a(_lt_df.o)
 .comment       0x00000000       0x27 c:/altera/12.0sp2/nios2eds/bin/gnu/h-i686-mingw32/bin/../lib/gcc/nios2-elf/4.1.2\libgcc.a(_si_to_df.o)
 .comment       0x00000000       0x27 c:/altera/12.0sp2/nios2eds/bin/gnu/h-i686-mingw32/bin/../lib/gcc/nios2-elf/4.1.2\libgcc.a(_df_to_si.o)
 .comment       0x00000000       0x27 c:/altera/12.0sp2/nios2eds/bin/gnu/h-i686-mingw32/bin/../lib/gcc/nios2-elf/4.1.2\libgcc.a(_thenan_df.o)
 .comment       0x00000000       0x27 c:/altera/12.0sp2/nios2eds/bin/gnu/h-i686-mingw32/bin/../lib/gcc/nios2-elf/4.1.2\libgcc.a(_usi_to_df.o)
 .comment       0x00000000       0x27 c:/altera/12.0sp2/nios2eds/bin/gnu/h-i686-mingw32/bin/../lib/gcc/nios2-elf/4.1.2\libgcc.a(lib2-divmod.o)
 .comment       0x00000000       0x27 c:/altera/12.0sp2/nios2eds/bin/gnu/h-i686-mingw32/bin/../lib/gcc/nios2-elf/4.1.2\libgcc.a(_clz.o)
 .comment       0x00000000       0x27 c:/altera/12.0sp2/nios2eds/bin/gnu/h-i686-mingw32/bin/../lib/gcc/nios2-elf/4.1.2\libgcc.a(_clzsi2.o)
 .comment       0x00000000       0x27 c:/altera/12.0sp2/nios2eds/bin/gnu/h-i686-mingw32/bin/../lib/gcc/nios2-elf/4.1.2\libgcc.a(_pack_df.o)
 .comment       0x00000000       0x27 c:/altera/12.0sp2/nios2eds/bin/gnu/h-i686-mingw32/bin/../lib/gcc/nios2-elf/4.1.2\libgcc.a(_unpack_df.o)
 .comment       0x00000000       0x27 c:/altera/12.0sp2/nios2eds/bin/gnu/h-i686-mingw32/bin/../lib/gcc/nios2-elf/4.1.2\libgcc.a(_fpcmp_parts_df.o)
 .comment       0x00000000       0x27 ../../../../../Desktop/310project\libhal_bsp.a(alt_alarm_start.o)
 .comment       0x00000000       0x27 ../../../../../Desktop/310project\libhal_bsp.a(alt_close.o)
 .comment       0x00000000       0x27 ../../../../../Desktop/310project\libhal_bsp.a(alt_dev.o)
 .comment       0x00000000       0x27 ../../../../../Desktop/310project\libhal_bsp.a(alt_errno.o)
 .comment       0x00000000       0x27 ../../../../../Desktop/310project\libhal_bsp.a(alt_fstat.o)
 .comment       0x00000000       0x27 ../../../../../Desktop/310project\libhal_bsp.a(alt_irq_register.o)
 .comment       0x00000000       0x27 ../../../../../Desktop/310project\libhal_bsp.a(alt_irq_vars.o)
 .comment       0x00000000       0x27 ../../../../../Desktop/310project\libhal_bsp.a(alt_isatty.o)
 .comment       0x00000000       0x27 ../../../../../Desktop/310project\libhal_bsp.a(alt_load.o)
 .comment       0x00000000       0x27 ../../../../../Desktop/310project\libhal_bsp.a(alt_lseek.o)
 .comment       0x00000000       0x27 ../../../../../Desktop/310project\libhal_bsp.a(alt_main.o)
 .comment       0x00000000       0x27 ../../../../../Desktop/310project\libhal_bsp.a(alt_malloc_lock.o)
 .comment       0x00000000       0x27 ../../../../../Desktop/310project\libhal_bsp.a(alt_read.o)
 .comment       0x00000000       0x27 ../../../../../Desktop/310project\libhal_bsp.a(alt_release_fd.o)
 .comment       0x00000000       0x27 ../../../../../Desktop/310project\libhal_bsp.a(alt_sbrk.o)
 .comment       0x00000000       0x27 ../../../../../Desktop/310project\libhal_bsp.a(alt_tick.o)
 .comment       0x00000000       0x27 ../../../../../Desktop/310project\libhal_bsp.a(alt_write.o)
 .comment       0x00000000       0x27 ../../../../../Desktop/310project\libhal_bsp.a(alt_sys_init.o)
 .comment       0x00000000       0x27 ../../../../../Desktop/310project\libhal_bsp.a(altera_avalon_jtag_uart_fd.o)
 .comment       0x00000000       0x27 ../../../../../Desktop/310project\libhal_bsp.a(altera_avalon_jtag_uart_init.o)
 .comment       0x00000000       0x27 ../../../../../Desktop/310project\libhal_bsp.a(altera_avalon_jtag_uart_ioctl.o)
 .comment       0x00000000       0x27 ../../../../../Desktop/310project\libhal_bsp.a(altera_avalon_jtag_uart_read.o)
 .comment       0x00000000       0x27 ../../../../../Desktop/310project\libhal_bsp.a(altera_avalon_jtag_uart_write.o)
 .comment       0x00000000       0x27 ../../../../../Desktop/310project\libhal_bsp.a(altera_avalon_timer_sc.o)
 .comment       0x00000000       0x27 ../../../../../Desktop/310project\libhal_bsp.a(altera_up_avalon_character_lcd.o)
 .comment       0x00000000       0x27 ../../../../../Desktop/310project\libhal_bsp.a(altera_up_avalon_ps2.o)
 .comment       0x00000000       0x27 ../../../../../Desktop/310project\libhal_bsp.a(altera_up_avalon_video_character_buffer_with_dma.o)
 .comment       0x00000000       0x27 ../../../../../Desktop/310project\libhal_bsp.a(altera_up_avalon_video_pixel_buffer_dma.o)
 .comment       0x00000000       0x27 ../../../../../Desktop/310project\libhal_bsp.a(alt_dcache_flush_all.o)
 .comment       0x00000000       0x27 ../../../../../Desktop/310project\libhal_bsp.a(alt_dev_llist_insert.o)
 .comment       0x00000000       0x27 ../../../../../Desktop/310project\libhal_bsp.a(alt_do_ctors.o)
 .comment       0x00000000       0x27 ../../../../../Desktop/310project\libhal_bsp.a(alt_do_dtors.o)
 .comment       0x00000000       0x27 ../../../../../Desktop/310project\libhal_bsp.a(alt_find_dev.o)
 .comment       0x00000000       0x27 ../../../../../Desktop/310project\libhal_bsp.a(alt_icache_flush_all.o)
 .comment       0x00000000       0x27 ../../../../../Desktop/310project\libhal_bsp.a(alt_io_redirect.o)
 .comment       0x00000000       0x27 ../../../../../Desktop/310project\libhal_bsp.a(alt_irq_handler.o)
 .comment       0x00000000       0x27 ../../../../../Desktop/310project\libhal_bsp.a(alt_open.o)
 .comment       0x00000000       0x27 ../../../../../Desktop/310project\libhal_bsp.a(altera_nios2_qsys_irq.o)
 .comment       0x00000000       0x27 ../../../../../Desktop/310project\libhal_bsp.a(alt_find_file.o)
 .comment       0x00000000       0x27 ../../../../../Desktop/310project\libhal_bsp.a(alt_get_fd.o)
 .comment       0x00000000       0x27 ../../../../../Desktop/310project\libhal_bsp.a(alt_icache_flush.o)
 .comment       0x00000000       0x27 c:/altera/12.0sp2/nios2eds/bin/gnu/h-i686-mingw32/bin/../lib/gcc/nios2-elf/4.1.2/../../../../nios2-elf/lib\libc.a(lib_a-atexit.o)
 .comment       0x00000000       0x27 c:/altera/12.0sp2/nios2eds/bin/gnu/h-i686-mingw32/bin/../lib/gcc/nios2-elf/4.1.2/../../../../nios2-elf/lib\libc.a(lib_a-exit.o)
 .comment       0x00000000       0x27 c:/altera/12.0sp2/nios2eds/bin/gnu/h-i686-mingw32/bin/../lib/gcc/nios2-elf/4.1.2/../../../../nios2-elf/lib\libc.a(lib_a-memcmp.o)
 .comment       0x00000000       0x27 c:/altera/12.0sp2/nios2eds/bin/gnu/h-i686-mingw32/bin/../lib/gcc/nios2-elf/4.1.2/../../../../nios2-elf/lib\libc.a(lib_a-__atexit.o)
 .comment       0x00000000       0x27 c:/altera/12.0sp2/nios2eds/bin/gnu/h-i686-mingw32/bin/../lib/gcc/nios2-elf/4.1.2/../../../../nios2-elf/lib\libc.a(lib_a-__call_atexit.o)
 .comment       0x00000000       0x27 ../../../../../Desktop/310project\libhal_bsp.a(alt_exit.o)

.debug
 *(.debug)

.line
 *(.line)

.debug_srcinfo
 *(.debug_srcinfo)

.debug_sfnames
 *(.debug_sfnames)

.debug_aranges  0x00000000      0xdf8
 *(.debug_aranges)
 .debug_aranges
                0x00000000       0x28 ../../../../../Desktop/310project/obj/HAL/src/crt0.o
 .debug_aranges
                0x00000028       0x20 obj/default/DrawMain.o
 .debug_aranges
                0x00000048       0x20 obj/default/drawBg.o
 .debug_aranges
                0x00000068       0x20 obj/default/wk_io.o
 .debug_aranges
                0x00000088       0x20 obj/default/wk_lcd.o
 .debug_aranges
                0x000000a8       0x20 obj/default/wk_video.o
 .debug_aranges
                0x000000c8       0x20 c:/altera/12.0sp2/nios2eds/bin/gnu/h-i686-mingw32/bin/../lib/gcc/nios2-elf/4.1.2/../../../../nios2-elf/lib\libc.a(lib_a-malloc.o)
 .debug_aranges
                0x000000e8       0x20 c:/altera/12.0sp2/nios2eds/bin/gnu/h-i686-mingw32/bin/../lib/gcc/nios2-elf/4.1.2/../../../../nios2-elf/lib\libc.a(lib_a-mallocr.o)
 .debug_aranges
                0x00000108       0x20 c:/altera/12.0sp2/nios2eds/bin/gnu/h-i686-mingw32/bin/../lib/gcc/nios2-elf/4.1.2/../../../../nios2-elf/lib\libc.a(lib_a-memcpy.o)
 .debug_aranges
                0x00000128       0x20 c:/altera/12.0sp2/nios2eds/bin/gnu/h-i686-mingw32/bin/../lib/gcc/nios2-elf/4.1.2/../../../../nios2-elf/lib\libc.a(lib_a-memset.o)
 .debug_aranges
                0x00000148       0x20 c:/altera/12.0sp2/nios2eds/bin/gnu/h-i686-mingw32/bin/../lib/gcc/nios2-elf/4.1.2/../../../../nios2-elf/lib\libc.a(lib_a-printf.o)
 .debug_aranges
                0x00000168       0x20 c:/altera/12.0sp2/nios2eds/bin/gnu/h-i686-mingw32/bin/../lib/gcc/nios2-elf/4.1.2/../../../../nios2-elf/lib\libc.a(lib_a-puts.o)
 .debug_aranges
                0x00000188       0x20 c:/altera/12.0sp2/nios2eds/bin/gnu/h-i686-mingw32/bin/../lib/gcc/nios2-elf/4.1.2/../../../../nios2-elf/lib\libc.a(lib_a-rand.o)
 .debug_aranges
                0x000001a8       0x20 c:/altera/12.0sp2/nios2eds/bin/gnu/h-i686-mingw32/bin/../lib/gcc/nios2-elf/4.1.2/../../../../nios2-elf/lib\libc.a(lib_a-sbrkr.o)
 .debug_aranges
                0x000001c8       0x20 c:/altera/12.0sp2/nios2eds/bin/gnu/h-i686-mingw32/bin/../lib/gcc/nios2-elf/4.1.2/../../../../nios2-elf/lib\libc.a(lib_a-sprintf.o)
 .debug_aranges
                0x000001e8       0x20 c:/altera/12.0sp2/nios2eds/bin/gnu/h-i686-mingw32/bin/../lib/gcc/nios2-elf/4.1.2/../../../../nios2-elf/lib\libc.a(lib_a-strcat.o)
 .debug_aranges
                0x00000208       0x20 c:/altera/12.0sp2/nios2eds/bin/gnu/h-i686-mingw32/bin/../lib/gcc/nios2-elf/4.1.2/../../../../nios2-elf/lib\libc.a(lib_a-strcpy.o)
 .debug_aranges