Archive member included because of file (symbol)

c:/altera/12.0sp2/nios2eds/bin/gnu/h-i686-mingw32/bin/../lib/gcc/nios2-elf/4.1.2/../../../../nios2-elf/lib\libc.a(lib_a-malloc.o)
                              obj/default/bitmap.o (free)
c:/altera/12.0sp2/nios2eds/bin/gnu/h-i686-mingw32/bin/../lib/gcc/nios2-elf/4.1.2/../../../../nios2-elf/lib\libc.a(lib_a-mallocr.o)
                              c:/altera/12.0sp2/nios2eds/bin/gnu/h-i686-mingw32/bin/../lib/gcc/nios2-elf/4.1.2/../../../../nios2-elf/lib\libc.a(lib_a-malloc.o) (_malloc_r)
c:/altera/12.0sp2/nios2eds/bin/gnu/h-i686-mingw32/bin/../lib/gcc/nios2-elf/4.1.2/../../../../nios2-elf/lib\libc.a(lib_a-memcpy.o)
                              obj/default/wk_lcd.o (memcpy)
c:/altera/12.0sp2/nios2eds/bin/gnu/h-i686-mingw32/bin/../lib/gcc/nios2-elf/4.1.2/../../../../nios2-elf/lib\libc.a(lib_a-memset.o)
                              obj/default/DrawMain.o (memset)
c:/altera/12.0sp2/nios2eds/bin/gnu/h-i686-mingw32/bin/../lib/gcc/nios2-elf/4.1.2/../../../../nios2-elf/lib\libc.a(lib_a-printf.o)
                              obj/default/DrawMain.o (printf)
c:/altera/12.0sp2/nios2eds/bin/gnu/h-i686-mingw32/bin/../lib/gcc/nios2-elf/4.1.2/../../../../nios2-elf/lib\libc.a(lib_a-putchar.o)
                              obj/default/sdcard.o (putchar)
c:/altera/12.0sp2/nios2eds/bin/gnu/h-i686-mingw32/bin/../lib/gcc/nios2-elf/4.1.2/../../../../nios2-elf/lib\libc.a(lib_a-puts.o)
                              obj/default/DrawMain.o (puts)
c:/altera/12.0sp2/nios2eds/bin/gnu/h-i686-mingw32/bin/../lib/gcc/nios2-elf/4.1.2/../../../../nios2-elf/lib\libc.a(lib_a-rand.o)
                              obj/default/DrawMain.o (srand)
c:/altera/12.0sp2/nios2eds/bin/gnu/h-i686-mingw32/bin/../lib/gcc/nios2-elf/4.1.2/../../../../nios2-elf/lib\libc.a(lib_a-sbrkr.o)
                              c:/altera/12.0sp2/nios2eds/bin/gnu/h-i686-mingw32/bin/../lib/gcc/nios2-elf/4.1.2/../../../../nios2-elf/lib\libc.a(lib_a-mallocr.o) (_sbrk_r)
c:/altera/12.0sp2/nios2eds/bin/gnu/h-i686-mingw32/bin/../lib/gcc/nios2-elf/4.1.2/../../../../nios2-elf/lib\libc.a(lib_a-sprintf.o)
                              obj/default/DrawMain.o (sprintf)
c:/altera/12.0sp2/nios2eds/bin/gnu/h-i686-mingw32/bin/../lib/gcc/nios2-elf/4.1.2/../../../../nios2-elf/lib\libc.a(lib_a-strcat.o)
                              obj/default/DrawMain.o (strcat)
c:/altera/12.0sp2/nios2eds/bin/gnu/h-i686-mingw32/bin/../lib/gcc/nios2-elf/4.1.2/../../../../nios2-elf/lib\libc.a(lib_a-strcpy.o)
                              obj/default/wk_lcd.o (strcpy)
c:/altera/12.0sp2/nios2eds/bin/gnu/h-i686-mingw32/bin/../lib/gcc/nios2-elf/4.1.2/../../../../nios2-elf/lib\libc.a(lib_a-strlen.o)
                              obj/default/DrawMain.o (strlen)
c:/altera/12.0sp2/nios2eds/bin/gnu/h-i686-mingw32/bin/../lib/gcc/nios2-elf/4.1.2/../../../../nios2-elf/lib\libc.a(lib_a-vfprintf.o)
                              c:/altera/12.0sp2/nios2eds/bin/gnu/h-i686-mingw32/bin/../lib/gcc/nios2-elf/4.1.2/../../../../nios2-elf/lib\libc.a(lib_a-printf.o) (___vfprintf_internal_r)
c:/altera/12.0sp2/nios2eds/bin/gnu/h-i686-mingw32/bin/../lib/gcc/nios2-elf/4.1.2/../../../../nios2-elf/lib\libc.a(lib_a-wsetup.o)
                              c:/altera/12.0sp2/nios2eds/bin/gnu/h-i686-mingw32/bin/../lib/gcc/nios2-elf/4.1.2/../../../../nios2-elf/lib\libc.a(lib_a-vfprintf.o) (__swsetup_r)
c:/altera/12.0sp2/nios2eds/bin/gnu/h-i686-mingw32/bin/../lib/gcc/nios2-elf/4.1.2/../../../../nios2-elf/lib\libc.a(lib_a-dtoa.o)
                              c:/altera/12.0sp2/nios2eds/bin/gnu/h-i686-mingw32/bin/../lib/gcc/nios2-elf/4.1.2/../../../../nios2-elf/lib\libc.a(lib_a-vfprintf.o) (_dtoa_r)
c:/altera/12.0sp2/nios2eds/bin/gnu/h-i686-mingw32/bin/../lib/gcc/nios2-elf/4.1.2/../../../../nios2-elf/lib\libc.a(lib_a-fflush.o)
                              c:/altera/12.0sp2/nios2eds/bin/gnu/h-i686-mingw32/bin/../lib/gcc/nios2-elf/4.1.2/../../../../nios2-elf/lib\libc.a(lib_a-vfprintf.o) (_fflush_r)
c:/altera/12.0sp2/nios2eds/bin/gnu/h-i686-mingw32/bin/../lib/gcc/nios2-elf/4.1.2/../../../../nios2-elf/lib\libc.a(lib_a-findfp.o)
                              c:/altera/12.0sp2/nios2eds/bin/gnu/h-i686-mingw32/bin/../lib/gcc/nios2-elf/4.1.2/../../../../nios2-elf/lib\libc.a(lib_a-vfprintf.o) (__sinit)
c:/altera/12.0sp2/nios2eds/bin/gnu/h-i686-mingw32/bin/../lib/gcc/nios2-elf/4.1.2/../../../../nios2-elf/lib\libc.a(lib_a-freer.o)
                              c:/altera/12.0sp2/nios2eds/bin/gnu/h-i686-mingw32/bin/../lib/gcc/nios2-elf/4.1.2/../../../../nios2-elf/lib\libc.a(lib_a-malloc.o) (_free_r)
c:/altera/12.0sp2/nios2eds/bin/gnu/h-i686-mingw32/bin/../lib/gcc/nios2-elf/4.1.2/../../../../nios2-elf/lib\libc.a(lib_a-fvwrite.o)
                              c:/altera/12.0sp2/nios2eds/bin/gnu/h-i686-mingw32/bin/../lib/gcc/nios2-elf/4.1.2/../../../../nios2-elf/lib\libc.a(lib_a-puts.o) (__sfvwrite_r)
[...]
Memory Configuration

Name             Origin             Length             Attributes
reset            0x01000000         0x00000020
sdram            0x01000020         0x007fffe0
*default*        0x00000000         0xffffffff

Linker script and memory map

LOAD ../../../../../Desktop/Workspace/obj/HAL/src/crt0.o
LOAD obj/default/DrawMain.o
LOAD obj/default/audio.o
LOAD obj/default/bitmap.o
LOAD obj/default/drawBg.o
LOAD obj/default/sdcard.o
LOAD obj/default/wk_io.o
LOAD obj/default/wk_kb.o
LOAD obj/default/wk_lcd.o
LOAD obj/default/wk_video.o
LOAD c:/altera/12.0sp2/nios2eds/bin/gnu/h-i686-mingw32/bin/../lib/gcc/nios2-elf/4.1.2/../../../../nios2-elf/lib\libstdc++.a
LOAD c:/altera/12.0sp2/nios2eds/bin/gnu/h-i686-mingw32/bin/../lib/gcc/nios2-elf/4.1.2/../../../../nios2-elf/lib\libm.a
LOAD c:/altera/12.0sp2/nios2eds/bin/gnu/h-i686-mingw32/bin/../lib/gcc/nios2-elf/4.1.2\libgcc.a
START GROUP
LOAD c:/altera/12.0sp2/nios2eds/bin/gnu/h-i686-mingw32/bin/../lib/gcc/nios2-elf/4.1.2/../../../../nios2-elf/lib\libc.a
LOAD c:/altera/12.0sp2/nios2eds/bin/gnu/h-i686-mingw32/bin/../lib/gcc/nios2-elf/4.1.2\libgcc.a
LOAD ../../../../../Desktop/Workspace\libhal_bsp.a
END GROUP
LOAD c:/altera/12.0sp2/nios2eds/bin/gnu/h-i686-mingw32/bin/../lib/gcc/nios2-elf/4.1.2\libgcc.a
                0x01000000                __alt_mem_sdram = 0x1000000

.entry          0x01000000       0x20
 *(.entry)
 .entry         0x01000000       0x20 ../../../../../Desktop/Workspace/obj/HAL/src/crt0.o
                0x01000000                __reset

.exceptions     0x01000020      0x164
                0x01000020                PROVIDE (__ram_exceptions_start, ABSOLUTE (.))
                0x01000020                . = ALIGN (0x20)
 *(.irq)
 *(.exceptions.entry.label)
 .exceptions.entry.label
                0x01000020        0x0 ../../../../../Desktop/Workspace\libhal_bsp.a(alt_irq_entry.o)
                0x01000020                alt_irq_entry
 .exceptions.entry.label
                0x01000020        0x0 ../../../../../Desktop/Workspace\libhal_bsp.a(alt_exception_entry.o)
                0x01000020                alt_exception
 *(.exceptions.entry.user)
 *(.exceptions.entry)
 .exceptions.entry
                0x01000020       0x54 ../../../../../Desktop/Workspace\libhal_bsp.a(alt_exception_entry.o)
 *(.exceptions.irqtest.user)
 *(.exceptions.irqtest)
 .exceptions.irqtest
                0x01000074       0x10 ../../../../../Desktop/Workspace\libhal_bsp.a(alt_irq_entry.o)
 *(.exceptions.irqhandler.user)
 *(.exceptions.irqhandler)
 .exceptions.irqhandler
                0x01000084        0x4 ../../../../../Desktop/Workspace\libhal_bsp.a(alt_irq_entry.o)
 *(.exceptions.irqreturn.user)
 *(.exceptions.irqreturn)
 .exceptions.irqreturn
                0x01000088        0x4 ../../../../../Desktop/Workspace\libhal_bsp.a(alt_irq_entry.o)
 *(.exceptions.notirq.label)
 .exceptions.notirq.label
                0x0100008c        0x0 ../../../../../Desktop/Workspace\libhal_bsp.a(alt_irq_entry.o)
 *(.exceptions.notirq.user)
 *(.exceptions.notirq)
 .exceptions.notirq
                0x0100008c        0x8 ../../../../../Desktop/Workspace\libhal_bsp.a(alt_exception_entry.o)
 *(.exceptions.soft.user)
 *(.exceptions.soft)
 *(.exceptions.unknown.user)
 *(.exceptions.unknown)
 .exceptions.unknown
                0x01000094        0x4 ../../../../../Desktop/Workspace\libhal_bsp.a(alt_exception_entry.o)
 *(.exceptions.exit.label)
 .exceptions.exit.label
                0x01000098        0x0 ../../../../../Desktop/Workspace\libhal_bsp.a(alt_irq_entry.o)
 .exceptions.exit.label
                0x01000098        0x0 ../../../../../Desktop/Workspace\libhal_bsp.a(alt_exception_entry.o)
 *(.exceptions.exit.user)
 *(.exceptions.exit)
 .exceptions.exit
                0x01000098       0x54 ../../../../../Desktop/Workspace\libhal_bsp.a(alt_exception_entry.o)
 *(.exceptions)
 .exceptions    0x010000ec       0x98 ../../../../../Desktop/Workspace\libhal_bsp.a(alt_irq_handler.o)
                0x010000ec                alt_irq_handler
                0x01000184                PROVIDE (__ram_exceptions_end, ABSOLUTE (.))
                0x01000020                PROVIDE (__flash_exceptions_start, LOADADDR (.exceptions))

.text           0x01000184    0x144ec
                0x01000184                PROVIDE (stext, ABSOLUTE (.))
 *(.interp)
 *(.hash)
 *(.dynsym)
 *(.dynstr)
 *(.gnu.version)
 *(.gnu.version_d)
 *(.gnu.version_r)
 *(.rel.init)
 *(.rela.init)
 *(.rel.text .rel.text.* .rel.gnu.linkonce.t.*)
 *(.rela.text .rela.text.* .rela.gnu.linkonce.t.*)
 *(.rel.fini)
 *(.rela.fini)
 *(.rel.rodata .rel.rodata.* .rel.gnu.linkonce.r.*)
 *(.rela.rodata .rela.rodata.* .rela.gnu.linkonce.r.*)
 *(.rel.data .rel.data.* .rel.gnu.linkonce.d.*)
 *(.rela.data .rela.data.* .rela.gnu.linkonce.d.*)
 *(.rel.tdata .rel.tdata.* .rel.gnu.linkonce.td.*)
 *(.rela.tdata .rela.tdata.* .rela.gnu.linkonce.td.*)
 *(.rel.tbss .rel.tbss.* .rel.gnu.linkonce.tb.*)
 *(.rela.tbss .rela.tbss.* .rela.gnu.linkonce.tb.*)
 *(.rel.ctors)
 *(.rela.ctors)
 *(.rel.dtors)
 *(.rela.dtors)
 *(.rel.got)
 *(.rela.got)
 *(.rel.sdata .rel.sdata.* .rel.gnu.linkonce.s.*)
 *(.rela.sdata .rela.sdata.* .rela.gnu.linkonce.s.*)
 *(.rel.sbss .rel.sbss.* .rel.gnu.linkonce.sb.*)
 *(.rela.sbss .rela.sbss.* .rela.gnu.linkonce.sb.*)
 *(.rel.sdata2 .rel.sdata2.* .rel.gnu.linkonce.s2.*)
 *(.rela.sdata2 .rela.sdata2.* .rela.gnu.linkonce.s2.*)
 *(.rel.sbss2 .rel.sbss2.* .rel.gnu.linkonce.sb2.*)
 *(.rela.sbss2 .rela.sbss2.* .rela.gnu.linkonce.sb2.*)
 *(.rel.bss .rel.bss.* .rel.gnu.linkonce.b.*)
 *(.rela.bss .rela.bss.* .rela.gnu.linkonce.b.*)
 *(.rel.plt)
 *(.rela.plt)
 *(.rel.dyn)
 *(.init)
 *(.plt)
 *(.text .stub .text.* .gnu.linkonce.t.*)
 .text          0x01000184       0x4c ../../../../../Desktop/Workspace/obj/HAL/src/crt0.o
                0x01000184                _start
 .text          0x010001d0     0x18ec obj/default/DrawMain.o
                0x010001d0                draw
                0x010001f8                key_hit
                0x0100022c                save_score
                0x01000310                display_score
                0x010004cc                main
 .text          0x01001abc      0x284 obj/default/audio.o
                0x01001abc                av_config_setup
                0x01001b00                play_sound
                0x01001b54                audio_isr
                0x01001c0c                read_audio_file
 .text          0x01001d40      0x708 obj/default/bitmap.o
                0x01001d40                bitmap_getBmp
                0x01001f70                bitmap_to16bit
                0x010020b0                bitmap_drawToScr
                0x01002224                scrolling_bgDrawToScr
                0x010023b4                bitmap_makeScrolling
 .text          0x01002448     0x1310 obj/default/drawBg.o
                0x01002448                drawBg
                0x010024d0                drawSprite
                0x010027a0                makeNPC
                0x010029dc                bitmap_drawNPCs
                0x01002bb4                drawNPCs
                0x010031c0                draw_health
                0x010032d0                drawMenuBg
                0x010033c4                drawMenu
                0x010034bc                npc_shoot
                0x010035c4                player_shoot
                0x010036e8                printGameOver
 .text          0x01003758      0x514 obj/default/sdcard.o
                0x01003758                sdcard_init
                0x01003790                sdcard_present
                0x010037c4                sdcard_FAT16
                0x010037f8                sdcard_get_first_file
                0x01003838                sdcard_get_next_file
                0x01003870                sdcard_list
                0x010038fc                sdcard_fopen
                0x0100393c                sdcard_readbyte
                0x01003974                sdcard_filesize
                0x010039d8                sdcard_readfile
                0x01003a58                sdcard_printarray
                0x01003ae8                sdcard_writefile
                0x01003b78                sdcard_fattributes
                0x01003bb0                sdcard_fclose
                0x01003be0                sdcard_audiosize
 .text          0x01003c6c      0x5b4 obj/default/wk_io.o
                0x01003c6c                initHex
                0x01003d14                hexPrintNum
                0x010041bc                clrHex
 .text          0x01004220      0x4f4 obj/default/wk_kb.o
                0x01004220                initKb
                0x01004428                getchKb
                0x01004560                readFromKb
 .text          0x01004714      0x2bc obj/default/wk_lcd.o
                0x01004714                lcdInit
                0x01004798                lcdPrint
                0x01004860                lcdLineSet
                0x01004950                lcdClrScr
 .text          0x010049d0      0x450 obj/default/wk_video.o
                0x010049d0                charInit
                0x01004a10                pixelInit
                0x01004a78                clrScr
                0x01004ab8                fillScr
                0x01004b10                drawLine
                0x01004bd8                drawBox
                0x01004c74                drawPoly
                0x01004d6c                swapBuffer
                0x01004dac                mkColor
 .text          0x01004e20       0x28 c:/altera/12.0sp2/nios2eds/bin/gnu/h-i686-mingw32/bin/../lib/gcc/nios2-elf/4.1.2/../../../../nios2-elf/lib\libc.a(lib_a-malloc.o)
                0x01004e20                free
                0x01004e34                malloc
 .text          0x01004e48      0x740 c:/altera/12.0sp2/nios2eds/bin/gnu/h-i686-mingw32/bin/../lib/gcc/nios2-elf/4.1.2/../../../../nios2-elf/lib\libc.a(lib_a-mallocr.o)
                0x01004e48                _malloc_r
 .text          0x01005588       0xa0 c:/altera/12.0sp2/nios2eds/bin/gnu/h-i686-mingw32/bin/../lib/gcc/nios2-elf/4.1.2/../../../../nios2-elf/lib\libc.a(lib_a-memcpy.o)
                0x01005588                memcpy
 .text          0x01005628       0x98 c:/altera/12.0sp2/nios2eds/bin/gnu/h-i686-mingw32/bin/../lib/gcc/nios2-elf/4.1.2/../../../../nios2-elf/lib\libc.a(lib_a-memset.o)
                0x01005628                memset
 .text          0x010056c0       0x78 c:/altera/12.0sp2/nios2eds/bin/gnu/h-i686-mingw32/bin/../lib/gcc/nios2-elf/4.1.2/../../../../nios2-elf/lib\libc.a(lib_a-printf.o)
                0x010056c0                printf
                0x01005704                _printf_r
 .text          0x01005738       0x24 c:/altera/12.0sp2/nios2eds/bin/gnu/h-i686-mingw32/bin/../lib/gcc/nios2-elf/4.1.2/../../../../nios2-elf/lib\libc.a(lib_a-putchar.o)
                0x01005738                putchar
                0x01005754                _putchar_r
 .text          0x0100575c       0xb4 c:/altera/12.0sp2/nios2eds/bin/gnu/h-i686-mingw32/bin/../lib/gcc/nios2-elf/4.1.2/../../../../nios2-elf/lib\libc.a(lib_a-puts.o)
                0x0100575c                _puts_r
                0x010057fc                puts
 .text          0x01005810       0x94 c:/altera/12.0sp2/nios2eds/bin/gnu/h-i686-mingw32/bin/../lib/gcc/nios2-elf/4.1.2/../../../../nios2-elf/lib\libc.a(lib_a-rand.o)
                0x01005810                srand
                0x0100582c                rand
 .text          0x010058a4       0x70 c:/altera/12.0sp2/nios2eds/bin/gnu/h-i686-mingw32/bin/../lib/gcc/nios2-elf/4.1.2/../../../../nios2-elf/lib\libc.a(lib_a-sbrkr.o)
                0x010058a4                _sbrk_r
 .text          0x01005914       0xd4 c:/altera/12.0sp2/nios2eds/bin/gnu/h-i686-mingw32/bin/../lib/gcc/nios2-elf/4.1.2/../../../../nios2-elf/lib\libc.a(lib_a-sprintf.o)
                0x01005914                sprintf
                0x01005988                _sprintf_r
 .text          0x010059e8       0x90 c:/altera/12.0sp2/nios2eds/bin/gnu/h-i686-mingw32/bin/../lib/gcc/nios2-elf/4.1.2/../../../../nios2-elf/lib\libc.a(lib_a-strcat.o)
                0x010059e8                strcat
 .text          0x01005a78       0x8c c:/altera/12.0sp2/nios2eds/bin/gnu/h-i686-mingw32/bin/../lib/gcc/nios2-elf/4.1.2/../../../../nios2-elf/lib\libc.a(lib_a-strcpy.o)
                0x01005a78                strcpy
 .text          0x01005b04       0x74 c:/altera/12.0sp2/nios2eds/bin/gnu/h-i686-mingw32/bin/../lib/gcc/nios2-elf/4.1.2/../../../../nios2-elf/lib\libc.a(lib_a-strlen.o)
                0x01005b04                strlen
 .text          0x01005b78     0x1f28 c:/altera/12.0sp2/nios2eds/bin/gnu/h-i686-mingw32/bin/../lib/gcc/nios2-elf/4.1.2/../../../../nios2-elf/lib\libc.a(lib_a-vfprintf.o)
                0x01005bd0                ___vfprintf_internal_r
                0x01007a7c                __vfprintf_internal
 .text          0x01007aa0      0x13c c:/altera/12.0sp2/nios2eds/bin/gnu/h-i686-mingw32/bin/../lib/gcc/nios2-elf/4.1.2/../../../../nios2-elf/lib\libc.a(lib_a-wsetup.o)
                0x01007aa0                __swsetup_r
 .text          0x01007bdc     0x17cc c:/altera/12.0sp2/nios2eds/bin/gnu/h-i686-mingw32/bin/../lib/gcc/nios2-elf/4.1.2/../../../../nios2-elf/lib\libc.a(lib_a-dtoa.o)
                0x01007df4                _dtoa_r
 .text          0x010093a8      0x230 c:/altera/12.0sp2/nios2eds/bin/gnu/h-i686-mingw32/bin/../lib/gcc/nios2-elf/4.1.2/../../../../nios2-elf/lib\libc.a(lib_a-fflush.o)
                0x010093a8                _fflush_r
                0x010095a4                fflush
 .text          0x010095d8      0x2c0 c:/altera/12.0sp2/nios2eds/bin/gnu/h-i686-mingw32/bin/../lib/gcc/nios2-elf/4.1.2/../../../../nios2-elf/lib\libc.a(lib_a-findfp.o)
                0x01009630                __sfp_lock_acquire
                0x01009634                __sfp_lock_release
                0x01009638                __sinit_lock_acquire
                0x0100963c                __sinit_lock_release
                0x01009640                __sinit
                0x010096f4                __fp_unlock_all
                0x0100970c                __fp_lock_all
                0x01009724                _cleanup_r
                0x01009730                _cleanup
                0x01009740                __sfmoreglue
                0x010097a8                __sfp
 .text          0x01009898      0x440 c:/altera/12.0sp2/nios2eds/bin/gnu/h-i686-mingw32/bin/../lib/gcc/nios2-elf/4.1.2/../../../../nios2-elf/lib\libc.a(lib_a-freer.o)
                0x01009898                _malloc_trim_r
                0x010099c4                _free_r
 .text          0x01009cd8      0x49c c:/altera/12.0sp2/nios2eds/bin/gnu/h-i686-mingw32/bin/../lib/gcc/nios2-elf/4.1.2/../../../../nios2-elf/lib\libc.a(lib_a-fvwrite.o)
                0x01009cd8                __sfvwrite_r
 .text          0x0100a174      0x180 c:/altera/12.0sp2/nios2eds/bin/gnu/h-i686-mingw32/bin/../lib/gcc/nios2-elf/4.1.2/../../../../nios2-elf/lib\libc.a(lib_a-fwalk.o)
                0x0100a174                _fwalk_reent
                0x0100a23c                _fwalk
 .text          0x0100a2f4        0x0 c:/altera/12.0sp2/nios2eds/bin/gnu/h-i686-mingw32/bin/../lib/gcc/nios2-elf/4.1.2/../../../../nios2-elf/lib\libc.a(lib_a-impure.o)
 .text          0x0100a2f4        0x0 c:/altera/12.0sp2/nios2eds/bin/gnu/h-i686-mingw32/bin/../lib/gcc/nios2-elf/4.1.2/../../../../nios2-elf/lib\libc.a(lib_a-int_errno.o)
 .text          0x0100a2f4       0xc4 c:/altera/12.0sp2/nios2eds/bin/gnu/h-i686-mingw32/bin/../lib/gcc/nios2-elf/4.1.2/../../../../nios2-elf/lib\libc.a(lib_a-locale.o)
                0x0100a2f4                __locale_charset
                0x0100a2fc                _localeconv_r
                0x0100a308                localeconv
                0x0100a318                _setlocale_r
                0x0100a39c                setlocale
 .text          0x0100a3b8      0x194 c:/altera/12.0sp2/nios2eds/bin/gnu/h-i686-mingw32/bin/../lib/gcc/nios2-elf/4.1.2/../../../../nios2-elf/lib\libc.a(lib_a-makebuf.o)
                0x0100a3b8                __smakebuf_r
 .text          0x0100a54c       0xe4 c:/altera/12.0sp2/nios2eds/bin/gnu/h-i686-mingw32/bin/../lib/gcc/nios2-elf/4.1.2/../../../../nios2-elf/lib\libc.a(lib_a-memchr.o)
                0x0100a54c                memchr
 .text          0x0100a630       0xe0 c:/altera/12.0sp2/nios2eds/bin/gnu/h-i686-mingw32/bin/../lib/gcc/nios2-elf/4.1.2/../../../../nios2-elf/lib\libc.a(lib_a-memmove.o)
                0x0100a630                memmove
 .text          0x0100a710      0xff4 c:/altera/12.0sp2/nios2eds/bin/gnu/h-i686-mingw32/bin/../lib/gcc/nios2-elf/4.1.2/../../../../nios2-elf/lib\libc.a(lib_a-mprec.o)
                0x0100a710                _Bfree
                0x0100a738                __hi0bits
                0x0100a7a8                __lo0bits
                0x0100a86c                __mcmp
                0x0100a8cc                __ulp
                0x0100a94c                __b2d
                0x0100aa6c                __ratio
                0x0100ab1c                _mprec_log10
                0x0100abb0                __copybits
                0x0100ac08                __any_on
                0x0100ac90                _Balloc
                0x0100ad4c                __d2b
                0x0100aec8                __mdiff
                0x0100b054                __lshift
                0x0100b1a0                __multiply
                0x0100b388                __i2b
                0x0100b3c4                __multadd
                0x0100b4c4                __pow5mult
                0x0100b5e4                __s2b
 .text          0x0100b704      0x1ec c:/altera/12.0sp2/nios2eds/bin/gnu/h-i686-mingw32/bin/../lib/gcc/nios2-elf/4.1.2/../../../../nios2-elf/lib\libc.a(lib_a-putc.o)
                0x0100b704                putc
                0x0100b808                _putc_r
 .text          0x0100b8f0      0x5f4 c:/altera/12.0sp2/nios2eds/bin/gnu/h-i686-mingw32/bin/../lib/gcc/nios2-elf/4.1.2/../../../../nios2-elf/lib\libc.a(lib_a-reallocr.o)
                0x0100b8f0                _realloc_r
 .text          0x0100bee4       0x40 c:/altera/12.0sp2/nios2eds/bin/gnu/h-i686-mingw32/bin/../lib/gcc/nios2-elf/4.1.2/../../../../nios2-elf/lib\libc.a(lib_a-s_isinfd.o)
                0x0100bee4                __isinfd
 .text          0x0100bf24       0x30 c:/altera/12.0sp2/nios2eds/bin/gnu/h-i686-mingw32/bin/../lib/gcc/nios2-elf/4.1.2/../../../../nios2-elf/lib\libc.a(lib_a-s_isnand.o)
                0x0100bf24                __isnand
 .text          0x0100bf54      0x14c c:/altera/12.0sp2/nios2eds/bin/gnu/h-i686-mingw32/bin/../lib/gcc/nios2-elf/4.1.2/../../../../nios2-elf/lib\libc.a(lib_a-stdio.o)
                0x0100bf54                __sclose
                0x0100bf5c                __sseek
                0x0100bfc4                __swrite
                0x0100c040                __sread
 .text          0x0100c0a0       0xbc c:/altera/12.0sp2/nios2eds/bin/gnu/h-i686-mingw32/bin/../lib/gcc/nios2-elf/4.1.2/../../../../nios2-elf/lib\libc.a(lib_a-strcmp.o)
                0x0100c0a0                strcmp
 .text          0x0100c15c      0x14c c:/altera/12.0sp2/nios2eds/bin/gnu/h-i686-mingw32/bin/../lib/gcc/nios2-elf/4.1.2/../../../../nios2-elf/lib\libc.a(lib_a-wbuf.o)
                0x0100c15c                __swbuf_r
                0x0100c28c                __swbuf
 .text          0x0100c2a8       0x78 c:/altera/12.0sp2/nios2eds/bin/gnu/h-i686-mingw32/bin/../lib/gcc/nios2-elf/4.1.2/../../../../nios2-elf/lib\libc.a(lib_a-writer.o)
                0x0100c2a8                _write_r
 .text          0x0100c320       0xb4 c:/altera/12.0sp2/nios2eds/bin/gnu/h-i686-mingw32/bin/../lib/gcc/nios2-elf/4.1.2/../../../../nios2-elf/lib\libc.a(lib_a-callocr.o)
                0x0100c320                _calloc_r
 .text          0x0100c3d4       0x70 c:/altera/12.0sp2/nios2eds/bin/gnu/h-i686-mingw32/bin/../lib/gcc/nios2-elf/4.1.2/../../../../nios2-elf/lib\libc.a(lib_a-closer.o)
                0x0100c3d4                _close_r
 .text          0x0100c444      0x124 c:/altera/12.0sp2/nios2eds/bin/gnu/h-i686-mingw32/bin/../lib/gcc/nios2-elf/4.1.2/../../../../nios2-elf/lib\libc.a(lib_a-fclose.o)
                0x0100c444                _fclose_r
                0x0100c554                fclose
 .text          0x0100c568       0x74 c:/altera/12.0sp2/nios2eds/bin/gnu/h-i686-mingw32/bin/../lib/gcc/nios2-elf/4.1.2/../../../../nios2-elf/lib\libc.a(lib_a-fstatr.o)
                0x0100c568                _fstat_r
 .text          0x0100c5dc       0x70 c:/altera/12.0sp2/nios2eds/bin/gnu/h-i686-mingw32/bin/../lib/gcc/nios2-elf/4.1.2/../../../../nios2-elf/lib\libc.a(lib_a-isattyr.o)
                0x0100c5dc                _isatty_r
 .text          0x0100c64c       0x78 c:/altera/12.0sp2/nios2eds/bin/gnu/h-i686-mingw32/bin/../lib/gcc/nios2-elf/4.1.2/../../../../nios2-elf/lib\libc.a(lib_a-lseekr.o)
                0x0100c64c                _lseek_r
 .text          0x0100c6c4       0x78 c:/altera/12.0sp2/nios2eds/bin/gnu/h-i686-mingw32/bin/../lib/gcc/nios2-elf/4.1.2/../../../../nios2-elf/lib\libc.a(lib_a-readr.o)
                0x0100c6c4                _read_r
 .text          0x0100c73c       0x98 c:/altera/12.0sp2/nios2eds/bin/gnu/h-i686-mingw32/bin/../lib/gcc/nios2-elf/4.1.2\libgcc.a(_muldi3.o)
                0x0100c73c                __muldi3
 .text          0x0100c7d4      0x5dc c:/altera/12.0sp2/nios2eds/bin/gnu/h-i686-mingw32/bin/../lib/gcc/nios2-elf/4.1.2\libgcc.a(_udivdi3.o)
                0x0100c7d4                __udivdi3
 .text          0x0100cdb0      0x5b0 c:/altera/12.0sp2/nios2eds/bin/gnu/h-i686-mingw32/bin/../lib/gcc/nios2-elf/4.1.2\libgcc.a(_umoddi3.o)
                0x0100cdb0                __umoddi3
 .text          0x0100d360      0x504 c:/altera/12.0sp2/nios2eds/bin/gnu/h-i686-mingw32/bin/../lib/gcc/nios2-elf/4.1.2\libgcc.a(_addsub_df.o)
                0x0100d770                __subdf3
                0x0100d7f0                __adddf3
 .text          0x0100d864      0x3c4 c:/altera/12.0sp2/nios2eds/bin/gnu/h-i686-mingw32/bin/../lib/gcc/nios2-elf/4.1.2\libgcc.a(_mul_df.o)
                0x0100d864                __muldf3
 .text          0x0100dc28      0x258 c:/altera/12.0sp2/nios2eds/bin/gnu/h-i686-mingw32/bin/../lib/gcc/nios2-elf/4.1.2\libgcc.a(_div_df.o)
                0x0100dc28                __divdf3
 .text          0x0100de80       0x88 c:/altera/12.0sp2/nios2eds/bin/gnu/h-i686-mingw32/bin/../lib/gcc/nios2-elf/4.1.2\libgcc.a(_eq_df.o)
                0x0100de80                __eqdf2
 .text          0x0100df08       0x88 c:/altera/12.0sp2/nios2eds/bin/gnu/h-i686-mingw32/bin/../lib/gcc/nios2-elf/4.1.2\libgcc.a(_ne_df.o)
                0x0100df08                __nedf2
 .text          0x0100df90       0x88 c:/altera/12.0sp2/nios2eds/bin/gnu/h-i686-mingw32/bin/../lib/gcc/nios2-elf/4.1.2\libgcc.a(_gt_df.o)
                0x0100df90                __gtdf2
 .text          0x0100e018       0x88 c:/altera/12.0sp2/nios2eds/bin/gnu/h-i686-mingw32/bin/../lib/gcc/nios2-elf/4.1.2\libgcc.a(_ge_df.o)
                0x0100e018                __gedf2
 .text          0x0100e0a0       0x88 c:/altera/12.0sp2/nios2eds/bin/gnu/h-i686-mingw32/bin/../lib/gcc/nios2-elf/4.1.2\libgcc.a(_lt_df.o)
                0x0100e0a0                __ltdf2
 .text          0x0100e128       0xf8 c:/altera/12.0sp2/nios2eds/bin/gnu/h-i686-mingw32/bin/../lib/gcc/nios2-elf/4.1.2\libgcc.a(_si_to_df.o)
                0x0100e128                __floatsidf
 .text          0x0100e220       0xd8 c:/altera/12.0sp2/nios2eds/bin/gnu/h-i686-mingw32/bin/../lib/gcc/nios2-elf/4.1.2\libgcc.a(_df_to_si.o)
                0x0100e220                __fixdfsi
 .text          0x0100e2f8        0x0 c:/altera/12.0sp2/nios2eds/bin/gnu/h-i686-mingw32/bin/../lib/gcc/nios2-elf/4.1.2\libgcc.a(_thenan_df.o)
 .text          0x0100e2f8      0x194 c:/altera/12.0sp2/nios2eds/bin/gnu/h-i686-mingw32/bin/../lib/gcc/nios2-elf/4.1.2\libgcc.a(_usi_to_df.o)
                0x0100e2f8                __floatunsidf
 .text          0x0100e48c      0x14c c:/altera/12.0sp2/nios2eds/bin/gnu/h-i686-mingw32/bin/../lib/gcc/nios2-elf/4.1.2\libgcc.a(lib2-divmod.o)
                0x0100e508                __divsi3
                0x0100e568                __modsi3
                0x0100e5c8                __udivsi3
                0x0100e5d0                __umodsi3
 .text          0x0100e5d8        0x0 c:/altera/12.0sp2/nios2eds/bin/gnu/h-i686-mingw32/bin/../lib/gcc/nios2-elf/4.1.2\libgcc.a(_clz.o)
 .text          0x0100e5d8       0x80 c:/altera/12.0sp2/nios2eds/bin/gnu/h-i686-mingw32/bin/../lib/gcc/nios2-elf/4.1.2\libgcc.a(_clzsi2.o)
                0x0100e5d8                __clzsi2
 .text          0x0100e658      0x314 c:/altera/12.0sp2/nios2eds/bin/gnu/h-i686-mingw32/bin/../lib/gcc/nios2-elf/4.1.2\libgcc.a(_pack_df.o)
                0x0100e658                __pack_d
 .text          0x0100e96c      0x138 c:/altera/12.0sp2/nios2eds/bin/gnu/h-i686-mingw32/bin/../lib/gcc/nios2-elf/4.1.2\libgcc.a(_unpack_df.o)
                0x0100e96c                __unpack_d
 .text          0x0100eaa4       0xc8 c:/altera/12.0sp2/nios2eds/bin/gnu/h-i686-mingw32/bin/../lib/gcc/nios2-elf/4.1.2\libgcc.a(_fpcmp_parts_df.o)
                0x0100eaa4                __fpcmp_parts_d
 .text          0x0100eb6c       0x94 ../../../../../Desktop/Workspace\libhal_bsp.a(alt_alarm_start.o)
                0x0100eb6c                alt_alarm_start
 .text          0x0100ec00       0xf0 ../../../../../Desktop/Workspace\libhal_bsp.a(alt_close.o)
                0x0100ec00                close
 .text          0x0100ecf0        0x8 ../../../../../Desktop/Workspace\libhal_bsp.a(alt_dev.o)
 .text          0x0100ecf8        0x0 ../../../../../Desktop/Workspace\libhal_bsp.a(alt_errno.o)
 .text          0x0100ecf8       0x90 ../../../../../Desktop/Workspace\libhal_bsp.a(alt_fstat.o)
                0x0100ecf8                fstat
 .text          0x0100ed88       0xc0 ../../../../../Desktop/Workspace\libhal_bsp.a(alt_irq_register.o)
                0x0100ed88                alt_irq_register
 .text          0x0100ee48        0x0 ../../../../../Desktop/Workspace\libhal_bsp.a(alt_irq_vars.o)
 .text          0x0100ee48       0x84 ../../../../../Desktop/Workspace\libhal_bsp.a(alt_isatty.o)
                0x0100ee48                isatty
 .text          0x0100eecc       0xb4 ../../../../../Desktop/Workspace\libhal_bsp.a(alt_load.o)
                0x0100eecc                alt_load
 .text          0x0100ef80       0x9c ../../../../../Desktop/Workspace\libhal_bsp.a(alt_lseek.o)
                0x0100ef80                lseek
 .text          0x0100f01c       0x60 ../../../../../Desktop/Workspace\libhal_bsp.a(alt_main.o)
                0x0100f01c                alt_main
 .text          0x0100f07c        0x8 ../../../../../Desktop/Workspace\libhal_bsp.a(alt_malloc_lock.o)
                0x0100f07c                __malloc_lock
                0x0100f080                __malloc_unlock
 .text          0x0100f084      0x11c ../../../../../Desktop/Workspace\libhal_bsp.a(alt_read.o)
                0x0100f084                read
 .text          0x0100f1a0       0x24 ../../../../../Desktop/Workspace\libhal_bsp.a(alt_release_fd.o)
                0x0100f1a0                alt_release_fd
 .text          0x0100f1c4       0x54 ../../../../../Desktop/Workspace\libhal_bsp.a(alt_sbrk.o)
                0x0100f1c4                sbrk
 .text          0x0100f218       0xf4 ../../../../../Desktop/Workspace\libhal_bsp.a(alt_tick.o)
                0x0100f218                alt_alarm_stop
                0x0100f24c                alt_tick
 .text          0x0100f30c      0x118 ../../../../../Desktop/Workspace\libhal_bsp.a(alt_write.o)
                0x0100f30c                write
 .text          0x0100f424      0x210 ../../../../../Desktop/Workspace\libhal_bsp.a(alt_sys_init.o)
                0x0100f424                alt_irq_init
                0x0100f444                alt_sys_init
 .text          0x0100f634       0x3c ../../../../../Desktop/Workspace\libhal_bsp.a(altera_avalon_jtag_uart_fd.o)
                0x0100f634                altera_avalon_jtag_uart_ioctl_fd
                0x0100f640                altera_avalon_jtag_uart_close_fd
                0x0100f650                altera_avalon_jtag_uart_write_fd
                0x0100f660                altera_avalon_jtag_uart_read_fd
 .text          0x0100f670      0x20c ../../../../../Desktop/Workspace\libhal_bsp.a(altera_avalon_jtag_uart_init.o)
                0x0100f670                altera_avalon_jtag_uart_close
                0x0100f6fc                altera_avalon_jtag_uart_init
 .text          0x0100f87c       0x88 ../../../../../Desktop/Workspace\libhal_bsp.a(altera_avalon_jtag_uart_ioctl.o)
                0x0100f87c                altera_avalon_jtag_uart_ioctl
 .text          0x0100f904      0x16c ../../../../../Desktop/Workspace\libhal_bsp.a(altera_avalon_jtag_uart_read.o)
                0x0100f904                altera_avalon_jtag_uart_read
 .text          0x0100fa70      0x17c ../../../../../Desktop/Workspace\libhal_bsp.a(altera_avalon_jtag_uart_write.o)
                0x0100fa70                altera_avalon_jtag_uart_write
 .text          0x0100fbec       0x6c ../../../../../Desktop/Workspace\libhal_bsp.a(altera_avalon_timer_sc.o)
                0x0100fbec                alt_avalon_timer_sc_init
 .text          0x0100fc58      0x3b0 ../../../../../Desktop/Workspace\libhal_bsp.a(altera_up_avalon_audio.o)
                0x0100fc58                alt_up_audio_write_fifo_head
                0x0100fc74                alt_up_audio_read_fifo_head
                0x0100fc90                alt_up_audio_write_fifo
                0x0100fcf8                alt_up_audio_read_fifo
                0x0100fd50                alt_up_audio_write_fifo_space
                0x0100fd6c                alt_up_audio_play_l
                0x0100fde0                alt_up_audio_play_r
                0x0100fe54                alt_up_audio_read_fifo_avail
                0x0100fe70                alt_up_audio_record_l
                0x0100fee4                alt_up_audio_record_r
                0x0100ff58                alt_up_audio_reset_audio_core
                0x0100ff7c                alt_up_audio_write_interrupt_pending
                0x0100ff90                alt_up_audio_read_interrupt_pending
                0x0100ffa4                alt_up_audio_disable_write_interrupt
                0x0100ffbc                alt_up_audio_enable_write_interrupt
                0x0100ffd0                alt_up_audio_disable_read_interrupt
                0x0100ffe8                alt_up_audio_enable_read_interrupt
                0x0100fffc                alt_up_audio_open_dev
 .text          0x01010008      0x23c ../../../../../Desktop/Workspace\libhal_bsp.a(altera_up_avalon_audio_and_video_config.o)
                0x01010008                alt_up_av_config_disable_interrupt
                0x01010018                alt_up_av_config_enable_interrupt
                0x0101002c                alt_up_av_config_reset
                0x01010040                alt_up_av_config_read_ready
                0x01010054                alt_up_av_config_read_acknowledge
                0x0101007c                alt_up_av_config_read_data
                0x010100b4                alt_up_av_config_read_LTM_cfg_register
                0x010100cc                alt_up_av_config_read_D5M_cfg_register
                0x010100e4                alt_up_av_config_read_DC2_cfg_register
                0x010100fc                alt_up_av_config_read_video_cfg_register
                0x01010140                alt_up_av_config_write_data
                0x01010160                alt_up_av_config_write_LTM_cfg_register
                0x01010178                alt_up_av_config_write_D5M_cfg_register
                0x01010190                alt_up_av_config_write_DC2_cfg_register
                0x010101a8                alt_up_av_config_write_video_cfg_register
                0x010101ec                alt_up_av_config_write_audio_cfg_register
                0x01010210                alt_up_av_config_open_dev
 .text          0x01010244      0x284 ../../../../../Desktop/Workspace\libhal_bsp.a(altera_up_avalon_character_lcd.o)
                0x01010244                get_DDRAM_addr
                0x0101025c                alt_up_character_lcd_string
                0x01010278                alt_up_character_lcd_write
                0x010102a0                alt_up_character_lcd_write_fd
                0x010102c0                alt_up_character_lcd_init
                0x010102d0                alt_up_character_lcd_send_cmd
                0x010102e0                alt_up_character_lcd_cursor_blink_on
                0x010102e8                alt_up_character_lcd_cursor_off
                0x010102f0                alt_up_character_lcd_erase_pos
                0x01010354                alt_up_character_lcd_shift_display
                0x010103dc                alt_up_character_lcd_shift_cursor
                0x01010464                alt_up_character_lcd_set_cursor_pos
                0x010104bc                alt_up_character_lcd_open_dev
 .text          0x010104c8      0x38c ../../../../../Desktop/Workspace\libhal_bsp.a(altera_up_avalon_ps2.o)
                0x010104c8                read_RI_bit
                0x010104d4                read_RE_bit
                0x010104dc                read_CE_bit
                0x010104e8                read_num_bytes_available
                0x010104f0                read_data_valid
                0x010104fc                read_data_byte
                0x01010504                alt_up_ps2_open_dev
                0x01010510                alt_up_ps2_clear_fifo
                0x01010540                alt_up_ps2_read_data_byte
                0x01010598                alt_up_ps2_read_data_byte_timeout
                0x01010628                alt_up_ps2_read_fd
                0x01010650                alt_up_ps2_wait_for_ack
                0x010106a0                alt_up_ps2_write_data_byte
                0x010106e0                alt_up_ps2_write_fd
                0x01010754                alt_up_ps2_write_data_byte_with_ack
                0x01010794                alt_up_ps2_init
                0x01010820                alt_up_ps2_disable_read_interrupt
                0x0101083c                alt_up_ps2_enable_read_interrupt
 .text          0x01010854      0x134 ../../../../../Desktop/Workspace\libhal_bsp.a(altera_up_avalon_video_character_buffer_with_dma.o)
                0x01010854                alt_up_char_buffer_string
                0x010108b0                alt_up_char_buffer_draw
                0x01010908                alt_up_char_buffer_clear
                0x0101092c                alt_up_char_buffer_open_dev
                0x01010938                alt_up_char_buffer_init
 .text          0x01010988      0x9f8 ../../../../../Desktop/Workspace\libhal_bsp.a(altera_up_avalon_video_pixel_buffer_dma.o)
                0x01010988                helper_plot_pixel
                0x010109e0                alt_up_pixel_buffer_dma_draw_line
                0x01010bf8                alt_up_pixel_buffer_dma_draw_vline
                0x01010d70                alt_up_pixel_buffer_dma_draw_hline
                0x01010ed8                alt_up_pixel_buffer_dma_draw_rectangle
                0x01010fa4                alt_up_pixel_buffer_dma_draw_box
                0x010111b0                alt_up_pixel_buffer_dma_clear_screen
                0x01011258                alt_up_pixel_buffer_dma_swap_buffers
                0x0101127c                alt_up_pixel_buffer_dma_draw
                0x0101133c                alt_up_pixel_buffer_dma_check_swap_buffers_status
                0x0101134c                alt_up_pixel_buffer_dma_change_back_buffer_address
                0x01011374                alt_up_pixel_buffer_dma_open_dev
 .text          0x01011380      0x430 ../../../../../Desktop/Workspace\libhal_bsp.a(altera_up_ps2_keyboard.o)
                0x01011380                get_multi_byte_make_code_index
                0x010113c0                get_single_byte_make_code_index
                0x01011400                get_next_state
                0x010115d0                set_keyboard_rate
                0x01011624                reset_keyboard
                0x01011690                decode_scancode
                0x01011738                translate_make_code
 .text          0x010117b0     0x24fc ../../../../../Desktop/Workspace\libhal_bsp.a(altera_up_sd_card_avalon_interface.o)
                0x010117b0                match_file_record_to_name_ext
                0x010118c0                convert_filename_to_name_extension
                0x01011970                copy_file_record_name_to_string
                0x010119f8                alt_up_sd_card_set_attributes
                0x01011a30                alt_up_sd_card_get_attributes
                0x01011a70                alt_up_sd_card_is_Present
                0x01011adc                Write_Sector_Data
                0x01011b6c                Read_Sector_Data_CRC
                0x01011c14                Read_Sector_Data
                0x01011cbc                Read_Sector_Data_Attempt_CRC
                0x01011d44                find_first_empty_cluster
                0x01011e38                mark_cluster
                0x01011ee8                get_cluster_flag
                0x01011f70                Save_Modified_Sector
                0x01011f8c                alt_up_sd_card_write
                0x010121e0                Write_File_Record_At_Offset
                0x01012360                alt_up_sd_card_fclose
                0x01012468                alt_up_sd_card_read
                0x010125c8                find_first_empty_record_in_root_directory
                0x0101267c                find_first_empty_record_in_a_subdirectory
                0x01012800                Check_for_Master_Boot_Record
                0x010128d0                alt_up_sd_card_open_dev
                0x0101293c                get_dir_divider_location
                0x010129bc                create_file
                0x01012b68                check_file_name_for_FAT16_compliance
                0x01012c74                filename_to_upper_case
                0x01012cd0                Check_for_DOS_FAT
                0x01012f70                Look_for_FAT16
                0x01013024                alt_up_sd_card_is_FAT16
                0x01013080                Read_File_Record_At_Offset
                0x010131c0                alt_up_sd_card_find_next
                0x01013458                find_file_in_directory
                0x01013740                get_home_directory_cluster_for_file
                0x01013a58                alt_up_sd_card_fopen
                0x01013bfc                alt_up_sd_card_find_first
 .text          0x01013cac       0x18 ../../../../../Desktop/Workspace\libhal_bsp.a(alt_dcache_flush_all.o)
                0x01013cac                alt_dcache_flush_all
 .text          0x01013cc4       0x7c ../../../../../Desktop/Workspace\libhal_bsp.a(alt_dev_llist_insert.o)
                0x01013cc4                alt_dev_llist_insert
 .text          0x01013d40       0x4c ../../../../../Desktop/Workspace\libhal_bsp.a(alt_do_ctors.o)
                0x01013d40                _do_ctors
 .text          0x01013d8c       0x4c ../../../../../Desktop/Workspace\libhal_bsp.a(alt_do_dtors.o)
                0x01013d8c                _do_dtors
 .text          0x01013dd8       0x94 ../../../../../Desktop/Workspace\libhal_bsp.a(alt_find_dev.o)
                0x01013dd8                alt_find_dev
 .text          0x01013e6c        0xc ../../../../../Desktop/Workspace\libhal_bsp.a(alt_icache_flush_all.o)
                0x01013e6c                alt_icache_flush_all
 .text          0x01013e78       0xfc ../../../../../Desktop/Workspace\libhal_bsp.a(alt_io_redirect.o)
                0x01013ee8                alt_io_redirect
 .text          0x01013f74        0x0 ../../../../../Desktop/Workspace\libhal_bsp.a(alt_irq_entry.o)
 .text          0x01013f74        0x0 ../../../../../Desktop/Workspace\libhal_bsp.a(alt_irq_handler.o)
 .text          0x01013f74      0x180 ../../../../../Desktop/Workspace\libhal_bsp.a(alt_open.o)
                0x01013f74                open
 .text          0x010140f4        0x8 ../../../../../Desktop/Workspace\libhal_bsp.a(altera_nios2_qsys_irq.o)
                0x010140f4                altera_nios2_qsys_irq_init
 .text          0x010140fc        0x0 ../../../../../Desktop/Workspace\libhal_bsp.a(alt_exception_entry.o)
 .text          0x010140fc       0xb0 ../../../../../Desktop/Workspace\libhal_bsp.a(alt_find_file.o)
                0x010140fc                alt_find_file
 .text          0x010141ac       0x60 ../../../../../Desktop/Workspace\libhal_bsp.a(alt_get_fd.o)
                0x010141ac                alt_get_fd
 .text          0x0101420c       0x38 ../../../../../Desktop/Workspace\libhal_bsp.a(alt_icache_flush.o)
                0x0101420c                alt_icache_flush
 .text          0x01014244       0x14 c:/altera/12.0sp2/nios2eds/bin/gnu/h-i686-mingw32/bin/../lib/gcc/nios2-elf/4.1.2/../../../../nios2-elf/lib\libc.a(lib_a-atexit.o)
                0x01014244                atexit
 .text          0x01014258       0x38 c:/altera/12.0sp2/nios2eds/bin/gnu/h-i686-mingw32/bin/../lib/gcc/nios2-elf/4.1.2/../../../../nios2-elf/lib\libc.a(lib_a-exit.o)
                0x01014258                exit
 .text          0x01014290       0x74 c:/altera/12.0sp2/nios2eds/bin/gnu/h-i686-mingw32/bin/../lib/gcc/nios2-elf/4.1.2/../../../../nios2-elf/lib\libc.a(lib_a-memcmp.o)
                0x01014290                memcmp
 .text          0x01014304      0x134 c:/altera/12.0sp2/nios2eds/bin/gnu/h-i686-mingw32/bin/../lib/gcc/nios2-elf/4.1.2/../../../../nios2-elf/lib\libc.a(lib_a-__atexit.o)
                0x01014304                __register_exitproc
 .text          0x01014438      0x1b4 c:/altera/12.0sp2/nios2eds/bin/gnu/h-i686-mingw32/bin/../lib/gcc/nios2-elf/4.1.2/../../../../nios2-elf/lib\libc.a(lib_a-__call_atexit.o)
                0x0101443c                __call_exitprocs
 .text          0x010145ec       0x14 ../../../../../Desktop/Workspace\libhal_bsp.a(alt_exit.o)
                0x010145ec                _exit
 *(.gnu.warning.*)
 *(.fini)
                0x01014600                PROVIDE (__etext, ABSOLUTE (.))
                0x01014600                PROVIDE (_etext, ABSOLUTE (.))
                0x01014600                PROVIDE (etext, ABSOLUTE (.))
 *(.eh_frame_hdr)
                0x01014600                . = ALIGN (0x4)
                0x01014600                PROVIDE (__preinit_array_start, ABSOLUTE (.))
 *(.preinit_array)
                0x01014600                PROVIDE (__preinit_array_end, ABSOLUTE (.))
                0x01014600                PROVIDE (__init_array_start, ABSOLUTE (.))
 *(.init_array)
                0x01014600                PROVIDE (__init_array_end, ABSOLUTE (.))
                0x01014600                PROVIDE (__fini_array_start, ABSOLUTE (.))
 *(.fini_array)
                0x01014600                PROVIDE (__fini_array_end, ABSOLUTE (.))
 *(.eh_frame)
 .eh_frame      0x01014600       0x40 c:/altera/12.0sp2/nios2eds/bin/gnu/h-i686-mingw32/bin/../lib/gcc/nios2-elf/4.1.2\libgcc.a(_udivdi3.o)
 .eh_frame      0x01014640       0x2c c:/altera/12.0sp2/nios2eds/bin/gnu/h-i686-mingw32/bin/../lib/gcc/nios2-elf/4.1.2\libgcc.a(_umoddi3.o)
                                 0x40 (size before relaxing)
 *(.gcc_except_table)
 *(.dynamic)
                0x0101466c                PROVIDE (__CTOR_LIST__, ABSOLUTE (.))
 *(.ctors)
 *(SORT(.ctors.*))
 .ctors.65535   0x0101466c        0x4 c:/altera/12.0sp2/nios2eds/bin/gnu/h-i686-mingw32/bin/../lib/gcc/nios2-elf/4.1.2/../../../../nios2-elf/lib\libc.a(lib_a-__call_atexit.o)
                0x01014670                PROVIDE (__CTOR_END__, ABSOLUTE (.))
                0x01014670                PROVIDE (__DTOR_LIST__, ABSOLUTE (.))
 *(.dtors)
 *(SORT(.dtors.*))
                0x01014670                PROVIDE (__DTOR_END__, ABSOLUTE (.))
 *(.jcr)
                0x01014670                . = ALIGN (0x4)

.rodata         0x01014670      0x77c
                0x01014670                PROVIDE (__ram_rodata_start, ABSOLUTE (.))
                0x01014670                . = ALIGN (0x4)
 *(.rodata .rodata.* .gnu.linkonce.r.*)
 .rodata        0x01014670       0x80 obj/default/DrawMain.o
 .rodata        0x010146f0       0x10 obj/default/audio.o
 .rodata        0x01014700       0x44 obj/default/drawBg.o
 .rodata        0x01014744       0x18 obj/default/sdcard.o
 .rodata        0x0101475c       0x84 obj/default/wk_kb.o
 .rodata        0x010147e0       0x20 obj/default/wk_lcd.o
 .rodata        0x01014800       0x28 obj/default/wk_video.o
 .rodata.str1.4
                0x01014828        0x2 c:/altera/12.0sp2/nios2eds/bin/gnu/h-i686-mingw32/bin/../lib/gcc/nios2-elf/4.1.2/../../../../nios2-elf/lib\libc.a(lib_a-puts.o)
                                  0x4 (size before relaxing)
 *fill*         0x0101482a        0x2 00
 .rodata.str1.4
                0x0101482c       0x5e c:/altera/12.0sp2/nios2eds/bin/gnu/h-i686-mingw32/bin/../lib/gcc/nios2-elf/4.1.2/../../../../nios2-elf/lib\libc.a(lib_a-vfprintf.o)
                                 0x60 (size before relaxing)
 .rodata        0x0101488a       0x20 c:/altera/12.0sp2/nios2eds/bin/gnu/h-i686-mingw32/bin/../lib/gcc/nios2-elf/4.1.2/../../../../nios2-elf/lib\libc.a(lib_a-vfprintf.o)
 *fill*         0x010148aa        0x2 00
 .rodata.str1.4
                0x010148ac       0x10 c:/altera/12.0sp2/nios2eds/bin/gnu/h-i686-mingw32/bin/../lib/gcc/nios2-elf/4.1.2/../../../../nios2-elf/lib\libc.a(lib_a-dtoa.o)
                                 0x14 (size before relaxing)
 .rodata.str1.4
                0x010148bc        0x2 c:/altera/12.0sp2/nios2eds/bin/gnu/h-i686-mingw32/bin/../lib/gcc/nios2-elf/4.1.2/../../../../nios2-elf/lib\libc.a(lib_a-impure.o)
                                  0x4 (size before relaxing)
 *fill*         0x010148be        0x2 00
 .rodata.str1.4
                0x010148c0        0xf c:/altera/12.0sp2/nios2eds/bin/gnu/h-i686-mingw32/bin/../lib/gcc/nios2-elf/4.1.2/../../../../nios2-elf/lib\libc.a(lib_a-locale.o)
                                 0x18 (size before relaxing)
 *fill*         0x010148cf        0x1 00
 .rodata        0x010148d0       0x30 c:/altera/12.0sp2/nios2eds/bin/gnu/h-i686-mingw32/bin/../lib/gcc/nios2-elf/4.1.2/../../../../nios2-elf/lib\libc.a(lib_a-locale.o)
 .rodata        0x01014900      0x124 c:/altera/12.0sp2/nios2eds/bin/gnu/h-i686-mingw32/bin/../lib/gcc/nios2-elf/4.1.2/../../../../nios2-elf/lib\libc.a(lib_a-mprec.o)
                0x01014900                __mprec_tens
                0x010149c8                __mprec_bigtens
                0x010149f0                __mprec_tinytens
 .rodata        0x01014a24       0x14 c:/altera/12.0sp2/nios2eds/bin/gnu/h-i686-mingw32/bin/../lib/gcc/nios2-elf/4.1.2\libgcc.a(_thenan_df.o)
                0x01014a24                __thenan_df
 .rodata        0x01014a38      0x100 c:/altera/12.0sp2/nios2eds/bin/gnu/h-i686-mingw32/bin/../lib/gcc/nios2-elf/4.1.2\libgcc.a(_clz.o)
                0x01014a38                __clz_tab
 .rodata.str1.4
                0x01014b38        0xa ../../../../../Desktop/Workspace\libhal_bsp.a(alt_dev.o)
                                  0xc (size before relaxing)
 *fill*         0x01014b42        0x2 00
 .rodata.str1.4
                0x01014b44        0xf ../../../../../Desktop/Workspace\libhal_bsp.a(alt_main.o)
                                 0x10 (size before relaxing)
 *fill*         0x01014b53        0x1 00
 .rodata.str1.4
                0x01014b54       0x81 ../../../../../Desktop/Workspace\libhal_bsp.a(alt_sys_init.o)
                                 0x94 (size before relaxing)
 .rodata.str1.4
                0x00000000       0x81 ../../../../../Desktop/Workspace\libhal_bsp.a(altera_up_avalon_video_character_buffer_with_dma.o)
                                 0x1c (size before relaxing)
 *fill*         0x01014bd5        0x3 00
 .rodata.str1.4
                0x01014bd8      0x214 ../../../../../Desktop/Workspace\libhal_bsp.a(altera_up_ps2_keyboard.o)
                                0x238 (size before relaxing)
 *(.rodata1)
                0x01014dec                . = ALIGN (0x4)
                0x01014dec                PROVIDE (__ram_rodata_end, ABSOLUTE (.))
                0x01014670                PROVIDE (__flash_rodata_start, LOADADDR (.rodata))

.rwdata         0x01014dec     0x1ebc load address 0x01016ca8
                0x01014dec                PROVIDE (__ram_rwdata_start, ABSOLUTE (.))
                0x01014dec                . = ALIGN (0x4)
 *(.got.plt)
 *(.got)
 *(.data1)
 *(.data .data.* .gnu.linkonce.d.*)
 .data          0x01014dec        0x0 ../../../../../Desktop/Workspace/obj/HAL/src/crt0.o
 .data          0x01014dec        0x0 obj/default/DrawMain.o
 .data          0x01014dec        0x0 obj/default/audio.o
 .data          0x01014dec        0x0 obj/default/bitmap.o
 .data          0x01014dec        0x0 obj/default/drawBg.o
 .data          0x01014dec        0x0 obj/default/sdcard.o
 .data          0x01014dec        0x0 obj/default/wk_io.o
 .data          0x01014dec        0x0 obj/default/wk_kb.o
 .data          0x01014dec        0x0 obj/default/wk_lcd.o
 .data          0x01014dec        0x0 obj/default/wk_video.o
 .data          0x01014dec        0x0 c:/altera/12.0sp2/nios2eds/bin/gnu/h-i686-mingw32/bin/../lib/gcc/nios2-elf/4.1.2/../../../../nios2-elf/lib\libc.a(lib_a-malloc.o)
 .data          0x01014dec      0x408 c:/altera/12.0sp2/nios2eds/bin/gnu/h-i686-mingw32/bin/../lib/gcc/nios2-elf/4.1.2/../../../../nios2-elf/lib\libc.a(lib_a-mallocr.o)
                0x01014dec                __malloc_av_
 .data          0x010151f4        0x0 c:/altera/12.0sp2/nios2eds/bin/gnu/h-i686-mingw32/bin/../lib/gcc/nios2-elf/4.1.2/../../../../nios2-elf/lib\libc.a(lib_a-memcpy.o)
 .data          0x010151f4        0x0 c:/altera/12.0sp2/nios2eds/bin/gnu/h-i686-mingw32/bin/../lib/gcc/nios2-elf/4.1.2/../../../../nios2-elf/lib\libc.a(lib_a-memset.o)
 .data          0x010151f4        0x0 c:/altera/12.0sp2/nios2eds/bin/gnu/h-i686-mingw32/bin/../lib/gcc/nios2-elf/4.1.2/../../../../nios2-elf/lib\libc.a(lib_a-printf.o)
 .data          0x010151f4        0x0 c:/altera/12.0sp2/nios2eds/bin/gnu/h-i686-mingw32/bin/../lib/gcc/nios2-elf/4.1.2/../../../../nios2-elf/lib\libc.a(lib_a-putchar.o)
 .data          0x010151f4        0x0 c:/altera/12.0sp2/nios2eds/bin/gnu/h-i686-mingw32/bin/../lib/gcc/nios2-elf/4.1.2/../../../../nios2-elf/lib\libc.a(lib_a-puts.o)
 .data          0x010151f4        0x0 c:/altera/12.0sp2/nios2eds/bin/gnu/h-i686-mingw32/bin/../lib/gcc/nios2-elf/4.1.2/../../../../nios2-elf/lib\libc.a(lib_a-rand.o)
 .data          0x010151f4        0x0 c:/altera/12.0sp2/nios2eds/bin/gnu/h-i686-mingw32/bin/../lib/gcc/nios2-elf/4.1.2/../../../../nios2-elf/lib\libc.a(lib_a-sbrkr.o)
 .data          0x010151f4        0x0 c:/altera/12.0sp2/nios2eds/bin/gnu/h-i686-mingw32/bin/../lib/gcc/nios2-elf/4.1.2/../../../../nios2-elf/lib\libc.a(lib_a-sprintf.o)
 .data          0x010151f4        0x0 c:/altera/12.0sp2/nios2eds/bin/gnu/h-i686-mingw32/bin/../lib/gcc/nios2-elf/4.1.2/../../../../nios2-elf/lib\libc.a(lib_a-strcat.o)
 .data          0x010151f4        0x0 c:/altera/12.0sp2/nios2eds/bin/gnu/h-i686-mingw32/bin/../lib/gcc/nios2-elf/4.1.2/../../../../nios2-elf/lib\libc.a(lib_a-strcpy.o)
 .data          0x010151f4        0x0 c:/altera/12.0sp2/nios2eds/bin/gnu/h-i686-mingw32/bin/../lib/gcc/nios2-elf/4.1.2/../../../../nios2-elf/lib\libc.a(lib_a-strlen.o)
 .data          0x010151f4        0x0 c:/altera/12.0sp2/nios2eds/bin/gnu/h-i686-mingw32/bin/../lib/gcc/nios2-elf/4.1.2/../../../../nios2-elf/lib\libc.a(lib_a-vfprintf.o)
 .data          0x010151f4        0x0 c:/altera/12.0sp2/nios2eds/bin/gnu/h-i686-mingw32/bin/../lib/gcc/nios2-elf/4.1.2/../../../../nios2-elf/lib\libc.a(lib_a-wsetup.o)
 .data          0x010151f4        0x0 c:/altera/12.0sp2/nios2eds/bin/gnu/h-i686-mingw32/bin/../lib/gcc/nios2-elf/4.1.2/../../../../nios2-elf/lib\libc.a(lib_a-dtoa.o)
 .data          0x010151f4        0x0 c:/altera/12.0sp2/nios2eds/bin/gnu/h-i686-mingw32/bin/../lib/gcc/nios2-elf/4.1.2/../../../../nios2-elf/lib\libc.a(lib_a-fflush.o)
 .data          0x010151f4        0x0 c:/altera/12.0sp2/nios2eds/bin/gnu/h-i686-mingw32/bin/../lib/gcc/nios2-elf/4.1.2/../../../../nios2-elf/lib\libc.a(lib_a-findfp.o)
 .data          0x010151f4        0x0 c:/altera/12.0sp2/nios2eds/bin/gnu/h-i686-mingw32/bin/../lib/gcc/nios2-elf/4.1.2/../../../../nios2-elf/lib\libc.a(lib_a-freer.o)
 .data          0x010151f4        0x0 c:/altera/12.0sp2/nios2eds/bin/gnu/h-i686-mingw32/bin/../lib/gcc/nios2-elf/4.1.2/../../../../nios2-elf/lib\libc.a(lib_a-fvwrite.o)
 .data          0x010151f4        0x0 c:/altera/12.0sp2/nios2eds/bin/gnu/h-i686-mingw32/bin/../lib/gcc/nios2-elf/4.1.2/../../../../nios2-elf/lib\libc.a(lib_a-fwalk.o)
 .data          0x010151f4      0x400 c:/altera/12.0sp2/nios2eds/bin/gnu/h-i686-mingw32/bin/../lib/gcc/nios2-elf/4.1.2/../../../../nios2-elf/lib\libc.a(lib_a-impure.o)
 .data          0x010155f4        0x0 c:/altera/12.0sp2/nios2eds/bin/gnu/h-i686-mingw32/bin/../lib/gcc/nios2-elf/4.1.2/../../../../nios2-elf/lib\libc.a(lib_a-int_errno.o)
 .data          0x010155f4        0xc c:/altera/12.0sp2/nios2eds/bin/gnu/h-i686-mingw32/bin/../lib/gcc/nios2-elf/4.1.2/../../../../nios2-elf/lib\libc.a(lib_a-locale.o)
                0x010155f4                __lc_ctype
 .data          0x01015600        0x0 c:/altera/12.0sp2/nios2eds/bin/gnu/h-i686-mingw32/bin/../lib/gcc/nios2-elf/4.1.2/../../../../nios2-elf/lib\libc.a(lib_a-makebuf.o)
 .data          0x01015600        0x0 c:/altera/12.0sp2/nios2eds/bin/gnu/h-i686-mingw32/bin/../lib/gcc/nios2-elf/4.1.2/../../../../nios2-elf/lib\libc.a(lib_a-memchr.o)
 .data          0x01015600        0x0 c:/altera/12.0sp2/nios2eds/bin/gnu/h-i686-mingw32/bin/../lib/gcc/nios2-elf/4.1.2/../../../../nios2-elf/lib\libc.a(lib_a-memmove.o)
 .data          0x01015600        0x0 c:/altera/12.0sp2/nios2eds/bin/gnu/h-i686-mingw32/bin/../lib/gcc/nios2-elf/4.1.2/../../../../nios2-elf/lib\libc.a(lib_a-mprec.o)
 .data          0x01015600        0x0 c:/altera/12.0sp2/nios2eds/bin/gnu/h-i686-mingw32/bin/../lib/gcc/nios2-elf/4.1.2/../../../../nios2-elf/lib\libc.a(lib_a-putc.o)
 .data          0x01015600        0x0 c:/altera/12.0sp2/nios2eds/bin/gnu/h-i686-mingw32/bin/../lib/gcc/nios2-elf/4.1.2/../../../../nios2-elf/lib\libc.a(lib_a-reallocr.o)
 .data          0x01015600        0x0 c:/altera/12.0sp2/nios2eds/bin/gnu/h-i686-mingw32/bin/../lib/gcc/nios2-elf/4.1.2/../../../../nios2-elf/lib\libc.a(lib_a-s_isinfd.o)
 .data          0x01015600        0x0 c:/altera/12.0sp2/nios2eds/bin/gnu/h-i686-mingw32/bin/../lib/gcc/nios2-elf/4.1.2/../../../../nios2-elf/lib\libc.a(lib_a-s_isnand.o)
 .data          0x01015600        0x0 c:/altera/12.0sp2/nios2eds/bin/gnu/h-i686-mingw32/bin/../lib/gcc/nios2-elf/4.1.2/../../../../nios2-elf/lib\libc.a(lib_a-stdio.o)
 .data          0x01015600        0x0 c:/altera/12.0sp2/nios2eds/bin/gnu/h-i686-mingw32/bin/../lib/gcc/nios2-elf/4.1.2/../../../../nios2-elf/lib\libc.a(lib_a-strcmp.o)
 .data          0x01015600        0x0 c:/altera/12.0sp2/nios2eds/bin/gnu/h-i686-mingw32/bin/../lib/gcc/nios2-elf/4.1.2/../../../../nios2-elf/lib\libc.a(lib_a-wbuf.o)
 .data          0x01015600        0x0 c:/altera/12.0sp2/nios2eds/bin/gnu/h-i686-mingw32/bin/../lib/gcc/nios2-elf/4.1.2/../../../../nios2-elf/lib\libc.a(lib_a-writer.o)
 .data          0x01015600        0x0 c:/altera/12.0sp2/nios2eds/bin/gnu/h-i686-mingw32/bin/../lib/gcc/nios2-elf/4.1.2/../../../../nios2-elf/lib\libc.a(lib_a-callocr.o)
 .data          0x01015600        0x0 c:/altera/12.0sp2/nios2eds/bin/gnu/h-i686-mingw32/bin/../lib/gcc/nios2-elf/4.1.2/../../../../nios2-elf/lib\libc.a(lib_a-closer.o)
 .data          0x01015600        0x0 c:/altera/12.0sp2/nios2eds/bin/gnu/h-i686-mingw32/bin/../lib/gcc/nios2-elf/4.1.2/../../../../nios2-elf/lib\libc.a(lib_a-fclose.o)
 .data          0x01015600        0x0 c:/altera/12.0sp2/nios2eds/bin/gnu/h-i686-mingw32/bin/../lib/gcc/nios2-elf/4.1.2/../../../../nios2-elf/lib\libc.a(lib_a-fstatr.o)
 .data          0x01015600        0x0 c:/altera/12.0sp2/nios2eds/bin/gnu/h-i686-mingw32/bin/../lib/gcc/nios2-elf/4.1.2/../../../../nios2-elf/lib\libc.a(lib_a-isattyr.o)
 .data          0x01015600        0x0 c:/altera/12.0sp2/nios2eds/bin/gnu/h-i686-mingw32/bin/../lib/gcc/nios2-elf/4.1.2/../../../../nios2-elf/lib\libc.a(lib_a-lseekr.o)
 .data          0x01015600        0x0 c:/altera/12.0sp2/nios2eds/bin/gnu/h-i686-mingw32/bin/../lib/gcc/nios2-elf/4.1.2/../../../../nios2-elf/lib\libc.a(lib_a-readr.o)
 .data          0x01015600        0x0 c:/altera/12.0sp2/nios2eds/bin/gnu/h-i686-mingw32/bin/../lib/gcc/nios2-elf/4.1.2\libgcc.a(_muldi3.o)
 .data          0x01015600        0x0 c:/altera/12.0sp2/nios2eds/bin/gnu/h-i686-mingw32/bin/../lib/gcc/nios2-elf/4.1.2\libgcc.a(_udivdi3.o)
 .data          0x01015600        0x0 c:/altera/12.0sp2/nios2eds/bin/gnu/h-i686-mingw32/bin/../lib/gcc/nios2-elf/4.1.2\libgcc.a(_umoddi3.o)
 .data          0x01015600        0x0 c:/altera/12.0sp2/nios2eds/bin/gnu/h-i686-mingw32/bin/../lib/gcc/nios2-elf/4.1.2\libgcc.a(_addsub_df.o)
 .data          0x01015600        0x0 c:/altera/12.0sp2/nios2eds/bin/gnu/h-i686-mingw32/bin/../lib/gcc/nios2-elf/4.1.2\libgcc.a(_mul_df.o)
 .data          0x01015600        0x0 c:/altera/12.0sp2/nios2eds/bin/gnu/h-i686-mingw32/bin/../lib/gcc/nios2-elf/4.1.2\libgcc.a(_div_df.o)
 .data          0x01015600        0x0 c:/altera/12.0sp2/nios2eds/bin/gnu/h-i686-mingw32/bin/../lib/gcc/nios2-elf/4.1.2\libgcc.a(_eq_df.o)
 .data          0x01015600        0x0 c:/altera/12.0sp2/nios2eds/bin/gnu/h-i686-mingw32/bin/../lib/gcc/nios2-elf/4.1.2\libgcc.a(_ne_df.o)
 .data          0x01015600        0x0 c:/altera/12.0sp2/nios2eds/bin/gnu/h-i686-mingw32/bin/../lib/gcc/nios2-elf/4.1.2\libgcc.a(_gt_df.o)
 .data          0x01015600        0x0 c:/altera/12.0sp2/nios2eds/bin/gnu/h-i686-mingw32/bin/../lib/gcc/nios2-elf/4.1.2\libgcc.a(_ge_df.o)
 .data          0x01015600        0x0 c:/altera/12.0sp2/nios2eds/bin/gnu/h-i686-mingw32/bin/../lib/gcc/nios2-elf/4.1.2\libgcc.a(_lt_df.o)
 .data          0x01015600        0x0 c:/altera/12.0sp2/nios2eds/bin/gnu/h-i686-mingw32/bin/../lib/gcc/nios2-elf/4.1.2\libgcc.a(_si_to_df.o)
 .data          0x01015600        0x0 c:/altera/12.0sp2/nios2eds/bin/gnu/h-i686-mingw32/bin/../lib/gcc/nios2-elf/4.1.2\libgcc.a(_df_to_si.o)
 .data          0x01015600        0x0 c:/altera/12.0sp2/nios2eds/bin/gnu/h-i686-mingw32/bin/../lib/gcc/nios2-elf/4.1.2\libgcc.a(_thenan_df.o)
 .data          0x01015600        0x0 c:/altera/12.0sp2/nios2eds/bin/gnu/h-i686-mingw32/bin/../lib/gcc/nios2-elf/4.1.2\libgcc.a(_usi_to_df.o)
 .data          0x01015600        0x0 c:/altera/12.0sp2/nios2eds/bin/gnu/h-i686-mingw32/bin/../lib/gcc/nios2-elf/4.1.2\libgcc.a(lib2-divmod.o)
 .data          0x01015600        0x0 c:/altera/12.0sp2/nios2eds/bin/gnu/h-i686-mingw32/bin/../lib/gcc/nios2-elf/4.1.2\libgcc.a(_clz.o)
 .data          0x01015600        0x0 c:/altera/12.0sp2/nios2eds/bin/gnu/h-i686-mingw32/bin/../lib/gcc/nios2-elf/4.1.2\libgcc.a(_clzsi2.o)
 .data          0x01015600        0x0 c:/altera/12.0sp2/nios2eds/bin/gnu/h-i686-mingw32/bin/../lib/gcc/nios2-elf/4.1.2\libgcc.a(_pack_df.o)
 .data          0x01015600        0x0 c:/altera/12.0sp2/nios2eds/bin/gnu/h-i686-mingw32/bin/../lib/gcc/nios2-elf/4.1.2\libgcc.a(_unpack_df.o)
 .data          0x01015600        0x0 c:/altera/12.0sp2/nios2eds/bin/gnu/h-i686-mingw32/bin/../lib/gcc/nios2-elf/4.1.2\libgcc.a(_fpcmp_parts_df.o)
 .data          0x01015600        0x0 ../../../../../Desktop/Workspace\libhal_bsp.a(alt_alarm_start.o)
 .data          0x01015600        0x0 ../../../../../Desktop/Workspace\libhal_bsp.a(alt_close.o)
 .data          0x01015600      0x1a8 ../../../../../Desktop/Workspace\libhal_bsp.a(alt_dev.o)
                0x01015600                alt_dev_null
                0x01015628                alt_fd_list
 .data          0x010157a8        0x0 ../../../../../Desktop/Workspace\libhal_bsp.a(alt_errno.o)
 .data          0x010157a8        0x0 ../../../../../Desktop/Workspace\libhal_bsp.a(alt_fstat.o)
 .data          0x010157a8        0x0 ../../../../../Desktop/Workspace\libhal_bsp.a(alt_irq_register.o)
 .data          0x010157a8        0x0 ../../../../../Desktop/Workspace\libhal_bsp.a(alt_irq_vars.o)
 .data          0x010157a8        0x0 ../../../../../Desktop/Workspace\libhal_bsp.a(alt_isatty.o)
 .data          0x010157a8        0x0 ../../../../../Desktop/Workspace\libhal_bsp.a(alt_load.o)
 .data          0x010157a8        0x0 ../../../../../Desktop/Workspace\libhal_bsp.a(alt_lseek.o)
 .data          0x010157a8        0x0 ../../../../../Desktop/Workspace\libhal_bsp.a(alt_main.o)
 .data          0x010157a8        0x0 ../../../../../Desktop/Workspace\libhal_bsp.a(alt_malloc_lock.o)
 .data          0x010157a8        0x0 ../../../../../Desktop/Workspace\libhal_bsp.a(alt_read.o)
 .data          0x010157a8        0x0 ../../../../../Desktop/Workspace\libhal_bsp.a(alt_release_fd.o)
 .data          0x010157a8        0x0 ../../../../../Desktop/Workspace\libhal_bsp.a(alt_sbrk.o)
 .data          0x010157a8        0x0 ../../../../../Desktop/Workspace\libhal_bsp.a(alt_tick.o)
 .data          0x010157a8        0x0 ../../../../../Desktop/Workspace\libhal_bsp.a(alt_write.o)
 .data          0x010157a8     0x11ec ../../../../../Desktop/Workspace\libhal_bsp.a(alt_sys_init.o)
 .data          0x01016994        0x0 ../../../../../Desktop/Workspace\libhal_bsp.a(altera_avalon_jtag_uart_fd.o)
 .data          0x01016994        0x0 ../../../../../Desktop/Workspace\libhal_bsp.a(altera_avalon_jtag_uart_init.o)
 .data          0x01016994        0x0 ../../../../../Desktop/Workspace\libhal_bsp.a(altera_avalon_jtag_uart_ioctl.o)
 .data          0x01016994        0x0 ../../../../../Desktop/Workspace\libhal_bsp.a(altera_avalon_jtag_uart_read.o)
 .data          0x01016994        0x0 ../../../../../Desktop/Workspace\libhal_bsp.a(altera_avalon_jtag_uart_write.o)
 .data          0x01016994        0x0 ../../../../../Desktop/Workspace\libhal_bsp.a(altera_avalon_timer_sc.o)
 .data          0x01016994        0x0 ../../../../../Desktop/Workspace\libhal_bsp.a(altera_up_avalon_audio.o)
 .data          0x01016994        0x0 ../../../../../Desktop/Workspace\libhal_bsp.a(altera_up_avalon_audio_and_video_config.o)
 .data          0x01016994        0x0 ../../../../../Desktop/Workspace\libhal_bsp.a(altera_up_avalon_character_lcd.o)
 .data          0x01016994        0x0 ../../../../../Desktop/Workspace\libhal_bsp.a(altera_up_avalon_ps2.o)
 .data          0x01016994        0x0 ../../../../../Desktop/Workspace\libhal_bsp.a(altera_up_avalon_video_character_buffer_with_dma.o)
 .data          0x01016994        0x0 ../../../../../Desktop/Workspace\libhal_bsp.a(altera_up_avalon_video_pixel_buffer_dma.o)
 .data          0x01016994      0x2cc ../../../../../Desktop/Workspace\libhal_bsp.a(altera_up_ps2_keyboard.o)
                0x01016994                key_table
                0x01016b2c                ascii_codes
                0x01016b92                single_byte_make_code
                0x01016bf8                multi_byte_make_code
 .data          0x01016c60        0x0 ../../../../../Desktop/Workspace\libhal_bsp.a(altera_up_sd_card_avalon_interface.o)
 .data          0x01016c60        0x0 ../../../../../Desktop/Workspace\libhal_bsp.a(alt_dcache_flush_all.o)
 .data          0x01016c60        0x0 ../../../../../Desktop/Workspace\libhal_bsp.a(alt_dev_llist_insert.o)
 .data          0x01016c60        0x0 ../../../../../Desktop/Workspace\libhal_bsp.a(alt_do_ctors.o)
 .data          0x01016c60        0x0 ../../../../../Desktop/Workspace\libhal_bsp.a(alt_do_dtors.o)
 .data          0x01016c60        0x0 ../../../../../Desktop/Workspace\libhal_bsp.a(alt_find_dev.o)
 .data          0x01016c60        0x0 ../../../../../Desktop/Workspace\libhal_bsp.a(alt_icache_flush_all.o)
 .data          0x01016c60        0x0 ../../../../../Desktop/Workspace\libhal_bsp.a(alt_io_redirect.o)
 .data          0x01016c60        0x0 ../../../../../Desktop/Workspace\libhal_bsp.a(alt_irq_entry.o)
 .data          0x01016c60        0x0 ../../../../../Desktop/Workspace\libhal_bsp.a(alt_irq_handler.o)
 .data          0x01016c60        0x0 ../../../../../Desktop/Workspace\libhal_bsp.a(alt_open.o)
 .data          0x01016c60        0x0 ../../../../../Desktop/Workspace\libhal_bsp.a(altera_nios2_qsys_irq.o)
 .data          0x01016c60        0x0 ../../../../../Desktop/Workspace\libhal_bsp.a(alt_exception_entry.o)
 .data          0x01016c60        0x0 ../../../../../Desktop/Workspace\libhal_bsp.a(alt_find_file.o)
 .data          0x01016c60        0x0 ../../../../../Desktop/Workspace\libhal_bsp.a(alt_get_fd.o)
 .data          0x01016c60        0x0 ../../../../../Desktop/Workspace\libhal_bsp.a(alt_icache_flush.o)
 .data          0x01016c60        0x0 c:/altera/12.0sp2/nios2eds/bin/gnu/h-i686-mingw32/bin/../lib/gcc/nios2-elf/4.1.2/../../../../nios2-elf/lib\libc.a(lib_a-atexit.o)
 .data          0x01016c60        0x0 c:/altera/12.0sp2/nios2eds/bin/gnu/h-i686-mingw32/bin/../lib/gcc/nios2-elf/4.1.2/../../../../nios2-elf/lib\libc.a(lib_a-exit.o)
 .data          0x01016c60        0x0 c:/altera/12.0sp2/nios2eds/bin/gnu/h-i686-mingw32/bin/../lib/gcc/nios2-elf/4.1.2/../../../../nios2-elf/lib\libc.a(lib_a-memcmp.o)
 .data          0x01016c60        0x0 c:/altera/12.0sp2/nios2eds/bin/gnu/h-i686-mingw32/bin/../lib/gcc/nios2-elf/4.1.2/../../../../nios2-elf/lib\libc.a(lib_a-__atexit.o)
 .data          0x01016c60        0x0 c:/altera/12.0sp2/nios2eds/bin/gnu/h-i686-mingw32/bin/../lib/gcc/nios2-elf/4.1.2/../../../../nios2-elf/lib\libc.a(lib_a-__call_atexit.o)
 .data          0x01016c60        0x0 ../../../../../Desktop/Workspace\libhal_bsp.a(alt_exit.o)
                0x0101ec60                _gp = ABSOLUTE ((. + 0x8000))
                0x0101ec60                PROVIDE (gp, _gp)
 *(.rwdata .rwdata.*)
 *(.sdata .sdata.* .gnu.linkonce.s.*)
 .sdata         0x01016c60        0x8 obj/default/drawBg.o
                0x01016c60                option1
                0x01016c64                option2
 .sdata         0x01016c68        0x8 c:/altera/12.0sp2/nios2eds/bin/gnu/h-i686-mingw32/bin/../lib/gcc/nios2-elf/4.1.2/../../../../nios2-elf/lib\libc.a(lib_a-mallocr.o)
                0x01016c68                __malloc_trim_threshold
                0x01016c6c                __malloc_sbrk_base
 .sdata         0x01016c70        0x8 c:/altera/12.0sp2/nios2eds/bin/gnu/h-i686-mingw32/bin/../lib/gcc/nios2-elf/4.1.2/../../../../nios2-elf/lib\libc.a(lib_a-impure.o)
                0x01016c70                _impure_ptr
                0x01016c74                _global_impure_ptr
 .sdata         0x01016c78        0x8 c:/altera/12.0sp2/nios2eds/bin/gnu/h-i686-mingw32/bin/../lib/gcc/nios2-elf/4.1.2/../../../../nios2-elf/lib\libc.a(lib_a-locale.o)
                0x01016c78                __mb_cur_max
 .sdata         0x01016c80       0x14 ../../../../../Desktop/Workspace\libhal_bsp.a(alt_dev.o)
                0x01016c80                alt_fs_list
                0x01016c88                alt_dev_list
                0x01016c90                alt_max_fd
 .sdata         0x01016c94        0x4 ../../../../../Desktop/Workspace\libhal_bsp.a(alt_errno.o)
                0x01016c94                alt_errno
 .sdata         0x01016c98        0x4 ../../../../../Desktop/Workspace\libhal_bsp.a(alt_irq_vars.o)
                0x01016c98                alt_priority_mask
 .sdata         0x01016c9c        0x4 ../../../../../Desktop/Workspace\libhal_bsp.a(alt_sbrk.o)
 .sdata         0x01016ca0        0x8 ../../../../../Desktop/Workspace\libhal_bsp.a(alt_tick.o)
                0x01016ca0                alt_alarm_list
 *(.sdata2 .sdata2.* .gnu.linkonce.s2.*)
                0x01016ca8                . = ALIGN (0x4)
                0x01016ca8                _edata = ABSOLUTE (.)
                0x01016ca8                PROVIDE (edata, ABSOLUTE (.))
                0x01016ca8                PROVIDE (__ram_rwdata_end, ABSOLUTE (.))
                0x01016ca8                PROVIDE (__flash_rwdata_start, LOADADDR (.rwdata))

.bss            0x01018b64      0x8b4
                0x01018b64                __bss_start = ABSOLUTE (.)
                0x01018b64                PROVIDE (__sbss_start, ABSOLUTE (.))
                0x01018b64                PROVIDE (___sbss_start, ABSOLUTE (.))
 *(.dynsbss)
 *(.sbss .sbss.* .gnu.linkonce.sb.*)
 .sbss          0x01018b64        0xc obj/default/DrawMain.o
                0x01018b64                movchar
                0x01018b68                scrollRate
                0x01018b6c                kb
 .sbss          0x01018b70        0xc c:/altera/12.0sp2/nios2eds/bin/gnu/h-i686-mingw32/bin/../lib/gcc/nios2-elf/4.1.2/../../../../nios2-elf/lib\libc.a(lib_a-mallocr.o)
                0x01018b70                __malloc_top_pad
                0x01018b74                __malloc_max_sbrked_mem
                0x01018b78                __malloc_max_total_mem
 .sbss          0x01018b7c        0x4 c:/altera/12.0sp2/nios2eds/bin/gnu/h-i686-mingw32/bin/../lib/gcc/nios2-elf/4.1.2/../../../../nios2-elf/lib\libc.a(lib_a-int_errno.o)
                0x01018b7c                errno
 .sbss          0x01018b80        0xc c:/altera/12.0sp2/nios2eds/bin/gnu/h-i686-mingw32/bin/../lib/gcc/nios2-elf/4.1.2/../../../../nios2-elf/lib\libc.a(lib_a-locale.o)
                0x01018b80                __nlocale_changed
                0x01018b84                __mlocale_changed
                0x01018b88                _PathLocale
 .sbss          0x01018b8c        0x4 ../../../../../Desktop/Workspace\libhal_bsp.a(alt_irq_vars.o)
                0x01018b8c                alt_irq_active
 .sbss          0x01018b90        0xc ../../../../../Desktop/Workspace\libhal_bsp.a(alt_main.o)
                0x01018b90                alt_argc
                0x01018b94                alt_argv
                0x01018b98                alt_envp
 .sbss          0x01018b9c        0x8 ../../../../../Desktop/Workspace\libhal_bsp.a(alt_tick.o)
                0x01018b9c                _alt_tick_rate
                0x01018ba0                _alt_nticks
 .sbss          0x01018ba4       0x34 ../../../../../Desktop/Workspace\libhal_bsp.a(altera_up_sd_card_avalon_interface.o)
                0x01018ba4                initialized
                0x01018ba8                is_sd_card_formated_as_FAT16
                0x01018bac                aux_status_register
                0x01018bb0                status_register
                0x01018bb4                CSD_register_w0
                0x01018bb8                command_register
                0x01018bbc                command_argument_register
                0x01018bc0                buffer_memory
                0x01018bc4                fat_partition_offset_in_512_byte_sectors
                0x01018bc8                fat_partition_size_in_512_byte_sectors
                0x01018bcc                device_pointer
                0x01018bd0                current_sector_modified
                0x01018bd4                current_sector_index
 *(.sbss2 .sbss2.* .gnu.linkonce.sb2.*)
 *(.scommon)
                0x01018bd8                PROVIDE (__sbss_end, ABSOLUTE (.))
                0x01018bd8                PROVIDE (___sbss_end, ABSOLUTE (.))
 *(.dynbss)
 *(.bss .bss.* .gnu.linkonce.b.*)
 .bss           0x01018bd8        0x0 ../../../../../Desktop/Workspace/obj/HAL/src/crt0.o
 .bss           0x01018bd8        0x0 obj/default/DrawMain.o
 .bss           0x01018bd8        0x0 obj/default/audio.o
 .bss           0x01018bd8        0x0 obj/default/bitmap.o
 .bss           0x01018bd8        0x0 obj/default/drawBg.o
 .bss           0x01018bd8        0x0 obj/default/sdcard.o
 .bss           0x01018bd8        0x0 obj/default/wk_io.o
 .bss           0x01018bd8        0x0 obj/default/wk_kb.o
 .bss           0x01018bd8        0x0 obj/default/wk_lcd.o
 .bss           0x01018bd8        0x0 obj/default/wk_video.o
 .bss           0x01018bd8        0x0 c:/altera/12.0sp2/nios2eds/bin/gnu/h-i686-mingw32/bin/../lib/gcc/nios2-elf/4.1.2/../../../../nios2-elf/lib\libc.a(lib_a-malloc.o)
 .bss           0x01018bd8       0x28 c:/altera/12.0sp2/nios2eds/bin/gnu/h-i686-mingw32/bin/../lib/gcc/nios2-elf/4.1.2/../../../../nios2-elf/lib\libc.a(lib_a-mallocr.o)
                0x01018bd8                __malloc_current_mallinfo
 .bss           0x01018c00        0x0 c:/altera/12.0sp2/nios2eds/bin/gnu/h-i686-mingw32/bin/../lib/gcc/nios2-elf/4.1.2/../../../../nios2-elf/lib\libc.a(lib_a-memcpy.o)
 .bss           0x01018c00        0x0 c:/altera/12.0sp2/nios2eds/bin/gnu/h-i686-mingw32/bin/../lib/gcc/nios2-elf/4.1.2/../../../../nios2-elf/lib\libc.a(lib_a-memset.o)
 .bss           0x01018c00        0x0 c:/altera/12.0sp2/nios2eds/bin/gnu/h-i686-mingw32/bin/../lib/gcc/nios2-elf/4.1.2/../../../../nios2-elf/lib\libc.a(lib_a-printf.o)
 .bss           0x01018c00        0x0 c:/altera/12.0sp2/nios2eds/bin/gnu/h-i686-mingw32/bin/../lib/gcc/nios2-elf/4.1.2/../../../../nios2-elf/lib\libc.a(lib_a-putchar.o)
 .bss           0x01018c00        0x0 c:/altera/12.0sp2/nios2eds/bin/gnu/h-i686-mingw32/bin/../lib/gcc/nios2-elf/4.1.2/../../../../nios2-elf/lib\libc.a(lib_a-puts.o)
 .bss           0x01018c00        0x0 c:/altera/12.0sp2/nios2eds/bin/gnu/h-i686-mingw32/bin/../lib/gcc/nios2-elf/4.1.2/../../../../nios2-elf/lib\libc.a(lib_a-rand.o)
 .bss           0x01018c00        0x0 c:/altera/12.0sp2/nios2eds/bin/gnu/h-i686-mingw32/bin/../lib/gcc/nios2-elf/4.1.2/../../../../nios2-elf/lib\libc.a(lib_a-sbrkr.o)
 .bss           0x01018c00        0x0 c:/altera/12.0sp2/nios2eds/bin/gnu/h-i686-mingw32/bin/../lib/gcc/nios2-elf/4.1.2/../../../../nios2-elf/lib\libc.a(lib_a-sprintf.o)
 .bss           0x01018c00        0x0 c:/altera/12.0sp2/nios2eds/bin/gnu/h-i686-mingw32/bin/../lib/gcc/nios2-elf/4.1.2/../../../../nios2-elf/lib\libc.a(lib_a-strcat.o)
 .bss           0x01018c00        0x0 c:/altera/12.0sp2/nios2eds/bin/gnu/h-i686-mingw32/bin/../lib/gcc/nios2-elf/4.1.2/../../../../nios2-elf/lib\libc.a(lib_a-strcpy.o)
 .bss           0x01018c00        0x0 c:/altera/12.0sp2/nios2eds/bin/gnu/h-i686-mingw32/bin/../lib/gcc/nios2-elf/4.1.2/../../../../nios2-elf/lib\libc.a(lib_a-strlen.o)
 .bss           0x01018c00        0x0 c:/altera/12.0sp2/nios2eds/bin/gnu/h-i686-mingw32/bin/../lib/gcc/nios2-elf/4.1.2/../../../../nios2-elf/lib\libc.a(lib_a-vfprintf.o)
 .bss           0x01018c00        0x0 c:/altera/12.0sp2/nios2eds/bin/gnu/h-i686-mingw32/bin/../lib/gcc/nios2-elf/4.1.2/../../../../nios2-elf/lib\libc.a(lib_a-wsetup.o)
 .bss           0x01018c00        0x0 c:/altera/12.0sp2/nios2eds/bin/gnu/h-i686-mingw32/bin/../lib/gcc/nios2-elf/4.1.2/../../../../nios2-elf/lib\libc.a(lib_a-dtoa.o)
 .bss           0x01018c00        0x0 c:/altera/12.0sp2/nios2eds/bin/gnu/h-i686-mingw32/bin/../lib/gcc/nios2-elf/4.1.2/../../../../nios2-elf/lib\libc.a(lib_a-fflush.o)
 .bss           0x01018c00        0x0 c:/altera/12.0sp2/nios2eds/bin/gnu/h-i686-mingw32/bin/../lib/gcc/nios2-elf/4.1.2/../../../../nios2-elf/lib\libc.a(lib_a-findfp.o)
 .bss           0x01018c00        0x0 c:/altera/12.0sp2/nios2eds/bin/gnu/h-i686-mingw32/bin/../lib/gcc/nios2-elf/4.1.2/../../../../nios2-elf/lib\libc.a(lib_a-freer.o)
 .bss           0x01018c00        0x0 c:/altera/12.0sp2/nios2eds/bin/gnu/h-i686-mingw32/bin/../lib/gcc/nios2-elf/4.1.2/../../../../nios2-elf/lib\libc.a(lib_a-fvwrite.o)
 .bss           0x01018c00        0x0 c:/altera/12.0sp2/nios2eds/bin/gnu/h-i686-mingw32/bin/../lib/gcc/nios2-elf/4.1.2/../../../../nios2-elf/lib\libc.a(lib_a-fwalk.o)
 .bss           0x01018c00        0x0 c:/altera/12.0sp2/nios2eds/bin/gnu/h-i686-mingw32/bin/../lib/gcc/nios2-elf/4.1.2/../../../../nios2-elf/lib\libc.a(lib_a-impure.o)
 .bss           0x01018c00        0x0 c:/altera/12.0sp2/nios2eds/bin/gnu/h-i686-mingw32/bin/../lib/gcc/nios2-elf/4.1.2/../../../../nios2-elf/lib\libc.a(lib_a-int_errno.o)
 .bss           0x01018c00        0x0 c:/altera/12.0sp2/nios2eds/bin/gnu/h-i686-mingw32/bin/../lib/gcc/nios2-elf/4.1.2/../../../../nios2-elf/lib\libc.a(lib_a-locale.o)
 .bss           0x01018c00        0x0 c:/altera/12.0sp2/nios2eds/bin/gnu/h-i686-mingw32/bin/../lib/gcc/nios2-elf/4.1.2/../../../../nios2-elf/lib\libc.a(lib_a-makebuf.o)
 .bss           0x01018c00        0x0 c:/altera/12.0sp2/nios2eds/bin/gnu/h-i686-mingw32/bin/../lib/gcc/nios2-elf/4.1.2/../../../../nios2-elf/lib\libc.a(lib_a-memchr.o)
 .bss           0x01018c00        0x0 c:/altera/12.0sp2/nios2eds/bin/gnu/h-i686-mingw32/bin/../lib/gcc/nios2-elf/4.1.2/../../../../nios2-elf/lib\libc.a(lib_a-memmove.o)
 .bss           0x01018c00        0x0 c:/altera/12.0sp2/nios2eds/bin/gnu/h-i686-mingw32/bin/../lib/gcc/nios2-elf/4.1.2/../../../../nios2-elf/lib\libc.a(lib_a-mprec.o)
 .bss           0x01018c00        0x0 c:/altera/12.0sp2/nios2eds/bin/gnu/h-i686-mingw32/bin/../lib/gcc/nios2-elf/4.1.2/../../../../nios2-elf/lib\libc.a(lib_a-putc.o)
 .bss           0x01018c00        0x0 c:/altera/12.0sp2/nios2eds/bin/gnu/h-i686-mingw32/bin/../lib/gcc/nios2-elf/4.1.2/../../../../nios2-elf/lib\libc.a(lib_a-reallocr.o)
 .bss           0x01018c00        0x0 c:/altera/12.0sp2/nios2eds/bin/gnu/h-i686-mingw32/bin/../lib/gcc/nios2-elf/4.1.2/../../../../nios2-elf/lib\libc.a(lib_a-s_isinfd.o)
 .bss           0x01018c00        0x0 c:/altera/12.0sp2/nios2eds/bin/gnu/h-i686-mingw32/bin/../lib/gcc/nios2-elf/4.1.2/../../../../nios2-elf/lib\libc.a(lib_a-s_isnand.o)
 .bss           0x01018c00        0x0 c:/altera/12.0sp2/nios2eds/bin/gnu/h-i686-mingw32/bin/../lib/gcc/nios2-elf/4.1.2/../../../../nios2-elf/lib\libc.a(lib_a-stdio.o)
 .bss           0x01018c00        0x0 c:/altera/12.0sp2/nios2eds/bin/gnu/h-i686-mingw32/bin/../lib/gcc/nios2-elf/4.1.2/../../../../nios2-elf/lib\libc.a(lib_a-strcmp.o)
 .bss           0x01018c00        0x0 c:/altera/12.0sp2/nios2eds/bin/gnu/h-i686-mingw32/bin/../lib/gcc/nios2-elf/4.1.2/../../../../nios2-elf/lib\libc.a(lib_a-wbuf.o)
 .bss           0x01018c00        0x0 c:/altera/12.0sp2/nios2eds/bin/gnu/h-i686-mingw32/bin/../lib/gcc/nios2-elf/4.1.2/../../../../nios2-elf/lib\libc.a(lib_a-writer.o)
 .bss           0x01018c00        0x0 c:/altera/12.0sp2/nios2eds/bin/gnu/h-i686-mingw32/bin/../lib/gcc/nios2-elf/4.1.2/../../../../nios2-elf/lib\libc.a(lib_a-callocr.o)
 .bss           0x01018c00        0x0 c:/altera/12.0sp2/nios2eds/bin/gnu/h-i686-mingw32/bin/../lib/gcc/nios2-elf/4.1.2/../../../../nios2-elf/lib\libc.a(lib_a-closer.o)
 .bss           0x01018c00        0x0 c:/altera/12.0sp2/nios2eds/bin/gnu/h-i686-mingw32/bin/../lib/gcc/nios2-elf/4.1.2/../../../../nios2-elf/lib\libc.a(lib_a-fclose.o)
 .bss           0x01018c00        0x0 c:/altera/12.0sp2/nios2eds/bin/gnu/h-i686-mingw32/bin/../lib/gcc/nios2-elf/4.1.2/../../../../nios2-elf/lib\libc.a(lib_a-fstatr.o)
 .bss           0x01018c00        0x0 c:/altera/12.0sp2/nios2eds/bin/gnu/h-i686-mingw32/bin/../lib/gcc/nios2-elf/4.1.2/../../../../nios2-elf/lib\libc.a(lib_a-isattyr.o)
 .bss           0x01018c00        0x0 c:/altera/12.0sp2/nios2eds/bin/gnu/h-i686-mingw32/bin/../lib/gcc/nios2-elf/4.1.2/../../../../nios2-elf/lib\libc.a(lib_a-lseekr.o)
 .bss           0x01018c00        0x0 c:/altera/12.0sp2/nios2eds/bin/gnu/h-i686-mingw32/bin/../lib/gcc/nios2-elf/4.1.2/../../../../nios2-elf/lib\libc.a(lib_a-readr.o)
 .bss           0x01018c00        0x0 c:/altera/12.0sp2/nios2eds/bin/gnu/h-i686-mingw32/bin/../lib/gcc/nios2-elf/4.1.2\libgcc.a(_muldi3.o)
 .bss           0x01018c00        0x0 c:/altera/12.0sp2/nios2eds/bin/gnu/h-i686-mingw32/bin/../lib/gcc/nios2-elf/4.1.2\libgcc.a(_udivdi3.o)
 .bss           0x01018c00        0x0 c:/altera/12.0sp2/nios2eds/bin/gnu/h-i686-mingw32/bin/../lib/gcc/nios2-elf/4.1.2\libgcc.a(_umoddi3.o)
 .bss           0x01018c00        0x0 c:/altera/12.0sp2/nios2eds/bin/gnu/h-i686-mingw32/bin/../lib/gcc/nios2-elf/4.1.2\libgcc.a(_addsub_df.o)
 .bss           0x01018c00        0x0 c:/altera/12.0sp2/nios2eds/bin/gnu/h-i686-mingw32/bin/../lib/gcc/nios2-elf/4.1.2\libgcc.a(_mul_df.o)
 .bss           0x01018c00        0x0 c:/altera/12.0sp2/nios2eds/bin/gnu/h-i686-mingw32/bin/../lib/gcc/nios2-elf/4.1.2\libgcc.a(_div_df.o)
 .bss           0x01018c00        0x0 c:/altera/12.0sp2/nios2eds/bin/gnu/h-i686-mingw32/bin/../lib/gcc/nios2-elf/4.1.2\libgcc.a(_eq_df.o)
 .bss           0x01018c00        0x0 c:/altera/12.0sp2/nios2eds/bin/gnu/h-i686-mingw32/bin/../lib/gcc/nios2-elf/4.1.2\libgcc.a(_ne_df.o)
 .bss           0x01018c00        0x0 c:/altera/12.0sp2/nios2eds/bin/gnu/h-i686-mingw32/bin/../lib/gcc/nios2-elf/4.1.2\libgcc.a(_gt_df.o)
 .bss           0x01018c00        0x0 c:/altera/12.0sp2/nios2eds/bin/gnu/h-i686-mingw32/bin/../lib/gcc/nios2-elf/4.1.2\libgcc.a(_ge_df.o)
 .bss           0x01018c00        0x0 c:/altera/12.0sp2/nios2eds/bin/gnu/h-i686-mingw32/bin/../lib/gcc/nios2-elf/4.1.2\libgcc.a(_lt_df.o)
 .bss           0x01018c00        0x0 c:/altera/12.0sp2/nios2eds/bin/gnu/h-i686-mingw32/bin/../lib/gcc/nios2-elf/4.1.2\libgcc.a(_si_to_df.o)
 .bss           0x01018c00        0x0 c:/altera/12.0sp2/nios2eds/bin/gnu/h-i686-mingw32/bin/../lib/gcc/nios2-elf/4.1.2\libgcc.a(_df_to_si.o)
 .bss           0x01018c00        0x0 c:/altera/12.0sp2/nios2eds/bin/gnu/h-i686-mingw32/bin/../lib/gcc/nios2-elf/4.1.2\libgcc.a(_thenan_df.o)
 .bss           0x01018c00        0x0 c:/altera/12.0sp2/nios2eds/bin/gnu/h-i686-mingw32/bin/../lib/gcc/nios2-elf/4.1.2\libgcc.a(_usi_to_df.o)
 .bss           0x01018c00        0x0 c:/altera/12.0sp2/nios2eds/bin/gnu/h-i686-mingw32/bin/../lib/gcc/nios2-elf/4.1.2\libgcc.a(lib2-divmod.o)
 .bss           0x01018c00        0x0 c:/altera/12.0sp2/nios2eds/bin/gnu/h-i686-mingw32/bin/../lib/gcc/nios2-elf/4.1.2\libgcc.a(_clz.o)
 .bss           0x01018c00        0x0 c:/altera/12.0sp2/nios2eds/bin/gnu/h-i686-mingw32/bin/../lib/gcc/nios2-elf/4.1.2\libgcc.a(_clzsi2.o)
 .bss           0x01018c00        0x0 c:/altera/12.0sp2/nios2eds/bin/gnu/h-i686-mingw32/bin/../lib/gcc/nios2-elf/4.1.2\libgcc.a(_pack_df.o)
 .bss           0x01018c00        0x0 c:/altera/12.0sp2/nios2eds/bin/gnu/h-i686-mingw32/bin/../lib/gcc/nios2-elf/4.1.2\libgcc.a(_unpack_df.o)
 .bss           0x01018c00        0x0 c:/altera/12.0sp2/nios2eds/bin/gnu/h-i686-mingw32/bin/../lib/gcc/nios2-elf/4.1.2\libgcc.a(_fpcmp_parts_df.o)
 .bss           0x01018c00        0x0 ../../../../../Desktop/Workspace\libhal_bsp.a(alt_alarm_start.o)
 .bss           0x01018c00        0x0 ../../../../../Desktop/Workspace\libhal_bsp.a(alt_close.o)
 .bss           0x01018c00        0x0 ../../../../../Desktop/Workspace\libhal_bsp.a(alt_dev.o)
 .bss           0x01018c00        0x0 ../../../../../Desktop/Workspace\libhal_bsp.a(alt_errno.o)
 .bss           0x01018c00        0x0 ../../../../../Desktop/Workspace\libhal_bsp.a(alt_fstat.o)
 .bss           0x01018c00        0x0 ../../../../../Desktop/Workspace\libhal_bsp.a(alt_irq_register.o)
 .bss           0x01018c00        0x0 ../../../../../Desktop/Workspace\libhal_bsp.a(alt_irq_vars.o)
 .bss           0x01018c00        0x0 ../../../../../Desktop/Workspace\libhal_bsp.a(alt_isatty.o)
 .bss           0x01018c00        0x0 ../../../../../Desktop/Workspace\libhal_bsp.a(alt_load.o)
 .bss           0x01018c00        0x0 ../../../../../Desktop/Workspace\libhal_bsp.a(alt_lseek.o)
 .bss           0x01018c00        0x0 ../../../../../Desktop/Workspace\libhal_bsp.a(alt_main.o)
 .bss           0x01018c00        0x0 ../../../../../Desktop/Workspace\libhal_bsp.a(alt_malloc_lock.o)
 .bss           0x01018c00        0x0 ../../../../../Desktop/Workspace\libhal_bsp.a(alt_read.o)
 .bss           0x01018c00        0x0 ../../../../../Desktop/Workspace\libhal_bsp.a(alt_release_fd.o)
 .bss           0x01018c00        0x0 ../../../../../Desktop/Workspace\libhal_bsp.a(alt_sbrk.o)
 .bss           0x01018c00        0x0 ../../../../../Desktop/Workspace\libhal_bsp.a(alt_tick.o)
 .bss           0x01018c00        0x0 ../../../../../Desktop/Workspace\libhal_bsp.a(alt_write.o)
 .bss           0x01018c00        0x0 ../../../../../Desktop/Workspace\libhal_bsp.a(alt_sys_init.o)
 .bss           0x01018c00        0x0 ../../../../../Desktop/Workspace\libhal_bsp.a(altera_avalon_jtag_uart_fd.o)
 .bss           0x01018c00        0x0 ../../../../../Desktop/Workspace\libhal_bsp.a(altera_avalon_jtag_uart_init.o)
 .bss           0x01018c00        0x0 ../../../../../Desktop/Workspace\libhal_bsp.a(altera_avalon_jtag_uart_ioctl.o)
 .bss           0x01018c00        0x0 ../../../../../Desktop/Workspace\libhal_bsp.a(altera_avalon_jtag_uart_read.o)
 .bss           0x01018c00        0x0 ../../../../../Desktop/Workspace\libhal_bsp.a(altera_avalon_jtag_uart_write.o)
 .bss           0x01018c00        0x0 ../../../../../Desktop/Workspace\libhal_bsp.a(altera_avalon_timer_sc.o)
 .bss           0x01018c00        0x0 ../../../../../Desktop/Workspace\libhal_bsp.a(altera_up_avalon_audio.o)
 .bss           0x01018c00        0x0 ../../../../../Desktop/Workspace\libhal_bsp.a(altera_up_avalon_audio_and_video_config.o)
 .bss           0x01018c00        0x0 ../../../../../Desktop/Workspace\libhal_bsp.a(altera_up_avalon_character_lcd.o)
 .bss           0x01018c00        0x0 ../../../../../Desktop/Workspace\libhal_bsp.a(altera_up_avalon_ps2.o)
 .bss           0x01018c00        0x0 ../../../../../Desktop/Workspace\libhal_bsp.a(altera_up_avalon_video_character_buffer_with_dma.o)
 .bss           0x01018c00        0x0 ../../../../../Desktop/Workspace\libhal_bsp.a(altera_up_avalon_video_pixel_buffer_dma.o)
 .bss           0x01018c00        0x0 ../../../../../Desktop/Workspace\libhal_bsp.a(altera_up_ps2_keyboard.o)
 .bss           0x01018c00        0x0 ../../../../../Desktop/Workspace\libhal_bsp.a(altera_up_sd_card_avalon_interface.o)
 .bss           0x01018c00        0x0 ../../../../../Desktop/Workspace\libhal_bsp.a(alt_dcache_flush_all.o)
 .bss           0x01018c00        0x0 ../../../../../Desktop/Workspace\libhal_bsp.a(alt_dev_llist_insert.o)
 .bss           0x01018c00        0x0 ../../../../../Desktop/Workspace\libhal_bsp.a(alt_do_ctors.o)
 .bss           0x01018c00        0x0 ../../../../../Desktop/Workspace\libhal_bsp.a(alt_do_dtors.o)
 .bss           0x01018c00        0x0 ../../../../../Desktop/Workspace\libhal_bsp.a(alt_find_dev.o)
 .bss           0x01018c00        0x0 ../../../../../Desktop/Workspace\libhal_bsp.a(alt_icache_flush_all.o)
 .bss           0x01018c00        0x0 ../../../../../Desktop/Workspace\libhal_bsp.a(alt_io_redirect.o)
 .bss           0x01018c00        0x0 ../../../../../Desktop/Workspace\libhal_bsp.a(alt_irq_entry.o)
 .bss           0x01018c00        0x0 ../../../../../Desktop/Workspace\libhal_bsp.a(alt_irq_handler.o)
 .bss           0x01018c00        0x0 ../../../../../Desktop/Workspace\libhal_bsp.a(alt_open.o)
 .bss           0x01018c00        0x0 ../../../../../Desktop/Workspace\libhal_bsp.a(altera_nios2_qsys_irq.o)
 .bss           0x01018c00        0x0 ../../../../../Desktop/Workspace\libhal_bsp.a(alt_exception_entry.o)
 .bss           0x01018c00        0x0 ../../../../../Desktop/Workspace\libhal_bsp.a(alt_find_file.o)
 .bss           0x01018c00        0x0 ../../../../../Desktop/Workspace\libhal_bsp.a(alt_get_fd.o)
 .bss           0x01018c00        0x0 ../../../../../Desktop/Workspace\libhal_bsp.a(alt_icache_flush.o)
 .bss           0x01018c00        0x0 c:/altera/12.0sp2/nios2eds/bin/gnu/h-i686-mingw32/bin/../lib/gcc/nios2-elf/4.1.2/../../../../nios2-elf/lib\libc.a(lib_a-atexit.o)
 .bss           0x01018c00        0x0 c:/altera/12.0sp2/nios2eds/bin/gnu/h-i686-mingw32/bin/../lib/gcc/nios2-elf/4.1.2/../../../../nios2-elf/lib\libc.a(lib_a-exit.o)
 .bss           0x01018c00        0x0 c:/altera/12.0sp2/nios2eds/bin/gnu/h-i686-mingw32/bin/../lib/gcc/nios2-elf/4.1.2/../../../../nios2-elf/lib\libc.a(lib_a-memcmp.o)
 .bss           0x01018c00        0x0 c:/altera/12.0sp2/nios2eds/bin/gnu/h-i686-mingw32/bin/../lib/gcc/nios2-elf/4.1.2/../../../../nios2-elf/lib\libc.a(lib_a-__atexit.o)
 .bss           0x01018c00        0x0 c:/altera/12.0sp2/nios2eds/bin/gnu/h-i686-mingw32/bin/../lib/gcc/nios2-elf/4.1.2/../../../../nios2-elf/lib\libc.a(lib_a-__call_atexit.o)
 .bss           0x01018c00        0x0 ../../../../../Desktop/Workspace\libhal_bsp.a(alt_exit.o)
 *(COMMON)
 COMMON         0x01018c00       0x20 obj/default/DrawMain.o
                0x01018c00                Hex
 COMMON         0x01018c20      0x568 ../../../../../Desktop/Workspace\libhal_bsp.a(altera_up_sd_card_avalon_interface.o)
                0x01018c20                search_data
                0x01018c34                boot_sector_data
                0x01018c88                active_files
 COMMON         0x01019188      0x100 ../../../../../Desktop/Workspace\libhal_bsp.a(alt_irq_handler.o)
                0x01019188                alt_irq
 COMMON         0x01019288      0x190 c:/altera/12.0sp2/nios2eds/bin/gnu/h-i686-mingw32/bin/../lib/gcc/nios2-elf/4.1.2/../../../../nios2-elf/lib\libc.a(lib_a-atexit.o)
                0x01019288                _atexit0
                0x01019418                . = ALIGN (0x4)
                0x01019418                __bss_end = ABSOLUTE (.)

.sdram          0x01019418        0x0
                0x01019418                PROVIDE (_alt_partition_sdram_start, ABSOLUTE (.))
 *(.sdram. sdram.*)
                0x01019418                . = ALIGN (0x4)
                0x01019418                PROVIDE (_alt_partition_sdram_end, ABSOLUTE (.))
                0x01019418                _end = ABSOLUTE (.)
                0x01019418                end = ABSOLUTE (.)
                0x01019418                __alt_stack_base = ABSOLUTE (.)
                0x01019418                PROVIDE (_alt_partition_sdram_load_addr, LOADADDR (.sdram))

.stab
 *(.stab)

.stabstr
 *(.stabstr)

.stab.excl
 *(.stab.excl)

.stab.exclstr
 *(.stab.exclstr)

.stab.index
 *(.stab.index)

.stab.indexstr
 *(.stab.indexstr)

.comment        0x00000000       0x26
 *(.comment)
 .comment       0x00000000       0x26 obj/default/DrawMain.o
                                 0x27 (size before relaxing)
 .comment       0x00000000       0x27 obj/default/audio.o
 .comment       0x00000000       0x27 obj/default/bitmap.o
 .comment       0x00000000       0x27 obj/default/drawBg.o
 .comment       0x00000000       0x27 obj/default/sdcard.o
 .comment       0x00000000       0x27 obj/default/wk_io.o
 .comment       0x00000000       0x27 obj/default/wk_kb.o
 .comment       0x00000000       0x27 obj/default/wk_lcd.o
 .comment       0x00000000       0x27 obj/default/wk_video.o
 .comment       0x00000000       0x27 c:/altera/12.0sp2/nios2eds/bin/gnu/h-i686-mingw32/bin/../lib/gcc/nios2-elf/4.1.2/../../../../nios2-elf/lib\libc.a(lib_a-malloc.o)
 .comment       0x00000000       0x27 c:/altera/12.0sp2/nios2eds/bin/gnu/h-i686-mingw32/bin/../lib/gcc/nios2-elf/4.1.2/../../../../nios2-elf/lib\libc.a(lib_a-mallocr.o)
 .comment       0x00000000       0x27 c:/altera/12.0sp2/nios2eds/bin/gnu/h-i686-mingw32/bin/../lib/gcc/nios2-elf/4.1.2/../../../../nios2-elf/lib\libc.a(lib_a-memcpy.o)
 .comment       0x00000000       0x27 c:/altera/12.0sp2/nios2eds/bin/gnu/h-i686-mingw32/bin/../lib/gcc/nios2-elf/4.1.2/../../../../nios2-elf/lib\libc.a(lib_a-memset.o)
 .comment       0x00000000       0x27 c:/altera/12.0sp2/nios2eds/bin/gnu/h-i686-mingw32/bin/../lib/gcc/nios2-elf/4.1.2/../../../../nios2-elf/lib\libc.a(lib_a-printf.o)
 .comment       0x00000000       0x27 c:/altera/12.0sp2/nios2eds/bin/gnu/h-i686-mingw32/bin/../lib/gcc/nios2-elf/4.1.2/../../../../nios2-elf/lib\libc.a(lib_a-putchar.o)
 .comment       0x00000000       0x27 c:/altera/12.0sp2/nios2eds/bin/gnu/h-i686-mingw32/bin/../lib/gcc/nios2-elf/4.1.2/../../../../nios2-elf/lib\libc.a(lib_a-puts.o)
 .comment       0x00000000       0x27 c:/altera/12.0sp2/nios2eds/bin/gnu/h-i686-mingw32/bin/../lib/gcc/nios2-elf/4.1.2/../../../../nios2-elf/lib\libc.a(lib_a-rand.o)
 .comment       0x00000000       0x27 c:/altera/12.0sp2/nios2eds/bin/gnu/h-i686-mingw32/bin/../lib/gcc/nios2-elf/4.1.2/../../../../nios2-elf/lib\libc.a(lib_a-sbrkr.o)
 .comment       0x00000000       0x27 c:/altera/12.0sp2/nios2eds/bin/gnu/h-i686-mingw32/bin/../lib/gcc/nios2-elf/4.1.2/../../../../nios2-elf/lib\libc.a(lib_a-sprintf.o)
 .comment       0x00000000       0x27 c:/altera/12.0sp2/nios2eds/bin/gnu/h-i686-mingw32/bin/../lib/gcc/nios2-elf/4.1.2/../../../../nios2-elf/lib\libc.a(lib_a-strcat.o)
 .comment       0x00000000       0x27 c:/altera/12.0sp2/nios2eds/bin/gnu/h-i686-mingw32/bin/../lib/gcc/nios2-elf/4.1.2/../../../../nios2-elf/lib\libc.a(lib_a-strcpy.o)
 .comment       0x00000000       0x27 c:/altera/12.0sp2/nios2eds/bin/gnu/h-i686-mingw32/bin/../lib/gcc/nios2-elf/4.1.2/../../../../nios2-elf/lib\libc.a(lib_a-strlen.o)
 .comment       0x00000000       0x27 c:/altera/12.0sp2/nios2eds/bin/gnu/h-i686-mingw32/bin/../lib/gcc/nios2-elf/4.1.2/../../../../nios2-elf/lib\libc.a(lib_a-vfprintf.o)
 .comment       0x00000000       0x27 c:/altera/12.0sp2/nios2eds/bin/gnu/h-i686-mingw32/bin/../lib/gcc/nios2-elf/4.1.2/../../../../nios2-elf/lib\libc.a(lib_a-wsetup.o)
 .comment       0x00000000       0x27 c:/altera/12.0sp2/nios2eds/bin/gnu/h-i686-mingw32/bin/../lib/gcc/nios2-elf/4.1.2/../../../../nios2-elf/lib\libc.a(lib_a-dtoa.o)
 .comment       0x00000000       0x27 c:/altera/12.0sp2/nios2eds/bin/gnu/h-i686-mingw32/bin/../lib/gcc/nios2-elf/4.1.2/../../../../nios2-elf/lib\libc.a(lib_a-fflush.o)
 .comment       0x00000000       0x27 c:/altera/12.0sp2/nios2eds/bin/gnu/h-i686-mingw32/bin/../lib/gcc/nios2-elf/4.1.2/../../../../nios2-elf/lib\libc.a(lib_a-findfp.o)
 .comment       0x00000000       0x27 c:/altera/12.0sp2/nios2eds/bin/gnu/h-i686-mingw32/bin/../lib/gcc/nios2-elf/4.1.2/../../../../nios2-elf/lib\libc.a(lib_a-freer.o)
 .comment       0x00000000       0x27 c:/altera/12.0sp2/nios2eds/bin/gnu/h-i686-mingw32/bin/../lib/gcc/nios2-elf/4.1.2/../../../../nios2-elf/lib\libc.a(lib_a-fvwrite.o)
 .comment       0x00000000       0x27 c:/altera/12.0sp2/nios2eds/bin/gnu/h-i686-mingw32/bin/../lib/gcc/nios2-elf/4.1.2/../../../../nios2-elf/lib\libc.a(lib_a-fwalk.o)
 .comment       0x00000000       0x27 c:/altera/12.0sp2/nios2eds/bin/gnu/h-i686-mingw32/bin/../lib/gcc/nios2-elf/4.1.2/../../../../nios2-elf/lib\libc.a(lib_a-impure.o)