Archive member included because of file (symbol)

c:/altera/12.0sp2/nios2eds/bin/gnu/h-i686-mingw32/bin/../lib/gcc/nios2-elf/4.1.2/../../../../nios2-elf/lib\libc.a(lib_a-malloc.o)
                              obj/default/wk_lcd.o (malloc)
c:/altera/12.0sp2/nios2eds/bin/gnu/h-i686-mingw32/bin/../lib/gcc/nios2-elf/4.1.2/../../../../nios2-elf/lib\libc.a(lib_a-mallocr.o)
                              c:/altera/12.0sp2/nios2eds/bin/gnu/h-i686-mingw32/bin/../lib/gcc/nios2-elf/4.1.2/../../../../nios2-elf/lib\libc.a(lib_a-malloc.o) (_malloc_r)
c:/altera/12.0sp2/nios2eds/bin/gnu/h-i686-mingw32/bin/../lib/gcc/nios2-elf/4.1.2/../../../../nios2-elf/lib\libc.a(lib_a-memcpy.o)
                              obj/default/wk_lcd.o (memcpy)
c:/altera/12.0sp2/nios2eds/bin/gnu/h-i686-mingw32/bin/../lib/gcc/nios2-elf/4.1.2/../../../../nios2-elf/lib\libc.a(lib_a-printf.o)
                              obj/default/DrawMain.o (printf)
c:/altera/12.0sp2/nios2eds/bin/gnu/h-i686-mingw32/bin/../lib/gcc/nios2-elf/4.1.2/../../../../nios2-elf/lib\libc.a(lib_a-puts.o)
                              obj/default/DrawMain.o (puts)
c:/altera/12.0sp2/nios2eds/bin/gnu/h-i686-mingw32/bin/../lib/gcc/nios2-elf/4.1.2/../../../../nios2-elf/lib\libc.a(lib_a-rand.o)
                              obj/default/DrawMain.o (srand)
c:/altera/12.0sp2/nios2eds/bin/gnu/h-i686-mingw32/bin/../lib/gcc/nios2-elf/4.1.2/../../../../nios2-elf/lib\libc.a(lib_a-sbrkr.o)
                              c:/altera/12.0sp2/nios2eds/bin/gnu/h-i686-mingw32/bin/../lib/gcc/nios2-elf/4.1.2/../../../../nios2-elf/lib\libc.a(lib_a-mallocr.o) (_sbrk_r)
c:/altera/12.0sp2/nios2eds/bin/gnu/h-i686-mingw32/bin/../lib/gcc/nios2-elf/4.1.2/../../../../nios2-elf/lib\libc.a(lib_a-strcpy.o)
                              obj/default/wk_lcd.o (strcpy)
c:/altera/12.0sp2/nios2eds/bin/gnu/h-i686-mingw32/bin/../lib/gcc/nios2-elf/4.1.2/../../../../nios2-elf/lib\libc.a(lib_a-strlen.o)
                              obj/default/wk_lcd.o (strlen)
c:/altera/12.0sp2/nios2eds/bin/gnu/h-i686-mingw32/bin/../lib/gcc/nios2-elf/4.1.2/../../../../nios2-elf/lib\libc.a(lib_a-vfprintf.o)
                              c:/altera/12.0sp2/nios2eds/bin/gnu/h-i686-mingw32/bin/../lib/gcc/nios2-elf/4.1.2/../../../../nios2-elf/lib\libc.a(lib_a-printf.o) (___vfprintf_internal_r)
c:/altera/12.0sp2/nios2eds/bin/gnu/h-i686-mingw32/bin/../lib/gcc/nios2-elf/4.1.2/../../../../nios2-elf/lib\libc.a(lib_a-wsetup.o)
                              c:/altera/12.0sp2/nios2eds/bin/gnu/h-i686-mingw32/bin/../lib/gcc/nios2-elf/4.1.2/../../../../nios2-elf/lib\libc.a(lib_a-vfprintf.o) (__swsetup_r)
c:/altera/12.0sp2/nios2eds/bin/gnu/h-i686-mingw32/bin/../lib/gcc/nios2-elf/4.1.2/../../../../nios2-elf/lib\libc.a(lib_a-dtoa.o)
                              c:/altera/12.0sp2/nios2eds/bin/gnu/h-i686-mingw32/bin/../lib/gcc/nios2-elf/4.1.2/../../../../nios2-elf/lib\libc.a(lib_a-vfprintf.o) (_dtoa_r)
c:/altera/12.0sp2/nios2eds/bin/gnu/h-i686-mingw32/bin/../lib/gcc/nios2-elf/4.1.2/../../../../nios2-elf/lib\libc.a(lib_a-fflush.o)
                              c:/altera/12.0sp2/nios2eds/bin/gnu/h-i686-mingw32/bin/../lib/gcc/nios2-elf/4.1.2/../../../../nios2-elf/lib\libc.a(lib_a-vfprintf.o) (_fflush_r)
c:/altera/12.0sp2/nios2eds/bin/gnu/h-i686-mingw32/bin/../lib/gcc/nios2-elf/4.1.2/../../../../nios2-elf/lib\libc.a(lib_a-findfp.o)
                              c:/altera/12.0sp2/nios2eds/bin/gnu/h-i686-mingw32/bin/../lib/gcc/nios2-elf/4.1.2/../../../../nios2-elf/lib\libc.a(lib_a-vfprintf.o) (__sinit)
c:/altera/12.0sp2/nios2eds/bin/gnu/h-i686-mingw32/bin/../lib/gcc/nios2-elf/4.1.2/../../../../nios2-elf/lib\libc.a(lib_a-freer.o)
                              c:/altera/12.0sp2/nios2eds/bin/gnu/h-i686-mingw32/bin/../lib/gcc/nios2-elf/4.1.2/../../../../nios2-elf/lib\libc.a(lib_a-malloc.o) (_free_r)
c:/altera/12.0sp2/nios2eds/bin/gnu/h-i686-mingw32/bin/../lib/gcc/nios2-elf/4.1.2/../../../../nios2-elf/lib\libc.a(lib_a-fvwrite.o)
                              c:/altera/12.0sp2/nios2eds/bin/gnu/h-i686-mingw32/bin/../lib/gcc/nios2-elf/4.1.2/../../../../nios2-elf/lib\libc.a(lib_a-puts.o) (__sfvwrite_r)
c:/altera/12.0sp2/nios2eds/bin/gnu/h-i686-mingw32/bin/../lib/gcc/nios2-elf/4.1.2/../../../../nios2-elf/lib\libc.a(lib_a-fwalk.o)
                              c:/altera/12.0sp2/nios2eds/bin/gnu/h-i686-mingw32/bin/../lib/gcc/nios2-elf/4.1.2/../../../../nios2-elf/lib\libc.a(lib_a-fflush.o) (_fwalk_reent)
c:/altera/12.0sp2/nios2eds/bin/gnu/h-i686-mingw32/bin/../lib/gcc/nios2-elf/4.1.2/../../../../nios2-elf/lib\libc.a(lib_a-impure.o)
                              c:/altera/12.0sp2/nios2eds/bin/gnu/h-i686-mingw32/bin/../lib/gcc/nios2-elf/4.1.2/../../../../nios2-elf/lib\libc.a(lib_a-malloc.o) (_impure_ptr)
c:/altera/12.0sp2/nios2eds/bin/gnu/h-i686-mingw32/bin/../lib/gcc/nios2-elf/4.1.2/../../../../nios2-elf/lib\libc.a(lib_a-int_errno.o)
[...]
Memory Configuration

Name             Origin             Length             Attributes
reset            0x01000000         0x00000020
sdram            0x01000020         0x007fffe0
*default*        0x00000000         0xffffffff

Linker script and memory map

LOAD ../../../../workspace2/NewBSP/obj/HAL/src/crt0.o
LOAD obj/default/DrawMain.o
LOAD obj/default/drawBg.o
LOAD obj/default/wk_io.o
LOAD obj/default/wk_lcd.o
LOAD obj/default/wk_video.o
LOAD c:/altera/12.0sp2/nios2eds/bin/gnu/h-i686-mingw32/bin/../lib/gcc/nios2-elf/4.1.2/../../../../nios2-elf/lib\libstdc++.a
LOAD c:/altera/12.0sp2/nios2eds/bin/gnu/h-i686-mingw32/bin/../lib/gcc/nios2-elf/4.1.2/../../../../nios2-elf/lib\libm.a
LOAD c:/altera/12.0sp2/nios2eds/bin/gnu/h-i686-mingw32/bin/../lib/gcc/nios2-elf/4.1.2\libgcc.a
START GROUP
LOAD c:/altera/12.0sp2/nios2eds/bin/gnu/h-i686-mingw32/bin/../lib/gcc/nios2-elf/4.1.2/../../../../nios2-elf/lib\libc.a
LOAD c:/altera/12.0sp2/nios2eds/bin/gnu/h-i686-mingw32/bin/../lib/gcc/nios2-elf/4.1.2\libgcc.a
LOAD ../../../../workspace2/NewBSP\libhal_bsp.a
END GROUP
LOAD c:/altera/12.0sp2/nios2eds/bin/gnu/h-i686-mingw32/bin/../lib/gcc/nios2-elf/4.1.2\libgcc.a
                0x01000000                __alt_mem_sdram = 0x1000000

.entry          0x01000000       0x20
 *(.entry)
 .entry         0x01000000       0x20 ../../../../workspace2/NewBSP/obj/HAL/src/crt0.o
                0x01000000                __reset

.exceptions     0x01000020      0x198
                0x01000020                PROVIDE (__ram_exceptions_start, ABSOLUTE (.))
                0x01000020                . = ALIGN (0x20)
 *(.irq)
 *(.exceptions.entry.label)
 .exceptions.entry.label
                0x01000020        0x0 ../../../../workspace2/NewBSP\libhal_bsp.a(alt_irq_entry.o)
                0x01000020                alt_irq_entry
 .exceptions.entry.label
                0x01000020        0x0 ../../../../workspace2/NewBSP\libhal_bsp.a(alt_exception_entry.o)
                0x01000020                alt_exception
 *(.exceptions.entry.user)
 *(.exceptions.entry)
 .exceptions.entry
                0x01000020       0x54 ../../../../workspace2/NewBSP\libhal_bsp.a(alt_exception_entry.o)
 *(.exceptions.irqtest.user)
 *(.exceptions.irqtest)
 .exceptions.irqtest
                0x01000074       0x10 ../../../../workspace2/NewBSP\libhal_bsp.a(alt_irq_entry.o)
 *(.exceptions.irqhandler.user)
 *(.exceptions.irqhandler)
 .exceptions.irqhandler
                0x01000084        0x4 ../../../../workspace2/NewBSP\libhal_bsp.a(alt_irq_entry.o)
 *(.exceptions.irqreturn.user)
 *(.exceptions.irqreturn)
 .exceptions.irqreturn
                0x01000088        0x4 ../../../../workspace2/NewBSP\libhal_bsp.a(alt_irq_entry.o)
 *(.exceptions.notirq.label)
 .exceptions.notirq.label
                0x0100008c        0x0 ../../../../workspace2/NewBSP\libhal_bsp.a(alt_irq_entry.o)
 *(.exceptions.notirq.user)
 *(.exceptions.notirq)
 .exceptions.notirq
                0x0100008c        0x8 ../../../../workspace2/NewBSP\libhal_bsp.a(alt_exception_entry.o)
 *(.exceptions.soft.user)
 *(.exceptions.soft)
 *(.exceptions.unknown.user)
 *(.exceptions.unknown)
 .exceptions.unknown
                0x01000094        0x4 ../../../../workspace2/NewBSP\libhal_bsp.a(alt_exception_entry.o)
 *(.exceptions.exit.label)
 .exceptions.exit.label
                0x01000098        0x0 ../../../../workspace2/NewBSP\libhal_bsp.a(alt_irq_entry.o)
 .exceptions.exit.label
                0x01000098        0x0 ../../../../workspace2/NewBSP\libhal_bsp.a(alt_exception_entry.o)
 *(.exceptions.exit.user)
 *(.exceptions.exit)
 .exceptions.exit
                0x01000098       0x54 ../../../../workspace2/NewBSP\libhal_bsp.a(alt_exception_entry.o)
 *(.exceptions)
 .exceptions    0x010000ec       0xcc ../../../../workspace2/NewBSP\libhal_bsp.a(alt_irq_handler.o)
                0x010000ec                alt_irq_handler
                0x010001b8                PROVIDE (__ram_exceptions_end, ABSOLUTE (.))
                0x01000020                PROVIDE (__flash_exceptions_start, LOADADDR (.exceptions))

.text           0x010001b8     0xff88
                0x010001b8                PROVIDE (stext, ABSOLUTE (.))
 *(.interp)
 *(.hash)
 *(.dynsym)
 *(.dynstr)
 *(.gnu.version)
 *(.gnu.version_d)
 *(.gnu.version_r)
 *(.rel.init)
 *(.rela.init)
 *(.rel.text .rel.text.* .rel.gnu.linkonce.t.*)
 *(.rela.text .rela.text.* .rela.gnu.linkonce.t.*)
 *(.rel.fini)
 *(.rela.fini)
 *(.rel.rodata .rel.rodata.* .rel.gnu.linkonce.r.*)
 *(.rela.rodata .rela.rodata.* .rela.gnu.linkonce.r.*)
 *(.rel.data .rel.data.* .rel.gnu.linkonce.d.*)
 *(.rela.data .rela.data.* .rela.gnu.linkonce.d.*)
 *(.rel.tdata .rel.tdata.* .rel.gnu.linkonce.td.*)
 *(.rela.tdata .rela.tdata.* .rela.gnu.linkonce.td.*)
 *(.rel.tbss .rel.tbss.* .rel.gnu.linkonce.tb.*)
 *(.rela.tbss .rela.tbss.* .rela.gnu.linkonce.tb.*)
 *(.rel.ctors)
 *(.rela.ctors)
 *(.rel.dtors)
 *(.rela.dtors)
 *(.rel.got)
 *(.rela.got)
 *(.rel.sdata .rel.sdata.* .rel.gnu.linkonce.s.*)
 *(.rela.sdata .rela.sdata.* .rela.gnu.linkonce.s.*)
 *(.rel.sbss .rel.sbss.* .rel.gnu.linkonce.sb.*)
 *(.rela.sbss .rela.sbss.* .rela.gnu.linkonce.sb.*)
 *(.rel.sdata2 .rel.sdata2.* .rel.gnu.linkonce.s2.*)
 *(.rela.sdata2 .rela.sdata2.* .rela.gnu.linkonce.s2.*)
 *(.rel.sbss2 .rel.sbss2.* .rel.gnu.linkonce.sb2.*)
 *(.rela.sbss2 .rela.sbss2.* .rela.gnu.linkonce.sb2.*)
 *(.rel.bss .rel.bss.* .rel.gnu.linkonce.b.*)
 *(.rela.bss .rela.bss.* .rela.gnu.linkonce.b.*)
 *(.rel.plt)
 *(.rela.plt)
 *(.rel.dyn)
 *(.init)
 *(.plt)
 *(.text .stub .text.* .gnu.linkonce.t.*)
 .text          0x010001b8       0x4c ../../../../workspace2/NewBSP/obj/HAL/src/crt0.o
                0x010001b8                _start
 .text          0x01000204      0x380 obj/default/DrawMain.o
                0x01000204                draw
                0x0100022c                key_hit
                0x010002b4                main
 .text          0x01000584      0x4fc obj/default/drawBg.o
                0x01000584                drawBg
                0x0100060c                drawSprite
                0x01000844                makeNPC
                0x01000980                drawNPCs
 .text          0x01000a80      0x5b4 obj/default/wk_io.o
                0x01000a80                initHex
                0x01000b28                hexPrintNum
                0x01000fd0                clrHex
 .text          0x01001034      0x2bc obj/default/wk_lcd.o
                0x01001034                lcdInit
                0x010010b8                lcdPrint
                0x01001180                lcdLineSet
                0x01001270                lcdClrScr
 .text          0x010012f0      0x450 obj/default/wk_video.o
                0x010012f0                charInit
                0x01001330                pixelInit
                0x01001398                clrScr
                0x010013d8                fillScr
                0x01001430                drawLine
                0x010014f8                drawBox
                0x01001594                drawPoly
                0x0100168c                swapBuffer
                0x010016cc                mkColor
 .text          0x01001740       0x28 c:/altera/12.0sp2/nios2eds/bin/gnu/h-i686-mingw32/bin/../lib/gcc/nios2-elf/4.1.2/../../../../nios2-elf/lib\libc.a(lib_a-malloc.o)
                0x01001740                free
                0x01001754                malloc
 .text          0x01001768      0x740 c:/altera/12.0sp2/nios2eds/bin/gnu/h-i686-mingw32/bin/../lib/gcc/nios2-elf/4.1.2/../../../../nios2-elf/lib\libc.a(lib_a-mallocr.o)
                0x01001768                _malloc_r
 .text          0x01001ea8       0xa0 c:/altera/12.0sp2/nios2eds/bin/gnu/h-i686-mingw32/bin/../lib/gcc/nios2-elf/4.1.2/../../../../nios2-elf/lib\libc.a(lib_a-memcpy.o)
                0x01001ea8                memcpy
 .text          0x01001f48       0x78 c:/altera/12.0sp2/nios2eds/bin/gnu/h-i686-mingw32/bin/../lib/gcc/nios2-elf/4.1.2/../../../../nios2-elf/lib\libc.a(lib_a-printf.o)
                0x01001f48                printf
                0x01001f8c                _printf_r
 .text          0x01001fc0       0xb4 c:/altera/12.0sp2/nios2eds/bin/gnu/h-i686-mingw32/bin/../lib/gcc/nios2-elf/4.1.2/../../../../nios2-elf/lib\libc.a(lib_a-puts.o)
                0x01001fc0                _puts_r
                0x01002060                puts
 .text          0x01002074       0x94 c:/altera/12.0sp2/nios2eds/bin/gnu/h-i686-mingw32/bin/../lib/gcc/nios2-elf/4.1.2/../../../../nios2-elf/lib\libc.a(lib_a-rand.o)
                0x01002074                srand
                0x01002090                rand
 .text          0x01002108       0x70 c:/altera/12.0sp2/nios2eds/bin/gnu/h-i686-mingw32/bin/../lib/gcc/nios2-elf/4.1.2/../../../../nios2-elf/lib\libc.a(lib_a-sbrkr.o)
                0x01002108                _sbrk_r
 .text          0x01002178       0x8c c:/altera/12.0sp2/nios2eds/bin/gnu/h-i686-mingw32/bin/../lib/gcc/nios2-elf/4.1.2/../../../../nios2-elf/lib\libc.a(lib_a-strcpy.o)
                0x01002178                strcpy
 .text          0x01002204       0x74 c:/altera/12.0sp2/nios2eds/bin/gnu/h-i686-mingw32/bin/../lib/gcc/nios2-elf/4.1.2/../../../../nios2-elf/lib\libc.a(lib_a-strlen.o)
                0x01002204                strlen
 .text          0x01002278     0x1f28 c:/altera/12.0sp2/nios2eds/bin/gnu/h-i686-mingw32/bin/../lib/gcc/nios2-elf/4.1.2/../../../../nios2-elf/lib\libc.a(lib_a-vfprintf.o)
                0x010022d0                ___vfprintf_internal_r
                0x0100417c                __vfprintf_internal
 .text          0x010041a0      0x13c c:/altera/12.0sp2/nios2eds/bin/gnu/h-i686-mingw32/bin/../lib/gcc/nios2-elf/4.1.2/../../../../nios2-elf/lib\libc.a(lib_a-wsetup.o)
                0x010041a0                __swsetup_r
 .text          0x010042dc     0x17cc c:/altera/12.0sp2/nios2eds/bin/gnu/h-i686-mingw32/bin/../lib/gcc/nios2-elf/4.1.2/../../../../nios2-elf/lib\libc.a(lib_a-dtoa.o)
                0x010044f4                _dtoa_r
 .text          0x01005aa8      0x230 c:/altera/12.0sp2/nios2eds/bin/gnu/h-i686-mingw32/bin/../lib/gcc/nios2-elf/4.1.2/../../../../nios2-elf/lib\libc.a(lib_a-fflush.o)
                0x01005aa8                _fflush_r
                0x01005ca4                fflush
 .text          0x01005cd8      0x2c0 c:/altera/12.0sp2/nios2eds/bin/gnu/h-i686-mingw32/bin/../lib/gcc/nios2-elf/4.1.2/../../../../nios2-elf/lib\libc.a(lib_a-findfp.o)
                0x01005d30                __sfp_lock_acquire
                0x01005d34                __sfp_lock_release
                0x01005d38                __sinit_lock_acquire
                0x01005d3c                __sinit_lock_release
                0x01005d40                __sinit
                0x01005df4                __fp_unlock_all
                0x01005e0c                __fp_lock_all
                0x01005e24                _cleanup_r
                0x01005e30                _cleanup
                0x01005e40                __sfmoreglue
                0x01005ea8                __sfp
 .text          0x01005f98      0x440 c:/altera/12.0sp2/nios2eds/bin/gnu/h-i686-mingw32/bin/../lib/gcc/nios2-elf/4.1.2/../../../../nios2-elf/lib\libc.a(lib_a-freer.o)
                0x01005f98                _malloc_trim_r
                0x010060c4                _free_r
 .text          0x010063d8      0x49c c:/altera/12.0sp2/nios2eds/bin/gnu/h-i686-mingw32/bin/../lib/gcc/nios2-elf/4.1.2/../../../../nios2-elf/lib\libc.a(lib_a-fvwrite.o)
                0x010063d8                __sfvwrite_r
 .text          0x01006874      0x180 c:/altera/12.0sp2/nios2eds/bin/gnu/h-i686-mingw32/bin/../lib/gcc/nios2-elf/4.1.2/../../../../nios2-elf/lib\libc.a(lib_a-fwalk.o)
                0x01006874                _fwalk_reent
                0x0100693c                _fwalk
 .text          0x010069f4        0x0 c:/altera/12.0sp2/nios2eds/bin/gnu/h-i686-mingw32/bin/../lib/gcc/nios2-elf/4.1.2/../../../../nios2-elf/lib\libc.a(lib_a-impure.o)
 .text          0x010069f4        0x0 c:/altera/12.0sp2/nios2eds/bin/gnu/h-i686-mingw32/bin/../lib/gcc/nios2-elf/4.1.2/../../../../nios2-elf/lib\libc.a(lib_a-int_errno.o)
 .text          0x010069f4       0xc4 c:/altera/12.0sp2/nios2eds/bin/gnu/h-i686-mingw32/bin/../lib/gcc/nios2-elf/4.1.2/../../../../nios2-elf/lib\libc.a(lib_a-locale.o)
                0x010069f4                __locale_charset
                0x010069fc                _localeconv_r
                0x01006a08                localeconv
                0x01006a18                _setlocale_r
                0x01006a9c                setlocale
 .text          0x01006ab8      0x194 c:/altera/12.0sp2/nios2eds/bin/gnu/h-i686-mingw32/bin/../lib/gcc/nios2-elf/4.1.2/../../../../nios2-elf/lib\libc.a(lib_a-makebuf.o)
                0x01006ab8                __smakebuf_r
 .text          0x01006c4c       0xe4 c:/altera/12.0sp2/nios2eds/bin/gnu/h-i686-mingw32/bin/../lib/gcc/nios2-elf/4.1.2/../../../../nios2-elf/lib\libc.a(lib_a-memchr.o)
                0x01006c4c                memchr
 .text          0x01006d30       0xe0 c:/altera/12.0sp2/nios2eds/bin/gnu/h-i686-mingw32/bin/../lib/gcc/nios2-elf/4.1.2/../../../../nios2-elf/lib\libc.a(lib_a-memmove.o)
                0x01006d30                memmove
 .text          0x01006e10       0x98 c:/altera/12.0sp2/nios2eds/bin/gnu/h-i686-mingw32/bin/../lib/gcc/nios2-elf/4.1.2/../../../../nios2-elf/lib\libc.a(lib_a-memset.o)
                0x01006e10                memset
 .text          0x01006ea8      0xff4 c:/altera/12.0sp2/nios2eds/bin/gnu/h-i686-mingw32/bin/../lib/gcc/nios2-elf/4.1.2/../../../../nios2-elf/lib\libc.a(lib_a-mprec.o)
                0x01006ea8                _Bfree
                0x01006ed0                __hi0bits
                0x01006f40                __lo0bits
                0x01007004                __mcmp
                0x01007064                __ulp
                0x010070e4                __b2d
                0x01007204                __ratio
                0x010072b4                _mprec_log10
                0x01007348                __copybits
                0x010073a0                __any_on
                0x01007428                _Balloc
                0x010074e4                __d2b
                0x01007660                __mdiff
                0x010077ec                __lshift
                0x01007938                __multiply
                0x01007b20                __i2b
                0x01007b5c                __multadd
                0x01007c5c                __pow5mult
                0x01007d7c                __s2b
 .text          0x01007e9c      0x5f4 c:/altera/12.0sp2/nios2eds/bin/gnu/h-i686-mingw32/bin/../lib/gcc/nios2-elf/4.1.2/../../../../nios2-elf/lib\libc.a(lib_a-reallocr.o)
                0x01007e9c                _realloc_r
 .text          0x01008490       0x40 c:/altera/12.0sp2/nios2eds/bin/gnu/h-i686-mingw32/bin/../lib/gcc/nios2-elf/4.1.2/../../../../nios2-elf/lib\libc.a(lib_a-s_isinfd.o)
                0x01008490                __isinfd
 .text          0x010084d0       0x30 c:/altera/12.0sp2/nios2eds/bin/gnu/h-i686-mingw32/bin/../lib/gcc/nios2-elf/4.1.2/../../../../nios2-elf/lib\libc.a(lib_a-s_isnand.o)
                0x010084d0                __isnand
 .text          0x01008500      0x14c c:/altera/12.0sp2/nios2eds/bin/gnu/h-i686-mingw32/bin/../lib/gcc/nios2-elf/4.1.2/../../../../nios2-elf/lib\libc.a(lib_a-stdio.o)
                0x01008500                __sclose
                0x01008508                __sseek
                0x01008570                __swrite
                0x010085ec                __sread
 .text          0x0100864c       0xbc c:/altera/12.0sp2/nios2eds/bin/gnu/h-i686-mingw32/bin/../lib/gcc/nios2-elf/4.1.2/../../../../nios2-elf/lib\libc.a(lib_a-strcmp.o)
                0x0100864c                strcmp
 .text          0x01008708       0x78 c:/altera/12.0sp2/nios2eds/bin/gnu/h-i686-mingw32/bin/../lib/gcc/nios2-elf/4.1.2/../../../../nios2-elf/lib\libc.a(lib_a-writer.o)
                0x01008708                _write_r
 .text          0x01008780       0xb4 c:/altera/12.0sp2/nios2eds/bin/gnu/h-i686-mingw32/bin/../lib/gcc/nios2-elf/4.1.2/../../../../nios2-elf/lib\libc.a(lib_a-callocr.o)
                0x01008780                _calloc_r
 .text          0x01008834       0x70 c:/altera/12.0sp2/nios2eds/bin/gnu/h-i686-mingw32/bin/../lib/gcc/nios2-elf/4.1.2/../../../../nios2-elf/lib\libc.a(lib_a-closer.o)
                0x01008834                _close_r
 .text          0x010088a4      0x124 c:/altera/12.0sp2/nios2eds/bin/gnu/h-i686-mingw32/bin/../lib/gcc/nios2-elf/4.1.2/../../../../nios2-elf/lib\libc.a(lib_a-fclose.o)
                0x010088a4                _fclose_r
                0x010089b4                fclose
 .text          0x010089c8       0x74 c:/altera/12.0sp2/nios2eds/bin/gnu/h-i686-mingw32/bin/../lib/gcc/nios2-elf/4.1.2/../../../../nios2-elf/lib\libc.a(lib_a-fstatr.o)
                0x010089c8                _fstat_r
 .text          0x01008a3c       0x70 c:/altera/12.0sp2/nios2eds/bin/gnu/h-i686-mingw32/bin/../lib/gcc/nios2-elf/4.1.2/../../../../nios2-elf/lib\libc.a(lib_a-isattyr.o)
                0x01008a3c                _isatty_r
 .text          0x01008aac       0x78 c:/altera/12.0sp2/nios2eds/bin/gnu/h-i686-mingw32/bin/../lib/gcc/nios2-elf/4.1.2/../../../../nios2-elf/lib\libc.a(lib_a-lseekr.o)
                0x01008aac                _lseek_r
 .text          0x01008b24       0x78 c:/altera/12.0sp2/nios2eds/bin/gnu/h-i686-mingw32/bin/../lib/gcc/nios2-elf/4.1.2/../../../../nios2-elf/lib\libc.a(lib_a-readr.o)
                0x01008b24                _read_r
 .text          0x01008b9c       0x98 c:/altera/12.0sp2/nios2eds/bin/gnu/h-i686-mingw32/bin/../lib/gcc/nios2-elf/4.1.2\libgcc.a(_muldi3.o)
                0x01008b9c                __muldi3
 .text          0x01008c34      0x5dc c:/altera/12.0sp2/nios2eds/bin/gnu/h-i686-mingw32/bin/../lib/gcc/nios2-elf/4.1.2\libgcc.a(_udivdi3.o)
                0x01008c34                __udivdi3
 .text          0x01009210      0x5b0 c:/altera/12.0sp2/nios2eds/bin/gnu/h-i686-mingw32/bin/../lib/gcc/nios2-elf/4.1.2\libgcc.a(_umoddi3.o)
                0x01009210                __umoddi3
 .text          0x010097c0      0x504 c:/altera/12.0sp2/nios2eds/bin/gnu/h-i686-mingw32/bin/../lib/gcc/nios2-elf/4.1.2\libgcc.a(_addsub_df.o)
                0x01009bd0                __subdf3
                0x01009c50                __adddf3
 .text          0x01009cc4      0x3c4 c:/altera/12.0sp2/nios2eds/bin/gnu/h-i686-mingw32/bin/../lib/gcc/nios2-elf/4.1.2\libgcc.a(_mul_df.o)
                0x01009cc4                __muldf3
 .text          0x0100a088      0x258 c:/altera/12.0sp2/nios2eds/bin/gnu/h-i686-mingw32/bin/../lib/gcc/nios2-elf/4.1.2\libgcc.a(_div_df.o)
                0x0100a088                __divdf3
 .text          0x0100a2e0       0x88 c:/altera/12.0sp2/nios2eds/bin/gnu/h-i686-mingw32/bin/../lib/gcc/nios2-elf/4.1.2\libgcc.a(_eq_df.o)
                0x0100a2e0                __eqdf2
 .text          0x0100a368       0x88 c:/altera/12.0sp2/nios2eds/bin/gnu/h-i686-mingw32/bin/../lib/gcc/nios2-elf/4.1.2\libgcc.a(_ne_df.o)
                0x0100a368                __nedf2
 .text          0x0100a3f0       0x88 c:/altera/12.0sp2/nios2eds/bin/gnu/h-i686-mingw32/bin/../lib/gcc/nios2-elf/4.1.2\libgcc.a(_gt_df.o)
                0x0100a3f0                __gtdf2
 .text          0x0100a478       0x88 c:/altera/12.0sp2/nios2eds/bin/gnu/h-i686-mingw32/bin/../lib/gcc/nios2-elf/4.1.2\libgcc.a(_ge_df.o)
                0x0100a478                __gedf2
 .text          0x0100a500       0x88 c:/altera/12.0sp2/nios2eds/bin/gnu/h-i686-mingw32/bin/../lib/gcc/nios2-elf/4.1.2\libgcc.a(_lt_df.o)
                0x0100a500                __ltdf2
 .text          0x0100a588       0xf8 c:/altera/12.0sp2/nios2eds/bin/gnu/h-i686-mingw32/bin/../lib/gcc/nios2-elf/4.1.2\libgcc.a(_si_to_df.o)
                0x0100a588                __floatsidf
 .text          0x0100a680       0xd8 c:/altera/12.0sp2/nios2eds/bin/gnu/h-i686-mingw32/bin/../lib/gcc/nios2-elf/4.1.2\libgcc.a(_df_to_si.o)
                0x0100a680                __fixdfsi
 .text          0x0100a758        0x0 c:/altera/12.0sp2/nios2eds/bin/gnu/h-i686-mingw32/bin/../lib/gcc/nios2-elf/4.1.2\libgcc.a(_thenan_df.o)
 .text          0x0100a758      0x194 c:/altera/12.0sp2/nios2eds/bin/gnu/h-i686-mingw32/bin/../lib/gcc/nios2-elf/4.1.2\libgcc.a(_usi_to_df.o)
                0x0100a758                __floatunsidf
 .text          0x0100a8ec      0x14c c:/altera/12.0sp2/nios2eds/bin/gnu/h-i686-mingw32/bin/../lib/gcc/nios2-elf/4.1.2\libgcc.a(lib2-divmod.o)
                0x0100a968                __divsi3
                0x0100a9c8                __modsi3
                0x0100aa28                __udivsi3
                0x0100aa30                __umodsi3
 .text          0x0100aa38        0x0 c:/altera/12.0sp2/nios2eds/bin/gnu/h-i686-mingw32/bin/../lib/gcc/nios2-elf/4.1.2\libgcc.a(_clz.o)
 .text          0x0100aa38       0x80 c:/altera/12.0sp2/nios2eds/bin/gnu/h-i686-mingw32/bin/../lib/gcc/nios2-elf/4.1.2\libgcc.a(_clzsi2.o)
                0x0100aa38                __clzsi2
 .text          0x0100aab8      0x314 c:/altera/12.0sp2/nios2eds/bin/gnu/h-i686-mingw32/bin/../lib/gcc/nios2-elf/4.1.2\libgcc.a(_pack_df.o)
                0x0100aab8                __pack_d
 .text          0x0100adcc      0x138 c:/altera/12.0sp2/nios2eds/bin/gnu/h-i686-mingw32/bin/../lib/gcc/nios2-elf/4.1.2\libgcc.a(_unpack_df.o)
                0x0100adcc                __unpack_d
 .text          0x0100af04       0xc8 c:/altera/12.0sp2/nios2eds/bin/gnu/h-i686-mingw32/bin/../lib/gcc/nios2-elf/4.1.2\libgcc.a(_fpcmp_parts_df.o)
                0x0100af04                __fpcmp_parts_d
 .text          0x0100afcc      0x154 ../../../../workspace2/NewBSP\libhal_bsp.a(alt_alarm_start.o)
                0x0100afcc                alt_alarm_start
 .text          0x0100b120      0x15c ../../../../workspace2/NewBSP\libhal_bsp.a(alt_close.o)
                0x0100b120                close
 .text          0x0100b27c       0x2c ../../../../workspace2/NewBSP\libhal_bsp.a(alt_dev.o)
 .text          0x0100b2a8        0x0 ../../../../workspace2/NewBSP\libhal_bsp.a(alt_errno.o)
 .text          0x0100b2a8      0x134 ../../../../workspace2/NewBSP\libhal_bsp.a(alt_fstat.o)
                0x0100b2a8                fstat
 .text          0x0100b3dc      0x1c0 ../../../../workspace2/NewBSP\libhal_bsp.a(alt_irq_register.o)
                0x0100b3dc                alt_irq_register
 .text          0x0100b59c        0x0 ../../../../workspace2/NewBSP\libhal_bsp.a(alt_irq_vars.o)
 .text          0x0100b59c      0x120 ../../../../workspace2/NewBSP\libhal_bsp.a(alt_isatty.o)
                0x0100b59c                isatty
 .text          0x0100b6bc       0xec ../../../../workspace2/NewBSP\libhal_bsp.a(alt_load.o)
                0x0100b6bc                alt_load
 .text          0x0100b7a8      0x150 ../../../../workspace2/NewBSP\libhal_bsp.a(alt_lseek.o)
                0x0100b7a8                lseek
 .text          0x0100b8f8       0x6c ../../../../workspace2/NewBSP\libhal_bsp.a(alt_main.o)
                0x0100b8f8                alt_main
 .text          0x0100b964       0x40 ../../../../workspace2/NewBSP\libhal_bsp.a(alt_malloc_lock.o)
                0x0100b964                __malloc_lock
                0x0100b984                __malloc_unlock
 .text          0x0100b9a4      0x180 ../../../../workspace2/NewBSP\libhal_bsp.a(alt_read.o)
                0x0100b9a4                read
 .text          0x0100bb24       0x60 ../../../../workspace2/NewBSP\libhal_bsp.a(alt_release_fd.o)
                0x0100bb24                alt_release_fd
 .text          0x0100bb84       0xbc ../../../../workspace2/NewBSP\libhal_bsp.a(alt_sbrk.o)
                0x0100bb84                sbrk
 .text          0x0100bc40      0x1a4 ../../../../workspace2/NewBSP\libhal_bsp.a(alt_tick.o)
                0x0100bc40                alt_alarm_stop
                0x0100bcd8                alt_tick
 .text          0x0100bde4      0x180 ../../../../workspace2/NewBSP\libhal_bsp.a(alt_write.o)
                0x0100bde4                write
 .text          0x0100bf64      0x3b4 ../../../../workspace2/NewBSP\libhal_bsp.a(alt_sys_init.o)
                0x0100bf64                alt_irq_init
                0x0100bf98                alt_sys_init
 .text          0x0100c318      0x148 ../../../../workspace2/NewBSP\libhal_bsp.a(altera_avalon_jtag_uart_fd.o)
                0x0100c318                altera_avalon_jtag_uart_read_fd
                0x0100c370                altera_avalon_jtag_uart_write_fd
                0x0100c3c8                altera_avalon_jtag_uart_close_fd
                0x0100c410                altera_avalon_jtag_uart_ioctl_fd
 .text          0x0100c460      0x408 ../../../../workspace2/NewBSP\libhal_bsp.a(altera_avalon_jtag_uart_init.o)
                0x0100c460                altera_avalon_jtag_uart_init
                0x0100c7f4                altera_avalon_jtag_uart_close
 .text          0x0100c868       0xf4 ../../../../workspace2/NewBSP\libhal_bsp.a(altera_avalon_jtag_uart_ioctl.o)
                0x0100c868                altera_avalon_jtag_uart_ioctl
 .text          0x0100c95c      0x224 ../../../../workspace2/NewBSP\libhal_bsp.a(altera_avalon_jtag_uart_read.o)
                0x0100c95c                altera_avalon_jtag_uart_read
 .text          0x0100cb80      0x240 ../../../../workspace2/NewBSP\libhal_bsp.a(altera_avalon_jtag_uart_write.o)
                0x0100cb80                altera_avalon_jtag_uart_write
 .text          0x0100cdc0       0xfc ../../../../workspace2/NewBSP\libhal_bsp.a(altera_avalon_timer_sc.o)
                0x0100ce34                alt_avalon_timer_sc_init
 .text          0x0100cebc      0x530 ../../../../workspace2/NewBSP\libhal_bsp.a(altera_up_avalon_character_lcd.o)
                0x0100cebc                get_DDRAM_addr
                0x0100cf38                alt_up_character_lcd_send_cmd
                0x0100cf6c                alt_up_character_lcd_init
                0x0100cfa0                alt_up_character_lcd_open_dev
                0x0100cfe0                alt_up_character_lcd_write
                0x0100d058                alt_up_character_lcd_string
                0x0100d0d0                alt_up_character_lcd_write_fd
                0x0100d11c                alt_up_character_lcd_set_cursor_pos
                0x0100d194                alt_up_character_lcd_shift_cursor
                0x0100d244                alt_up_character_lcd_shift_display
                0x0100d2f4                alt_up_character_lcd_erase_pos
                0x0100d384                alt_up_character_lcd_cursor_off
                0x0100d3b8                alt_up_character_lcd_cursor_blink_on
 .text          0x0100d3ec      0x700 ../../../../workspace2/NewBSP\libhal_bsp.a(altera_up_avalon_ps2.o)
                0x0100d3ec                read_RI_bit
                0x0100d420                read_RE_bit
                0x0100d450                read_CE_bit
                0x0100d484                read_num_bytes_available
                0x0100d4b8                read_data_valid
                0x0100d4ec                read_data_byte
                0x0100d518                alt_up_ps2_init
                0x0100d5e4                alt_up_ps2_enable_read_interrupt
                0x0100d638                alt_up_ps2_disable_read_interrupt
                0x0100d690                alt_up_ps2_write_data_byte
                0x0100d708                alt_up_ps2_wait_for_ack
                0x0100d778                alt_up_ps2_write_data_byte_with_ack
                0x0100d7e4                alt_up_ps2_read_data_byte_timeout
                0x0100d894                alt_up_ps2_read_data_byte
                0x0100d910                alt_up_ps2_clear_fifo
                0x0100d968                alt_up_ps2_read_fd
                0x0100da04                alt_up_ps2_write_fd
                0x0100daac                alt_up_ps2_open_dev
 .text          0x0100daec      0x304 ../../../../workspace2/NewBSP\libhal_bsp.a(altera_up_avalon_video_character_buffer_with_dma.o)
                0x0100daec                alt_up_char_buffer_init
                0x0100db70                alt_up_char_buffer_open_dev
                0x0100dbb0                alt_up_char_buffer_draw
                0x0100dc80                alt_up_char_buffer_string
                0x0100dd94                alt_up_char_buffer_clear
 .text          0x0100ddf0     0x156c ../../../../workspace2/NewBSP\libhal_bsp.a(altera_up_avalon_video_pixel_buffer_dma.o)
                0x0100ddf0                alt_up_pixel_buffer_dma_open_dev
                0x0100de30                alt_up_pixel_buffer_dma_draw
                0x0100dfd0                alt_up_pixel_buffer_dma_change_back_buffer_address
                0x0100e028                alt_up_pixel_buffer_dma_swap_buffers
                0x0100e080                alt_up_pixel_buffer_dma_check_swap_buffers_status
                0x0100e0b4                alt_up_pixel_buffer_dma_clear_screen
                0x0100e218                alt_up_pixel_buffer_dma_draw_box
                0x0100e70c                alt_up_pixel_buffer_dma_draw_hline
                0x0100ea5c                alt_up_pixel_buffer_dma_draw_vline
                0x0100ee2c                alt_up_pixel_buffer_dma_draw_rectangle
                0x0100eef0                helper_plot_pixel
                0x0100efc0                alt_up_pixel_buffer_dma_draw_line
 .text          0x0100f35c       0x44 ../../../../workspace2/NewBSP\libhal_bsp.a(alt_dcache_flush_all.o)
                0x0100f35c                alt_dcache_flush_all
 .text          0x0100f3a0      0x114 ../../../../workspace2/NewBSP\libhal_bsp.a(alt_dev_llist_insert.o)
                0x0100f3a0                alt_dev_llist_insert
 .text          0x0100f4b4       0x64 ../../../../workspace2/NewBSP\libhal_bsp.a(alt_do_ctors.o)
                0x0100f4b4                _do_ctors
 .text          0x0100f518       0x64 ../../../../workspace2/NewBSP\libhal_bsp.a(alt_do_dtors.o)
                0x0100f518                _do_dtors
 .text          0x0100f57c       0x94 ../../../../workspace2/NewBSP\libhal_bsp.a(alt_find_dev.o)
                0x0100f57c                alt_find_dev
 .text          0x0100f610       0x30 ../../../../workspace2/NewBSP\libhal_bsp.a(alt_icache_flush_all.o)
                0x0100f610                alt_icache_flush_all
 .text          0x0100f640      0x13c ../../../../workspace2/NewBSP\libhal_bsp.a(alt_io_redirect.o)
                0x0100f704                alt_io_redirect
 .text          0x0100f77c        0x0 ../../../../workspace2/NewBSP\libhal_bsp.a(alt_irq_entry.o)
 .text          0x0100f77c        0x0 ../../../../workspace2/NewBSP\libhal_bsp.a(alt_irq_handler.o)
 .text          0x0100f77c      0x2c4 ../../../../workspace2/NewBSP\libhal_bsp.a(alt_open.o)
                0x0100f858                open
 .text          0x0100fa40       0x20 ../../../../workspace2/NewBSP\libhal_bsp.a(altera_nios2_qsys_irq.o)
                0x0100fa40                altera_nios2_qsys_irq_init
 .text          0x0100fa60        0x0 ../../../../workspace2/NewBSP\libhal_bsp.a(alt_exception_entry.o)
 .text          0x0100fa60      0x120 ../../../../workspace2/NewBSP\libhal_bsp.a(alt_find_file.o)
                0x0100fa60                alt_find_file
 .text          0x0100fb80       0xb8 ../../../../workspace2/NewBSP\libhal_bsp.a(alt_get_fd.o)
                0x0100fb80                alt_get_fd
 .text          0x0100fc38       0x90 ../../../../workspace2/NewBSP\libhal_bsp.a(alt_icache_flush.o)
                0x0100fc38                alt_icache_flush
 .text          0x0100fcc8       0x14 c:/altera/12.0sp2/nios2eds/bin/gnu/h-i686-mingw32/bin/../lib/gcc/nios2-elf/4.1.2/../../../../nios2-elf/lib\libc.a(lib_a-atexit.o)
                0x0100fcc8                atexit
 .text          0x0100fcdc       0x38 c:/altera/12.0sp2/nios2eds/bin/gnu/h-i686-mingw32/bin/../lib/gcc/nios2-elf/4.1.2/../../../../nios2-elf/lib\libc.a(lib_a-exit.o)
                0x0100fcdc                exit
 .text          0x0100fd14       0x74 c:/altera/12.0sp2/nios2eds/bin/gnu/h-i686-mingw32/bin/../lib/gcc/nios2-elf/4.1.2/../../../../nios2-elf/lib\libc.a(lib_a-memcmp.o)
                0x0100fd14                memcmp
 .text          0x0100fd88      0x134 c:/altera/12.0sp2/nios2eds/bin/gnu/h-i686-mingw32/bin/../lib/gcc/nios2-elf/4.1.2/../../../../nios2-elf/lib\libc.a(lib_a-__atexit.o)
                0x0100fd88                __register_exitproc
 .text          0x0100febc      0x1b4 c:/altera/12.0sp2/nios2eds/bin/gnu/h-i686-mingw32/bin/../lib/gcc/nios2-elf/4.1.2/../../../../nios2-elf/lib\libc.a(lib_a-__call_atexit.o)
                0x0100fec0                __call_exitprocs
 .text          0x01010070       0x60 ../../../../workspace2/NewBSP\libhal_bsp.a(alt_exit.o)
                0x010100b0                _exit
 *(.gnu.warning.*)
 *(.fini)
                0x010100d0                PROVIDE (__etext, ABSOLUTE (.))
                0x010100d0                PROVIDE (_etext, ABSOLUTE (.))
                0x010100d0                PROVIDE (etext, ABSOLUTE (.))
 *(.eh_frame_hdr)
                0x010100d0                . = ALIGN (0x4)
                0x010100d0                PROVIDE (__preinit_array_start, ABSOLUTE (.))
 *(.preinit_array)
                0x010100d0                PROVIDE (__preinit_array_end, ABSOLUTE (.))
                0x010100d0                PROVIDE (__init_array_start, ABSOLUTE (.))
 *(.init_array)
                0x010100d0                PROVIDE (__init_array_end, ABSOLUTE (.))
                0x010100d0                PROVIDE (__fini_array_start, ABSOLUTE (.))
 *(.fini_array)
                0x010100d0                PROVIDE (__fini_array_end, ABSOLUTE (.))
 *(.eh_frame)
 .eh_frame      0x010100d0       0x40 c:/altera/12.0sp2/nios2eds/bin/gnu/h-i686-mingw32/bin/../lib/gcc/nios2-elf/4.1.2\libgcc.a(_udivdi3.o)
 .eh_frame      0x01010110       0x2c c:/altera/12.0sp2/nios2eds/bin/gnu/h-i686-mingw32/bin/../lib/gcc/nios2-elf/4.1.2\libgcc.a(_umoddi3.o)
                                 0x40 (size before relaxing)
 *(.gcc_except_table)
 *(.dynamic)
                0x0101013c                PROVIDE (__CTOR_LIST__, ABSOLUTE (.))
 *(.ctors)
 *(SORT(.ctors.*))
 .ctors.65535   0x0101013c        0x4 c:/altera/12.0sp2/nios2eds/bin/gnu/h-i686-mingw32/bin/../lib/gcc/nios2-elf/4.1.2/../../../../nios2-elf/lib\libc.a(lib_a-__call_atexit.o)
                0x01010140                PROVIDE (__CTOR_END__, ABSOLUTE (.))
                0x01010140                PROVIDE (__DTOR_LIST__, ABSOLUTE (.))
 *(.dtors)
 *(SORT(.dtors.*))
                0x01010140                PROVIDE (__DTOR_END__, ABSOLUTE (.))
 *(.jcr)
                0x01010140                . = ALIGN (0x4)

.rodata         0x01010140      0x420
                0x01010140                PROVIDE (__ram_rodata_start, ABSOLUTE (.))
                0x01010140                . = ALIGN (0x4)
 *(.rodata .rodata.* .gnu.linkonce.r.*)
 .rodata        0x01010140       0x18 obj/default/DrawMain.o
 .rodata        0x01010158       0x20 obj/default/wk_lcd.o
 .rodata        0x01010178       0x28 obj/default/wk_video.o
 .rodata.str1.4
                0x010101a0        0x2 c:/altera/12.0sp2/nios2eds/bin/gnu/h-i686-mingw32/bin/../lib/gcc/nios2-elf/4.1.2/../../../../nios2-elf/lib\libc.a(lib_a-puts.o)
                                  0x4 (size before relaxing)
 *fill*         0x010101a2        0x2 00
 .rodata.str1.4
                0x010101a4       0x5e c:/altera/12.0sp2/nios2eds/bin/gnu/h-i686-mingw32/bin/../lib/gcc/nios2-elf/4.1.2/../../../../nios2-elf/lib\libc.a(lib_a-vfprintf.o)
                                 0x60 (size before relaxing)
 .rodata        0x01010202       0x20 c:/altera/12.0sp2/nios2eds/bin/gnu/h-i686-mingw32/bin/../lib/gcc/nios2-elf/4.1.2/../../../../nios2-elf/lib\libc.a(lib_a-vfprintf.o)
 *fill*         0x01010222        0x2 00
 .rodata.str1.4
                0x01010224       0x10 c:/altera/12.0sp2/nios2eds/bin/gnu/h-i686-mingw32/bin/../lib/gcc/nios2-elf/4.1.2/../../../../nios2-elf/lib\libc.a(lib_a-dtoa.o)
                                 0x14 (size before relaxing)
 .rodata.str1.4
                0x01010234        0x2 c:/altera/12.0sp2/nios2eds/bin/gnu/h-i686-mingw32/bin/../lib/gcc/nios2-elf/4.1.2/../../../../nios2-elf/lib\libc.a(lib_a-impure.o)
                                  0x4 (size before relaxing)
 *fill*         0x01010236        0x2 00
 .rodata.str1.4
                0x01010238       0x10 c:/altera/12.0sp2/nios2eds/bin/gnu/h-i686-mingw32/bin/../lib/gcc/nios2-elf/4.1.2/../../../../nios2-elf/lib\libc.a(lib_a-locale.o)
                                 0x18 (size before relaxing)
 .rodata        0x01010248       0x30 c:/altera/12.0sp2/nios2eds/bin/gnu/h-i686-mingw32/bin/../lib/gcc/nios2-elf/4.1.2/../../../../nios2-elf/lib\libc.a(lib_a-locale.o)
 .rodata        0x01010278      0x124 c:/altera/12.0sp2/nios2eds/bin/gnu/h-i686-mingw32/bin/../lib/gcc/nios2-elf/4.1.2/../../../../nios2-elf/lib\libc.a(lib_a-mprec.o)
                0x01010278                __mprec_tens
                0x01010340                __mprec_bigtens
                0x01010368                __mprec_tinytens
 .rodata        0x0101039c       0x14 c:/altera/12.0sp2/nios2eds/bin/gnu/h-i686-mingw32/bin/../lib/gcc/nios2-elf/4.1.2\libgcc.a(_thenan_df.o)
                0x0101039c                __thenan_df
 .rodata        0x010103b0      0x100 c:/altera/12.0sp2/nios2eds/bin/gnu/h-i686-mingw32/bin/../lib/gcc/nios2-elf/4.1.2\libgcc.a(_clz.o)
                0x010103b0                __clz_tab
 .rodata        0x010104b0        0xc ../../../../workspace2/NewBSP\libhal_bsp.a(alt_dev.o)
 .rodata        0x010104bc       0x10 ../../../../workspace2/NewBSP\libhal_bsp.a(alt_main.o)
 .rodata        0x010104cc       0x78 ../../../../workspace2/NewBSP\libhal_bsp.a(alt_sys_init.o)
 .rodata        0x01010544       0x1c ../../../../workspace2/NewBSP\libhal_bsp.a(altera_up_avalon_video_character_buffer_with_dma.o)
 *(.rodata1)
                0x01010560                . = ALIGN (0x4)
                0x01010560                PROVIDE (__ram_rodata_end, ABSOLUTE (.))
                0x01010140                PROVIDE (__flash_rodata_start, LOADADDR (.rodata))

.rwdata         0x01010560     0x1b88 load address 0x010120e8
                0x01010560                PROVIDE (__ram_rwdata_start, ABSOLUTE (.))
                0x01010560                . = ALIGN (0x4)
 *(.got.plt)
 *(.got)
 *(.data1)
 *(.data .data.* .gnu.linkonce.d.*)
 .data          0x01010560        0x0 ../../../../workspace2/NewBSP/obj/HAL/src/crt0.o
 .data          0x01010560        0x0 obj/default/DrawMain.o
 .data          0x01010560        0x0 obj/default/drawBg.o
 .data          0x01010560        0x0 obj/default/wk_io.o
 .data          0x01010560        0x0 obj/default/wk_lcd.o
 .data          0x01010560        0x0 obj/default/wk_video.o
 .data          0x01010560        0x0 c:/altera/12.0sp2/nios2eds/bin/gnu/h-i686-mingw32/bin/../lib/gcc/nios2-elf/4.1.2/../../../../nios2-elf/lib\libc.a(lib_a-malloc.o)
 .data          0x01010560      0x408 c:/altera/12.0sp2/nios2eds/bin/gnu/h-i686-mingw32/bin/../lib/gcc/nios2-elf/4.1.2/../../../../nios2-elf/lib\libc.a(lib_a-mallocr.o)
                0x01010560                __malloc_av_
 .data          0x01010968        0x0 c:/altera/12.0sp2/nios2eds/bin/gnu/h-i686-mingw32/bin/../lib/gcc/nios2-elf/4.1.2/../../../../nios2-elf/lib\libc.a(lib_a-memcpy.o)
 .data          0x01010968        0x0 c:/altera/12.0sp2/nios2eds/bin/gnu/h-i686-mingw32/bin/../lib/gcc/nios2-elf/4.1.2/../../../../nios2-elf/lib\libc.a(lib_a-printf.o)
 .data          0x01010968        0x0 c:/altera/12.0sp2/nios2eds/bin/gnu/h-i686-mingw32/bin/../lib/gcc/nios2-elf/4.1.2/../../../../nios2-elf/lib\libc.a(lib_a-puts.o)
 .data          0x01010968        0x0 c:/altera/12.0sp2/nios2eds/bin/gnu/h-i686-mingw32/bin/../lib/gcc/nios2-elf/4.1.2/../../../../nios2-elf/lib\libc.a(lib_a-rand.o)
 .data          0x01010968        0x0 c:/altera/12.0sp2/nios2eds/bin/gnu/h-i686-mingw32/bin/../lib/gcc/nios2-elf/4.1.2/../../../../nios2-elf/lib\libc.a(lib_a-sbrkr.o)
 .data          0x01010968        0x0 c:/altera/12.0sp2/nios2eds/bin/gnu/h-i686-mingw32/bin/../lib/gcc/nios2-elf/4.1.2/../../../../nios2-elf/lib\libc.a(lib_a-strcpy.o)
 .data          0x01010968        0x0 c:/altera/12.0sp2/nios2eds/bin/gnu/h-i686-mingw32/bin/../lib/gcc/nios2-elf/4.1.2/../../../../nios2-elf/lib\libc.a(lib_a-strlen.o)
 .data          0x01010968        0x0 c:/altera/12.0sp2/nios2eds/bin/gnu/h-i686-mingw32/bin/../lib/gcc/nios2-elf/4.1.2/../../../../nios2-elf/lib\libc.a(lib_a-vfprintf.o)
 .data          0x01010968        0x0 c:/altera/12.0sp2/nios2eds/bin/gnu/h-i686-mingw32/bin/../lib/gcc/nios2-elf/4.1.2/../../../../nios2-elf/lib\libc.a(lib_a-wsetup.o)
 .data          0x01010968        0x0 c:/altera/12.0sp2/nios2eds/bin/gnu/h-i686-mingw32/bin/../lib/gcc/nios2-elf/4.1.2/../../../../nios2-elf/lib\libc.a(lib_a-dtoa.o)
 .data          0x01010968        0x0 c:/altera/12.0sp2/nios2eds/bin/gnu/h-i686-mingw32/bin/../lib/gcc/nios2-elf/4.1.2/../../../../nios2-elf/lib\libc.a(lib_a-fflush.o)
 .data          0x01010968        0x0 c:/altera/12.0sp2/nios2eds/bin/gnu/h-i686-mingw32/bin/../lib/gcc/nios2-elf/4.1.2/../../../../nios2-elf/lib\libc.a(lib_a-findfp.o)
 .data          0x01010968        0x0 c:/altera/12.0sp2/nios2eds/bin/gnu/h-i686-mingw32/bin/../lib/gcc/nios2-elf/4.1.2/../../../../nios2-elf/lib\libc.a(lib_a-freer.o)
 .data          0x01010968        0x0 c:/altera/12.0sp2/nios2eds/bin/gnu/h-i686-mingw32/bin/../lib/gcc/nios2-elf/4.1.2/../../../../nios2-elf/lib\libc.a(lib_a-fvwrite.o)
 .data          0x01010968        0x0 c:/altera/12.0sp2/nios2eds/bin/gnu/h-i686-mingw32/bin/../lib/gcc/nios2-elf/4.1.2/../../../../nios2-elf/lib\libc.a(lib_a-fwalk.o)
 .data          0x01010968      0x400 c:/altera/12.0sp2/nios2eds/bin/gnu/h-i686-mingw32/bin/../lib/gcc/nios2-elf/4.1.2/../../../../nios2-elf/lib\libc.a(lib_a-impure.o)
 .data          0x01010d68        0x0 c:/altera/12.0sp2/nios2eds/bin/gnu/h-i686-mingw32/bin/../lib/gcc/nios2-elf/4.1.2/../../../../nios2-elf/lib\libc.a(lib_a-int_errno.o)
 .data          0x01010d68        0xc c:/altera/12.0sp2/nios2eds/bin/gnu/h-i686-mingw32/bin/../lib/gcc/nios2-elf/4.1.2/../../../../nios2-elf/lib\libc.a(lib_a-locale.o)
                0x01010d68                __lc_ctype
 .data          0x01010d74        0x0 c:/altera/12.0sp2/nios2eds/bin/gnu/h-i686-mingw32/bin/../lib/gcc/nios2-elf/4.1.2/../../../../nios2-elf/lib\libc.a(lib_a-makebuf.o)
 .data          0x01010d74        0x0 c:/altera/12.0sp2/nios2eds/bin/gnu/h-i686-mingw32/bin/../lib/gcc/nios2-elf/4.1.2/../../../../nios2-elf/lib\libc.a(lib_a-memchr.o)
 .data          0x01010d74        0x0 c:/altera/12.0sp2/nios2eds/bin/gnu/h-i686-mingw32/bin/../lib/gcc/nios2-elf/4.1.2/../../../../nios2-elf/lib\libc.a(lib_a-memmove.o)
 .data          0x01010d74        0x0 c:/altera/12.0sp2/nios2eds/bin/gnu/h-i686-mingw32/bin/../lib/gcc/nios2-elf/4.1.2/../../../../nios2-elf/lib\libc.a(lib_a-memset.o)
 .data          0x01010d74        0x0 c:/altera/12.0sp2/nios2eds/bin/gnu/h-i686-mingw32/bin/../lib/gcc/nios2-elf/4.1.2/../../../../nios2-elf/lib\libc.a(lib_a-mprec.o)
 .data          0x01010d74        0x0 c:/altera/12.0sp2/nios2eds/bin/gnu/h-i686-mingw32/bin/../lib/gcc/nios2-elf/4.1.2/../../../../nios2-elf/lib\libc.a(lib_a-reallocr.o)
 .data          0x01010d74        0x0 c:/altera/12.0sp2/nios2eds/bin/gnu/h-i686-mingw32/bin/../lib/gcc/nios2-elf/4.1.2/../../../../nios2-elf/lib\libc.a(lib_a-s_isinfd.o)
 .data          0x01010d74        0x0 c:/altera/12.0sp2/nios2eds/bin/gnu/h-i686-mingw32/bin/../lib/gcc/nios2-elf/4.1.2/../../../../nios2-elf/lib\libc.a(lib_a-s_isnand.o)
 .data          0x01010d74        0x0 c:/altera/12.0sp2/nios2eds/bin/gnu/h-i686-mingw32/bin/../lib/gcc/nios2-elf/4.1.2/../../../../nios2-elf/lib\libc.a(lib_a-stdio.o)
 .data          0x01010d74        0x0 c:/altera/12.0sp2/nios2eds/bin/gnu/h-i686-mingw32/bin/../lib/gcc/nios2-elf/4.1.2/../../../../nios2-elf/lib\libc.a(lib_a-strcmp.o)
 .data          0x01010d74        0x0 c:/altera/12.0sp2/nios2eds/bin/gnu/h-i686-mingw32/bin/../lib/gcc/nios2-elf/4.1.2/../../../../nios2-elf/lib\libc.a(lib_a-writer.o)
 .data          0x01010d74        0x0 c:/altera/12.0sp2/nios2eds/bin/gnu/h-i686-mingw32/bin/../lib/gcc/nios2-elf/4.1.2/../../../../nios2-elf/lib\libc.a(lib_a-callocr.o)
 .data          0x01010d74        0x0 c:/altera/12.0sp2/nios2eds/bin/gnu/h-i686-mingw32/bin/../lib/gcc/nios2-elf/4.1.2/../../../../nios2-elf/lib\libc.a(lib_a-closer.o)
 .data          0x01010d74        0x0 c:/altera/12.0sp2/nios2eds/bin/gnu/h-i686-mingw32/bin/../lib/gcc/nios2-elf/4.1.2/../../../../nios2-elf/lib\libc.a(lib_a-fclose.o)
 .data          0x01010d74        0x0 c:/altera/12.0sp2/nios2eds/bin/gnu/h-i686-mingw32/bin/../lib/gcc/nios2-elf/4.1.2/../../../../nios2-elf/lib\libc.a(lib_a-fstatr.o)
 .data          0x01010d74        0x0 c:/altera/12.0sp2/nios2eds/bin/gnu/h-i686-mingw32/bin/../lib/gcc/nios2-elf/4.1.2/../../../../nios2-elf/lib\libc.a(lib_a-isattyr.o)
 .data          0x01010d74        0x0 c:/altera/12.0sp2/nios2eds/bin/gnu/h-i686-mingw32/bin/../lib/gcc/nios2-elf/4.1.2/../../../../nios2-elf/lib\libc.a(lib_a-lseekr.o)
 .data          0x01010d74        0x0 c:/altera/12.0sp2/nios2eds/bin/gnu/h-i686-mingw32/bin/../lib/gcc/nios2-elf/4.1.2/../../../../nios2-elf/lib\libc.a(lib_a-readr.o)
 .data          0x01010d74        0x0 c:/altera/12.0sp2/nios2eds/bin/gnu/h-i686-mingw32/bin/../lib/gcc/nios2-elf/4.1.2\libgcc.a(_muldi3.o)
 .data          0x01010d74        0x0 c:/altera/12.0sp2/nios2eds/bin/gnu/h-i686-mingw32/bin/../lib/gcc/nios2-elf/4.1.2\libgcc.a(_udivdi3.o)
 .data          0x01010d74        0x0 c:/altera/12.0sp2/nios2eds/bin/gnu/h-i686-mingw32/bin/../lib/gcc/nios2-elf/4.1.2\libgcc.a(_umoddi3.o)
 .data          0x01010d74        0x0 c:/altera/12.0sp2/nios2eds/bin/gnu/h-i686-mingw32/bin/../lib/gcc/nios2-elf/4.1.2\libgcc.a(_addsub_df.o)
 .data          0x01010d74        0x0 c:/altera/12.0sp2/nios2eds/bin/gnu/h-i686-mingw32/bin/../lib/gcc/nios2-elf/4.1.2\libgcc.a(_mul_df.o)
 .data          0x01010d74        0x0 c:/altera/12.0sp2/nios2eds/bin/gnu/h-i686-mingw32/bin/../lib/gcc/nios2-elf/4.1.2\libgcc.a(_div_df.o)
 .data          0x01010d74        0x0 c:/altera/12.0sp2/nios2eds/bin/gnu/h-i686-mingw32/bin/../lib/gcc/nios2-elf/4.1.2\libgcc.a(_eq_df.o)
 .data          0x01010d74        0x0 c:/altera/12.0sp2/nios2eds/bin/gnu/h-i686-mingw32/bin/../lib/gcc/nios2-elf/4.1.2\libgcc.a(_ne_df.o)
 .data          0x01010d74        0x0 c:/altera/12.0sp2/nios2eds/bin/gnu/h-i686-mingw32/bin/../lib/gcc/nios2-elf/4.1.2\libgcc.a(_gt_df.o)
 .data          0x01010d74        0x0 c:/altera/12.0sp2/nios2eds/bin/gnu/h-i686-mingw32/bin/../lib/gcc/nios2-elf/4.1.2\libgcc.a(_ge_df.o)
 .data          0x01010d74        0x0 c:/altera/12.0sp2/nios2eds/bin/gnu/h-i686-mingw32/bin/../lib/gcc/nios2-elf/4.1.2\libgcc.a(_lt_df.o)
 .data          0x01010d74        0x0 c:/altera/12.0sp2/nios2eds/bin/gnu/h-i686-mingw32/bin/../lib/gcc/nios2-elf/4.1.2\libgcc.a(_si_to_df.o)
 .data          0x01010d74        0x0 c:/altera/12.0sp2/nios2eds/bin/gnu/h-i686-mingw32/bin/../lib/gcc/nios2-elf/4.1.2\libgcc.a(_df_to_si.o)
 .data          0x01010d74        0x0 c:/altera/12.0sp2/nios2eds/bin/gnu/h-i686-mingw32/bin/../lib/gcc/nios2-elf/4.1.2\libgcc.a(_thenan_df.o)
 .data          0x01010d74        0x0 c:/altera/12.0sp2/nios2eds/bin/gnu/h-i686-mingw32/bin/../lib/gcc/nios2-elf/4.1.2\libgcc.a(_usi_to_df.o)
 .data          0x01010d74        0x0 c:/altera/12.0sp2/nios2eds/bin/gnu/h-i686-mingw32/bin/../lib/gcc/nios2-elf/4.1.2\libgcc.a(lib2-divmod.o)
 .data          0x01010d74        0x0 c:/altera/12.0sp2/nios2eds/bin/gnu/h-i686-mingw32/bin/../lib/gcc/nios2-elf/4.1.2\libgcc.a(_clz.o)
 .data          0x01010d74        0x0 c:/altera/12.0sp2/nios2eds/bin/gnu/h-i686-mingw32/bin/../lib/gcc/nios2-elf/4.1.2\libgcc.a(_clzsi2.o)
 .data          0x01010d74        0x0 c:/altera/12.0sp2/nios2eds/bin/gnu/h-i686-mingw32/bin/../lib/gcc/nios2-elf/4.1.2\libgcc.a(_pack_df.o)
 .data          0x01010d74        0x0 c:/altera/12.0sp2/nios2eds/bin/gnu/h-i686-mingw32/bin/../lib/gcc/nios2-elf/4.1.2\libgcc.a(_unpack_df.o)
 .data          0x01010d74        0x0 c:/altera/12.0sp2/nios2eds/bin/gnu/h-i686-mingw32/bin/../lib/gcc/nios2-elf/4.1.2\libgcc.a(_fpcmp_parts_df.o)
 .data          0x01010d74        0x0 ../../../../workspace2/NewBSP\libhal_bsp.a(alt_alarm_start.o)
 .data          0x01010d74        0x0 ../../../../workspace2/NewBSP\libhal_bsp.a(alt_close.o)
 .data          0x01010d74      0x1a8 ../../../../workspace2/NewBSP\libhal_bsp.a(alt_dev.o)
                0x01010d74                alt_dev_null
                0x01010d9c                alt_fd_list
 .data          0x01010f1c        0x0 ../../../../workspace2/NewBSP\libhal_bsp.a(alt_errno.o)
 .data          0x01010f1c        0x0 ../../../../workspace2/NewBSP\libhal_bsp.a(alt_fstat.o)
 .data          0x01010f1c        0x0 ../../../../workspace2/NewBSP\libhal_bsp.a(alt_irq_register.o)
 .data          0x01010f1c        0x0 ../../../../workspace2/NewBSP\libhal_bsp.a(alt_irq_vars.o)
 .data          0x01010f1c        0x0 ../../../../workspace2/NewBSP\libhal_bsp.a(alt_isatty.o)
 .data          0x01010f1c        0x0 ../../../../workspace2/NewBSP\libhal_bsp.a(alt_load.o)
 .data          0x01010f1c        0x0 ../../../../workspace2/NewBSP\libhal_bsp.a(alt_lseek.o)
 .data          0x01010f1c        0x0 ../../../../workspace2/NewBSP\libhal_bsp.a(alt_main.o)
 .data          0x01010f1c        0x0 ../../../../workspace2/NewBSP\libhal_bsp.a(alt_malloc_lock.o)
 .data          0x01010f1c        0x0 ../../../../workspace2/NewBSP\libhal_bsp.a(alt_read.o)
 .data          0x01010f1c        0x0 ../../../../workspace2/NewBSP\libhal_bsp.a(alt_release_fd.o)
 .data          0x01010f1c        0x0 ../../../../workspace2/NewBSP\libhal_bsp.a(alt_sbrk.o)
 .data          0x01010f1c        0x0 ../../../../workspace2/NewBSP\libhal_bsp.a(alt_tick.o)
 .data          0x01010f1c        0x0 ../../../../workspace2/NewBSP\libhal_bsp.a(alt_write.o)
 .data          0x01010f1c     0x118c ../../../../workspace2/NewBSP\libhal_bsp.a(alt_sys_init.o)
 .data          0x010120a8        0x0 ../../../../workspace2/NewBSP\libhal_bsp.a(altera_avalon_jtag_uart_fd.o)
 .data          0x010120a8        0x0 ../../../../workspace2/NewBSP\libhal_bsp.a(altera_avalon_jtag_uart_init.o)
 .data          0x010120a8        0x0 ../../../../workspace2/NewBSP\libhal_bsp.a(altera_avalon_jtag_uart_ioctl.o)
 .data          0x010120a8        0x0 ../../../../workspace2/NewBSP\libhal_bsp.a(altera_avalon_jtag_uart_read.o)
 .data          0x010120a8        0x0 ../../../../workspace2/NewBSP\libhal_bsp.a(altera_avalon_jtag_uart_write.o)
 .data          0x010120a8        0x0 ../../../../workspace2/NewBSP\libhal_bsp.a(altera_avalon_timer_sc.o)
 .data          0x010120a8        0x0 ../../../../workspace2/NewBSP\libhal_bsp.a(altera_up_avalon_character_lcd.o)
 .data          0x010120a8        0x0 ../../../../workspace2/NewBSP\libhal_bsp.a(altera_up_avalon_ps2.o)
 .data          0x010120a8        0x0 ../../../../workspace2/NewBSP\libhal_bsp.a(altera_up_avalon_video_character_buffer_with_dma.o)
 .data          0x010120a8        0x0 ../../../../workspace2/NewBSP\libhal_bsp.a(altera_up_avalon_video_pixel_buffer_dma.o)
 .data          0x010120a8        0x0 ../../../../workspace2/NewBSP\libhal_bsp.a(alt_dcache_flush_all.o)
 .data          0x010120a8        0x0 ../../../../workspace2/NewBSP\libhal_bsp.a(alt_dev_llist_insert.o)
 .data          0x010120a8        0x0 ../../../../workspace2/NewBSP\libhal_bsp.a(alt_do_ctors.o)
 .data          0x010120a8        0x0 ../../../../workspace2/NewBSP\libhal_bsp.a(alt_do_dtors.o)
 .data          0x010120a8        0x0 ../../../../workspace2/NewBSP\libhal_bsp.a(alt_find_dev.o)
 .data          0x010120a8        0x0 ../../../../workspace2/NewBSP\libhal_bsp.a(alt_icache_flush_all.o)
 .data          0x010120a8        0x0 ../../../../workspace2/NewBSP\libhal_bsp.a(alt_io_redirect.o)
 .data          0x010120a8        0x0 ../../../../workspace2/NewBSP\libhal_bsp.a(alt_irq_entry.o)
 .data          0x010120a8        0x0 ../../../../workspace2/NewBSP\libhal_bsp.a(alt_irq_handler.o)
 .data          0x010120a8        0x0 ../../../../workspace2/NewBSP\libhal_bsp.a(alt_open.o)
 .data          0x010120a8        0x0 ../../../../workspace2/NewBSP\libhal_bsp.a(altera_nios2_qsys_irq.o)
 .data          0x010120a8        0x0 ../../../../workspace2/NewBSP\libhal_bsp.a(alt_exception_entry.o)
 .data          0x010120a8        0x0 ../../../../workspace2/NewBSP\libhal_bsp.a(alt_find_file.o)
 .data          0x010120a8        0x0 ../../../../workspace2/NewBSP\libhal_bsp.a(alt_get_fd.o)
 .data          0x010120a8        0x0 ../../../../workspace2/NewBSP\libhal_bsp.a(alt_icache_flush.o)
 .data          0x010120a8        0x0 c:/altera/12.0sp2/nios2eds/bin/gnu/h-i686-mingw32/bin/../lib/gcc/nios2-elf/4.1.2/../../../../nios2-elf/lib\libc.a(lib_a-atexit.o)
 .data          0x010120a8        0x0 c:/altera/12.0sp2/nios2eds/bin/gnu/h-i686-mingw32/bin/../lib/gcc/nios2-elf/4.1.2/../../../../nios2-elf/lib\libc.a(lib_a-exit.o)
 .data          0x010120a8        0x0 c:/altera/12.0sp2/nios2eds/bin/gnu/h-i686-mingw32/bin/../lib/gcc/nios2-elf/4.1.2/../../../../nios2-elf/lib\libc.a(lib_a-memcmp.o)
 .data          0x010120a8        0x0 c:/altera/12.0sp2/nios2eds/bin/gnu/h-i686-mingw32/bin/../lib/gcc/nios2-elf/4.1.2/../../../../nios2-elf/lib\libc.a(lib_a-__atexit.o)
 .data          0x010120a8        0x0 c:/altera/12.0sp2/nios2eds/bin/gnu/h-i686-mingw32/bin/../lib/gcc/nios2-elf/4.1.2/../../../../nios2-elf/lib\libc.a(lib_a-__call_atexit.o)
 .data          0x010120a8        0x0 ../../../../workspace2/NewBSP\libhal_bsp.a(alt_exit.o)
                0x0101a0a8                _gp = ABSOLUTE ((. + 0x8000))
                0x0101a0a8                PROVIDE (gp, _gp)
 *(.rwdata .rwdata.*)
 *(.sdata .sdata.* .gnu.linkonce.s.*)
 .sdata         0x010120a8        0x8 c:/altera/12.0sp2/nios2eds/bin/gnu/h-i686-mingw32/bin/../lib/gcc/nios2-elf/4.1.2/../../../../nios2-elf/lib\libc.a(lib_a-mallocr.o)
                0x010120a8                __malloc_trim_threshold
                0x010120ac                __malloc_sbrk_base
 .sdata         0x010120b0        0x8 c:/altera/12.0sp2/nios2eds/bin/gnu/h-i686-mingw32/bin/../lib/gcc/nios2-elf/4.1.2/../../../../nios2-elf/lib\libc.a(lib_a-impure.o)
                0x010120b0                _impure_ptr
                0x010120b4                _global_impure_ptr
 .sdata         0x010120b8        0x8 c:/altera/12.0sp2/nios2eds/bin/gnu/h-i686-mingw32/bin/../lib/gcc/nios2-elf/4.1.2/../../../../nios2-elf/lib\libc.a(lib_a-locale.o)
                0x010120b8                __mb_cur_max
 .sdata         0x010120c0       0x14 ../../../../workspace2/NewBSP\libhal_bsp.a(alt_dev.o)
                0x010120c0                alt_fs_list
                0x010120c8                alt_dev_list
                0x010120d0                alt_max_fd
 .sdata         0x010120d4        0x4 ../../../../workspace2/NewBSP\libhal_bsp.a(alt_errno.o)
                0x010120d4                alt_errno
 .sdata         0x010120d8        0x4 ../../../../workspace2/NewBSP\libhal_bsp.a(alt_irq_vars.o)
                0x010120d8                alt_priority_mask
 .sdata         0x010120dc        0x4 ../../../../workspace2/NewBSP\libhal_bsp.a(alt_sbrk.o)
 .sdata         0x010120e0        0x8 ../../../../workspace2/NewBSP\libhal_bsp.a(alt_tick.o)
                0x010120e0                alt_alarm_list
 *(.sdata2 .sdata2.* .gnu.linkonce.s2.*)
                0x010120e8                . = ALIGN (0x4)
                0x010120e8                _edata = ABSOLUTE (.)
                0x010120e8                PROVIDE (edata, ABSOLUTE (.))
                0x010120e8                PROVIDE (__ram_rwdata_end, ABSOLUTE (.))
                0x010120e8                PROVIDE (__flash_rwdata_start, LOADADDR (.rwdata))

.bss            0x01013c70      0x318
                0x01013c70                __bss_start = ABSOLUTE (.)
                0x01013c70                PROVIDE (__sbss_start, ABSOLUTE (.))
                0x01013c70                PROVIDE (___sbss_start, ABSOLUTE (.))
 *(.dynsbss)
 *(.sbss .sbss.* .gnu.linkonce.sb.*)
 .sbss          0x01013c70        0xa obj/default/DrawMain.o
                0x01013c70                movchar
                0x01013c74                scrollRate
                0x01013c78                keysval
                0x01013c79                keyhit
 *fill*         0x01013c7a        0x2 00
 .sbss          0x01013c7c        0xc c:/altera/12.0sp2/nios2eds/bin/gnu/h-i686-mingw32/bin/../lib/gcc/nios2-elf/4.1.2/../../../../nios2-elf/lib\libc.a(lib_a-mallocr.o)
                0x01013c7c                __malloc_top_pad
                0x01013c80                __malloc_max_sbrked_mem
                0x01013c84                __malloc_max_total_mem
 .sbss          0x01013c88        0x4 c:/altera/12.0sp2/nios2eds/bin/gnu/h-i686-mingw32/bin/../lib/gcc/nios2-elf/4.1.2/../../../../nios2-elf/lib\libc.a(lib_a-int_errno.o)
                0x01013c88                errno
 .sbss          0x01013c8c        0xc c:/altera/12.0sp2/nios2eds/bin/gnu/h-i686-mingw32/bin/../lib/gcc/nios2-elf/4.1.2/../../../../nios2-elf/lib\libc.a(lib_a-locale.o)
                0x01013c8c                __nlocale_changed
                0x01013c90                __mlocale_changed
                0x01013c94                _PathLocale
 .sbss          0x01013c98        0x4 ../../../../workspace2/NewBSP\libhal_bsp.a(alt_irq_vars.o)
                0x01013c98                alt_irq_active
 .sbss          0x01013c9c        0xc ../../../../workspace2/NewBSP\libhal_bsp.a(alt_main.o)
                0x01013c9c                alt_argc
                0x01013ca0                alt_argv
                0x01013ca4                alt_envp
 .sbss          0x01013ca8        0x8 ../../../../workspace2/NewBSP\libhal_bsp.a(alt_tick.o)
                0x01013ca8                _alt_tick_rate
                0x01013cac                _alt_nticks
 *(.sbss2 .sbss2.* .gnu.linkonce.sb2.*)
 *(.scommon)
                0x01013cb0                PROVIDE (__sbss_end, ABSOLUTE (.))
                0x01013cb0                PROVIDE (___sbss_end, ABSOLUTE (.))
 *(.dynbss)
 *(.bss .bss.* .gnu.linkonce.b.*)
 .bss           0x01013cb0        0x0 ../../../../workspace2/NewBSP/obj/HAL/src/crt0.o
 .bss           0x01013cb0        0x0 obj/default/DrawMain.o
 .bss           0x01013cb0        0x0 obj/default/drawBg.o
 .bss           0x01013cb0        0x0 obj/default/wk_io.o
 .bss           0x01013cb0        0x0 obj/default/wk_lcd.o
 .bss           0x01013cb0        0x0 obj/default/wk_video.o
 .bss           0x01013cb0        0x0 c:/altera/12.0sp2/nios2eds/bin/gnu/h-i686-mingw32/bin/../lib/gcc/nios2-elf/4.1.2/../../../../nios2-elf/lib\libc.a(lib_a-malloc.o)
 .bss           0x01013cb0       0x28 c:/altera/12.0sp2/nios2eds/bin/gnu/h-i686-mingw32/bin/../lib/gcc/nios2-elf/4.1.2/../../../../nios2-elf/lib\libc.a(lib_a-mallocr.o)
                0x01013cb0                __malloc_current_mallinfo
 .bss           0x01013cd8        0x0 c:/altera/12.0sp2/nios2eds/bin/gnu/h-i686-mingw32/bin/../lib/gcc/nios2-elf/4.1.2/../../../../nios2-elf/lib\libc.a(lib_a-memcpy.o)
 .bss           0x01013cd8        0x0 c:/altera/12.0sp2/nios2eds/bin/gnu/h-i686-mingw32/bin/../lib/gcc/nios2-elf/4.1.2/../../../../nios2-elf/lib\libc.a(lib_a-printf.o)
 .bss           0x01013cd8        0x0 c:/altera/12.0sp2/nios2eds/bin/gnu/h-i686-mingw32/bin/../lib/gcc/nios2-elf/4.1.2/../../../../nios2-elf/lib\libc.a(lib_a-puts.o)
 .bss           0x01013cd8        0x0 c:/altera/12.0sp2/nios2eds/bin/gnu/h-i686-mingw32/bin/../lib/gcc/nios2-elf/4.1.2/../../../../nios2-elf/lib\libc.a(lib_a-rand.o)
 .bss           0x01013cd8        0x0 c:/altera/12.0sp2/nios2eds/bin/gnu/h-i686-mingw32/bin/../lib/gcc/nios2-elf/4.1.2/../../../../nios2-elf/lib\libc.a(lib_a-sbrkr.o)
 .bss           0x01013cd8        0x0 c:/altera/12.0sp2/nios2eds/bin/gnu/h-i686-mingw32/bin/../lib/gcc/nios2-elf/4.1.2/../../../../nios2-elf/lib\libc.a(lib_a-strcpy.o)
 .bss           0x01013cd8        0x0 c:/altera/12.0sp2/nios2eds/bin/gnu/h-i686-mingw32/bin/../lib/gcc/nios2-elf/4.1.2/../../../../nios2-elf/lib\libc.a(lib_a-strlen.o)
 .bss           0x01013cd8        0x0 c:/altera/12.0sp2/nios2eds/bin/gnu/h-i686-mingw32/bin/../lib/gcc/nios2-elf/4.1.2/../../../../nios2-elf/lib\libc.a(lib_a-vfprintf.o)
 .bss           0x01013cd8        0x0 c:/altera/12.0sp2/nios2eds/bin/gnu/h-i686-mingw32/bin/../lib/gcc/nios2-elf/4.1.2/../../../../nios2-elf/lib\libc.a(lib_a-wsetup.o)
 .bss           0x01013cd8        0x0 c:/altera/12.0sp2/nios2eds/bin/gnu/h-i686-mingw32/bin/../lib/gcc/nios2-elf/4.1.2/../../../../nios2-elf/lib\libc.a(lib_a-dtoa.o)
 .bss           0x01013cd8        0x0 c:/altera/12.0sp2/nios2eds/bin/gnu/h-i686-mingw32/bin/../lib/gcc/nios2-elf/4.1.2/../../../../nios2-elf/lib\libc.a(lib_a-fflush.o)
 .bss           0x01013cd8        0x0 c:/altera/12.0sp2/nios2eds/bin/gnu/h-i686-mingw32/bin/../lib/gcc/nios2-elf/4.1.2/../../../../nios2-elf/lib\libc.a(lib_a-findfp.o)
 .bss           0x01013cd8        0x0 c:/altera/12.0sp2/nios2eds/bin/gnu/h-i686-mingw32/bin/../lib/gcc/nios2-elf/4.1.2/../../../../nios2-elf/lib\libc.a(lib_a-freer.o)
 .bss           0x01013cd8        0x0 c:/altera/12.0sp2/nios2eds/bin/gnu/h-i686-mingw32/bin/../lib/gcc/nios2-elf/4.1.2/../../../../nios2-elf/lib\libc.a(lib_a-fvwrite.o)
 .bss           0x01013cd8        0x0 c:/altera/12.0sp2/nios2eds/bin/gnu/h-i686-mingw32/bin/../lib/gcc/nios2-elf/4.1.2/../../../../nios2-elf/lib\libc.a(lib_a-fwalk.o)
 .bss           0x01013cd8        0x0 c:/altera/12.0sp2/nios2eds/bin/gnu/h-i686-mingw32/bin/../lib/gcc/nios2-elf/4.1.2/../../../../nios2-elf/lib\libc.a(lib_a-impure.o)
 .bss           0x01013cd8        0x0 c:/altera/12.0sp2/nios2eds/bin/gnu/h-i686-mingw32/bin/../lib/gcc/nios2-elf/4.1.2/../../../../nios2-elf/lib\libc.a(lib_a-int_errno.o)
 .bss           0x01013cd8        0x0 c:/altera/12.0sp2/nios2eds/bin/gnu/h-i686-mingw32/bin/../lib/gcc/nios2-elf/4.1.2/../../../../nios2-elf/lib\libc.a(lib_a-locale.o)
 .bss           0x01013cd8        0x0 c:/altera/12.0sp2/nios2eds/bin/gnu/h-i686-mingw32/bin/../lib/gcc/nios2-elf/4.1.2/../../../../nios2-elf/lib\libc.a(lib_a-makebuf.o)
 .bss           0x01013cd8        0x0 c:/altera/12.0sp2/nios2eds/bin/gnu/h-i686-mingw32/bin/../lib/gcc/nios2-elf/4.1.2/../../../../nios2-elf/lib\libc.a(lib_a-memchr.o)
 .bss           0x01013cd8        0x0 c:/altera/12.0sp2/nios2eds/bin/gnu/h-i686-mingw32/bin/../lib/gcc/nios2-elf/4.1.2/../../../../nios2-elf/lib\libc.a(lib_a-memmove.o)
 .bss           0x01013cd8        0x0 c:/altera/12.0sp2/nios2eds/bin/gnu/h-i686-mingw32/bin/../lib/gcc/nios2-elf/4.1.2/../../../../nios2-elf/lib\libc.a(lib_a-memset.o)
 .bss           0x01013cd8        0x0 c:/altera/12.0sp2/nios2eds/bin/gnu/h-i686-mingw32/bin/../lib/gcc/nios2-elf/4.1.2/../../../../nios2-elf/lib\libc.a(lib_a-mprec.o)
 .bss           0x01013cd8        0x0 c:/altera/12.0sp2/nios2eds/bin/gnu/h-i686-mingw32/bin/../lib/gcc/nios2-elf/4.1.2/../../../../nios2-elf/lib\libc.a(lib_a-reallocr.o)
 .bss           0x01013cd8        0x0 c:/altera/12.0sp2/nios2eds/bin/gnu/h-i686-mingw32/bin/../lib/gcc/nios2-elf/4.1.2/../../../../nios2-elf/lib\libc.a(lib_a-s_isinfd.o)
 .bss           0x01013cd8        0x0 c:/altera/12.0sp2/nios2eds/bin/gnu/h-i686-mingw32/bin/../lib/gcc/nios2-elf/4.1.2/../../../../nios2-elf/lib\libc.a(lib_a-s_isnand.o)
 .bss           0x01013cd8        0x0 c:/altera/12.0sp2/nios2eds/bin/gnu/h-i686-mingw32/bin/../lib/gcc/nios2-elf/4.1.2/../../../../nios2-elf/lib\libc.a(lib_a-stdio.o)
 .bss           0x01013cd8        0x0 c:/altera/12.0sp2/nios2eds/bin/gnu/h-i686-mingw32/bin/../lib/gcc/nios2-elf/4.1.2/../../../../nios2-elf/lib\libc.a(lib_a-strcmp.o)
 .bss           0x01013cd8        0x0 c:/altera/12.0sp2/nios2eds/bin/gnu/h-i686-mingw32/bin/../lib/gcc/nios2-elf/4.1.2/../../../../nios2-elf/lib\libc.a(lib_a-writer.o)
 .bss           0x01013cd8        0x0 c:/altera/12.0sp2/nios2eds/bin/gnu/h-i686-mingw32/bin/../lib/gcc/nios2-elf/4.1.2/../../../../nios2-elf/lib\libc.a(lib_a-callocr.o)
 .bss           0x01013cd8        0x0 c:/altera/12.0sp2/nios2eds/bin/gnu/h-i686-mingw32/bin/../lib/gcc/nios2-elf/4.1.2/../../../../nios2-elf/lib\libc.a(lib_a-closer.o)
 .bss           0x01013cd8        0x0 c:/altera/12.0sp2/nios2eds/bin/gnu/h-i686-mingw32/bin/../lib/gcc/nios2-elf/4.1.2/../../../../nios2-elf/lib\libc.a(lib_a-fclose.o)
 .bss           0x01013cd8        0x0 c:/altera/12.0sp2/nios2eds/bin/gnu/h-i686-mingw32/bin/../lib/gcc/nios2-elf/4.1.2/../../../../nios2-elf/lib\libc.a(lib_a-fstatr.o)
 .bss           0x01013cd8        0x0 c:/altera/12.0sp2/nios2eds/bin/gnu/h-i686-mingw32/bin/../lib/gcc/nios2-elf/4.1.2/../../../../nios2-elf/lib\libc.a(lib_a-isattyr.o)
 .bss           0x01013cd8        0x0 c:/altera/12.0sp2/nios2eds/bin/gnu/h-i686-mingw32/bin/../lib/gcc/nios2-elf/4.1.2/../../../../nios2-elf/lib\libc.a(lib_a-lseekr.o)
 .bss           0x01013cd8        0x0 c:/altera/12.0sp2/nios2eds/bin/gnu/h-i686-mingw32/bin/../lib/gcc/nios2-elf/4.1.2/../../../../nios2-elf/lib\libc.a(lib_a-readr.o)
 .bss           0x01013cd8        0x0 c:/altera/12.0sp2/nios2eds/bin/gnu/h-i686-mingw32/bin/../lib/gcc/nios2-elf/4.1.2\libgcc.a(_muldi3.o)
 .bss           0x01013cd8        0x0 c:/altera/12.0sp2/nios2eds/bin/gnu/h-i686-mingw32/bin/../lib/gcc/nios2-elf/4.1.2\libgcc.a(_udivdi3.o)
 .bss           0x01013cd8        0x0 c:/altera/12.0sp2/nios2eds/bin/gnu/h-i686-mingw32/bin/../lib/gcc/nios2-elf/4.1.2\libgcc.a(_umoddi3.o)
 .bss           0x01013cd8        0x0 c:/altera/12.0sp2/nios2eds/bin/gnu/h-i686-mingw32/bin/../lib/gcc/nios2-elf/4.1.2\libgcc.a(_addsub_df.o)
 .bss           0x01013cd8        0x0 c:/altera/12.0sp2/nios2eds/bin/gnu/h-i686-mingw32/bin/../lib/gcc/nios2-elf/4.1.2\libgcc.a(_mul_df.o)
 .bss           0x01013cd8        0x0 c:/altera/12.0sp2/nios2eds/bin/gnu/h-i686-mingw32/bin/../lib/gcc/nios2-elf/4.1.2\libgcc.a(_div_df.o)
 .bss           0x01013cd8        0x0 c:/altera/12.0sp2/nios2eds/bin/gnu/h-i686-mingw32/bin/../lib/gcc/nios2-elf/4.1.2\libgcc.a(_eq_df.o)
 .bss           0x01013cd8        0x0 c:/altera/12.0sp2/nios2eds/bin/gnu/h-i686-mingw32/bin/../lib/gcc/nios2-elf/4.1.2\libgcc.a(_ne_df.o)
 .bss           0x01013cd8        0x0 c:/altera/12.0sp2/nios2eds/bin/gnu/h-i686-mingw32/bin/../lib/gcc/nios2-elf/4.1.2\libgcc.a(_gt_df.o)
 .bss           0x01013cd8        0x0 c:/altera/12.0sp2/nios2eds/bin/gnu/h-i686-mingw32/bin/../lib/gcc/nios2-elf/4.1.2\libgcc.a(_ge_df.o)
 .bss           0x01013cd8        0x0 c:/altera/12.0sp2/nios2eds/bin/gnu/h-i686-mingw32/bin/../lib/gcc/nios2-elf/4.1.2\libgcc.a(_lt_df.o)
 .bss           0x01013cd8        0x0 c:/altera/12.0sp2/nios2eds/bin/gnu/h-i686-mingw32/bin/../lib/gcc/nios2-elf/4.1.2\libgcc.a(_si_to_df.o)
 .bss           0x01013cd8        0x0 c:/altera/12.0sp2/nios2eds/bin/gnu/h-i686-mingw32/bin/../lib/gcc/nios2-elf/4.1.2\libgcc.a(_df_to_si.o)
 .bss           0x01013cd8        0x0 c:/altera/12.0sp2/nios2eds/bin/gnu/h-i686-mingw32/bin/../lib/gcc/nios2-elf/4.1.2\libgcc.a(_thenan_df.o)
 .bss           0x01013cd8        0x0 c:/altera/12.0sp2/nios2eds/bin/gnu/h-i686-mingw32/bin/../lib/gcc/nios2-elf/4.1.2\libgcc.a(_usi_to_df.o)
 .bss           0x01013cd8        0x0 c:/altera/12.0sp2/nios2eds/bin/gnu/h-i686-mingw32/bin/../lib/gcc/nios2-elf/4.1.2\libgcc.a(lib2-divmod.o)
 .bss           0x01013cd8        0x0 c:/altera/12.0sp2/nios2eds/bin/gnu/h-i686-mingw32/bin/../lib/gcc/nios2-elf/4.1.2\libgcc.a(_clz.o)
 .bss           0x01013cd8        0x0 c:/altera/12.0sp2/nios2eds/bin/gnu/h-i686-mingw32/bin/../lib/gcc/nios2-elf/4.1.2\libgcc.a(_clzsi2.o)
 .bss           0x01013cd8        0x0 c:/altera/12.0sp2/nios2eds/bin/gnu/h-i686-mingw32/bin/../lib/gcc/nios2-elf/4.1.2\libgcc.a(_pack_df.o)
 .bss           0x01013cd8        0x0 c:/altera/12.0sp2/nios2eds/bin/gnu/h-i686-mingw32/bin/../lib/gcc/nios2-elf/4.1.2\libgcc.a(_unpack_df.o)
 .bss           0x01013cd8        0x0 c:/altera/12.0sp2/nios2eds/bin/gnu/h-i686-mingw32/bin/../lib/gcc/nios2-elf/4.1.2\libgcc.a(_fpcmp_parts_df.o)
 .bss           0x01013cd8        0x0 ../../../../workspace2/NewBSP\libhal_bsp.a(alt_alarm_start.o)
 .bss           0x01013cd8        0x0 ../../../../workspace2/NewBSP\libhal_bsp.a(alt_close.o)
 .bss           0x01013cd8        0x0 ../../../../workspace2/NewBSP\libhal_bsp.a(alt_dev.o)
 .bss           0x01013cd8        0x0 ../../../../workspace2/NewBSP\libhal_bsp.a(alt_errno.o)
 .bss           0x01013cd8        0x0 ../../../../workspace2/NewBSP\libhal_bsp.a(alt_fstat.o)
 .bss           0x01013cd8        0x0 ../../../../workspace2/NewBSP\libhal_bsp.a(alt_irq_register.o)
 .bss           0x01013cd8        0x0 ../../../../workspace2/NewBSP\libhal_bsp.a(alt_irq_vars.o)
 .bss           0x01013cd8        0x0 ../../../../workspace2/NewBSP\libhal_bsp.a(alt_isatty.o)
 .bss           0x01013cd8        0x0 ../../../../workspace2/NewBSP\libhal_bsp.a(alt_load.o)
 .bss           0x01013cd8        0x0 ../../../../workspace2/NewBSP\libhal_bsp.a(alt_lseek.o)
 .bss           0x01013cd8        0x0 ../../../../workspace2/NewBSP\libhal_bsp.a(alt_main.o)
 .bss           0x01013cd8        0x0 ../../../../workspace2/NewBSP\libhal_bsp.a(alt_malloc_lock.o)
 .bss           0x01013cd8        0x0 ../../../../workspace2/NewBSP\libhal_bsp.a(alt_read.o)
 .bss           0x01013cd8        0x0 ../../../../workspace2/NewBSP\libhal_bsp.a(alt_release_fd.o)
 .bss           0x01013cd8        0x0 ../../../../workspace2/NewBSP\libhal_bsp.a(alt_sbrk.o)
 .bss           0x01013cd8        0x0 ../../../../workspace2/NewBSP\libhal_bsp.a(alt_tick.o)
 .bss           0x01013cd8        0x0 ../../../../workspace2/NewBSP\libhal_bsp.a(alt_write.o)
 .bss           0x01013cd8        0x0 ../../../../workspace2/NewBSP\libhal_bsp.a(alt_sys_init.o)
 .bss           0x01013cd8        0x0 ../../../../workspace2/NewBSP\libhal_bsp.a(altera_avalon_jtag_uart_fd.o)
 .bss           0x01013cd8        0x0 ../../../../workspace2/NewBSP\libhal_bsp.a(altera_avalon_jtag_uart_init.o)
 .bss           0x01013cd8        0x0 ../../../../workspace2/NewBSP\libhal_bsp.a(altera_avalon_jtag_uart_ioctl.o)
 .bss           0x01013cd8        0x0 ../../../../workspace2/NewBSP\libhal_bsp.a(altera_avalon_jtag_uart_read.o)
 .bss           0x01013cd8        0x0 ../../../../workspace2/NewBSP\libhal_bsp.a(altera_avalon_jtag_uart_write.o)
 .bss           0x01013cd8        0x0 ../../../../workspace2/NewBSP\libhal_bsp.a(altera_avalon_timer_sc.o)
 .bss           0x01013cd8        0x0 ../../../../workspace2/NewBSP\libhal_bsp.a(altera_up_avalon_character_lcd.o)
 .bss           0x01013cd8        0x0 ../../../../workspace2/NewBSP\libhal_bsp.a(altera_up_avalon_ps2.o)
 .bss           0x01013cd8        0x0 ../../../../workspace2/NewBSP\libhal_bsp.a(altera_up_avalon_video_character_buffer_with_dma.o)
 .bss           0x01013cd8        0x0 ../../../../workspace2/NewBSP\libhal_bsp.a(altera_up_avalon_video_pixel_buffer_dma.o)
 .bss           0x01013cd8        0x0 ../../../../workspace2/NewBSP\libhal_bsp.a(alt_dcache_flush_all.o)
 .bss           0x01013cd8        0x0 ../../../../workspace2/NewBSP\libhal_bsp.a(alt_dev_llist_insert.o)
 .bss           0x01013cd8        0x0 ../../../../workspace2/NewBSP\libhal_bsp.a(alt_do_ctors.o)
 .bss           0x01013cd8        0x0 ../../../../workspace2/NewBSP\libhal_bsp.a(alt_do_dtors.o)
 .bss           0x01013cd8        0x0 ../../../../workspace2/NewBSP\libhal_bsp.a(alt_find_dev.o)
 .bss           0x01013cd8        0x0 ../../../../workspace2/NewBSP\libhal_bsp.a(alt_icache_flush_all.o)
 .bss           0x01013cd8        0x0 ../../../../workspace2/NewBSP\libhal_bsp.a(alt_io_redirect.o)
 .bss           0x01013cd8        0x0 ../../../../workspace2/NewBSP\libhal_bsp.a(alt_irq_entry.o)
 .bss           0x01013cd8        0x0 ../../../../workspace2/NewBSP\libhal_bsp.a(alt_irq_handler.o)
 .bss           0x01013cd8        0x0 ../../../../workspace2/NewBSP\libhal_bsp.a(alt_open.o)
 .bss           0x01013cd8        0x0 ../../../../workspace2/NewBSP\libhal_bsp.a(altera_nios2_qsys_irq.o)
 .bss           0x01013cd8        0x0 ../../../../workspace2/NewBSP\libhal_bsp.a(alt_exception_entry.o)
 .bss           0x01013cd8        0x0 ../../../../workspace2/NewBSP\libhal_bsp.a(alt_find_file.o)
 .bss           0x01013cd8        0x0 ../../../../workspace2/NewBSP\libhal_bsp.a(alt_get_fd.o)
 .bss           0x01013cd8        0x0 ../../../../workspace2/NewBSP\libhal_bsp.a(alt_icache_flush.o)
 .bss           0x01013cd8        0x0 c:/altera/12.0sp2/nios2eds/bin/gnu/h-i686-mingw32/bin/../lib/gcc/nios2-elf/4.1.2/../../../../nios2-elf/lib\libc.a(lib_a-atexit.o)
 .bss           0x01013cd8        0x0 c:/altera/12.0sp2/nios2eds/bin/gnu/h-i686-mingw32/bin/../lib/gcc/nios2-elf/4.1.2/../../../../nios2-elf/lib\libc.a(lib_a-exit.o)
 .bss           0x01013cd8        0x0 c:/altera/12.0sp2/nios2eds/bin/gnu/h-i686-mingw32/bin/../lib/gcc/nios2-elf/4.1.2/../../../../nios2-elf/lib\libc.a(lib_a-memcmp.o)
 .bss           0x01013cd8        0x0 c:/altera/12.0sp2/nios2eds/bin/gnu/h-i686-mingw32/bin/../lib/gcc/nios2-elf/4.1.2/../../../../nios2-elf/lib\libc.a(lib_a-__atexit.o)
 .bss           0x01013cd8        0x0 c:/altera/12.0sp2/nios2eds/bin/gnu/h-i686-mingw32/bin/../lib/gcc/nios2-elf/4.1.2/../../../../nios2-elf/lib\libc.a(lib_a-__call_atexit.o)
 .bss           0x01013cd8        0x0 ../../../../workspace2/NewBSP\libhal_bsp.a(alt_exit.o)
 *(COMMON)
 COMMON         0x01013cd8       0x20 obj/default/DrawMain.o
                0x01013cd8                Hex
 COMMON         0x01013cf8      0x100 ../../../../workspace2/NewBSP\libhal_bsp.a(alt_irq_handler.o)
                0x01013cf8                alt_irq
 COMMON         0x01013df8      0x190 c:/altera/12.0sp2/nios2eds/bin/gnu/h-i686-mingw32/bin/../lib/gcc/nios2-elf/4.1.2/../../../../nios2-elf/lib\libc.a(lib_a-atexit.o)
                0x01013df8                _atexit0
                0x01013f88                . = ALIGN (0x4)
                0x01013f88                __bss_end = ABSOLUTE (.)

.sdram          0x01013f88        0x0
                0x01013f88                PROVIDE (_alt_partition_sdram_start, ABSOLUTE (.))
 *(.sdram. sdram.*)
                0x01013f88                . = ALIGN (0x4)
                0x01013f88                PROVIDE (_alt_partition_sdram_end, ABSOLUTE (.))
                0x01013f88                _end = ABSOLUTE (.)
                0x01013f88                end = ABSOLUTE (.)
                0x01013f88                __alt_stack_base = ABSOLUTE (.)
                0x01013f88                PROVIDE (_alt_partition_sdram_load_addr, LOADADDR (.sdram))

.stab
 *(.stab)

.stabstr
 *(.stabstr)

.stab.excl
 *(.stab.excl)

.stab.exclstr
 *(.stab.exclstr)

.stab.index
 *(.stab.index)

.stab.indexstr
 *(.stab.indexstr)

.comment        0x00000000       0x26
 *(.comment)
 .comment       0x00000000       0x26 obj/default/DrawMain.o
                                 0x27 (size before relaxing)
 .comment       0x00000000       0x27 obj/default/drawBg.o
 .comment       0x00000000       0x27 obj/default/wk_io.o
 .comment       0x00000000       0x27 obj/default/wk_lcd.o
 .comment       0x00000000       0x27 obj/default/wk_video.o
 .comment       0x00000000       0x27 c:/altera/12.0sp2/nios2eds/bin/gnu/h-i686-mingw32/bin/../lib/gcc/nios2-elf/4.1.2/../../../../nios2-elf/lib\libc.a(lib_a-malloc.o)
 .comment       0x00000000       0x27 c:/altera/12.0sp2/nios2eds/bin/gnu/h-i686-mingw32/bin/../lib/gcc/nios2-elf/4.1.2/../../../../nios2-elf/lib\libc.a(lib_a-mallocr.o)
 .comment       0x00000000       0x27 c:/altera/12.0sp2/nios2eds/bin/gnu/h-i686-mingw32/bin/../lib/gcc/nios2-elf/4.1.2/../../../../nios2-elf/lib\libc.a(lib_a-memcpy.o)
 .comment       0x00000000       0x27 c:/altera/12.0sp2/nios2eds/bin/gnu/h-i686-mingw32/bin/../lib/gcc/nios2-elf/4.1.2/../../../../nios2-elf/lib\libc.a(lib_a-printf.o)
 .comment       0x00000000       0x27 c:/altera/12.0sp2/nios2eds/bin/gnu/h-i686-mingw32/bin/../lib/gcc/nios2-elf/4.1.2/../../../../nios2-elf/lib\libc.a(lib_a-puts.o)
 .comment       0x00000000       0x27 c:/altera/12.0sp2/nios2eds/bin/gnu/h-i686-mingw32/bin/../lib/gcc/nios2-elf/4.1.2/../../../../nios2-elf/lib\libc.a(lib_a-rand.o)
 .comment       0x00000000       0x27 c:/altera/12.0sp2/nios2eds/bin/gnu/h-i686-mingw32/bin/../lib/gcc/nios2-elf/4.1.2/../../../../nios2-elf/lib\libc.a(lib_a-sbrkr.o)
 .comment       0x00000000       0x27 c:/altera/12.0sp2/nios2eds/bin/gnu/h-i686-mingw32/bin/../lib/gcc/nios2-elf/4.1.2/../../../../nios2-elf/lib\libc.a(lib_a-strcpy.o)
 .comment       0x00000000       0x27 c:/altera/12.0sp2/nios2eds/bin/gnu/h-i686-mingw32/bin/../lib/gcc/nios2-elf/4.1.2/../../../../nios2-elf/lib\libc.a(lib_a-strlen.o)
 .comment       0x00000000       0x27 c:/altera/12.0sp2/nios2eds/bin/gnu/h-i686-mingw32/bin/../lib/gcc/nios2-elf/4.1.2/../../../../nios2-elf/lib\libc.a(lib_a-vfprintf.o)
 .comment       0x00000000       0x27 c:/altera/12.0sp2/nios2eds/bin/gnu/h-i686-mingw32/bin/../lib/gcc/nios2-elf/4.1.2/../../../../nios2-elf/lib\libc.a(lib_a-wsetup.o)
 .comment       0x00000000       0x27 c:/altera/12.0sp2/nios2eds/bin/gnu/h-i686-mingw32/bin/../lib/gcc/nios2-elf/4.1.2/../../../../nios2-elf/lib\libc.a(lib_a-dtoa.o)
 .comment       0x00000000       0x27 c:/altera/12.0sp2/nios2eds/bin/gnu/h-i686-mingw32/bin/../lib/gcc/nios2-elf/4.1.2/../../../../nios2-elf/lib\libc.a(lib_a-fflush.o)
 .comment       0x00000000       0x27 c:/altera/12.0sp2/nios2eds/bin/gnu/h-i686-mingw32/bin/../lib/gcc/nios2-elf/4.1.2/../../../../nios2-elf/lib\libc.a(lib_a-findfp.o)
 .comment       0x00000000       0x27 c:/altera/12.0sp2/nios2eds/bin/gnu/h-i686-mingw32/bin/../lib/gcc/nios2-elf/4.1.2/../../../../nios2-elf/lib\libc.a(lib_a-freer.o)
 .comment       0x00000000       0x27 c:/altera/12.0sp2/nios2eds/bin/gnu/h-i686-mingw32/bin/../lib/gcc/nios2-elf/4.1.2/../../../../nios2-elf/lib\libc.a(lib_a-fvwrite.o)
 .comment       0x00000000       0x27 c:/altera/12.0sp2/nios2eds/bin/gnu/h-i686-mingw32/bin/../lib/gcc/nios2-elf/4.1.2/../../../../nios2-elf/lib\libc.a(lib_a-fwalk.o)
 .comment       0x00000000       0x27 c:/altera/12.0sp2/nios2eds/bin/gnu/h-i686-mingw32/bin/../lib/gcc/nios2-elf/4.1.2/../../../../nios2-elf/lib\libc.a(lib_a-impure.o)
 .comment       0x00000000       0x27 c:/altera/12.0sp2/nios2eds/bin/gnu/h-i686-mingw32/bin/../lib/gcc/nios2-elf/4.1.2/../../../../nios2-elf/lib\libc.a(lib_a-int_errno.o)
 .comment       0x00000000       0x27 c:/altera/12.0sp2/nios2eds/bin/gnu/h-i686-mingw32/bin/../lib/gcc/nios2-elf/4.1.2/../../../../nios2-elf/lib\libc.a(lib_a-locale.o)
 .comment       0x00000000       0x27 c:/altera/12.0sp2/nios2eds/bin/gnu/h-i686-mingw32/bin/../lib/gcc/nios2-elf/4.1.2/../../../../nios2-elf/lib\libc.a(lib_a-makebuf.o)
 .comment       0x00000000       0x27 c:/altera/12.0sp2/nios2eds/bin/gnu/h-i686-mingw32/bin/../lib/gcc/nios2-elf/4.1.2/../../../../nios2-elf/lib\libc.a(lib_a-memchr.o)
 .comment       0x00000000       0x27 c:/altera/12.0sp2/nios2eds/bin/gnu/h-i686-mingw32/bin/../lib/gcc/nios2-elf/4.1.2/../../../../nios2-elf/lib\libc.a(lib_a-memmove.o)
 .comment       0x00000000       0x27 c:/altera/12.0sp2/nios2eds/bin/gnu/h-i686-mingw32/bin/../lib/gcc/nios2-elf/4.1.2/../../../../nios2-elf/lib\libc.a(lib_a-memset.o)
 .comment       0x00000000       0x27 c:/altera/12.0sp2/nios2eds/bin/gnu/h-i686-mingw32/bin/../lib/gcc/nios2-elf/4.1.2/../../../../nios2-elf/lib\libc.a(lib_a-mprec.o)
 .comment       0x00000000       0x27 c:/altera/12.0sp2/nios2eds/bin/gnu/h-i686-mingw32/bin/../lib/gcc/nios2-elf/4.1.2/../../../../nios2-elf/lib\libc.a(lib_a-reallocr.o)
 .comment       0x00000000       0x27 c:/altera/12.0sp2/nios2eds/bin/gnu/h-i686-mingw32/bin/../lib/gcc/nios2-elf/4.1.2/../../../../nios2-elf/lib\libc.a(lib_a-s_isinfd.o)
 .comment       0x00000000       0x27 c:/altera/12.0sp2/nios2eds/bin/gnu/h-i686-mingw32/bin/../lib/gcc/nios2-elf/4.1.2/../../../../nios2-elf/lib\libc.a(lib_a-s_isnand.o)
 .comment       0x00000000       0x27 c:/altera/12.0sp2/nios2eds/bin/gnu/h-i686-mingw32/bin/../lib/gcc/nios2-elf/4.1.2/../../../../nios2-elf/lib\libc.a(lib_a-stdio.o)
 .comment       0x00000000       0x27 c:/altera/12.0sp2/nios2eds/bin/gnu/h-i686-mingw32/bin/../lib/gcc/nios2-elf/4.1.2/../../../../nios2-elf/lib\libc.a(lib_a-strcmp.o)
 .comment       0x00000000       0x27 c:/altera/12.0sp2/nios2eds/bin/gnu/h-i686-mingw32/bin/../lib/gcc/nios2-elf/4.1.2/../../../../nios2-elf/lib\libc.a(lib_a-writer.o)
 .comment       0x00000000       0x27 c:/altera/12.0sp2/nios2eds/bin/gnu/h-i686-mingw32/bin/../lib/gcc/nios2-elf/4.1.2/../../../../nios2-elf/lib\libc.a(lib_a-callocr.o)
 .comment       0x00000000       0x27 c:/altera/12.0sp2/nios2eds/bin/gnu/h-i686-mingw32/bin/../lib/gcc/nios2-elf/4.1.2/../../../../nios2-elf/lib\libc.a(lib_a-closer.o)
 .comment       0x00000000       0x27 c:/altera/12.0sp2/nios2eds/bin/gnu/h-i686-mingw32/bin/../lib/gcc/nios2-elf/4.1.2/../../../../nios2-elf/lib\libc.a(lib_a-fclose.o)
 .comment       0x00000000       0x27 c:/altera/12.0sp2/nios2eds/bin/gnu/h-i686-mingw32/bin/../lib/gcc/nios2-elf/4.1.2/../../../../nios2-elf/lib\libc.a(lib_a-fstatr.o)
 .comment       0x00000000       0x27 c:/altera/12.0sp2/nios2eds/bin/gnu/h-i686-mingw32/bin/../lib/gcc/nios2-elf/4.1.2/../../../../nios2-elf/lib\libc.a(lib_a-isattyr.o)
 .comment       0x00000000       0x27 c:/altera/12.0sp2/nios2eds/bin/gnu/h-i686-mingw32/bin/../lib/gcc/nios2-elf/4.1.2/../../../../nios2-elf/lib\libc.a(lib_a-lseekr.o)
 .comment       0x00000000       0x27 c:/altera/12.0sp2/nios2eds/bin/gnu/h-i686-mingw32/bin/../lib/gcc/nios2-elf/4.1.2/../../../../nios2-elf/lib\libc.a(lib_a-readr.o)
 .comment       0x00000000       0x27 c:/altera/12.0sp2/nios2eds/bin/gnu/h-i686-mingw32/bin/../lib/gcc/nios2-elf/4.1.2\libgcc.a(_muldi3.o)
 .comment       0x00000000       0x27 c:/altera/12.0sp2/nios2eds/bin/gnu/h-i686-mingw32/bin/../lib/gcc/nios2-elf/4.1.2\libgcc.a(_udivdi3.o)
 .comment       0x00000000       0x27 c:/altera/12.0sp2/nios2eds/bin/gnu/h-i686-mingw32/bin/../lib/gcc/nios2-elf/4.1.2\libgcc.a(_umoddi3.o)
 .comment       0x00000000       0x27 c:/altera/12.0sp2/nios2eds/bin/gnu/h-i686-mingw32/bin/../lib/gcc/nios2-elf/4.1.2\libgcc.a(_addsub_df.o)
 .comment       0x00000000       0x27 c:/altera/12.0sp2/nios2eds/bin/gnu/h-i686-mingw32/bin/../lib/gcc/nios2-elf/4.1.2\libgcc.a(_mul_df.o)
 .comment       0x00000000       0x27 c:/altera/12.0sp2/nios2eds/bin/gnu/h-i686-mingw32/bin/../lib/gcc/nios2-elf/4.1.2\libgcc.a(_div_df.o)
 .comment       0x00000000       0x27 c:/altera/12.0sp2/nios2eds/bin/gnu/h-i686-mingw32/bin/../lib/gcc/nios2-elf/4.1.2\libgcc.a(_eq_df.o)
 .comment       0x00000000       0x27 c:/altera/12.0sp2/nios2eds/bin/gnu/h-i686-mingw32/bin/../lib/gcc/nios2-elf/4.1.2\libgcc.a(_ne_df.o)
 .comment       0x00000000       0x27 c:/altera/12.0sp2/nios2eds/bin/gnu/h-i686-mingw32/bin/../lib/gcc/nios2-elf/4.1.2\libgcc.a(_gt_df.o)
 .comment       0x00000000       0x27 c:/altera/12.0sp2/nios2eds/bin/gnu/h-i686-mingw32/bin/../lib/gcc/nios2-elf/4.1.2\libgcc.a(_ge_df.o)
 .comment       0x00000000       0x27 c:/altera/12.0sp2/nios2eds/bin/gnu/h-i686-mingw32/bin/../lib/gcc/nios2-elf/4.1.2\libgcc.a(_lt_df.o)
 .comment       0x00000000       0x27 c:/altera/12.0sp2/nios2eds/bin/gnu/h-i686-mingw32/bin/../lib/gcc/nios2-elf/4.1.2\libgcc.a(_si_to_df.o)
 .comment       0x00000000       0x27 c:/altera/12.0sp2/nios2eds/bin/gnu/h-i686-mingw32/bin/../lib/gcc/nios2-elf/4.1.2\libgcc.a(_df_to_si.o)
 .comment       0x00000000       0x27 c:/altera/12.0sp2/nios2eds/bin/gnu/h-i686-mingw32/bin/../lib/gcc/nios2-elf/4.1.2\libgcc.a(_thenan_df.o)
 .comment       0x00000000       0x27 c:/altera/12.0sp2/nios2eds/bin/gnu/h-i686-mingw32/bin/../lib/gcc/nios2-elf/4.1.2\libgcc.a(_usi_to_df.o)
 .comment       0x00000000       0x27 c:/altera/12.0sp2/nios2eds/bin/gnu/h-i686-mingw32/bin/../lib/gcc/nios2-elf/4.1.2\libgcc.a(lib2-divmod.o)
 .comment       0x00000000       0x27 c:/altera/12.0sp2/nios2eds/bin/gnu/h-i686-mingw32/bin/../lib/gcc/nios2-elf/4.1.2\libgcc.a(_clz.o)
 .comment       0x00000000       0x27 c:/altera/12.0sp2/nios2eds/bin/gnu/h-i686-mingw32/bin/../lib/gcc/nios2-elf/4.1.2\libgcc.a(_clzsi2.o)
 .comment       0x00000000       0x27 c:/altera/12.0sp2/nios2eds/bin/gnu/h-i686-mingw32/bin/../lib/gcc/nios2-elf/4.1.2\libgcc.a(_pack_df.o)
 .comment       0x00000000       0x27 c:/altera/12.0sp2/nios2eds/bin/gnu/h-i686-mingw32/bin/../lib/gcc/nios2-elf/4.1.2\libgcc.a(_unpack_df.o)
 .comment       0x00000000       0x27 c:/altera/12.0sp2/nios2eds/bin/gnu/h-i686-mingw32/bin/../lib/gcc/nios2-elf/4.1.2\libgcc.a(_fpcmp_parts_df.o)
 .comment       0x00000000       0x27 ../../../../workspace2/NewBSP\libhal_bsp.a(alt_alarm_start.o)
 .comment       0x00000000       0x27 ../../../../workspace2/NewBSP\libhal_bsp.a(alt_close.o)
 .comment       0x00000000       0x27 ../../../../workspace2/NewBSP\libhal_bsp.a(alt_dev.o)
 .comment       0x00000000       0x27 ../../../../workspace2/NewBSP\libhal_bsp.a(alt_errno.o)
 .comment       0x00000000       0x27 ../../../../workspace2/NewBSP\libhal_bsp.a(alt_fstat.o)
 .comment       0x00000000       0x27 ../../../../workspace2/NewBSP\libhal_bsp.a(alt_irq_register.o)
 .comment       0x00000000       0x27 ../../../../workspace2/NewBSP\libhal_bsp.a(alt_irq_vars.o)
 .comment       0x00000000       0x27 ../../../../workspace2/NewBSP\libhal_bsp.a(alt_isatty.o)
 .comment       0x00000000       0x27 ../../../../workspace2/NewBSP\libhal_bsp.a(alt_load.o)
 .comment       0x00000000       0x27 ../../../../workspace2/NewBSP\libhal_bsp.a(alt_lseek.o)
 .comment       0x00000000       0x27 ../../../../workspace2/NewBSP\libhal_bsp.a(alt_main.o)
 .comment       0x00000000       0x27 ../../../../workspace2/NewBSP\libhal_bsp.a(alt_malloc_lock.o)
 .comment       0x00000000       0x27 ../../../../workspace2/NewBSP\libhal_bsp.a(alt_read.o)
 .comment       0x00000000       0x27 ../../../../workspace2/NewBSP\libhal_bsp.a(alt_release_fd.o)
 .comment       0x00000000       0x27 ../../../../workspace2/NewBSP\libhal_bsp.a(alt_sbrk.o)
 .comment       0x00000000       0x27 ../../../../workspace2/NewBSP\libhal_bsp.a(alt_tick.o)
 .comment       0x00000000       0x27 ../../../../workspace2/NewBSP\libhal_bsp.a(alt_write.o)
 .comment       0x00000000       0x27 ../../../../workspace2/NewBSP\libhal_bsp.a(alt_sys_init.o)
 .comment       0x00000000       0x27 ../../../../workspace2/NewBSP\libhal_bsp.a(altera_avalon_jtag_uart_fd.o)
 .comment       0x00000000       0x27 ../../../../workspace2/NewBSP\libhal_bsp.a(altera_avalon_jtag_uart_init.o)
 .comment       0x00000000       0x27 ../../../../workspace2/NewBSP\libhal_bsp.a(altera_avalon_jtag_uart_ioctl.o)
 .comment       0x00000000       0x27 ../../../../workspace2/NewBSP\libhal_bsp.a(altera_avalon_jtag_uart_read.o)
 .comment       0x00000000       0x27 ../../../../workspace2/NewBSP\libhal_bsp.a(altera_avalon_jtag_uart_write.o)
 .comment       0x00000000       0x27 ../../../../workspace2/NewBSP\libhal_bsp.a(altera_avalon_timer_sc.o)
 .comment       0x00000000       0x27 ../../../../workspace2/NewBSP\libhal_bsp.a(altera_up_avalon_character_lcd.o)
 .comment       0x00000000       0x27 ../../../../workspace2/NewBSP\libhal_bsp.a(altera_up_avalon_ps2.o)
 .comment       0x00000000       0x27 ../../../../workspace2/NewBSP\libhal_bsp.a(altera_up_avalon_video_character_buffer_with_dma.o)
 .comment       0x00000000       0x27 ../../../../workspace2/NewBSP\libhal_bsp.a(altera_up_avalon_video_pixel_buffer_dma.o)
 .comment       0x00000000       0x27 ../../../../workspace2/NewBSP\libhal_bsp.a(alt_dcache_flush_all.o)
 .comment       0x00000000       0x27 ../../../../workspace2/NewBSP\libhal_bsp.a(alt_dev_llist_insert.o)
 .comment       0x00000000       0x27 ../../../../workspace2/NewBSP\libhal_bsp.a(alt_do_ctors.o)
 .comment       0x00000000       0x27 ../../../../workspace2/NewBSP\libhal_bsp.a(alt_do_dtors.o)
 .comment       0x00000000       0x27 ../../../../workspace2/NewBSP\libhal_bsp.a(alt_find_dev.o)
 .comment       0x00000000       0x27 ../../../../workspace2/NewBSP\libhal_bsp.a(alt_icache_flush_all.o)
 .comment       0x00000000       0x27 ../../../../workspace2/NewBSP\libhal_bsp.a(alt_io_redirect.o)
 .comment       0x00000000       0x27 ../../../../workspace2/NewBSP\libhal_bsp.a(alt_irq_handler.o)
 .comment       0x00000000       0x27 ../../../../workspace2/NewBSP\libhal_bsp.a(alt_open.o)
 .comment       0x00000000       0x27 ../../../../workspace2/NewBSP\libhal_bsp.a(altera_nios2_qsys_irq.o)
 .comment       0x00000000       0x27 ../../../../workspace2/NewBSP\libhal_bsp.a(alt_find_file.o)
 .comment       0x00000000       0x27 ../../../../workspace2/NewBSP\libhal_bsp.a(alt_get_fd.o)
 .comment       0x00000000       0x27 ../../../../workspace2/NewBSP\libhal_bsp.a(alt_icache_flush.o)
 .comment       0x00000000       0x27 c:/altera/12.0sp2/nios2eds/bin/gnu/h-i686-mingw32/bin/../lib/gcc/nios2-elf/4.1.2/../../../../nios2-elf/lib\libc.a(lib_a-atexit.o)
 .comment       0x00000000       0x27 c:/altera/12.0sp2/nios2eds/bin/gnu/h-i686-mingw32/bin/../lib/gcc/nios2-elf/4.1.2/../../../../nios2-elf/lib\libc.a(lib_a-exit.o)
 .comment       0x00000000       0x27 c:/altera/12.0sp2/nios2eds/bin/gnu/h-i686-mingw32/bin/../lib/gcc/nios2-elf/4.1.2/../../../../nios2-elf/lib\libc.a(lib_a-memcmp.o)
 .comment       0x00000000       0x27 c:/altera/12.0sp2/nios2eds/bin/gnu/h-i686-mingw32/bin/../lib/gcc/nios2-elf/4.1.2/../../../../nios2-elf/lib\libc.a(lib_a-__atexit.o)
 .comment       0x00000000       0x27 c:/altera/12.0sp2/nios2eds/bin/gnu/h-i686-mingw32/bin/../lib/gcc/nios2-elf/4.1.2/../../../../nios2-elf/lib\libc.a(lib_a-__call_atexit.o)
 .comment       0x00000000       0x27 ../../../../workspace2/NewBSP\libhal_bsp.a(alt_exit.o)

.debug
 *(.debug)

.line
 *(.line)

.debug_srcinfo
 *(.debug_srcinfo)

.debug_sfnames
 *(.debug_sfnames)

.debug_aranges  0x00000000      0xdb8
 *(.debug_aranges)
 .debug_aranges
                0x00000000       0x28 ../../../../workspace2/NewBSP/obj/HAL/src/crt0.o
 .debug_aranges
                0x00000028       0x20 obj/default/DrawMain.o
 .debug_aranges
                0x00000048       0x20 obj/default/drawBg.o
 .debug_aranges
                0x00000068       0x20 obj/default/wk_io.o
 .debug_aranges
                0x00000088       0x20 obj/default/wk_lcd.o
 .debug_aranges
                0x000000a8       0x20 obj/default/wk_video.o
 .debug_aranges
                0x000000c8       0x20 c:/altera/12.0sp2/nios2eds/bin/gnu/h-i686-mingw32/bin/../lib/gcc/nios2-elf/4.1.2/../../../../nios2-elf/lib\libc.a(lib_a-malloc.o)
 .debug_aranges
                0x000000e8       0x20 c:/altera/12.0sp2/nios2eds/bin/gnu/h-i686-mingw32/bin/../lib/gcc/nios2-elf/4.1.2/../../../../nios2-elf/lib\libc.a(lib_a-mallocr.o)
 .debug_aranges
                0x00000108       0x20 c:/altera/12.0sp2/nios2eds/bin/gnu/h-i686-mingw32/bin/../lib/gcc/nios2-elf/4.1.2/../../../../nios2-elf/lib\libc.a(lib_a-memcpy.o)
 .debug_aranges
                0x00000128       0x20 c:/altera/12.0sp2/nios2eds/bin/gnu/h-i686-mingw32/bin/../lib/gcc/nios2-elf/4.1.2/../../../../nios2-elf/lib\libc.a(lib_a-printf.o)
 .debug_aranges
                0x00000148       0x20 c:/altera/12.0sp2/nios2eds/bin/gnu/h-i686-mingw32/bin/../lib/gcc/nios2-elf/4.1.2/../../../../nios2-elf/lib\libc.a(lib_a-puts.o)
 .debug_aranges
                0x00000168       0x20 c:/altera/12.0sp2/nios2eds/bin/gnu/h-i686-mingw32/bin/../lib/gcc/nios2-elf/4.1.2/../../../../nios2-elf/lib\libc.a(lib_a-rand.o)
 .debug_aranges
                0x00000188       0x20 c:/altera/12.0sp2/nios2eds/bin/gnu/h-i686-mingw32/bin/../lib/gcc/nios2-elf/4.1.2/../../../../nios2-elf/lib\libc.a(lib_a-sbrkr.o)
 .debug_aranges
                0x000001a8       0x20 c:/altera/12.0sp2/nios2eds/bin/gnu/h-i686-mingw32/bin/../lib/gcc/nios2-elf/4.1.2/../../../../nios2-elf/lib\libc.a(lib_a-strcpy.o)
 .debug_aranges
                0x000001c8       0x20 c:/altera/12.0sp2/nios2eds/bin/gnu/h-i686-mingw32/bin/../lib/gcc/nios2-elf/4.1.2/../../../../nios2-elf/lib\libc.a(lib_a-strlen.o)
 .debug_aranges
                0x000001e8       0x20 c:/altera/12.0sp2/nios2eds/bin/gnu/h-i686-mingw32/bin/../lib/gcc/nios2-elf/4.1.2/../../../../nios2-elf/lib\libc.a(lib_a-vfprintf.o)
 .debug_aranges
                0x00000208       0x20 c:/altera/12.0sp2/nios2eds/bin/gnu/h-i686-mingw32/bin/../lib/gcc/nios2-elf/4.1.2/../../../../nios2-elf/lib\libc.a(lib_a-wsetup.o)
 .debug_aranges
                0x00000228       0x20 c:/altera/12.0sp2/nios2eds/bin/gnu/h-i686-mingw32/bin/../lib/gcc/nios2-elf/4.1.2/../../../../nios2-elf/lib\libc.a(lib_a-dtoa.o)
 .debug_aranges
                0x00000248       0x20 c:/altera/12.0sp2/nios2eds/bin/gnu/h-i686-mingw32/bin/../lib/gcc/nios2-elf/4.1.2/../../../../nios2-elf/lib\libc.a(lib_a-fflush.o)
 .debug_aranges
                0x00000268       0x20 c:/altera/12.0sp2/nios2eds/bin/gnu/h-i686-mingw32/bin/../lib/gcc/nios2-elf/4.1.2/../../../../nios2-elf/lib\libc.a(lib_a-findfp.o)
 .debug_aranges
                0x00000288       0x20 c:/altera/12.0sp2/nios2eds/bin/gnu/h-i686-mingw32/bin/../lib/gcc/nios2-elf/4.1.2/../../../../nios2-elf/lib\libc.a(lib_a-freer.o)
 .debug_aranges
                0x000002a8       0x20 c:/altera/12.0sp2/nios2eds/bin/gnu/h-i686-mingw32/bin/../lib/gcc/nios2-elf/4.1.2/../../../../nios2-elf/lib\libc.a(lib_a-fvwrite.o)
 .debug_aranges
                0x000002c8       0x20 c:/altera/12.0sp2/nios2eds/bin/gnu/h-i686-mingw32/bin/../lib/gcc/nios2-elf/4.1.2/../../../../nios2-elf/lib\libc.a(lib_a-fwalk.o)
 .debug_aranges
                0x000002e8       0x20 c:/altera/12.0sp2/nios2eds/bin/gnu/h-i686-mingw32/bin/../lib/gcc/nios2-elf/4.1.2/../../../../nios2-elf/lib\libc.a(lib_a-locale.o)
 .debug_aranges
                0x00000308       0x20 c:/altera/12.0sp2/nios2eds/bin/gnu/h-i686-mingw32/bin/../lib/gcc/nios2-elf/4.1.2/../../../../nios2-elf/lib\libc.a(lib_a-makebuf.o)
 .debug_aranges
                0x00000328       0x20 c:/altera/12.0sp2/nios2eds/bin/gnu/h-i686-mingw32/bin/../lib/gcc/nios2-elf/4.1.2/../../../../nios2-elf/lib\libc.a(lib_a-memchr.o)
 .debug_aranges
                0x00000348       0x20 c:/altera/12.0sp2/nios2eds/bin/gnu/h-i686-mingw32/bin/../lib/gcc/nios2-elf/4.1.2/../../../../nios2-elf/lib\libc.a(lib_a-memmove.o)
 .debug_aranges
                0x00000368       0x20 c:/altera/12.0sp2/nios2eds/bin/gnu/h-i686-mingw32/bin/../lib/gcc/nios2-elf/4.1.2/../../../../nios2-elf/lib\libc.a(lib_a-memset.o)
 .debug_aranges
                0x00000388       0x20 c:/altera/12.0sp2/nios2eds/bin/gnu/h-i686-mingw32/bin/../lib/gcc/nios2-elf/4.1.2/../../../../nios2-elf/lib\libc.a(lib_a-mprec.o)
 .debug_aranges