Archive member included because of file (symbol)

c:/altera/12.0sp2/nios2eds/bin/gnu/h-i686-mingw32/bin/../lib/gcc/nios2-elf/4.1.2/../../../../nios2-elf/lib\libc.a(lib_a-malloc.o)
                              obj/default/bitmap.o (free)
c:/altera/12.0sp2/nios2eds/bin/gnu/h-i686-mingw32/bin/../lib/gcc/nios2-elf/4.1.2/../../../../nios2-elf/lib\libc.a(lib_a-mallocr.o)
                              c:/altera/12.0sp2/nios2eds/bin/gnu/h-i686-mingw32/bin/../lib/gcc/nios2-elf/4.1.2/../../../../nios2-elf/lib\libc.a(lib_a-malloc.o) (_malloc_r)
c:/altera/12.0sp2/nios2eds/bin/gnu/h-i686-mingw32/bin/../lib/gcc/nios2-elf/4.1.2/../../../../nios2-elf/lib\libc.a(lib_a-memcpy.o)
                              obj/default/wk_lcd.o (memcpy)
c:/altera/12.0sp2/nios2eds/bin/gnu/h-i686-mingw32/bin/../lib/gcc/nios2-elf/4.1.2/../../../../nios2-elf/lib\libc.a(lib_a-memset.o)
                              obj/default/DrawMain.o (memset)
c:/altera/12.0sp2/nios2eds/bin/gnu/h-i686-mingw32/bin/../lib/gcc/nios2-elf/4.1.2/../../../../nios2-elf/lib\libc.a(lib_a-printf.o)
                              obj/default/DrawMain.o (printf)
c:/altera/12.0sp2/nios2eds/bin/gnu/h-i686-mingw32/bin/../lib/gcc/nios2-elf/4.1.2/../../../../nios2-elf/lib\libc.a(lib_a-putchar.o)
                              obj/default/sdcard.o (putchar)
c:/altera/12.0sp2/nios2eds/bin/gnu/h-i686-mingw32/bin/../lib/gcc/nios2-elf/4.1.2/../../../../nios2-elf/lib\libc.a(lib_a-puts.o)
                              obj/default/DrawMain.o (puts)
c:/altera/12.0sp2/nios2eds/bin/gnu/h-i686-mingw32/bin/../lib/gcc/nios2-elf/4.1.2/../../../../nios2-elf/lib\libc.a(lib_a-rand.o)
                              obj/default/DrawMain.o (srand)
c:/altera/12.0sp2/nios2eds/bin/gnu/h-i686-mingw32/bin/../lib/gcc/nios2-elf/4.1.2/../../../../nios2-elf/lib\libc.a(lib_a-sbrkr.o)
                              c:/altera/12.0sp2/nios2eds/bin/gnu/h-i686-mingw32/bin/../lib/gcc/nios2-elf/4.1.2/../../../../nios2-elf/lib\libc.a(lib_a-mallocr.o) (_sbrk_r)
c:/altera/12.0sp2/nios2eds/bin/gnu/h-i686-mingw32/bin/../lib/gcc/nios2-elf/4.1.2/../../../../nios2-elf/lib\libc.a(lib_a-sprintf.o)
                              obj/default/DrawMain.o (sprintf)
c:/altera/12.0sp2/nios2eds/bin/gnu/h-i686-mingw32/bin/../lib/gcc/nios2-elf/4.1.2/../../../../nios2-elf/lib\libc.a(lib_a-strcat.o)
                              obj/default/DrawMain.o (strcat)
c:/altera/12.0sp2/nios2eds/bin/gnu/h-i686-mingw32/bin/../lib/gcc/nios2-elf/4.1.2/../../../../nios2-elf/lib\libc.a(lib_a-strcpy.o)
                              obj/default/wk_lcd.o (strcpy)
c:/altera/12.0sp2/nios2eds/bin/gnu/h-i686-mingw32/bin/../lib/gcc/nios2-elf/4.1.2/../../../../nios2-elf/lib\libc.a(lib_a-strlen.o)
                              obj/default/DrawMain.o (strlen)
c:/altera/12.0sp2/nios2eds/bin/gnu/h-i686-mingw32/bin/../lib/gcc/nios2-elf/4.1.2/../../../../nios2-elf/lib\libc.a(lib_a-vfprintf.o)
                              c:/altera/12.0sp2/nios2eds/bin/gnu/h-i686-mingw32/bin/../lib/gcc/nios2-elf/4.1.2/../../../../nios2-elf/lib\libc.a(lib_a-printf.o) (___vfprintf_internal_r)
c:/altera/12.0sp2/nios2eds/bin/gnu/h-i686-mingw32/bin/../lib/gcc/nios2-elf/4.1.2/../../../../nios2-elf/lib\libc.a(lib_a-wsetup.o)
                              c:/altera/12.0sp2/nios2eds/bin/gnu/h-i686-mingw32/bin/../lib/gcc/nios2-elf/4.1.2/../../../../nios2-elf/lib\libc.a(lib_a-vfprintf.o) (__swsetup_r)
c:/altera/12.0sp2/nios2eds/bin/gnu/h-i686-mingw32/bin/../lib/gcc/nios2-elf/4.1.2/../../../../nios2-elf/lib\libc.a(lib_a-dtoa.o)
                              c:/altera/12.0sp2/nios2eds/bin/gnu/h-i686-mingw32/bin/../lib/gcc/nios2-elf/4.1.2/../../../../nios2-elf/lib\libc.a(lib_a-vfprintf.o) (_dtoa_r)
c:/altera/12.0sp2/nios2eds/bin/gnu/h-i686-mingw32/bin/../lib/gcc/nios2-elf/4.1.2/../../../../nios2-elf/lib\libc.a(lib_a-fflush.o)
                              c:/altera/12.0sp2/nios2eds/bin/gnu/h-i686-mingw32/bin/../lib/gcc/nios2-elf/4.1.2/../../../../nios2-elf/lib\libc.a(lib_a-vfprintf.o) (_fflush_r)
c:/altera/12.0sp2/nios2eds/bin/gnu/h-i686-mingw32/bin/../lib/gcc/nios2-elf/4.1.2/../../../../nios2-elf/lib\libc.a(lib_a-findfp.o)
                              c:/altera/12.0sp2/nios2eds/bin/gnu/h-i686-mingw32/bin/../lib/gcc/nios2-elf/4.1.2/../../../../nios2-elf/lib\libc.a(lib_a-vfprintf.o) (__sinit)
c:/altera/12.0sp2/nios2eds/bin/gnu/h-i686-mingw32/bin/../lib/gcc/nios2-elf/4.1.2/../../../../nios2-elf/lib\libc.a(lib_a-freer.o)
                              c:/altera/12.0sp2/nios2eds/bin/gnu/h-i686-mingw32/bin/../lib/gcc/nios2-elf/4.1.2/../../../../nios2-elf/lib\libc.a(lib_a-malloc.o) (_free_r)
c:/altera/12.0sp2/nios2eds/bin/gnu/h-i686-mingw32/bin/../lib/gcc/nios2-elf/4.1.2/../../../../nios2-elf/lib\libc.a(lib_a-fvwrite.o)
                              c:/altera/12.0sp2/nios2eds/bin/gnu/h-i686-mingw32/bin/../lib/gcc/nios2-elf/4.1.2/../../../../nios2-elf/lib\libc.a(lib_a-puts.o) (__sfvwrite_r)
[...]
Memory Configuration

Name             Origin             Length             Attributes
reset            0x01000000         0x00000020
sdram            0x01000020         0x007fffe0
*default*        0x00000000         0xffffffff

Linker script and memory map

LOAD ../../../../workspace2/NewBSP/obj/HAL/src/crt0.o
LOAD obj/default/DrawMain.o
LOAD obj/default/bitmap.o
LOAD obj/default/drawBg.o
LOAD obj/default/sdcard.o
LOAD obj/default/wk_io.o
LOAD obj/default/wk_kb.o
LOAD obj/default/wk_lcd.o
LOAD obj/default/wk_video.o
LOAD c:/altera/12.0sp2/nios2eds/bin/gnu/h-i686-mingw32/bin/../lib/gcc/nios2-elf/4.1.2/../../../../nios2-elf/lib\libstdc++.a
LOAD c:/altera/12.0sp2/nios2eds/bin/gnu/h-i686-mingw32/bin/../lib/gcc/nios2-elf/4.1.2/../../../../nios2-elf/lib\libm.a
LOAD c:/altera/12.0sp2/nios2eds/bin/gnu/h-i686-mingw32/bin/../lib/gcc/nios2-elf/4.1.2\libgcc.a
START GROUP
LOAD c:/altera/12.0sp2/nios2eds/bin/gnu/h-i686-mingw32/bin/../lib/gcc/nios2-elf/4.1.2/../../../../nios2-elf/lib\libc.a
LOAD c:/altera/12.0sp2/nios2eds/bin/gnu/h-i686-mingw32/bin/../lib/gcc/nios2-elf/4.1.2\libgcc.a
LOAD ../../../../workspace2/NewBSP\libhal_bsp.a
END GROUP
LOAD c:/altera/12.0sp2/nios2eds/bin/gnu/h-i686-mingw32/bin/../lib/gcc/nios2-elf/4.1.2\libgcc.a
                0x01000000                __alt_mem_sdram = 0x1000000

.entry          0x01000000       0x20
 *(.entry)
 .entry         0x01000000       0x20 ../../../../workspace2/NewBSP/obj/HAL/src/crt0.o
                0x01000000                __reset

.exceptions     0x01000020      0x164
                0x01000020                PROVIDE (__ram_exceptions_start, ABSOLUTE (.))
                0x01000020                . = ALIGN (0x20)
 *(.irq)
 *(.exceptions.entry.label)
 .exceptions.entry.label
                0x01000020        0x0 ../../../../workspace2/NewBSP\libhal_bsp.a(alt_irq_entry.o)
                0x01000020                alt_irq_entry
 .exceptions.entry.label
                0x01000020        0x0 ../../../../workspace2/NewBSP\libhal_bsp.a(alt_exception_entry.o)
                0x01000020                alt_exception
 *(.exceptions.entry.user)
 *(.exceptions.entry)
 .exceptions.entry
                0x01000020       0x54 ../../../../workspace2/NewBSP\libhal_bsp.a(alt_exception_entry.o)
 *(.exceptions.irqtest.user)
 *(.exceptions.irqtest)
 .exceptions.irqtest
                0x01000074       0x10 ../../../../workspace2/NewBSP\libhal_bsp.a(alt_irq_entry.o)
 *(.exceptions.irqhandler.user)
 *(.exceptions.irqhandler)
 .exceptions.irqhandler
                0x01000084        0x4 ../../../../workspace2/NewBSP\libhal_bsp.a(alt_irq_entry.o)
 *(.exceptions.irqreturn.user)
 *(.exceptions.irqreturn)
 .exceptions.irqreturn
                0x01000088        0x4 ../../../../workspace2/NewBSP\libhal_bsp.a(alt_irq_entry.o)
 *(.exceptions.notirq.label)
 .exceptions.notirq.label
                0x0100008c        0x0 ../../../../workspace2/NewBSP\libhal_bsp.a(alt_irq_entry.o)
 *(.exceptions.notirq.user)
 *(.exceptions.notirq)
 .exceptions.notirq
                0x0100008c        0x8 ../../../../workspace2/NewBSP\libhal_bsp.a(alt_exception_entry.o)
 *(.exceptions.soft.user)
 *(.exceptions.soft)
 *(.exceptions.unknown.user)
 *(.exceptions.unknown)
 .exceptions.unknown
                0x01000094        0x4 ../../../../workspace2/NewBSP\libhal_bsp.a(alt_exception_entry.o)
 *(.exceptions.exit.label)
 .exceptions.exit.label
                0x01000098        0x0 ../../../../workspace2/NewBSP\libhal_bsp.a(alt_irq_entry.o)
 .exceptions.exit.label
                0x01000098        0x0 ../../../../workspace2/NewBSP\libhal_bsp.a(alt_exception_entry.o)
 *(.exceptions.exit.user)
 *(.exceptions.exit)
 .exceptions.exit
                0x01000098       0x54 ../../../../workspace2/NewBSP\libhal_bsp.a(alt_exception_entry.o)
 *(.exceptions)
 .exceptions    0x010000ec       0x98 ../../../../workspace2/NewBSP\libhal_bsp.a(alt_irq_handler.o)
                0x010000ec                alt_irq_handler
                0x01000184                PROVIDE (__ram_exceptions_end, ABSOLUTE (.))
                0x01000020                PROVIDE (__flash_exceptions_start, LOADADDR (.exceptions))

.text           0x01000184    0x12a24
                0x01000184                PROVIDE (stext, ABSOLUTE (.))
 *(.interp)
 *(.hash)
 *(.dynsym)
 *(.dynstr)
 *(.gnu.version)
 *(.gnu.version_d)
 *(.gnu.version_r)
 *(.rel.init)
 *(.rela.init)
 *(.rel.text .rel.text.* .rel.gnu.linkonce.t.*)
 *(.rela.text .rela.text.* .rela.gnu.linkonce.t.*)
 *(.rel.fini)
 *(.rela.fini)
 *(.rel.rodata .rel.rodata.* .rel.gnu.linkonce.r.*)
 *(.rela.rodata .rela.rodata.* .rela.gnu.linkonce.r.*)
 *(.rel.data .rel.data.* .rel.gnu.linkonce.d.*)
 *(.rela.data .rela.data.* .rela.gnu.linkonce.d.*)
 *(.rel.tdata .rel.tdata.* .rel.gnu.linkonce.td.*)
 *(.rela.tdata .rela.tdata.* .rela.gnu.linkonce.td.*)
 *(.rel.tbss .rel.tbss.* .rel.gnu.linkonce.tb.*)
 *(.rela.tbss .rela.tbss.* .rela.gnu.linkonce.tb.*)
 *(.rel.ctors)
 *(.rela.ctors)
 *(.rel.dtors)
 *(.rela.dtors)
 *(.rel.got)
 *(.rela.got)
 *(.rel.sdata .rel.sdata.* .rel.gnu.linkonce.s.*)
 *(.rela.sdata .rela.sdata.* .rela.gnu.linkonce.s.*)
 *(.rel.sbss .rel.sbss.* .rel.gnu.linkonce.sb.*)
 *(.rela.sbss .rela.sbss.* .rela.gnu.linkonce.sb.*)
 *(.rel.sdata2 .rel.sdata2.* .rel.gnu.linkonce.s2.*)
 *(.rela.sdata2 .rela.sdata2.* .rela.gnu.linkonce.s2.*)
 *(.rel.sbss2 .rel.sbss2.* .rel.gnu.linkonce.sb2.*)
 *(.rela.sbss2 .rela.sbss2.* .rela.gnu.linkonce.sb2.*)
 *(.rel.bss .rel.bss.* .rel.gnu.linkonce.b.*)
 *(.rela.bss .rela.bss.* .rela.gnu.linkonce.b.*)
 *(.rel.plt)
 *(.rela.plt)
 *(.rel.dyn)
 *(.init)
 *(.plt)
 *(.text .stub .text.* .gnu.linkonce.t.*)
 .text          0x01000184       0x4c ../../../../workspace2/NewBSP/obj/HAL/src/crt0.o
                0x01000184                _start
 .text          0x010001d0     0x1044 obj/default/DrawMain.o
                0x010001d0                draw
                0x010001f8                key_hit
                0x0100022c                save_score
                0x01000310                display_score
                0x010004cc                main
 .text          0x01001214      0x708 obj/default/bitmap.o
                0x01001214                bitmap_getBmp
                0x01001444                bitmap_to16bit
                0x01001584                bitmap_drawToScr
                0x010016f8                scrolling_bgDrawToScr
                0x01001888                bitmap_makeScrolling
 .text          0x0100191c      0xafc obj/default/drawBg.o
                0x0100191c                drawBg
                0x010019a4                drawSprite
                0x01001c04                makeNPC
                0x01001e00                bitmap_drawNPCs
                0x01001fac                drawNPCs
                0x010020ac                draw_health
                0x010021bc                drawMenuBg
                0x010022b0                drawMenu
                0x010023a8                printGameOver
 .text          0x01002418      0x488 obj/default/sdcard.o
                0x01002418                sdcard_init
                0x01002450                sdcard_present
                0x01002484                sdcard_FAT16
                0x010024b8                sdcard_get_first_file
                0x010024f8                sdcard_get_next_file
                0x01002530                sdcard_list
                0x010025bc                sdcard_fopen
                0x010025fc                sdcard_readbyte
                0x01002634                sdcard_filesize
                0x01002698                sdcard_readfile
                0x01002718                sdcard_printarray
                0x010027a8                sdcard_writefile
                0x01002838                sdcard_fattributes
                0x01002870                sdcard_fclose
 .text          0x010028a0      0x5b4 obj/default/wk_io.o
                0x010028a0                initHex
                0x01002948                hexPrintNum
                0x01002df0                clrHex
 .text          0x01002e54      0x4f4 obj/default/wk_kb.o
                0x01002e54                initKb
                0x0100305c                getchKb
                0x01003194                readFromKb
 .text          0x01003348      0x2bc obj/default/wk_lcd.o
                0x01003348                lcdInit
                0x010033cc                lcdPrint
                0x01003494                lcdLineSet
                0x01003584                lcdClrScr
 .text          0x01003604      0x450 obj/default/wk_video.o
                0x01003604                charInit
                0x01003644                pixelInit
                0x010036ac                clrScr
                0x010036ec                fillScr
                0x01003744                drawLine
                0x0100380c                drawBox
                0x010038a8                drawPoly
                0x010039a0                swapBuffer
                0x010039e0                mkColor
 .text          0x01003a54       0x28 c:/altera/12.0sp2/nios2eds/bin/gnu/h-i686-mingw32/bin/../lib/gcc/nios2-elf/4.1.2/../../../../nios2-elf/lib\libc.a(lib_a-malloc.o)
                0x01003a54                free
                0x01003a68                malloc
 .text          0x01003a7c      0x740 c:/altera/12.0sp2/nios2eds/bin/gnu/h-i686-mingw32/bin/../lib/gcc/nios2-elf/4.1.2/../../../../nios2-elf/lib\libc.a(lib_a-mallocr.o)
                0x01003a7c                _malloc_r
 .text          0x010041bc       0xa0 c:/altera/12.0sp2/nios2eds/bin/gnu/h-i686-mingw32/bin/../lib/gcc/nios2-elf/4.1.2/../../../../nios2-elf/lib\libc.a(lib_a-memcpy.o)
                0x010041bc                memcpy
 .text          0x0100425c       0x98 c:/altera/12.0sp2/nios2eds/bin/gnu/h-i686-mingw32/bin/../lib/gcc/nios2-elf/4.1.2/../../../../nios2-elf/lib\libc.a(lib_a-memset.o)
                0x0100425c                memset
 .text          0x010042f4       0x78 c:/altera/12.0sp2/nios2eds/bin/gnu/h-i686-mingw32/bin/../lib/gcc/nios2-elf/4.1.2/../../../../nios2-elf/lib\libc.a(lib_a-printf.o)
                0x010042f4                printf
                0x01004338                _printf_r
 .text          0x0100436c       0x24 c:/altera/12.0sp2/nios2eds/bin/gnu/h-i686-mingw32/bin/../lib/gcc/nios2-elf/4.1.2/../../../../nios2-elf/lib\libc.a(lib_a-putchar.o)
                0x0100436c                putchar
                0x01004388                _putchar_r
 .text          0x01004390       0xb4 c:/altera/12.0sp2/nios2eds/bin/gnu/h-i686-mingw32/bin/../lib/gcc/nios2-elf/4.1.2/../../../../nios2-elf/lib\libc.a(lib_a-puts.o)
                0x01004390                _puts_r
                0x01004430                puts
 .text          0x01004444       0x94 c:/altera/12.0sp2/nios2eds/bin/gnu/h-i686-mingw32/bin/../lib/gcc/nios2-elf/4.1.2/../../../../nios2-elf/lib\libc.a(lib_a-rand.o)
                0x01004444                srand
                0x01004460                rand
 .text          0x010044d8       0x70 c:/altera/12.0sp2/nios2eds/bin/gnu/h-i686-mingw32/bin/../lib/gcc/nios2-elf/4.1.2/../../../../nios2-elf/lib\libc.a(lib_a-sbrkr.o)
                0x010044d8                _sbrk_r
 .text          0x01004548       0xd4 c:/altera/12.0sp2/nios2eds/bin/gnu/h-i686-mingw32/bin/../lib/gcc/nios2-elf/4.1.2/../../../../nios2-elf/lib\libc.a(lib_a-sprintf.o)
                0x01004548                sprintf
                0x010045bc                _sprintf_r
 .text          0x0100461c       0x90 c:/altera/12.0sp2/nios2eds/bin/gnu/h-i686-mingw32/bin/../lib/gcc/nios2-elf/4.1.2/../../../../nios2-elf/lib\libc.a(lib_a-strcat.o)
                0x0100461c                strcat
 .text          0x010046ac       0x8c c:/altera/12.0sp2/nios2eds/bin/gnu/h-i686-mingw32/bin/../lib/gcc/nios2-elf/4.1.2/../../../../nios2-elf/lib\libc.a(lib_a-strcpy.o)
                0x010046ac                strcpy
 .text          0x01004738       0x74 c:/altera/12.0sp2/nios2eds/bin/gnu/h-i686-mingw32/bin/../lib/gcc/nios2-elf/4.1.2/../../../../nios2-elf/lib\libc.a(lib_a-strlen.o)
                0x01004738                strlen
 .text          0x010047ac     0x1f28 c:/altera/12.0sp2/nios2eds/bin/gnu/h-i686-mingw32/bin/../lib/gcc/nios2-elf/4.1.2/../../../../nios2-elf/lib\libc.a(lib_a-vfprintf.o)
                0x01004804                ___vfprintf_internal_r
                0x010066b0                __vfprintf_internal
 .text          0x010066d4      0x13c c:/altera/12.0sp2/nios2eds/bin/gnu/h-i686-mingw32/bin/../lib/gcc/nios2-elf/4.1.2/../../../../nios2-elf/lib\libc.a(lib_a-wsetup.o)
                0x010066d4                __swsetup_r
 .text          0x01006810     0x17cc c:/altera/12.0sp2/nios2eds/bin/gnu/h-i686-mingw32/bin/../lib/gcc/nios2-elf/4.1.2/../../../../nios2-elf/lib\libc.a(lib_a-dtoa.o)
                0x01006a28                _dtoa_r
 .text          0x01007fdc      0x230 c:/altera/12.0sp2/nios2eds/bin/gnu/h-i686-mingw32/bin/../lib/gcc/nios2-elf/4.1.2/../../../../nios2-elf/lib\libc.a(lib_a-fflush.o)
                0x01007fdc                _fflush_r
                0x010081d8                fflush
 .text          0x0100820c      0x2c0 c:/altera/12.0sp2/nios2eds/bin/gnu/h-i686-mingw32/bin/../lib/gcc/nios2-elf/4.1.2/../../../../nios2-elf/lib\libc.a(lib_a-findfp.o)
                0x01008264                __sfp_lock_acquire
                0x01008268                __sfp_lock_release
                0x0100826c                __sinit_lock_acquire
                0x01008270                __sinit_lock_release
                0x01008274                __sinit
                0x01008328                __fp_unlock_all
                0x01008340                __fp_lock_all
                0x01008358                _cleanup_r
                0x01008364                _cleanup
                0x01008374                __sfmoreglue
                0x010083dc                __sfp
 .text          0x010084cc      0x440 c:/altera/12.0sp2/nios2eds/bin/gnu/h-i686-mingw32/bin/../lib/gcc/nios2-elf/4.1.2/../../../../nios2-elf/lib\libc.a(lib_a-freer.o)
                0x010084cc                _malloc_trim_r
                0x010085f8                _free_r
 .text          0x0100890c      0x49c c:/altera/12.0sp2/nios2eds/bin/gnu/h-i686-mingw32/bin/../lib/gcc/nios2-elf/4.1.2/../../../../nios2-elf/lib\libc.a(lib_a-fvwrite.o)
                0x0100890c                __sfvwrite_r
 .text          0x01008da8      0x180 c:/altera/12.0sp2/nios2eds/bin/gnu/h-i686-mingw32/bin/../lib/gcc/nios2-elf/4.1.2/../../../../nios2-elf/lib\libc.a(lib_a-fwalk.o)
                0x01008da8                _fwalk_reent
                0x01008e70                _fwalk
 .text          0x01008f28        0x0 c:/altera/12.0sp2/nios2eds/bin/gnu/h-i686-mingw32/bin/../lib/gcc/nios2-elf/4.1.2/../../../../nios2-elf/lib\libc.a(lib_a-impure.o)
 .text          0x01008f28        0x0 c:/altera/12.0sp2/nios2eds/bin/gnu/h-i686-mingw32/bin/../lib/gcc/nios2-elf/4.1.2/../../../../nios2-elf/lib\libc.a(lib_a-int_errno.o)
 .text          0x01008f28       0xc4 c:/altera/12.0sp2/nios2eds/bin/gnu/h-i686-mingw32/bin/../lib/gcc/nios2-elf/4.1.2/../../../../nios2-elf/lib\libc.a(lib_a-locale.o)
                0x01008f28                __locale_charset
                0x01008f30                _localeconv_r
                0x01008f3c                localeconv
                0x01008f4c                _setlocale_r
                0x01008fd0                setlocale
 .text          0x01008fec      0x194 c:/altera/12.0sp2/nios2eds/bin/gnu/h-i686-mingw32/bin/../lib/gcc/nios2-elf/4.1.2/../../../../nios2-elf/lib\libc.a(lib_a-makebuf.o)
                0x01008fec                __smakebuf_r
 .text          0x01009180       0xe4 c:/altera/12.0sp2/nios2eds/bin/gnu/h-i686-mingw32/bin/../lib/gcc/nios2-elf/4.1.2/../../../../nios2-elf/lib\libc.a(lib_a-memchr.o)
                0x01009180                memchr
 .text          0x01009264       0xe0 c:/altera/12.0sp2/nios2eds/bin/gnu/h-i686-mingw32/bin/../lib/gcc/nios2-elf/4.1.2/../../../../nios2-elf/lib\libc.a(lib_a-memmove.o)
                0x01009264                memmove
 .text          0x01009344      0xff4 c:/altera/12.0sp2/nios2eds/bin/gnu/h-i686-mingw32/bin/../lib/gcc/nios2-elf/4.1.2/../../../../nios2-elf/lib\libc.a(lib_a-mprec.o)
                0x01009344                _Bfree
                0x0100936c                __hi0bits
                0x010093dc                __lo0bits
                0x010094a0                __mcmp
                0x01009500                __ulp
                0x01009580                __b2d
                0x010096a0                __ratio
                0x01009750                _mprec_log10
                0x010097e4                __copybits
                0x0100983c                __any_on
                0x010098c4                _Balloc
                0x01009980                __d2b
                0x01009afc                __mdiff
                0x01009c88                __lshift
                0x01009dd4                __multiply
                0x01009fbc                __i2b
                0x01009ff8                __multadd
                0x0100a0f8                __pow5mult
                0x0100a218                __s2b
 .text          0x0100a338      0x1ec c:/altera/12.0sp2/nios2eds/bin/gnu/h-i686-mingw32/bin/../lib/gcc/nios2-elf/4.1.2/../../../../nios2-elf/lib\libc.a(lib_a-putc.o)
                0x0100a338                putc
                0x0100a43c                _putc_r
 .text          0x0100a524      0x5f4 c:/altera/12.0sp2/nios2eds/bin/gnu/h-i686-mingw32/bin/../lib/gcc/nios2-elf/4.1.2/../../../../nios2-elf/lib\libc.a(lib_a-reallocr.o)
                0x0100a524                _realloc_r
 .text          0x0100ab18       0x40 c:/altera/12.0sp2/nios2eds/bin/gnu/h-i686-mingw32/bin/../lib/gcc/nios2-elf/4.1.2/../../../../nios2-elf/lib\libc.a(lib_a-s_isinfd.o)
                0x0100ab18                __isinfd
 .text          0x0100ab58       0x30 c:/altera/12.0sp2/nios2eds/bin/gnu/h-i686-mingw32/bin/../lib/gcc/nios2-elf/4.1.2/../../../../nios2-elf/lib\libc.a(lib_a-s_isnand.o)
                0x0100ab58                __isnand
 .text          0x0100ab88      0x14c c:/altera/12.0sp2/nios2eds/bin/gnu/h-i686-mingw32/bin/../lib/gcc/nios2-elf/4.1.2/../../../../nios2-elf/lib\libc.a(lib_a-stdio.o)
                0x0100ab88                __sclose
                0x0100ab90                __sseek
                0x0100abf8                __swrite
                0x0100ac74                __sread
 .text          0x0100acd4       0xbc c:/altera/12.0sp2/nios2eds/bin/gnu/h-i686-mingw32/bin/../lib/gcc/nios2-elf/4.1.2/../../../../nios2-elf/lib\libc.a(lib_a-strcmp.o)
                0x0100acd4                strcmp
 .text          0x0100ad90      0x14c c:/altera/12.0sp2/nios2eds/bin/gnu/h-i686-mingw32/bin/../lib/gcc/nios2-elf/4.1.2/../../../../nios2-elf/lib\libc.a(lib_a-wbuf.o)
                0x0100ad90                __swbuf_r
                0x0100aec0                __swbuf
 .text          0x0100aedc       0x78 c:/altera/12.0sp2/nios2eds/bin/gnu/h-i686-mingw32/bin/../lib/gcc/nios2-elf/4.1.2/../../../../nios2-elf/lib\libc.a(lib_a-writer.o)
                0x0100aedc                _write_r
 .text          0x0100af54       0xb4 c:/altera/12.0sp2/nios2eds/bin/gnu/h-i686-mingw32/bin/../lib/gcc/nios2-elf/4.1.2/../../../../nios2-elf/lib\libc.a(lib_a-callocr.o)
                0x0100af54                _calloc_r
 .text          0x0100b008       0x70 c:/altera/12.0sp2/nios2eds/bin/gnu/h-i686-mingw32/bin/../lib/gcc/nios2-elf/4.1.2/../../../../nios2-elf/lib\libc.a(lib_a-closer.o)
                0x0100b008                _close_r
 .text          0x0100b078      0x124 c:/altera/12.0sp2/nios2eds/bin/gnu/h-i686-mingw32/bin/../lib/gcc/nios2-elf/4.1.2/../../../../nios2-elf/lib\libc.a(lib_a-fclose.o)
                0x0100b078                _fclose_r
                0x0100b188                fclose
 .text          0x0100b19c       0x74 c:/altera/12.0sp2/nios2eds/bin/gnu/h-i686-mingw32/bin/../lib/gcc/nios2-elf/4.1.2/../../../../nios2-elf/lib\libc.a(lib_a-fstatr.o)
                0x0100b19c                _fstat_r
 .text          0x0100b210       0x70 c:/altera/12.0sp2/nios2eds/bin/gnu/h-i686-mingw32/bin/../lib/gcc/nios2-elf/4.1.2/../../../../nios2-elf/lib\libc.a(lib_a-isattyr.o)
                0x0100b210                _isatty_r
 .text          0x0100b280       0x78 c:/altera/12.0sp2/nios2eds/bin/gnu/h-i686-mingw32/bin/../lib/gcc/nios2-elf/4.1.2/../../../../nios2-elf/lib\libc.a(lib_a-lseekr.o)
                0x0100b280                _lseek_r
 .text          0x0100b2f8       0x78 c:/altera/12.0sp2/nios2eds/bin/gnu/h-i686-mingw32/bin/../lib/gcc/nios2-elf/4.1.2/../../../../nios2-elf/lib\libc.a(lib_a-readr.o)
                0x0100b2f8                _read_r
 .text          0x0100b370       0x98 c:/altera/12.0sp2/nios2eds/bin/gnu/h-i686-mingw32/bin/../lib/gcc/nios2-elf/4.1.2\libgcc.a(_muldi3.o)
                0x0100b370                __muldi3
 .text          0x0100b408      0x5dc c:/altera/12.0sp2/nios2eds/bin/gnu/h-i686-mingw32/bin/../lib/gcc/nios2-elf/4.1.2\libgcc.a(_udivdi3.o)
                0x0100b408                __udivdi3
 .text          0x0100b9e4      0x5b0 c:/altera/12.0sp2/nios2eds/bin/gnu/h-i686-mingw32/bin/../lib/gcc/nios2-elf/4.1.2\libgcc.a(_umoddi3.o)
                0x0100b9e4                __umoddi3
 .text          0x0100bf94      0x504 c:/altera/12.0sp2/nios2eds/bin/gnu/h-i686-mingw32/bin/../lib/gcc/nios2-elf/4.1.2\libgcc.a(_addsub_df.o)
                0x0100c3a4                __subdf3
                0x0100c424                __adddf3
 .text          0x0100c498      0x3c4 c:/altera/12.0sp2/nios2eds/bin/gnu/h-i686-mingw32/bin/../lib/gcc/nios2-elf/4.1.2\libgcc.a(_mul_df.o)
                0x0100c498                __muldf3
 .text          0x0100c85c      0x258 c:/altera/12.0sp2/nios2eds/bin/gnu/h-i686-mingw32/bin/../lib/gcc/nios2-elf/4.1.2\libgcc.a(_div_df.o)
                0x0100c85c                __divdf3
 .text          0x0100cab4       0x88 c:/altera/12.0sp2/nios2eds/bin/gnu/h-i686-mingw32/bin/../lib/gcc/nios2-elf/4.1.2\libgcc.a(_eq_df.o)
                0x0100cab4                __eqdf2
 .text          0x0100cb3c       0x88 c:/altera/12.0sp2/nios2eds/bin/gnu/h-i686-mingw32/bin/../lib/gcc/nios2-elf/4.1.2\libgcc.a(_ne_df.o)
                0x0100cb3c                __nedf2
 .text          0x0100cbc4       0x88 c:/altera/12.0sp2/nios2eds/bin/gnu/h-i686-mingw32/bin/../lib/gcc/nios2-elf/4.1.2\libgcc.a(_gt_df.o)
                0x0100cbc4                __gtdf2
 .text          0x0100cc4c       0x88 c:/altera/12.0sp2/nios2eds/bin/gnu/h-i686-mingw32/bin/../lib/gcc/nios2-elf/4.1.2\libgcc.a(_ge_df.o)
                0x0100cc4c                __gedf2
 .text          0x0100ccd4       0x88 c:/altera/12.0sp2/nios2eds/bin/gnu/h-i686-mingw32/bin/../lib/gcc/nios2-elf/4.1.2\libgcc.a(_lt_df.o)
                0x0100ccd4                __ltdf2
 .text          0x0100cd5c       0xf8 c:/altera/12.0sp2/nios2eds/bin/gnu/h-i686-mingw32/bin/../lib/gcc/nios2-elf/4.1.2\libgcc.a(_si_to_df.o)
                0x0100cd5c                __floatsidf
 .text          0x0100ce54       0xd8 c:/altera/12.0sp2/nios2eds/bin/gnu/h-i686-mingw32/bin/../lib/gcc/nios2-elf/4.1.2\libgcc.a(_df_to_si.o)
                0x0100ce54                __fixdfsi
 .text          0x0100cf2c        0x0 c:/altera/12.0sp2/nios2eds/bin/gnu/h-i686-mingw32/bin/../lib/gcc/nios2-elf/4.1.2\libgcc.a(_thenan_df.o)
 .text          0x0100cf2c      0x194 c:/altera/12.0sp2/nios2eds/bin/gnu/h-i686-mingw32/bin/../lib/gcc/nios2-elf/4.1.2\libgcc.a(_usi_to_df.o)
                0x0100cf2c                __floatunsidf
 .text          0x0100d0c0      0x14c c:/altera/12.0sp2/nios2eds/bin/gnu/h-i686-mingw32/bin/../lib/gcc/nios2-elf/4.1.2\libgcc.a(lib2-divmod.o)
                0x0100d13c                __divsi3
                0x0100d19c                __modsi3
                0x0100d1fc                __udivsi3
                0x0100d204                __umodsi3
 .text          0x0100d20c        0x0 c:/altera/12.0sp2/nios2eds/bin/gnu/h-i686-mingw32/bin/../lib/gcc/nios2-elf/4.1.2\libgcc.a(_clz.o)
 .text          0x0100d20c       0x80 c:/altera/12.0sp2/nios2eds/bin/gnu/h-i686-mingw32/bin/../lib/gcc/nios2-elf/4.1.2\libgcc.a(_clzsi2.o)
                0x0100d20c                __clzsi2
 .text          0x0100d28c      0x314 c:/altera/12.0sp2/nios2eds/bin/gnu/h-i686-mingw32/bin/../lib/gcc/nios2-elf/4.1.2\libgcc.a(_pack_df.o)
                0x0100d28c                __pack_d
 .text          0x0100d5a0      0x138 c:/altera/12.0sp2/nios2eds/bin/gnu/h-i686-mingw32/bin/../lib/gcc/nios2-elf/4.1.2\libgcc.a(_unpack_df.o)
                0x0100d5a0                __unpack_d
 .text          0x0100d6d8       0xc8 c:/altera/12.0sp2/nios2eds/bin/gnu/h-i686-mingw32/bin/../lib/gcc/nios2-elf/4.1.2\libgcc.a(_fpcmp_parts_df.o)
                0x0100d6d8                __fpcmp_parts_d
 .text          0x0100d7a0       0x94 ../../../../workspace2/NewBSP\libhal_bsp.a(alt_alarm_start.o)
                0x0100d7a0                alt_alarm_start
 .text          0x0100d834       0xf0 ../../../../workspace2/NewBSP\libhal_bsp.a(alt_close.o)
                0x0100d834                close
 .text          0x0100d924        0x8 ../../../../workspace2/NewBSP\libhal_bsp.a(alt_dev.o)
 .text          0x0100d92c        0x0 ../../../../workspace2/NewBSP\libhal_bsp.a(alt_errno.o)
 .text          0x0100d92c       0x90 ../../../../workspace2/NewBSP\libhal_bsp.a(alt_fstat.o)
                0x0100d92c                fstat
 .text          0x0100d9bc       0xc0 ../../../../workspace2/NewBSP\libhal_bsp.a(alt_irq_register.o)
                0x0100d9bc                alt_irq_register
 .text          0x0100da7c        0x0 ../../../../workspace2/NewBSP\libhal_bsp.a(alt_irq_vars.o)
 .text          0x0100da7c       0x84 ../../../../workspace2/NewBSP\libhal_bsp.a(alt_isatty.o)
                0x0100da7c                isatty
 .text          0x0100db00       0xb4 ../../../../workspace2/NewBSP\libhal_bsp.a(alt_load.o)
                0x0100db00                alt_load
 .text          0x0100dbb4       0x9c ../../../../workspace2/NewBSP\libhal_bsp.a(alt_lseek.o)
                0x0100dbb4                lseek
 .text          0x0100dc50       0x60 ../../../../workspace2/NewBSP\libhal_bsp.a(alt_main.o)
                0x0100dc50                alt_main
 .text          0x0100dcb0        0x8 ../../../../workspace2/NewBSP\libhal_bsp.a(alt_malloc_lock.o)
                0x0100dcb0                __malloc_lock
                0x0100dcb4                __malloc_unlock
 .text          0x0100dcb8      0x11c ../../../../workspace2/NewBSP\libhal_bsp.a(alt_read.o)
                0x0100dcb8                read
 .text          0x0100ddd4       0x24 ../../../../workspace2/NewBSP\libhal_bsp.a(alt_release_fd.o)
                0x0100ddd4                alt_release_fd
 .text          0x0100ddf8       0x54 ../../../../workspace2/NewBSP\libhal_bsp.a(alt_sbrk.o)
                0x0100ddf8                sbrk
 .text          0x0100de4c       0xf4 ../../../../workspace2/NewBSP\libhal_bsp.a(alt_tick.o)
                0x0100de4c                alt_alarm_stop
                0x0100de80                alt_tick
 .text          0x0100df40      0x118 ../../../../workspace2/NewBSP\libhal_bsp.a(alt_write.o)
                0x0100df40                write
 .text          0x0100e058      0x234 ../../../../workspace2/NewBSP\libhal_bsp.a(alt_sys_init.o)
                0x0100e058                alt_irq_init
                0x0100e078                alt_sys_init
 .text          0x0100e28c       0x3c ../../../../workspace2/NewBSP\libhal_bsp.a(altera_avalon_jtag_uart_fd.o)
                0x0100e28c                altera_avalon_jtag_uart_ioctl_fd
                0x0100e298                altera_avalon_jtag_uart_close_fd
                0x0100e2a8                altera_avalon_jtag_uart_write_fd
                0x0100e2b8                altera_avalon_jtag_uart_read_fd
 .text          0x0100e2c8      0x20c ../../../../workspace2/NewBSP\libhal_bsp.a(altera_avalon_jtag_uart_init.o)
                0x0100e2c8                altera_avalon_jtag_uart_close
                0x0100e354                altera_avalon_jtag_uart_init
 .text          0x0100e4d4       0x88 ../../../../workspace2/NewBSP\libhal_bsp.a(altera_avalon_jtag_uart_ioctl.o)
                0x0100e4d4                altera_avalon_jtag_uart_ioctl
 .text          0x0100e55c      0x16c ../../../../workspace2/NewBSP\libhal_bsp.a(altera_avalon_jtag_uart_read.o)
                0x0100e55c                altera_avalon_jtag_uart_read
 .text          0x0100e6c8      0x17c ../../../../workspace2/NewBSP\libhal_bsp.a(altera_avalon_jtag_uart_write.o)
                0x0100e6c8                altera_avalon_jtag_uart_write
 .text          0x0100e844       0x6c ../../../../workspace2/NewBSP\libhal_bsp.a(altera_avalon_timer_sc.o)
                0x0100e844                alt_avalon_timer_sc_init
 .text          0x0100e8b0        0x0 ../../../../workspace2/NewBSP\libhal_bsp.a(altera_avalon_timer_vars.o)
 .text          0x0100e8b0      0x284 ../../../../workspace2/NewBSP\libhal_bsp.a(altera_up_avalon_character_lcd.o)
                0x0100e8b0                get_DDRAM_addr
                0x0100e8c8                alt_up_character_lcd_string
                0x0100e8e4                alt_up_character_lcd_write
                0x0100e90c                alt_up_character_lcd_write_fd
                0x0100e92c                alt_up_character_lcd_init
                0x0100e93c                alt_up_character_lcd_send_cmd
                0x0100e94c                alt_up_character_lcd_cursor_blink_on
                0x0100e954                alt_up_character_lcd_cursor_off
                0x0100e95c                alt_up_character_lcd_erase_pos
                0x0100e9c0                alt_up_character_lcd_shift_display
                0x0100ea48                alt_up_character_lcd_shift_cursor
                0x0100ead0                alt_up_character_lcd_set_cursor_pos
                0x0100eb28                alt_up_character_lcd_open_dev
 .text          0x0100eb34      0x38c ../../../../workspace2/NewBSP\libhal_bsp.a(altera_up_avalon_ps2.o)
                0x0100eb34                read_RI_bit
                0x0100eb40                read_RE_bit
                0x0100eb48                read_CE_bit
                0x0100eb54                read_num_bytes_available
                0x0100eb5c                read_data_valid
                0x0100eb68                read_data_byte
                0x0100eb70                alt_up_ps2_open_dev
                0x0100eb7c                alt_up_ps2_clear_fifo
                0x0100ebac                alt_up_ps2_read_data_byte
                0x0100ec04                alt_up_ps2_read_data_byte_timeout
                0x0100ec94                alt_up_ps2_read_fd
                0x0100ecbc                alt_up_ps2_wait_for_ack
                0x0100ed0c                alt_up_ps2_write_data_byte
                0x0100ed4c                alt_up_ps2_write_fd
                0x0100edc0                alt_up_ps2_write_data_byte_with_ack
                0x0100ee00                alt_up_ps2_init
                0x0100ee8c                alt_up_ps2_disable_read_interrupt
                0x0100eea8                alt_up_ps2_enable_read_interrupt
 .text          0x0100eec0      0x134 ../../../../workspace2/NewBSP\libhal_bsp.a(altera_up_avalon_video_character_buffer_with_dma.o)
                0x0100eec0                alt_up_char_buffer_string
                0x0100ef1c                alt_up_char_buffer_draw
                0x0100ef74                alt_up_char_buffer_clear
                0x0100ef98                alt_up_char_buffer_open_dev
                0x0100efa4                alt_up_char_buffer_init
 .text          0x0100eff4      0x9f8 ../../../../workspace2/NewBSP\libhal_bsp.a(altera_up_avalon_video_pixel_buffer_dma.o)
                0x0100eff4                helper_plot_pixel
                0x0100f04c                alt_up_pixel_buffer_dma_draw_line
                0x0100f264                alt_up_pixel_buffer_dma_draw_vline
                0x0100f3dc                alt_up_pixel_buffer_dma_draw_hline
                0x0100f544                alt_up_pixel_buffer_dma_draw_rectangle
                0x0100f610                alt_up_pixel_buffer_dma_draw_box
                0x0100f81c                alt_up_pixel_buffer_dma_clear_screen
                0x0100f8c4                alt_up_pixel_buffer_dma_swap_buffers
                0x0100f8e8                alt_up_pixel_buffer_dma_draw
                0x0100f9a8                alt_up_pixel_buffer_dma_check_swap_buffers_status
                0x0100f9b8                alt_up_pixel_buffer_dma_change_back_buffer_address
                0x0100f9e0                alt_up_pixel_buffer_dma_open_dev
 .text          0x0100f9ec      0x430 ../../../../workspace2/NewBSP\libhal_bsp.a(altera_up_ps2_keyboard.o)
                0x0100f9ec                get_multi_byte_make_code_index
                0x0100fa2c                get_single_byte_make_code_index
                0x0100fa6c                get_next_state
                0x0100fc3c                set_keyboard_rate
                0x0100fc90                reset_keyboard
                0x0100fcfc                decode_scancode
                0x0100fda4                translate_make_code
 .text          0x0100fe1c     0x23c8 ../../../../workspace2/NewBSP\libhal_bsp.a(altera_up_sd_card_avalon_interface.o)
                0x0100fe1c                match_file_record_to_name_ext
                0x0100ff2c                convert_filename_to_name_extension
                0x0100ffdc                copy_file_record_name_to_string
                0x01010064                alt_up_sd_card_set_attributes
                0x0101009c                alt_up_sd_card_get_attributes
                0x010100dc                alt_up_sd_card_is_Present
                0x01010148                alt_up_sd_card_open_dev
                0x010101b4                get_dir_divider_location
                0x01010234                check_file_name_for_FAT16_compliance
                0x01010340                filename_to_upper_case
                0x0101039c                Read_File_Record_At_Offset
                0x010104dc                Write_File_Record_At_Offset
                0x0101065c                Write_Sector_Data
                0x010106ec                Read_Sector_Data
                0x01010794                find_first_empty_record_in_root_directory
                0x01010848                find_first_empty_cluster
                0x0101093c                Check_for_DOS_FAT
                0x01010bdc                Check_for_Master_Boot_Record
                0x01010cac                Look_for_FAT16
                0x01010d54                alt_up_sd_card_is_FAT16
                0x01010db0                mark_cluster
                0x01010e60                get_cluster_flag
                0x01010ee8                alt_up_sd_card_write
                0x0101113c                alt_up_sd_card_read
                0x010112a4                alt_up_sd_card_find_next
                0x0101153c                find_file_in_directory
                0x01011824                get_home_directory_cluster_for_file
                0x01011b3c                alt_up_sd_card_find_first
                0x01011bec                Save_Modified_Sector
                0x01011c08                alt_up_sd_card_fclose
                0x01011d10                find_first_empty_record_in_a_subdirectory
                0x01011e94                create_file
                0x01012040                alt_up_sd_card_fopen
 .text          0x010121e4       0x18 ../../../../workspace2/NewBSP\libhal_bsp.a(alt_dcache_flush_all.o)
                0x010121e4                alt_dcache_flush_all
 .text          0x010121fc       0x7c ../../../../workspace2/NewBSP\libhal_bsp.a(alt_dev_llist_insert.o)
                0x010121fc                alt_dev_llist_insert
 .text          0x01012278       0x4c ../../../../workspace2/NewBSP\libhal_bsp.a(alt_do_ctors.o)
                0x01012278                _do_ctors
 .text          0x010122c4       0x4c ../../../../workspace2/NewBSP\libhal_bsp.a(alt_do_dtors.o)
                0x010122c4                _do_dtors
 .text          0x01012310       0x94 ../../../../workspace2/NewBSP\libhal_bsp.a(alt_find_dev.o)
                0x01012310                alt_find_dev
 .text          0x010123a4        0xc ../../../../workspace2/NewBSP\libhal_bsp.a(alt_icache_flush_all.o)
                0x010123a4                alt_icache_flush_all
 .text          0x010123b0       0xfc ../../../../workspace2/NewBSP\libhal_bsp.a(alt_io_redirect.o)
                0x01012420                alt_io_redirect
 .text          0x010124ac        0x0 ../../../../workspace2/NewBSP\libhal_bsp.a(alt_irq_entry.o)
 .text          0x010124ac        0x0 ../../../../workspace2/NewBSP\libhal_bsp.a(alt_irq_handler.o)
 .text          0x010124ac      0x180 ../../../../workspace2/NewBSP\libhal_bsp.a(alt_open.o)
                0x010124ac                open
 .text          0x0101262c        0x8 ../../../../workspace2/NewBSP\libhal_bsp.a(altera_nios2_qsys_irq.o)
                0x0101262c                altera_nios2_qsys_irq_init
 .text          0x01012634        0x0 ../../../../workspace2/NewBSP\libhal_bsp.a(alt_exception_entry.o)
 .text          0x01012634       0xb0 ../../../../workspace2/NewBSP\libhal_bsp.a(alt_find_file.o)
                0x01012634                alt_find_file
 .text          0x010126e4       0x60 ../../../../workspace2/NewBSP\libhal_bsp.a(alt_get_fd.o)
                0x010126e4                alt_get_fd
 .text          0x01012744       0x38 ../../../../workspace2/NewBSP\libhal_bsp.a(alt_icache_flush.o)
                0x01012744                alt_icache_flush
 .text          0x0101277c       0x14 c:/altera/12.0sp2/nios2eds/bin/gnu/h-i686-mingw32/bin/../lib/gcc/nios2-elf/4.1.2/../../../../nios2-elf/lib\libc.a(lib_a-atexit.o)
                0x0101277c                atexit
 .text          0x01012790       0x38 c:/altera/12.0sp2/nios2eds/bin/gnu/h-i686-mingw32/bin/../lib/gcc/nios2-elf/4.1.2/../../../../nios2-elf/lib\libc.a(lib_a-exit.o)
                0x01012790                exit
 .text          0x010127c8       0x74 c:/altera/12.0sp2/nios2eds/bin/gnu/h-i686-mingw32/bin/../lib/gcc/nios2-elf/4.1.2/../../../../nios2-elf/lib\libc.a(lib_a-memcmp.o)
                0x010127c8                memcmp
 .text          0x0101283c      0x134 c:/altera/12.0sp2/nios2eds/bin/gnu/h-i686-mingw32/bin/../lib/gcc/nios2-elf/4.1.2/../../../../nios2-elf/lib\libc.a(lib_a-__atexit.o)
                0x0101283c                __register_exitproc
 .text          0x01012970      0x1b4 c:/altera/12.0sp2/nios2eds/bin/gnu/h-i686-mingw32/bin/../lib/gcc/nios2-elf/4.1.2/../../../../nios2-elf/lib\libc.a(lib_a-__call_atexit.o)
                0x01012974                __call_exitprocs
 .text          0x01012b24       0x14 ../../../../workspace2/NewBSP\libhal_bsp.a(alt_exit.o)
                0x01012b24                _exit
 *(.gnu.warning.*)
 *(.fini)
                0x01012b38                PROVIDE (__etext, ABSOLUTE (.))
                0x01012b38                PROVIDE (_etext, ABSOLUTE (.))
                0x01012b38                PROVIDE (etext, ABSOLUTE (.))
 *(.eh_frame_hdr)
                0x01012b38                . = ALIGN (0x4)
                0x01012b38                PROVIDE (__preinit_array_start, ABSOLUTE (.))
 *(.preinit_array)
                0x01012b38                PROVIDE (__preinit_array_end, ABSOLUTE (.))
                0x01012b38                PROVIDE (__init_array_start, ABSOLUTE (.))
 *(.init_array)
                0x01012b38                PROVIDE (__init_array_end, ABSOLUTE (.))
                0x01012b38                PROVIDE (__fini_array_start, ABSOLUTE (.))
 *(.fini_array)
                0x01012b38                PROVIDE (__fini_array_end, ABSOLUTE (.))
 *(.eh_frame)
 .eh_frame      0x01012b38       0x40 c:/altera/12.0sp2/nios2eds/bin/gnu/h-i686-mingw32/bin/../lib/gcc/nios2-elf/4.1.2\libgcc.a(_udivdi3.o)
 .eh_frame      0x01012b78       0x2c c:/altera/12.0sp2/nios2eds/bin/gnu/h-i686-mingw32/bin/../lib/gcc/nios2-elf/4.1.2\libgcc.a(_umoddi3.o)
                                 0x40 (size before relaxing)
 *(.gcc_except_table)
 *(.dynamic)
                0x01012ba4                PROVIDE (__CTOR_LIST__, ABSOLUTE (.))
 *(.ctors)
 *(SORT(.ctors.*))
 .ctors.65535   0x01012ba4        0x4 c:/altera/12.0sp2/nios2eds/bin/gnu/h-i686-mingw32/bin/../lib/gcc/nios2-elf/4.1.2/../../../../nios2-elf/lib\libc.a(lib_a-__call_atexit.o)
                0x01012ba8                PROVIDE (__CTOR_END__, ABSOLUTE (.))
                0x01012ba8                PROVIDE (__DTOR_LIST__, ABSOLUTE (.))
 *(.dtors)
 *(SORT(.dtors.*))
                0x01012ba8                PROVIDE (__DTOR_END__, ABSOLUTE (.))
 *(.jcr)
                0x01012ba8                . = ALIGN (0x4)

.rodata         0x01012ba8      0x76c
                0x01012ba8                PROVIDE (__ram_rodata_start, ABSOLUTE (.))
                0x01012ba8                . = ALIGN (0x4)
 *(.rodata .rodata.* .gnu.linkonce.r.*)
 .rodata        0x01012ba8       0x80 obj/default/DrawMain.o
 .rodata        0x01012c28       0x44 obj/default/drawBg.o
 .rodata        0x01012c6c       0x18 obj/default/sdcard.o
 .rodata        0x01012c84       0x84 obj/default/wk_kb.o
 .rodata        0x01012d08       0x20 obj/default/wk_lcd.o
 .rodata        0x01012d28       0x28 obj/default/wk_video.o
 .rodata.str1.4
                0x01012d50        0x2 c:/altera/12.0sp2/nios2eds/bin/gnu/h-i686-mingw32/bin/../lib/gcc/nios2-elf/4.1.2/../../../../nios2-elf/lib\libc.a(lib_a-puts.o)
                                  0x4 (size before relaxing)
 *fill*         0x01012d52        0x2 00
 .rodata.str1.4
                0x01012d54       0x5e c:/altera/12.0sp2/nios2eds/bin/gnu/h-i686-mingw32/bin/../lib/gcc/nios2-elf/4.1.2/../../../../nios2-elf/lib\libc.a(lib_a-vfprintf.o)
                                 0x60 (size before relaxing)
 .rodata        0x01012db2       0x20 c:/altera/12.0sp2/nios2eds/bin/gnu/h-i686-mingw32/bin/../lib/gcc/nios2-elf/4.1.2/../../../../nios2-elf/lib\libc.a(lib_a-vfprintf.o)
 *fill*         0x01012dd2        0x2 00
 .rodata.str1.4
                0x01012dd4       0x10 c:/altera/12.0sp2/nios2eds/bin/gnu/h-i686-mingw32/bin/../lib/gcc/nios2-elf/4.1.2/../../../../nios2-elf/lib\libc.a(lib_a-dtoa.o)
                                 0x14 (size before relaxing)
 .rodata.str1.4
                0x01012de4        0x2 c:/altera/12.0sp2/nios2eds/bin/gnu/h-i686-mingw32/bin/../lib/gcc/nios2-elf/4.1.2/../../../../nios2-elf/lib\libc.a(lib_a-impure.o)
                                  0x4 (size before relaxing)
 *fill*         0x01012de6        0x2 00
 .rodata.str1.4
                0x01012de8        0xf c:/altera/12.0sp2/nios2eds/bin/gnu/h-i686-mingw32/bin/../lib/gcc/nios2-elf/4.1.2/../../../../nios2-elf/lib\libc.a(lib_a-locale.o)
                                 0x18 (size before relaxing)
 *fill*         0x01012df7        0x1 00
 .rodata        0x01012df8       0x30 c:/altera/12.0sp2/nios2eds/bin/gnu/h-i686-mingw32/bin/../lib/gcc/nios2-elf/4.1.2/../../../../nios2-elf/lib\libc.a(lib_a-locale.o)
 .rodata        0x01012e28      0x124 c:/altera/12.0sp2/nios2eds/bin/gnu/h-i686-mingw32/bin/../lib/gcc/nios2-elf/4.1.2/../../../../nios2-elf/lib\libc.a(lib_a-mprec.o)
                0x01012e28                __mprec_tens
                0x01012ef0                __mprec_bigtens
                0x01012f18                __mprec_tinytens
 .rodata        0x01012f4c       0x14 c:/altera/12.0sp2/nios2eds/bin/gnu/h-i686-mingw32/bin/../lib/gcc/nios2-elf/4.1.2\libgcc.a(_thenan_df.o)
                0x01012f4c                __thenan_df
 .rodata        0x01012f60      0x100 c:/altera/12.0sp2/nios2eds/bin/gnu/h-i686-mingw32/bin/../lib/gcc/nios2-elf/4.1.2\libgcc.a(_clz.o)
                0x01012f60                __clz_tab
 .rodata.str1.4
                0x01013060        0xa ../../../../workspace2/NewBSP\libhal_bsp.a(alt_dev.o)
                                  0xc (size before relaxing)
 *fill*         0x0101306a        0x2 00
 .rodata.str1.4
                0x0101306c        0xf ../../../../workspace2/NewBSP\libhal_bsp.a(alt_main.o)
                                 0x10 (size before relaxing)
 *fill*         0x0101307b        0x1 00
 .rodata.str1.4
                0x0101307c       0x81 ../../../../workspace2/NewBSP\libhal_bsp.a(alt_sys_init.o)
                                 0x94 (size before relaxing)
 .rodata.str1.4
                0x00000000       0x81 ../../../../workspace2/NewBSP\libhal_bsp.a(altera_up_avalon_video_character_buffer_with_dma.o)
                                 0x1c (size before relaxing)
 *fill*         0x010130fd        0x3 00
 .rodata.str1.4
                0x01013100      0x214 ../../../../workspace2/NewBSP\libhal_bsp.a(altera_up_ps2_keyboard.o)
                                0x238 (size before relaxing)
 *(.rodata1)
                0x01013314                . = ALIGN (0x4)
                0x01013314                PROVIDE (__ram_rodata_end, ABSOLUTE (.))
                0x01012ba8                PROVIDE (__flash_rodata_start, LOADADDR (.rodata))

.rwdata         0x01013314     0x1ebc load address 0x010151d0
                0x01013314                PROVIDE (__ram_rwdata_start, ABSOLUTE (.))
                0x01013314                . = ALIGN (0x4)
 *(.got.plt)
 *(.got)
 *(.data1)
 *(.data .data.* .gnu.linkonce.d.*)
 .data          0x01013314        0x0 ../../../../workspace2/NewBSP/obj/HAL/src/crt0.o
 .data          0x01013314        0x0 obj/default/DrawMain.o
 .data          0x01013314        0x0 obj/default/bitmap.o
 .data          0x01013314        0x0 obj/default/drawBg.o
 .data          0x01013314        0x0 obj/default/sdcard.o
 .data          0x01013314        0x0 obj/default/wk_io.o
 .data          0x01013314        0x0 obj/default/wk_kb.o
 .data          0x01013314        0x0 obj/default/wk_lcd.o
 .data          0x01013314        0x0 obj/default/wk_video.o
 .data          0x01013314        0x0 c:/altera/12.0sp2/nios2eds/bin/gnu/h-i686-mingw32/bin/../lib/gcc/nios2-elf/4.1.2/../../../../nios2-elf/lib\libc.a(lib_a-malloc.o)
 .data          0x01013314      0x408 c:/altera/12.0sp2/nios2eds/bin/gnu/h-i686-mingw32/bin/../lib/gcc/nios2-elf/4.1.2/../../../../nios2-elf/lib\libc.a(lib_a-mallocr.o)
                0x01013314                __malloc_av_
 .data          0x0101371c        0x0 c:/altera/12.0sp2/nios2eds/bin/gnu/h-i686-mingw32/bin/../lib/gcc/nios2-elf/4.1.2/../../../../nios2-elf/lib\libc.a(lib_a-memcpy.o)
 .data          0x0101371c        0x0 c:/altera/12.0sp2/nios2eds/bin/gnu/h-i686-mingw32/bin/../lib/gcc/nios2-elf/4.1.2/../../../../nios2-elf/lib\libc.a(lib_a-memset.o)
 .data          0x0101371c        0x0 c:/altera/12.0sp2/nios2eds/bin/gnu/h-i686-mingw32/bin/../lib/gcc/nios2-elf/4.1.2/../../../../nios2-elf/lib\libc.a(lib_a-printf.o)
 .data          0x0101371c        0x0 c:/altera/12.0sp2/nios2eds/bin/gnu/h-i686-mingw32/bin/../lib/gcc/nios2-elf/4.1.2/../../../../nios2-elf/lib\libc.a(lib_a-putchar.o)
 .data          0x0101371c        0x0 c:/altera/12.0sp2/nios2eds/bin/gnu/h-i686-mingw32/bin/../lib/gcc/nios2-elf/4.1.2/../../../../nios2-elf/lib\libc.a(lib_a-puts.o)
 .data          0x0101371c        0x0 c:/altera/12.0sp2/nios2eds/bin/gnu/h-i686-mingw32/bin/../lib/gcc/nios2-elf/4.1.2/../../../../nios2-elf/lib\libc.a(lib_a-rand.o)
 .data          0x0101371c        0x0 c:/altera/12.0sp2/nios2eds/bin/gnu/h-i686-mingw32/bin/../lib/gcc/nios2-elf/4.1.2/../../../../nios2-elf/lib\libc.a(lib_a-sbrkr.o)
 .data          0x0101371c        0x0 c:/altera/12.0sp2/nios2eds/bin/gnu/h-i686-mingw32/bin/../lib/gcc/nios2-elf/4.1.2/../../../../nios2-elf/lib\libc.a(lib_a-sprintf.o)
 .data          0x0101371c        0x0 c:/altera/12.0sp2/nios2eds/bin/gnu/h-i686-mingw32/bin/../lib/gcc/nios2-elf/4.1.2/../../../../nios2-elf/lib\libc.a(lib_a-strcat.o)
 .data          0x0101371c        0x0 c:/altera/12.0sp2/nios2eds/bin/gnu/h-i686-mingw32/bin/../lib/gcc/nios2-elf/4.1.2/../../../../nios2-elf/lib\libc.a(lib_a-strcpy.o)
 .data          0x0101371c        0x0 c:/altera/12.0sp2/nios2eds/bin/gnu/h-i686-mingw32/bin/../lib/gcc/nios2-elf/4.1.2/../../../../nios2-elf/lib\libc.a(lib_a-strlen.o)
 .data          0x0101371c        0x0 c:/altera/12.0sp2/nios2eds/bin/gnu/h-i686-mingw32/bin/../lib/gcc/nios2-elf/4.1.2/../../../../nios2-elf/lib\libc.a(lib_a-vfprintf.o)
 .data          0x0101371c        0x0 c:/altera/12.0sp2/nios2eds/bin/gnu/h-i686-mingw32/bin/../lib/gcc/nios2-elf/4.1.2/../../../../nios2-elf/lib\libc.a(lib_a-wsetup.o)
 .data          0x0101371c        0x0 c:/altera/12.0sp2/nios2eds/bin/gnu/h-i686-mingw32/bin/../lib/gcc/nios2-elf/4.1.2/../../../../nios2-elf/lib\libc.a(lib_a-dtoa.o)
 .data          0x0101371c        0x0 c:/altera/12.0sp2/nios2eds/bin/gnu/h-i686-mingw32/bin/../lib/gcc/nios2-elf/4.1.2/../../../../nios2-elf/lib\libc.a(lib_a-fflush.o)
 .data          0x0101371c        0x0 c:/altera/12.0sp2/nios2eds/bin/gnu/h-i686-mingw32/bin/../lib/gcc/nios2-elf/4.1.2/../../../../nios2-elf/lib\libc.a(lib_a-findfp.o)
 .data          0x0101371c        0x0 c:/altera/12.0sp2/nios2eds/bin/gnu/h-i686-mingw32/bin/../lib/gcc/nios2-elf/4.1.2/../../../../nios2-elf/lib\libc.a(lib_a-freer.o)
 .data          0x0101371c        0x0 c:/altera/12.0sp2/nios2eds/bin/gnu/h-i686-mingw32/bin/../lib/gcc/nios2-elf/4.1.2/../../../../nios2-elf/lib\libc.a(lib_a-fvwrite.o)
 .data          0x0101371c        0x0 c:/altera/12.0sp2/nios2eds/bin/gnu/h-i686-mingw32/bin/../lib/gcc/nios2-elf/4.1.2/../../../../nios2-elf/lib\libc.a(lib_a-fwalk.o)
 .data          0x0101371c      0x400 c:/altera/12.0sp2/nios2eds/bin/gnu/h-i686-mingw32/bin/../lib/gcc/nios2-elf/4.1.2/../../../../nios2-elf/lib\libc.a(lib_a-impure.o)
 .data          0x01013b1c        0x0 c:/altera/12.0sp2/nios2eds/bin/gnu/h-i686-mingw32/bin/../lib/gcc/nios2-elf/4.1.2/../../../../nios2-elf/lib\libc.a(lib_a-int_errno.o)
 .data          0x01013b1c        0xc c:/altera/12.0sp2/nios2eds/bin/gnu/h-i686-mingw32/bin/../lib/gcc/nios2-elf/4.1.2/../../../../nios2-elf/lib\libc.a(lib_a-locale.o)
                0x01013b1c                __lc_ctype
 .data          0x01013b28        0x0 c:/altera/12.0sp2/nios2eds/bin/gnu/h-i686-mingw32/bin/../lib/gcc/nios2-elf/4.1.2/../../../../nios2-elf/lib\libc.a(lib_a-makebuf.o)
 .data          0x01013b28        0x0 c:/altera/12.0sp2/nios2eds/bin/gnu/h-i686-mingw32/bin/../lib/gcc/nios2-elf/4.1.2/../../../../nios2-elf/lib\libc.a(lib_a-memchr.o)
 .data          0x01013b28        0x0 c:/altera/12.0sp2/nios2eds/bin/gnu/h-i686-mingw32/bin/../lib/gcc/nios2-elf/4.1.2/../../../../nios2-elf/lib\libc.a(lib_a-memmove.o)
 .data          0x01013b28        0x0 c:/altera/12.0sp2/nios2eds/bin/gnu/h-i686-mingw32/bin/../lib/gcc/nios2-elf/4.1.2/../../../../nios2-elf/lib\libc.a(lib_a-mprec.o)
 .data          0x01013b28        0x0 c:/altera/12.0sp2/nios2eds/bin/gnu/h-i686-mingw32/bin/../lib/gcc/nios2-elf/4.1.2/../../../../nios2-elf/lib\libc.a(lib_a-putc.o)
 .data          0x01013b28        0x0 c:/altera/12.0sp2/nios2eds/bin/gnu/h-i686-mingw32/bin/../lib/gcc/nios2-elf/4.1.2/../../../../nios2-elf/lib\libc.a(lib_a-reallocr.o)
 .data          0x01013b28        0x0 c:/altera/12.0sp2/nios2eds/bin/gnu/h-i686-mingw32/bin/../lib/gcc/nios2-elf/4.1.2/../../../../nios2-elf/lib\libc.a(lib_a-s_isinfd.o)
 .data          0x01013b28        0x0 c:/altera/12.0sp2/nios2eds/bin/gnu/h-i686-mingw32/bin/../lib/gcc/nios2-elf/4.1.2/../../../../nios2-elf/lib\libc.a(lib_a-s_isnand.o)
 .data          0x01013b28        0x0 c:/altera/12.0sp2/nios2eds/bin/gnu/h-i686-mingw32/bin/../lib/gcc/nios2-elf/4.1.2/../../../../nios2-elf/lib\libc.a(lib_a-stdio.o)
 .data          0x01013b28        0x0 c:/altera/12.0sp2/nios2eds/bin/gnu/h-i686-mingw32/bin/../lib/gcc/nios2-elf/4.1.2/../../../../nios2-elf/lib\libc.a(lib_a-strcmp.o)
 .data          0x01013b28        0x0 c:/altera/12.0sp2/nios2eds/bin/gnu/h-i686-mingw32/bin/../lib/gcc/nios2-elf/4.1.2/../../../../nios2-elf/lib\libc.a(lib_a-wbuf.o)
 .data          0x01013b28        0x0 c:/altera/12.0sp2/nios2eds/bin/gnu/h-i686-mingw32/bin/../lib/gcc/nios2-elf/4.1.2/../../../../nios2-elf/lib\libc.a(lib_a-writer.o)
 .data          0x01013b28        0x0 c:/altera/12.0sp2/nios2eds/bin/gnu/h-i686-mingw32/bin/../lib/gcc/nios2-elf/4.1.2/../../../../nios2-elf/lib\libc.a(lib_a-callocr.o)
 .data          0x01013b28        0x0 c:/altera/12.0sp2/nios2eds/bin/gnu/h-i686-mingw32/bin/../lib/gcc/nios2-elf/4.1.2/../../../../nios2-elf/lib\libc.a(lib_a-closer.o)
 .data          0x01013b28        0x0 c:/altera/12.0sp2/nios2eds/bin/gnu/h-i686-mingw32/bin/../lib/gcc/nios2-elf/4.1.2/../../../../nios2-elf/lib\libc.a(lib_a-fclose.o)
 .data          0x01013b28        0x0 c:/altera/12.0sp2/nios2eds/bin/gnu/h-i686-mingw32/bin/../lib/gcc/nios2-elf/4.1.2/../../../../nios2-elf/lib\libc.a(lib_a-fstatr.o)
 .data          0x01013b28        0x0 c:/altera/12.0sp2/nios2eds/bin/gnu/h-i686-mingw32/bin/../lib/gcc/nios2-elf/4.1.2/../../../../nios2-elf/lib\libc.a(lib_a-isattyr.o)
 .data          0x01013b28        0x0 c:/altera/12.0sp2/nios2eds/bin/gnu/h-i686-mingw32/bin/../lib/gcc/nios2-elf/4.1.2/../../../../nios2-elf/lib\libc.a(lib_a-lseekr.o)
 .data          0x01013b28        0x0 c:/altera/12.0sp2/nios2eds/bin/gnu/h-i686-mingw32/bin/../lib/gcc/nios2-elf/4.1.2/../../../../nios2-elf/lib\libc.a(lib_a-readr.o)
 .data          0x01013b28        0x0 c:/altera/12.0sp2/nios2eds/bin/gnu/h-i686-mingw32/bin/../lib/gcc/nios2-elf/4.1.2\libgcc.a(_muldi3.o)
 .data          0x01013b28        0x0 c:/altera/12.0sp2/nios2eds/bin/gnu/h-i686-mingw32/bin/../lib/gcc/nios2-elf/4.1.2\libgcc.a(_udivdi3.o)
 .data          0x01013b28        0x0 c:/altera/12.0sp2/nios2eds/bin/gnu/h-i686-mingw32/bin/../lib/gcc/nios2-elf/4.1.2\libgcc.a(_umoddi3.o)
 .data          0x01013b28        0x0 c:/altera/12.0sp2/nios2eds/bin/gnu/h-i686-mingw32/bin/../lib/gcc/nios2-elf/4.1.2\libgcc.a(_addsub_df.o)
 .data          0x01013b28        0x0 c:/altera/12.0sp2/nios2eds/bin/gnu/h-i686-mingw32/bin/../lib/gcc/nios2-elf/4.1.2\libgcc.a(_mul_df.o)
 .data          0x01013b28        0x0 c:/altera/12.0sp2/nios2eds/bin/gnu/h-i686-mingw32/bin/../lib/gcc/nios2-elf/4.1.2\libgcc.a(_div_df.o)
 .data          0x01013b28        0x0 c:/altera/12.0sp2/nios2eds/bin/gnu/h-i686-mingw32/bin/../lib/gcc/nios2-elf/4.1.2\libgcc.a(_eq_df.o)
 .data          0x01013b28        0x0 c:/altera/12.0sp2/nios2eds/bin/gnu/h-i686-mingw32/bin/../lib/gcc/nios2-elf/4.1.2\libgcc.a(_ne_df.o)
 .data          0x01013b28        0x0 c:/altera/12.0sp2/nios2eds/bin/gnu/h-i686-mingw32/bin/../lib/gcc/nios2-elf/4.1.2\libgcc.a(_gt_df.o)
 .data          0x01013b28        0x0 c:/altera/12.0sp2/nios2eds/bin/gnu/h-i686-mingw32/bin/../lib/gcc/nios2-elf/4.1.2\libgcc.a(_ge_df.o)
 .data          0x01013b28        0x0 c:/altera/12.0sp2/nios2eds/bin/gnu/h-i686-mingw32/bin/../lib/gcc/nios2-elf/4.1.2\libgcc.a(_lt_df.o)
 .data          0x01013b28        0x0 c:/altera/12.0sp2/nios2eds/bin/gnu/h-i686-mingw32/bin/../lib/gcc/nios2-elf/4.1.2\libgcc.a(_si_to_df.o)
 .data          0x01013b28        0x0 c:/altera/12.0sp2/nios2eds/bin/gnu/h-i686-mingw32/bin/../lib/gcc/nios2-elf/4.1.2\libgcc.a(_df_to_si.o)
 .data          0x01013b28        0x0 c:/altera/12.0sp2/nios2eds/bin/gnu/h-i686-mingw32/bin/../lib/gcc/nios2-elf/4.1.2\libgcc.a(_thenan_df.o)
 .data          0x01013b28        0x0 c:/altera/12.0sp2/nios2eds/bin/gnu/h-i686-mingw32/bin/../lib/gcc/nios2-elf/4.1.2\libgcc.a(_usi_to_df.o)
 .data          0x01013b28        0x0 c:/altera/12.0sp2/nios2eds/bin/gnu/h-i686-mingw32/bin/../lib/gcc/nios2-elf/4.1.2\libgcc.a(lib2-divmod.o)
 .data          0x01013b28        0x0 c:/altera/12.0sp2/nios2eds/bin/gnu/h-i686-mingw32/bin/../lib/gcc/nios2-elf/4.1.2\libgcc.a(_clz.o)
 .data          0x01013b28        0x0 c:/altera/12.0sp2/nios2eds/bin/gnu/h-i686-mingw32/bin/../lib/gcc/nios2-elf/4.1.2\libgcc.a(_clzsi2.o)
 .data          0x01013b28        0x0 c:/altera/12.0sp2/nios2eds/bin/gnu/h-i686-mingw32/bin/../lib/gcc/nios2-elf/4.1.2\libgcc.a(_pack_df.o)
 .data          0x01013b28        0x0 c:/altera/12.0sp2/nios2eds/bin/gnu/h-i686-mingw32/bin/../lib/gcc/nios2-elf/4.1.2\libgcc.a(_unpack_df.o)
 .data          0x01013b28        0x0 c:/altera/12.0sp2/nios2eds/bin/gnu/h-i686-mingw32/bin/../lib/gcc/nios2-elf/4.1.2\libgcc.a(_fpcmp_parts_df.o)
 .data          0x01013b28        0x0 ../../../../workspace2/NewBSP\libhal_bsp.a(alt_alarm_start.o)
 .data          0x01013b28        0x0 ../../../../workspace2/NewBSP\libhal_bsp.a(alt_close.o)
 .data          0x01013b28      0x1a8 ../../../../workspace2/NewBSP\libhal_bsp.a(alt_dev.o)
                0x01013b28                alt_dev_null
                0x01013b50                alt_fd_list
 .data          0x01013cd0        0x0 ../../../../workspace2/NewBSP\libhal_bsp.a(alt_errno.o)
 .data          0x01013cd0        0x0 ../../../../workspace2/NewBSP\libhal_bsp.a(alt_fstat.o)
 .data          0x01013cd0        0x0 ../../../../workspace2/NewBSP\libhal_bsp.a(alt_irq_register.o)
 .data          0x01013cd0        0x0 ../../../../workspace2/NewBSP\libhal_bsp.a(alt_irq_vars.o)
 .data          0x01013cd0        0x0 ../../../../workspace2/NewBSP\libhal_bsp.a(alt_isatty.o)
 .data          0x01013cd0        0x0 ../../../../workspace2/NewBSP\libhal_bsp.a(alt_load.o)
 .data          0x01013cd0        0x0 ../../../../workspace2/NewBSP\libhal_bsp.a(alt_lseek.o)
 .data          0x01013cd0        0x0 ../../../../workspace2/NewBSP\libhal_bsp.a(alt_main.o)
 .data          0x01013cd0        0x0 ../../../../workspace2/NewBSP\libhal_bsp.a(alt_malloc_lock.o)
 .data          0x01013cd0        0x0 ../../../../workspace2/NewBSP\libhal_bsp.a(alt_read.o)
 .data          0x01013cd0        0x0 ../../../../workspace2/NewBSP\libhal_bsp.a(alt_release_fd.o)
 .data          0x01013cd0        0x0 ../../../../workspace2/NewBSP\libhal_bsp.a(alt_sbrk.o)
 .data          0x01013cd0        0x0 ../../../../workspace2/NewBSP\libhal_bsp.a(alt_tick.o)
 .data          0x01013cd0        0x0 ../../../../workspace2/NewBSP\libhal_bsp.a(alt_write.o)
 .data          0x01013cd0     0x11ec ../../../../workspace2/NewBSP\libhal_bsp.a(alt_sys_init.o)
 .data          0x01014ebc        0x0 ../../../../workspace2/NewBSP\libhal_bsp.a(altera_avalon_jtag_uart_fd.o)
 .data          0x01014ebc        0x0 ../../../../workspace2/NewBSP\libhal_bsp.a(altera_avalon_jtag_uart_init.o)
 .data          0x01014ebc        0x0 ../../../../workspace2/NewBSP\libhal_bsp.a(altera_avalon_jtag_uart_ioctl.o)
 .data          0x01014ebc        0x0 ../../../../workspace2/NewBSP\libhal_bsp.a(altera_avalon_jtag_uart_read.o)
 .data          0x01014ebc        0x0 ../../../../workspace2/NewBSP\libhal_bsp.a(altera_avalon_jtag_uart_write.o)
 .data          0x01014ebc        0x0 ../../../../workspace2/NewBSP\libhal_bsp.a(altera_avalon_timer_sc.o)
 .data          0x01014ebc        0x0 ../../../../workspace2/NewBSP\libhal_bsp.a(altera_avalon_timer_vars.o)
 .data          0x01014ebc        0x0 ../../../../workspace2/NewBSP\libhal_bsp.a(altera_up_avalon_character_lcd.o)
 .data          0x01014ebc        0x0 ../../../../workspace2/NewBSP\libhal_bsp.a(altera_up_avalon_ps2.o)
 .data          0x01014ebc        0x0 ../../../../workspace2/NewBSP\libhal_bsp.a(altera_up_avalon_video_character_buffer_with_dma.o)
 .data          0x01014ebc        0x0 ../../../../workspace2/NewBSP\libhal_bsp.a(altera_up_avalon_video_pixel_buffer_dma.o)
 .data          0x01014ebc      0x2cc ../../../../workspace2/NewBSP\libhal_bsp.a(altera_up_ps2_keyboard.o)
                0x01014ebc                key_table
                0x01015054                ascii_codes
                0x010150ba                single_byte_make_code
                0x01015120                multi_byte_make_code
 .data          0x01015188        0x0 ../../../../workspace2/NewBSP\libhal_bsp.a(altera_up_sd_card_avalon_interface.o)
 .data          0x01015188        0x0 ../../../../workspace2/NewBSP\libhal_bsp.a(alt_dcache_flush_all.o)
 .data          0x01015188        0x0 ../../../../workspace2/NewBSP\libhal_bsp.a(alt_dev_llist_insert.o)
 .data          0x01015188        0x0 ../../../../workspace2/NewBSP\libhal_bsp.a(alt_do_ctors.o)
 .data          0x01015188        0x0 ../../../../workspace2/NewBSP\libhal_bsp.a(alt_do_dtors.o)
 .data          0x01015188        0x0 ../../../../workspace2/NewBSP\libhal_bsp.a(alt_find_dev.o)
 .data          0x01015188        0x0 ../../../../workspace2/NewBSP\libhal_bsp.a(alt_icache_flush_all.o)
 .data          0x01015188        0x0 ../../../../workspace2/NewBSP\libhal_bsp.a(alt_io_redirect.o)
 .data          0x01015188        0x0 ../../../../workspace2/NewBSP\libhal_bsp.a(alt_irq_entry.o)
 .data          0x01015188        0x0 ../../../../workspace2/NewBSP\libhal_bsp.a(alt_irq_handler.o)
 .data          0x01015188        0x0 ../../../../workspace2/NewBSP\libhal_bsp.a(alt_open.o)
 .data          0x01015188        0x0 ../../../../workspace2/NewBSP\libhal_bsp.a(altera_nios2_qsys_irq.o)
 .data          0x01015188        0x0 ../../../../workspace2/NewBSP\libhal_bsp.a(alt_exception_entry.o)
 .data          0x01015188        0x0 ../../../../workspace2/NewBSP\libhal_bsp.a(alt_find_file.o)
 .data          0x01015188        0x0 ../../../../workspace2/NewBSP\libhal_bsp.a(alt_get_fd.o)
 .data          0x01015188        0x0 ../../../../workspace2/NewBSP\libhal_bsp.a(alt_icache_flush.o)
 .data          0x01015188        0x0 c:/altera/12.0sp2/nios2eds/bin/gnu/h-i686-mingw32/bin/../lib/gcc/nios2-elf/4.1.2/../../../../nios2-elf/lib\libc.a(lib_a-atexit.o)
 .data          0x01015188        0x0 c:/altera/12.0sp2/nios2eds/bin/gnu/h-i686-mingw32/bin/../lib/gcc/nios2-elf/4.1.2/../../../../nios2-elf/lib\libc.a(lib_a-exit.o)
 .data          0x01015188        0x0 c:/altera/12.0sp2/nios2eds/bin/gnu/h-i686-mingw32/bin/../lib/gcc/nios2-elf/4.1.2/../../../../nios2-elf/lib\libc.a(lib_a-memcmp.o)
 .data          0x01015188        0x0 c:/altera/12.0sp2/nios2eds/bin/gnu/h-i686-mingw32/bin/../lib/gcc/nios2-elf/4.1.2/../../../../nios2-elf/lib\libc.a(lib_a-__atexit.o)
 .data          0x01015188        0x0 c:/altera/12.0sp2/nios2eds/bin/gnu/h-i686-mingw32/bin/../lib/gcc/nios2-elf/4.1.2/../../../../nios2-elf/lib\libc.a(lib_a-__call_atexit.o)
 .data          0x01015188        0x0 ../../../../workspace2/NewBSP\libhal_bsp.a(alt_exit.o)
                0x0101d188                _gp = ABSOLUTE ((. + 0x8000))
                0x0101d188                PROVIDE (gp, _gp)
 *(.rwdata .rwdata.*)
 *(.sdata .sdata.* .gnu.linkonce.s.*)
 .sdata         0x01015188        0x8 obj/default/drawBg.o
                0x01015188                option1
                0x0101518c                option2
 .sdata         0x01015190        0x8 c:/altera/12.0sp2/nios2eds/bin/gnu/h-i686-mingw32/bin/../lib/gcc/nios2-elf/4.1.2/../../../../nios2-elf/lib\libc.a(lib_a-mallocr.o)
                0x01015190                __malloc_trim_threshold
                0x01015194                __malloc_sbrk_base
 .sdata         0x01015198        0x8 c:/altera/12.0sp2/nios2eds/bin/gnu/h-i686-mingw32/bin/../lib/gcc/nios2-elf/4.1.2/../../../../nios2-elf/lib\libc.a(lib_a-impure.o)
                0x01015198                _impure_ptr
                0x0101519c                _global_impure_ptr
 .sdata         0x010151a0        0x8 c:/altera/12.0sp2/nios2eds/bin/gnu/h-i686-mingw32/bin/../lib/gcc/nios2-elf/4.1.2/../../../../nios2-elf/lib\libc.a(lib_a-locale.o)
                0x010151a0                __mb_cur_max
 .sdata         0x010151a8       0x14 ../../../../workspace2/NewBSP\libhal_bsp.a(alt_dev.o)
                0x010151a8                alt_fs_list
                0x010151b0                alt_dev_list
                0x010151b8                alt_max_fd
 .sdata         0x010151bc        0x4 ../../../../workspace2/NewBSP\libhal_bsp.a(alt_errno.o)
                0x010151bc                alt_errno
 .sdata         0x010151c0        0x4 ../../../../workspace2/NewBSP\libhal_bsp.a(alt_irq_vars.o)
                0x010151c0                alt_priority_mask
 .sdata         0x010151c4        0x4 ../../../../workspace2/NewBSP\libhal_bsp.a(alt_sbrk.o)
 .sdata         0x010151c8        0x8 ../../../../workspace2/NewBSP\libhal_bsp.a(alt_tick.o)
                0x010151c8                alt_alarm_list
 *(.sdata2 .sdata2.* .gnu.linkonce.s2.*)
                0x010151d0                . = ALIGN (0x4)
                0x010151d0                _edata = ABSOLUTE (.)
                0x010151d0                PROVIDE (edata, ABSOLUTE (.))
                0x010151d0                PROVIDE (__ram_rwdata_end, ABSOLUTE (.))
                0x010151d0                PROVIDE (__flash_rwdata_start, LOADADDR (.rwdata))

.bss            0x0101708c      0x8bc
                0x0101708c                __bss_start = ABSOLUTE (.)
                0x0101708c                PROVIDE (__sbss_start, ABSOLUTE (.))
                0x0101708c                PROVIDE (___sbss_start, ABSOLUTE (.))
 *(.dynsbss)
 *(.sbss .sbss.* .gnu.linkonce.sb.*)
 .sbss          0x0101708c        0xc obj/default/DrawMain.o
                0x0101708c                movchar
                0x01017090                scrollRate
                0x01017094                kb
 .sbss          0x01017098        0xc c:/altera/12.0sp2/nios2eds/bin/gnu/h-i686-mingw32/bin/../lib/gcc/nios2-elf/4.1.2/../../../../nios2-elf/lib\libc.a(lib_a-mallocr.o)
                0x01017098                __malloc_top_pad
                0x0101709c                __malloc_max_sbrked_mem
                0x010170a0                __malloc_max_total_mem
 .sbss          0x010170a4        0x4 c:/altera/12.0sp2/nios2eds/bin/gnu/h-i686-mingw32/bin/../lib/gcc/nios2-elf/4.1.2/../../../../nios2-elf/lib\libc.a(lib_a-int_errno.o)
                0x010170a4                errno
 .sbss          0x010170a8        0xc c:/altera/12.0sp2/nios2eds/bin/gnu/h-i686-mingw32/bin/../lib/gcc/nios2-elf/4.1.2/../../../../nios2-elf/lib\libc.a(lib_a-locale.o)
                0x010170a8                __nlocale_changed
                0x010170ac                __mlocale_changed
                0x010170b0                _PathLocale
 .sbss          0x010170b4        0x4 ../../../../workspace2/NewBSP\libhal_bsp.a(alt_irq_vars.o)
                0x010170b4                alt_irq_active
 .sbss          0x010170b8        0xc ../../../../workspace2/NewBSP\libhal_bsp.a(alt_main.o)
                0x010170b8                alt_argc
                0x010170bc                alt_argv
                0x010170c0                alt_envp
 .sbss          0x010170c4        0x8 ../../../../workspace2/NewBSP\libhal_bsp.a(alt_tick.o)
                0x010170c4                _alt_tick_rate
                0x010170c8                _alt_nticks
 .sbss          0x010170cc        0x8 ../../../../workspace2/NewBSP\libhal_bsp.a(altera_avalon_timer_vars.o)
                0x010170cc                altera_avalon_timer_ts_base
                0x010170d0                altera_avalon_timer_ts_freq
 .sbss          0x010170d4       0x34 ../../../../workspace2/NewBSP\libhal_bsp.a(altera_up_sd_card_avalon_interface.o)
                0x010170d4                initialized
                0x010170d8                is_sd_card_formated_as_FAT16
                0x010170dc                aux_status_register
                0x010170e0                status_register
                0x010170e4                CSD_register_w0
                0x010170e8                command_register
                0x010170ec                command_argument_register
                0x010170f0                buffer_memory
                0x010170f4                fat_partition_offset_in_512_byte_sectors
                0x010170f8                fat_partition_size_in_512_byte_sectors
                0x010170fc                device_pointer
                0x01017100                current_sector_modified
                0x01017104                current_sector_index
 *(.sbss2 .sbss2.* .gnu.linkonce.sb2.*)
 *(.scommon)
                0x01017108                PROVIDE (__sbss_end, ABSOLUTE (.))
                0x01017108                PROVIDE (___sbss_end, ABSOLUTE (.))
 *(.dynbss)
 *(.bss .bss.* .gnu.linkonce.b.*)
 .bss           0x01017108        0x0 ../../../../workspace2/NewBSP/obj/HAL/src/crt0.o
 .bss           0x01017108        0x0 obj/default/DrawMain.o
 .bss           0x01017108        0x0 obj/default/bitmap.o
 .bss           0x01017108        0x0 obj/default/drawBg.o
 .bss           0x01017108        0x0 obj/default/sdcard.o
 .bss           0x01017108        0x0 obj/default/wk_io.o
 .bss           0x01017108        0x0 obj/default/wk_kb.o
 .bss           0x01017108        0x0 obj/default/wk_lcd.o
 .bss           0x01017108        0x0 obj/default/wk_video.o
 .bss           0x01017108        0x0 c:/altera/12.0sp2/nios2eds/bin/gnu/h-i686-mingw32/bin/../lib/gcc/nios2-elf/4.1.2/../../../../nios2-elf/lib\libc.a(lib_a-malloc.o)
 .bss           0x01017108       0x28 c:/altera/12.0sp2/nios2eds/bin/gnu/h-i686-mingw32/bin/../lib/gcc/nios2-elf/4.1.2/../../../../nios2-elf/lib\libc.a(lib_a-mallocr.o)
                0x01017108                __malloc_current_mallinfo
 .bss           0x01017130        0x0 c:/altera/12.0sp2/nios2eds/bin/gnu/h-i686-mingw32/bin/../lib/gcc/nios2-elf/4.1.2/../../../../nios2-elf/lib\libc.a(lib_a-memcpy.o)
 .bss           0x01017130        0x0 c:/altera/12.0sp2/nios2eds/bin/gnu/h-i686-mingw32/bin/../lib/gcc/nios2-elf/4.1.2/../../../../nios2-elf/lib\libc.a(lib_a-memset.o)
 .bss           0x01017130        0x0 c:/altera/12.0sp2/nios2eds/bin/gnu/h-i686-mingw32/bin/../lib/gcc/nios2-elf/4.1.2/../../../../nios2-elf/lib\libc.a(lib_a-printf.o)
 .bss           0x01017130        0x0 c:/altera/12.0sp2/nios2eds/bin/gnu/h-i686-mingw32/bin/../lib/gcc/nios2-elf/4.1.2/../../../../nios2-elf/lib\libc.a(lib_a-putchar.o)
 .bss           0x01017130        0x0 c:/altera/12.0sp2/nios2eds/bin/gnu/h-i686-mingw32/bin/../lib/gcc/nios2-elf/4.1.2/../../../../nios2-elf/lib\libc.a(lib_a-puts.o)
 .bss           0x01017130        0x0 c:/altera/12.0sp2/nios2eds/bin/gnu/h-i686-mingw32/bin/../lib/gcc/nios2-elf/4.1.2/../../../../nios2-elf/lib\libc.a(lib_a-rand.o)
 .bss           0x01017130        0x0 c:/altera/12.0sp2/nios2eds/bin/gnu/h-i686-mingw32/bin/../lib/gcc/nios2-elf/4.1.2/../../../../nios2-elf/lib\libc.a(lib_a-sbrkr.o)
 .bss           0x01017130        0x0 c:/altera/12.0sp2/nios2eds/bin/gnu/h-i686-mingw32/bin/../lib/gcc/nios2-elf/4.1.2/../../../../nios2-elf/lib\libc.a(lib_a-sprintf.o)
 .bss           0x01017130        0x0 c:/altera/12.0sp2/nios2eds/bin/gnu/h-i686-mingw32/bin/../lib/gcc/nios2-elf/4.1.2/../../../../nios2-elf/lib\libc.a(lib_a-strcat.o)
 .bss           0x01017130        0x0 c:/altera/12.0sp2/nios2eds/bin/gnu/h-i686-mingw32/bin/../lib/gcc/nios2-elf/4.1.2/../../../../nios2-elf/lib\libc.a(lib_a-strcpy.o)
 .bss           0x01017130        0x0 c:/altera/12.0sp2/nios2eds/bin/gnu/h-i686-mingw32/bin/../lib/gcc/nios2-elf/4.1.2/../../../../nios2-elf/lib\libc.a(lib_a-strlen.o)
 .bss           0x01017130        0x0 c:/altera/12.0sp2/nios2eds/bin/gnu/h-i686-mingw32/bin/../lib/gcc/nios2-elf/4.1.2/../../../../nios2-elf/lib\libc.a(lib_a-vfprintf.o)
 .bss           0x01017130        0x0 c:/altera/12.0sp2/nios2eds/bin/gnu/h-i686-mingw32/bin/../lib/gcc/nios2-elf/4.1.2/../../../../nios2-elf/lib\libc.a(lib_a-wsetup.o)
 .bss           0x01017130        0x0 c:/altera/12.0sp2/nios2eds/bin/gnu/h-i686-mingw32/bin/../lib/gcc/nios2-elf/4.1.2/../../../../nios2-elf/lib\libc.a(lib_a-dtoa.o)
 .bss           0x01017130        0x0 c:/altera/12.0sp2/nios2eds/bin/gnu/h-i686-mingw32/bin/../lib/gcc/nios2-elf/4.1.2/../../../../nios2-elf/lib\libc.a(lib_a-fflush.o)
 .bss           0x01017130        0x0 c:/altera/12.0sp2/nios2eds/bin/gnu/h-i686-mingw32/bin/../lib/gcc/nios2-elf/4.1.2/../../../../nios2-elf/lib\libc.a(lib_a-findfp.o)
 .bss           0x01017130        0x0 c:/altera/12.0sp2/nios2eds/bin/gnu/h-i686-mingw32/bin/../lib/gcc/nios2-elf/4.1.2/../../../../nios2-elf/lib\libc.a(lib_a-freer.o)
 .bss           0x01017130        0x0 c:/altera/12.0sp2/nios2eds/bin/gnu/h-i686-mingw32/bin/../lib/gcc/nios2-elf/4.1.2/../../../../nios2-elf/lib\libc.a(lib_a-fvwrite.o)
 .bss           0x01017130        0x0 c:/altera/12.0sp2/nios2eds/bin/gnu/h-i686-mingw32/bin/../lib/gcc/nios2-elf/4.1.2/../../../../nios2-elf/lib\libc.a(lib_a-fwalk.o)
 .bss           0x01017130        0x0 c:/altera/12.0sp2/nios2eds/bin/gnu/h-i686-mingw32/bin/../lib/gcc/nios2-elf/4.1.2/../../../../nios2-elf/lib\libc.a(lib_a-impure.o)
 .bss           0x01017130        0x0 c:/altera/12.0sp2/nios2eds/bin/gnu/h-i686-mingw32/bin/../lib/gcc/nios2-elf/4.1.2/../../../../nios2-elf/lib\libc.a(lib_a-int_errno.o)
 .bss           0x01017130        0x0 c:/altera/12.0sp2/nios2eds/bin/gnu/h-i686-mingw32/bin/../lib/gcc/nios2-elf/4.1.2/../../../../nios2-elf/lib\libc.a(lib_a-locale.o)
 .bss           0x01017130        0x0 c:/altera/12.0sp2/nios2eds/bin/gnu/h-i686-mingw32/bin/../lib/gcc/nios2-elf/4.1.2/../../../../nios2-elf/lib\libc.a(lib_a-makebuf.o)
 .bss           0x01017130        0x0 c:/altera/12.0sp2/nios2eds/bin/gnu/h-i686-mingw32/bin/../lib/gcc/nios2-elf/4.1.2/../../../../nios2-elf/lib\libc.a(lib_a-memchr.o)
 .bss           0x01017130        0x0 c:/altera/12.0sp2/nios2eds/bin/gnu/h-i686-mingw32/bin/../lib/gcc/nios2-elf/4.1.2/../../../../nios2-elf/lib\libc.a(lib_a-memmove.o)
 .bss           0x01017130        0x0 c:/altera/12.0sp2/nios2eds/bin/gnu/h-i686-mingw32/bin/../lib/gcc/nios2-elf/4.1.2/../../../../nios2-elf/lib\libc.a(lib_a-mprec.o)
 .bss           0x01017130        0x0 c:/altera/12.0sp2/nios2eds/bin/gnu/h-i686-mingw32/bin/../lib/gcc/nios2-elf/4.1.2/../../../../nios2-elf/lib\libc.a(lib_a-putc.o)
 .bss           0x01017130        0x0 c:/altera/12.0sp2/nios2eds/bin/gnu/h-i686-mingw32/bin/../lib/gcc/nios2-elf/4.1.2/../../../../nios2-elf/lib\libc.a(lib_a-reallocr.o)
 .bss           0x01017130        0x0 c:/altera/12.0sp2/nios2eds/bin/gnu/h-i686-mingw32/bin/../lib/gcc/nios2-elf/4.1.2/../../../../nios2-elf/lib\libc.a(lib_a-s_isinfd.o)
 .bss           0x01017130        0x0 c:/altera/12.0sp2/nios2eds/bin/gnu/h-i686-mingw32/bin/../lib/gcc/nios2-elf/4.1.2/../../../../nios2-elf/lib\libc.a(lib_a-s_isnand.o)
 .bss           0x01017130        0x0 c:/altera/12.0sp2/nios2eds/bin/gnu/h-i686-mingw32/bin/../lib/gcc/nios2-elf/4.1.2/../../../../nios2-elf/lib\libc.a(lib_a-stdio.o)
 .bss           0x01017130        0x0 c:/altera/12.0sp2/nios2eds/bin/gnu/h-i686-mingw32/bin/../lib/gcc/nios2-elf/4.1.2/../../../../nios2-elf/lib\libc.a(lib_a-strcmp.o)
 .bss           0x01017130        0x0 c:/altera/12.0sp2/nios2eds/bin/gnu/h-i686-mingw32/bin/../lib/gcc/nios2-elf/4.1.2/../../../../nios2-elf/lib\libc.a(lib_a-wbuf.o)
 .bss           0x01017130        0x0 c:/altera/12.0sp2/nios2eds/bin/gnu/h-i686-mingw32/bin/../lib/gcc/nios2-elf/4.1.2/../../../../nios2-elf/lib\libc.a(lib_a-writer.o)
 .bss           0x01017130        0x0 c:/altera/12.0sp2/nios2eds/bin/gnu/h-i686-mingw32/bin/../lib/gcc/nios2-elf/4.1.2/../../../../nios2-elf/lib\libc.a(lib_a-callocr.o)
 .bss           0x01017130        0x0 c:/altera/12.0sp2/nios2eds/bin/gnu/h-i686-mingw32/bin/../lib/gcc/nios2-elf/4.1.2/../../../../nios2-elf/lib\libc.a(lib_a-closer.o)
 .bss           0x01017130        0x0 c:/altera/12.0sp2/nios2eds/bin/gnu/h-i686-mingw32/bin/../lib/gcc/nios2-elf/4.1.2/../../../../nios2-elf/lib\libc.a(lib_a-fclose.o)
 .bss           0x01017130        0x0 c:/altera/12.0sp2/nios2eds/bin/gnu/h-i686-mingw32/bin/../lib/gcc/nios2-elf/4.1.2/../../../../nios2-elf/lib\libc.a(lib_a-fstatr.o)
 .bss           0x01017130        0x0 c:/altera/12.0sp2/nios2eds/bin/gnu/h-i686-mingw32/bin/../lib/gcc/nios2-elf/4.1.2/../../../../nios2-elf/lib\libc.a(lib_a-isattyr.o)
 .bss           0x01017130        0x0 c:/altera/12.0sp2/nios2eds/bin/gnu/h-i686-mingw32/bin/../lib/gcc/nios2-elf/4.1.2/../../../../nios2-elf/lib\libc.a(lib_a-lseekr.o)
 .bss           0x01017130        0x0 c:/altera/12.0sp2/nios2eds/bin/gnu/h-i686-mingw32/bin/../lib/gcc/nios2-elf/4.1.2/../../../../nios2-elf/lib\libc.a(lib_a-readr.o)
 .bss           0x01017130        0x0 c:/altera/12.0sp2/nios2eds/bin/gnu/h-i686-mingw32/bin/../lib/gcc/nios2-elf/4.1.2\libgcc.a(_muldi3.o)
 .bss           0x01017130        0x0 c:/altera/12.0sp2/nios2eds/bin/gnu/h-i686-mingw32/bin/../lib/gcc/nios2-elf/4.1.2\libgcc.a(_udivdi3.o)
 .bss           0x01017130        0x0 c:/altera/12.0sp2/nios2eds/bin/gnu/h-i686-mingw32/bin/../lib/gcc/nios2-elf/4.1.2\libgcc.a(_umoddi3.o)
 .bss           0x01017130        0x0 c:/altera/12.0sp2/nios2eds/bin/gnu/h-i686-mingw32/bin/../lib/gcc/nios2-elf/4.1.2\libgcc.a(_addsub_df.o)
 .bss           0x01017130        0x0 c:/altera/12.0sp2/nios2eds/bin/gnu/h-i686-mingw32/bin/../lib/gcc/nios2-elf/4.1.2\libgcc.a(_mul_df.o)
 .bss           0x01017130        0x0 c:/altera/12.0sp2/nios2eds/bin/gnu/h-i686-mingw32/bin/../lib/gcc/nios2-elf/4.1.2\libgcc.a(_div_df.o)
 .bss           0x01017130        0x0 c:/altera/12.0sp2/nios2eds/bin/gnu/h-i686-mingw32/bin/../lib/gcc/nios2-elf/4.1.2\libgcc.a(_eq_df.o)
 .bss           0x01017130        0x0 c:/altera/12.0sp2/nios2eds/bin/gnu/h-i686-mingw32/bin/../lib/gcc/nios2-elf/4.1.2\libgcc.a(_ne_df.o)
 .bss           0x01017130        0x0 c:/altera/12.0sp2/nios2eds/bin/gnu/h-i686-mingw32/bin/../lib/gcc/nios2-elf/4.1.2\libgcc.a(_gt_df.o)
 .bss           0x01017130        0x0 c:/altera/12.0sp2/nios2eds/bin/gnu/h-i686-mingw32/bin/../lib/gcc/nios2-elf/4.1.2\libgcc.a(_ge_df.o)
 .bss           0x01017130        0x0 c:/altera/12.0sp2/nios2eds/bin/gnu/h-i686-mingw32/bin/../lib/gcc/nios2-elf/4.1.2\libgcc.a(_lt_df.o)
 .bss           0x01017130        0x0 c:/altera/12.0sp2/nios2eds/bin/gnu/h-i686-mingw32/bin/../lib/gcc/nios2-elf/4.1.2\libgcc.a(_si_to_df.o)
 .bss           0x01017130        0x0 c:/altera/12.0sp2/nios2eds/bin/gnu/h-i686-mingw32/bin/../lib/gcc/nios2-elf/4.1.2\libgcc.a(_df_to_si.o)
 .bss           0x01017130        0x0 c:/altera/12.0sp2/nios2eds/bin/gnu/h-i686-mingw32/bin/../lib/gcc/nios2-elf/4.1.2\libgcc.a(_thenan_df.o)
 .bss           0x01017130        0x0 c:/altera/12.0sp2/nios2eds/bin/gnu/h-i686-mingw32/bin/../lib/gcc/nios2-elf/4.1.2\libgcc.a(_usi_to_df.o)
 .bss           0x01017130        0x0 c:/altera/12.0sp2/nios2eds/bin/gnu/h-i686-mingw32/bin/../lib/gcc/nios2-elf/4.1.2\libgcc.a(lib2-divmod.o)
 .bss           0x01017130        0x0 c:/altera/12.0sp2/nios2eds/bin/gnu/h-i686-mingw32/bin/../lib/gcc/nios2-elf/4.1.2\libgcc.a(_clz.o)
 .bss           0x01017130        0x0 c:/altera/12.0sp2/nios2eds/bin/gnu/h-i686-mingw32/bin/../lib/gcc/nios2-elf/4.1.2\libgcc.a(_clzsi2.o)
 .bss           0x01017130        0x0 c:/altera/12.0sp2/nios2eds/bin/gnu/h-i686-mingw32/bin/../lib/gcc/nios2-elf/4.1.2\libgcc.a(_pack_df.o)
 .bss           0x01017130        0x0 c:/altera/12.0sp2/nios2eds/bin/gnu/h-i686-mingw32/bin/../lib/gcc/nios2-elf/4.1.2\libgcc.a(_unpack_df.o)
 .bss           0x01017130        0x0 c:/altera/12.0sp2/nios2eds/bin/gnu/h-i686-mingw32/bin/../lib/gcc/nios2-elf/4.1.2\libgcc.a(_fpcmp_parts_df.o)
 .bss           0x01017130        0x0 ../../../../workspace2/NewBSP\libhal_bsp.a(alt_alarm_start.o)
 .bss           0x01017130        0x0 ../../../../workspace2/NewBSP\libhal_bsp.a(alt_close.o)
 .bss           0x01017130        0x0 ../../../../workspace2/NewBSP\libhal_bsp.a(alt_dev.o)
 .bss           0x01017130        0x0 ../../../../workspace2/NewBSP\libhal_bsp.a(alt_errno.o)
 .bss           0x01017130        0x0 ../../../../workspace2/NewBSP\libhal_bsp.a(alt_fstat.o)
 .bss           0x01017130        0x0 ../../../../workspace2/NewBSP\libhal_bsp.a(alt_irq_register.o)
 .bss           0x01017130        0x0 ../../../../workspace2/NewBSP\libhal_bsp.a(alt_irq_vars.o)
 .bss           0x01017130        0x0 ../../../../workspace2/NewBSP\libhal_bsp.a(alt_isatty.o)
 .bss           0x01017130        0x0 ../../../../workspace2/NewBSP\libhal_bsp.a(alt_load.o)
 .bss           0x01017130        0x0 ../../../../workspace2/NewBSP\libhal_bsp.a(alt_lseek.o)
 .bss           0x01017130        0x0 ../../../../workspace2/NewBSP\libhal_bsp.a(alt_main.o)
 .bss           0x01017130        0x0 ../../../../workspace2/NewBSP\libhal_bsp.a(alt_malloc_lock.o)
 .bss           0x01017130        0x0 ../../../../workspace2/NewBSP\libhal_bsp.a(alt_read.o)
 .bss           0x01017130        0x0 ../../../../workspace2/NewBSP\libhal_bsp.a(alt_release_fd.o)
 .bss           0x01017130        0x0 ../../../../workspace2/NewBSP\libhal_bsp.a(alt_sbrk.o)
 .bss           0x01017130        0x0 ../../../../workspace2/NewBSP\libhal_bsp.a(alt_tick.o)
 .bss           0x01017130        0x0 ../../../../workspace2/NewBSP\libhal_bsp.a(alt_write.o)
 .bss           0x01017130        0x0 ../../../../workspace2/NewBSP\libhal_bsp.a(alt_sys_init.o)
 .bss           0x01017130        0x0 ../../../../workspace2/NewBSP\libhal_bsp.a(altera_avalon_jtag_uart_fd.o)
 .bss           0x01017130        0x0 ../../../../workspace2/NewBSP\libhal_bsp.a(altera_avalon_jtag_uart_init.o)
 .bss           0x01017130        0x0 ../../../../workspace2/NewBSP\libhal_bsp.a(altera_avalon_jtag_uart_ioctl.o)
 .bss           0x01017130        0x0 ../../../../workspace2/NewBSP\libhal_bsp.a(altera_avalon_jtag_uart_read.o)
 .bss           0x01017130        0x0 ../../../../workspace2/NewBSP\libhal_bsp.a(altera_avalon_jtag_uart_write.o)
 .bss           0x01017130        0x0 ../../../../workspace2/NewBSP\libhal_bsp.a(altera_avalon_timer_sc.o)
 .bss           0x01017130        0x0 ../../../../workspace2/NewBSP\libhal_bsp.a(altera_avalon_timer_vars.o)
 .bss           0x01017130        0x0 ../../../../workspace2/NewBSP\libhal_bsp.a(altera_up_avalon_character_lcd.o)
 .bss           0x01017130        0x0 ../../../../workspace2/NewBSP\libhal_bsp.a(altera_up_avalon_ps2.o)
 .bss           0x01017130        0x0 ../../../../workspace2/NewBSP\libhal_bsp.a(altera_up_avalon_video_character_buffer_with_dma.o)
 .bss           0x01017130        0x0 ../../../../workspace2/NewBSP\libhal_bsp.a(altera_up_avalon_video_pixel_buffer_dma.o)
 .bss           0x01017130        0x0 ../../../../workspace2/NewBSP\libhal_bsp.a(altera_up_ps2_keyboard.o)
 .bss           0x01017130        0x0 ../../../../workspace2/NewBSP\libhal_bsp.a(altera_up_sd_card_avalon_interface.o)
 .bss           0x01017130        0x0 ../../../../workspace2/NewBSP\libhal_bsp.a(alt_dcache_flush_all.o)
 .bss           0x01017130        0x0 ../../../../workspace2/NewBSP\libhal_bsp.a(alt_dev_llist_insert.o)
 .bss           0x01017130        0x0 ../../../../workspace2/NewBSP\libhal_bsp.a(alt_do_ctors.o)
 .bss           0x01017130        0x0 ../../../../workspace2/NewBSP\libhal_bsp.a(alt_do_dtors.o)
 .bss           0x01017130        0x0 ../../../../workspace2/NewBSP\libhal_bsp.a(alt_find_dev.o)
 .bss           0x01017130        0x0 ../../../../workspace2/NewBSP\libhal_bsp.a(alt_icache_flush_all.o)
 .bss           0x01017130        0x0 ../../../../workspace2/NewBSP\libhal_bsp.a(alt_io_redirect.o)
 .bss           0x01017130        0x0 ../../../../workspace2/NewBSP\libhal_bsp.a(alt_irq_entry.o)
 .bss           0x01017130        0x0 ../../../../workspace2/NewBSP\libhal_bsp.a(alt_irq_handler.o)
 .bss           0x01017130        0x0 ../../../../workspace2/NewBSP\libhal_bsp.a(alt_open.o)
 .bss           0x01017130        0x0 ../../../../workspace2/NewBSP\libhal_bsp.a(altera_nios2_qsys_irq.o)
 .bss           0x01017130        0x0 ../../../../workspace2/NewBSP\libhal_bsp.a(alt_exception_entry.o)
 .bss           0x01017130        0x0 ../../../../workspace2/NewBSP\libhal_bsp.a(alt_find_file.o)
 .bss           0x01017130        0x0 ../../../../workspace2/NewBSP\libhal_bsp.a(alt_get_fd.o)
 .bss           0x01017130        0x0 ../../../../workspace2/NewBSP\libhal_bsp.a(alt_icache_flush.o)
 .bss           0x01017130        0x0 c:/altera/12.0sp2/nios2eds/bin/gnu/h-i686-mingw32/bin/../lib/gcc/nios2-elf/4.1.2/../../../../nios2-elf/lib\libc.a(lib_a-atexit.o)
 .bss           0x01017130        0x0 c:/altera/12.0sp2/nios2eds/bin/gnu/h-i686-mingw32/bin/../lib/gcc/nios2-elf/4.1.2/../../../../nios2-elf/lib\libc.a(lib_a-exit.o)
 .bss           0x01017130        0x0 c:/altera/12.0sp2/nios2eds/bin/gnu/h-i686-mingw32/bin/../lib/gcc/nios2-elf/4.1.2/../../../../nios2-elf/lib\libc.a(lib_a-memcmp.o)
 .bss           0x01017130        0x0 c:/altera/12.0sp2/nios2eds/bin/gnu/h-i686-mingw32/bin/../lib/gcc/nios2-elf/4.1.2/../../../../nios2-elf/lib\libc.a(lib_a-__atexit.o)
 .bss           0x01017130        0x0 c:/altera/12.0sp2/nios2eds/bin/gnu/h-i686-mingw32/bin/../lib/gcc/nios2-elf/4.1.2/../../../../nios2-elf/lib\libc.a(lib_a-__call_atexit.o)
 .bss           0x01017130        0x0 ../../../../workspace2/NewBSP\libhal_bsp.a(alt_exit.o)
 *(COMMON)
 COMMON         0x01017130       0x20 obj/default/DrawMain.o
                0x01017130                Hex
 COMMON         0x01017150      0x568 ../../../../workspace2/NewBSP\libhal_bsp.a(altera_up_sd_card_avalon_interface.o)
                0x01017150                search_data
                0x01017164                boot_sector_data
                0x010171b8                active_files
 COMMON         0x010176b8      0x100 ../../../../workspace2/NewBSP\libhal_bsp.a(alt_irq_handler.o)
                0x010176b8                alt_irq
 COMMON         0x010177b8      0x190 c:/altera/12.0sp2/nios2eds/bin/gnu/h-i686-mingw32/bin/../lib/gcc/nios2-elf/4.1.2/../../../../nios2-elf/lib\libc.a(lib_a-atexit.o)
                0x010177b8                _atexit0
                0x01017948                . = ALIGN (0x4)
                0x01017948                __bss_end = ABSOLUTE (.)

.sdram          0x01017948        0x0
                0x01017948                PROVIDE (_alt_partition_sdram_start, ABSOLUTE (.))
 *(.sdram. sdram.*)
                0x01017948                . = ALIGN (0x4)
                0x01017948                PROVIDE (_alt_partition_sdram_end, ABSOLUTE (.))
                0x01017948                _end = ABSOLUTE (.)
                0x01017948                end = ABSOLUTE (.)
                0x01017948                __alt_stack_base = ABSOLUTE (.)
                0x01017948                PROVIDE (_alt_partition_sdram_load_addr, LOADADDR (.sdram))

.stab
 *(.stab)

.stabstr
 *(.stabstr)

.stab.excl
 *(.stab.excl)

.stab.exclstr
 *(.stab.exclstr)

.stab.index
 *(.stab.index)

.stab.indexstr
 *(.stab.indexstr)

.comment        0x00000000       0x26
 *(.comment)
 .comment       0x00000000       0x26 obj/default/DrawMain.o
                                 0x27 (size before relaxing)
 .comment       0x00000000       0x27 obj/default/bitmap.o
 .comment       0x00000000       0x27 obj/default/drawBg.o
 .comment       0x00000000       0x27 obj/default/sdcard.o
 .comment       0x00000000       0x27 obj/default/wk_io.o
 .comment       0x00000000       0x27 obj/default/wk_kb.o
 .comment       0x00000000       0x27 obj/default/wk_lcd.o
 .comment       0x00000000       0x27 obj/default/wk_video.o
 .comment       0x00000000       0x27 c:/altera/12.0sp2/nios2eds/bin/gnu/h-i686-mingw32/bin/../lib/gcc/nios2-elf/4.1.2/../../../../nios2-elf/lib\libc.a(lib_a-malloc.o)
 .comment       0x00000000       0x27 c:/altera/12.0sp2/nios2eds/bin/gnu/h-i686-mingw32/bin/../lib/gcc/nios2-elf/4.1.2/../../../../nios2-elf/lib\libc.a(lib_a-mallocr.o)
 .comment       0x00000000       0x27 c:/altera/12.0sp2/nios2eds/bin/gnu/h-i686-mingw32/bin/../lib/gcc/nios2-elf/4.1.2/../../../../nios2-elf/lib\libc.a(lib_a-memcpy.o)
 .comment       0x00000000       0x27 c:/altera/12.0sp2/nios2eds/bin/gnu/h-i686-mingw32/bin/../lib/gcc/nios2-elf/4.1.2/../../../../nios2-elf/lib\libc.a(lib_a-memset.o)
 .comment       0x00000000       0x27 c:/altera/12.0sp2/nios2eds/bin/gnu/h-i686-mingw32/bin/../lib/gcc/nios2-elf/4.1.2/../../../../nios2-elf/lib\libc.a(lib_a-printf.o)
 .comment       0x00000000       0x27 c:/altera/12.0sp2/nios2eds/bin/gnu/h-i686-mingw32/bin/../lib/gcc/nios2-elf/4.1.2/../../../../nios2-elf/lib\libc.a(lib_a-putchar.o)
 .comment       0x00000000       0x27 c:/altera/12.0sp2/nios2eds/bin/gnu/h-i686-mingw32/bin/../lib/gcc/nios2-elf/4.1.2/../../../../nios2-elf/lib\libc.a(lib_a-puts.o)
 .comment       0x00000000       0x27 c:/altera/12.0sp2/nios2eds/bin/gnu/h-i686-mingw32/bin/../lib/gcc/nios2-elf/4.1.2/../../../../nios2-elf/lib\libc.a(lib_a-rand.o)
 .comment       0x00000000       0x27 c:/altera/12.0sp2/nios2eds/bin/gnu/h-i686-mingw32/bin/../lib/gcc/nios2-elf/4.1.2/../../../../nios2-elf/lib\libc.a(lib_a-sbrkr.o)
 .comment       0x00000000       0x27 c:/altera/12.0sp2/nios2eds/bin/gnu/h-i686-mingw32/bin/../lib/gcc/nios2-elf/4.1.2/../../../../nios2-elf/lib\libc.a(lib_a-sprintf.o)
 .comment       0x00000000       0x27 c:/altera/12.0sp2/nios2eds/bin/gnu/h-i686-mingw32/bin/../lib/gcc/nios2-elf/4.1.2/../../../../nios2-elf/lib\libc.a(lib_a-strcat.o)
 .comment       0x00000000       0x27 c:/altera/12.0sp2/nios2eds/bin/gnu/h-i686-mingw32/bin/../lib/gcc/nios2-elf/4.1.2/../../../../nios2-elf/lib\libc.a(lib_a-strcpy.o)
 .comment       0x00000000       0x27 c:/altera/12.0sp2/nios2eds/bin/gnu/h-i686-mingw32/bin/../lib/gcc/nios2-elf/4.1.2/../../../../nios2-elf/lib\libc.a(lib_a-strlen.o)
 .comment       0x00000000       0x27 c:/altera/12.0sp2/nios2eds/bin/gnu/h-i686-mingw32/bin/../lib/gcc/nios2-elf/4.1.2/../../../../nios2-elf/lib\libc.a(lib_a-vfprintf.o)
 .comment       0x00000000       0x27 c:/altera/12.0sp2/nios2eds/bin/gnu/h-i686-mingw32/bin/../lib/gcc/nios2-elf/4.1.2/../../../../nios2-elf/lib\libc.a(lib_a-wsetup.o)
 .comment       0x00000000       0x27 c:/altera/12.0sp2/nios2eds/bin/gnu/h-i686-mingw32/bin/../lib/gcc/nios2-elf/4.1.2/../../../../nios2-elf/lib\libc.a(lib_a-dtoa.o)
 .comment       0x00000000       0x27 c:/altera/12.0sp2/nios2eds/bin/gnu/h-i686-mingw32/bin/../lib/gcc/nios2-elf/4.1.2/../../../../nios2-elf/lib\libc.a(lib_a-fflush.o)
 .comment       0x00000000       0x27 c:/altera/12.0sp2/nios2eds/bin/gnu/h-i686-mingw32/bin/../lib/gcc/nios2-elf/4.1.2/../../../../nios2-elf/lib\libc.a(lib_a-findfp.o)
 .comment       0x00000000       0x27 c:/altera/12.0sp2/nios2eds/bin/gnu/h-i686-mingw32/bin/../lib/gcc/nios2-elf/4.1.2/../../../../nios2-elf/lib\libc.a(lib_a-freer.o)
 .comment       0x00000000       0x27 c:/altera/12.0sp2/nios2eds/bin/gnu/h-i686-mingw32/bin/../lib/gcc/nios2-elf/4.1.2/../../../../nios2-elf/lib\libc.a(lib_a-fvwrite.o)
 .comment       0x00000000       0x27 c:/altera/12.0sp2/nios2eds/bin/gnu/h-i686-mingw32/bin/../lib/gcc/nios2-elf/4.1.2/../../../../nios2-elf/lib\libc.a(lib_a-fwalk.o)
 .comment       0x00000000       0x27 c:/altera/12.0sp2/nios2eds/bin/gnu/h-i686-mingw32/bin/../lib/gcc/nios2-elf/4.1.2/../../../../nios2-elf/lib\libc.a(lib_a-impure.o)
 .comment       0x00000000       0x27 c:/altera/12.0sp2/nios2eds/bin/gnu/h-i686-mingw32/bin/../lib/gcc/nios2-elf/4.1.2/../../../../nios2-elf/lib\libc.a(lib_a-int_errno.o)
 .comment       0x00000000       0x27 c:/altera/12.0sp2/nios2eds/bin/gnu/h-i686-mingw32/bin/../lib/gcc/nios2-elf/4.1.2/../../../../nios2-elf/lib\libc.a(lib_a-locale.o)
 .comment       0x00000000       0x27 c:/altera/12.0sp2/nios2eds/bin/gnu/h-i686-mingw32/bin/../lib/gcc/nios2-elf/4.1.2/../../../../nios2-elf/lib\libc.a(lib_a-makebuf.o)
 .comment       0x00000000       0x27 c:/altera/12.0sp2/nios2eds/bin/gnu/h-i686-mingw32/bin/../lib/gcc/nios2-elf/4.1.2/../../../../nios2-elf/lib\libc.a(lib_a-memchr.o)
 .comment       0x00000000       0x27 c:/altera/12.0sp2/nios2eds/bin/gnu/h-i686-mingw32/bin/../lib/gcc/nios2-elf/4.1.2/../../../../nios2-elf/lib\libc.a(lib_a-memmove.o)
 .comment       0x00000000       0x27 c:/altera/12.0sp2/nios2eds/bin/gnu/h-i686-mingw32/bin/../lib/gcc/nios2-elf/4.1.2/../../../../nios2-elf/lib\libc.a(lib_a-mprec.o)
 .comment       0x00000000       0x27 c:/altera/12.0sp2/nios2eds/bin/gnu/h-i686-mingw32/bin/../lib/gcc/nios2-elf/4.1.2/../../../../nios2-elf/lib\libc.a(lib_a-putc.o)
 .comment       0x00000000       0x27 c:/altera/12.0sp2/nios2eds/bin/gnu/h-i686-mingw32/bin/../lib/gcc/nios2-elf/4.1.2/../../../../nios2-elf/lib\libc.a(lib_a-reallocr.o)
 .comment       0x00000000       0x27 c:/altera/12.0sp2/nios2eds/bin/gnu/h-i686-mingw32/bin/../lib/gcc/nios2-elf/4.1.2/../../../../nios2-elf/lib\libc.a(lib_a-s_isinfd.o)
 .comment       0x00000000       0x27 c:/altera/12.0sp2/nios2eds/bin/gnu/h-i686-mingw32/bin/../lib/gcc/nios2-elf/4.1.2/../../../../nios2-elf/lib\libc.a(lib_a-s_isnand.o)
 .comment       0x00000000       0x27 c:/altera/12.0sp2/nios2eds/bin/gnu/h-i686-mingw32/bin/../lib/gcc/nios2-elf/4.1.2/../../../../nios2-elf/lib\libc.a(lib_a-stdio.o)
 .comment       0x00000000       0x27 c:/altera/12.0sp2/nios2eds/bin/gnu/h-i686-mingw32/bin/../lib/gcc/nios2-elf/4.1.2/../../../../nios2-elf/lib\libc.a(lib_a-strcmp.o)
 .comment       0x00000000       0x27 c:/altera/12.0sp2/nios2eds/bin/gnu/h-i686-mingw32/bin/../lib/gcc/nios2-elf/4.1.2/../../../../nios2-elf/lib\libc.a(lib_a-wbuf.o)
 .comment       0x00000000       0x27 c:/altera/12.0sp2/nios2eds/bin/gnu/h-i686-mingw32/bin/../lib/gcc/nios2-elf/4.1.2/../../../../nios2-elf/lib\libc.a(lib_a-writer.o)
 .comment       0x00000000       0x27 c:/altera/12.0sp2/nios2eds/bin/gnu/h-i686-mingw32/bin/../lib/gcc/nios2-elf/4.1.2/../../../../nios2-elf/lib\libc.a(lib_a-callocr.o)
 .comment       0x00000000       0x27 c:/altera/12.0sp2/nios2eds/bin/gnu/h-i686-mingw32/bin/../lib/gcc/nios2-elf/4.1.2/../../../../nios2-elf/lib\libc.a(lib_a-closer.o)
 .comment       0x00000000       0x27 c:/altera/12.0sp2/nios2eds/bin/gnu/h-i686-mingw32/bin/../lib/gcc/nios2-elf/4.1.2/../../../../nios2-elf/lib\libc.a(lib_a-fclose.o)
 .comment       0x00000000       0x27 c:/altera/12.0sp2/nios2eds/bin/gnu/h-i686-mingw32/bin/../lib/gcc/nios2-elf/4.1.2/../../../../nios2-elf/lib\libc.a(lib_a-fstatr.o)
 .comment       0x00000000       0x27 c:/altera/12.0sp2/nios2eds/bin/gnu/h-i686-mingw32/bin/../lib/gcc/nios2-elf/4.1.2/../../../../nios2-elf/lib\libc.a(lib_a-isattyr.o)
 .comment       0x00000000       0x27 c:/altera/12.0sp2/nios2eds/bin/gnu/h-i686-mingw32/bin/../lib/gcc/nios2-elf/4.1.2/../../../../nios2-elf/lib\libc.a(lib_a-lseekr.o)
 .comment       0x00000000       0x27 c:/altera/12.0sp2/nios2eds/bin/gnu/h-i686-mingw32/bin/../lib/gcc/nios2-elf/4.1.2/../../../../nios2-elf/lib\libc.a(lib_a-readr.o)
 .comment       0x00000000       0x27 c:/altera/12.0sp2/nios2eds/bin/gnu/h-i686-mingw32/bin/../lib/gcc/nios2-elf/4.1.2\libgcc.a(_muldi3.o)
 .comment       0x00000000       0x27 c:/altera/12.0sp2/nios2eds/bin/gnu/h-i686-mingw32/bin/../lib/gcc/nios2-elf/4.1.2\libgcc.a(_udivdi3.o)
 .comment       0x00000000       0x27 c:/altera/12.0sp2/nios2eds/bin/gnu/h-i686-mingw32/bin/../lib/gcc/nios2-elf/4.1.2\libgcc.a(_umoddi3.o)